Archive member included to satisfy reference by file (symbol)

/usr/lib/gcc/arm-none-eabi/9.2.1/../../../arm-none-eabi/lib/thumb/v7-m/nofp/libc_nano.a(lib_a-atexit.o)
                              /usr/lib/gcc/arm-none-eabi/9.2.1/../../../arm-none-eabi/lib/thumb/v7-m/nofp/crt0.o (atexit)
/usr/lib/gcc/arm-none-eabi/9.2.1/../../../arm-none-eabi/lib/thumb/v7-m/nofp/libc_nano.a(lib_a-errno.o)
                              build/retarget.o (__errno)
/usr/lib/gcc/arm-none-eabi/9.2.1/../../../arm-none-eabi/lib/thumb/v7-m/nofp/libc_nano.a(lib_a-exit.o)
                              /usr/lib/gcc/arm-none-eabi/9.2.1/../../../arm-none-eabi/lib/thumb/v7-m/nofp/crt0.o (exit)
/usr/lib/gcc/arm-none-eabi/9.2.1/../../../arm-none-eabi/lib/thumb/v7-m/nofp/libc_nano.a(lib_a-fini.o)
                              /usr/lib/gcc/arm-none-eabi/9.2.1/../../../arm-none-eabi/lib/thumb/v7-m/nofp/crt0.o (__libc_fini_array)
/usr/lib/gcc/arm-none-eabi/9.2.1/../../../arm-none-eabi/lib/thumb/v7-m/nofp/libc_nano.a(lib_a-impure.o)
                              /usr/lib/gcc/arm-none-eabi/9.2.1/../../../arm-none-eabi/lib/thumb/v7-m/nofp/libc_nano.a(lib_a-exit.o) (_global_impure_ptr)
/usr/lib/gcc/arm-none-eabi/9.2.1/../../../arm-none-eabi/lib/thumb/v7-m/nofp/libc_nano.a(lib_a-init.o)
                              /usr/lib/gcc/arm-none-eabi/9.2.1/../../../arm-none-eabi/lib/thumb/v7-m/nofp/crt0.o (__libc_init_array)
/usr/lib/gcc/arm-none-eabi/9.2.1/../../../arm-none-eabi/lib/thumb/v7-m/nofp/libc_nano.a(lib_a-memset.o)
                              /usr/lib/gcc/arm-none-eabi/9.2.1/../../../arm-none-eabi/lib/thumb/v7-m/nofp/crt0.o (memset)
/usr/lib/gcc/arm-none-eabi/9.2.1/../../../arm-none-eabi/lib/thumb/v7-m/nofp/libc_nano.a(lib_a-nano-vfprintf_float.o)
                              (_printf_float)
/usr/lib/gcc/arm-none-eabi/9.2.1/../../../arm-none-eabi/lib/thumb/v7-m/nofp/libc_nano.a(lib_a-nano-vfprintf_i.o)
                              /usr/lib/gcc/arm-none-eabi/9.2.1/../../../arm-none-eabi/lib/thumb/v7-m/nofp/libc_nano.a(lib_a-nano-vfprintf_float.o) (_printf_common)
/usr/lib/gcc/arm-none-eabi/9.2.1/../../../arm-none-eabi/lib/thumb/v7-m/nofp/libc_nano.a(lib_a-setvbuf.o)
                              build/retarget.o (setvbuf)
/usr/lib/gcc/arm-none-eabi/9.2.1/../../../arm-none-eabi/lib/thumb/v7-m/nofp/libc_nano.a(lib_a-strlen-stub.o)
                              /usr/lib/gcc/arm-none-eabi/9.2.1/../../../arm-none-eabi/lib/thumb/v7-m/nofp/libc_nano.a(lib_a-nano-vfprintf_float.o) (strlen)
/usr/lib/gcc/arm-none-eabi/9.2.1/../../../arm-none-eabi/lib/thumb/v7-m/nofp/libc_nano.a(lib_a-__atexit.o)
                              /usr/lib/gcc/arm-none-eabi/9.2.1/../../../arm-none-eabi/lib/thumb/v7-m/nofp/libc_nano.a(lib_a-atexit.o) (__register_exitproc)
/usr/lib/gcc/arm-none-eabi/9.2.1/../../../arm-none-eabi/lib/thumb/v7-m/nofp/libc_nano.a(lib_a-__call_atexit.o)
                              /usr/lib/gcc/arm-none-eabi/9.2.1/../../../arm-none-eabi/lib/thumb/v7-m/nofp/libc_nano.a(lib_a-__atexit.o) (__call_exitprocs)
/usr/lib/gcc/arm-none-eabi/9.2.1/../../../arm-none-eabi/lib/thumb/v7-m/nofp/libc_nano.a(lib_a-dtoa.o)
                              /usr/lib/gcc/arm-none-eabi/9.2.1/../../../arm-none-eabi/lib/thumb/v7-m/nofp/libc_nano.a(lib_a-nano-vfprintf_float.o) (_dtoa_r)
/usr/lib/gcc/arm-none-eabi/9.2.1/../../../arm-none-eabi/lib/thumb/v7-m/nofp/libc_nano.a(lib_a-fflush.o)
                              /usr/lib/gcc/arm-none-eabi/9.2.1/../../../arm-none-eabi/lib/thumb/v7-m/nofp/libc_nano.a(lib_a-setvbuf.o) (_fflush_r)
/usr/lib/gcc/arm-none-eabi/9.2.1/../../../arm-none-eabi/lib/thumb/v7-m/nofp/libc_nano.a(lib_a-findfp.o)
                              /usr/lib/gcc/arm-none-eabi/9.2.1/../../../arm-none-eabi/lib/thumb/v7-m/nofp/libc_nano.a(lib_a-setvbuf.o) (__sinit)
/usr/lib/gcc/arm-none-eabi/9.2.1/../../../arm-none-eabi/lib/thumb/v7-m/nofp/libc_nano.a(lib_a-fwalk.o)
                              /usr/lib/gcc/arm-none-eabi/9.2.1/../../../arm-none-eabi/lib/thumb/v7-m/nofp/libc_nano.a(lib_a-findfp.o) (_fwalk)
/usr/lib/gcc/arm-none-eabi/9.2.1/../../../arm-none-eabi/lib/thumb/v7-m/nofp/libc_nano.a(lib_a-localeconv.o)
                              /usr/lib/gcc/arm-none-eabi/9.2.1/../../../arm-none-eabi/lib/thumb/v7-m/nofp/libc_nano.a(lib_a-nano-vfprintf_float.o) (_localeconv_r)
/usr/lib/gcc/arm-none-eabi/9.2.1/../../../arm-none-eabi/lib/thumb/v7-m/nofp/libc_nano.a(lib_a-makebuf.o)
                              /usr/lib/gcc/arm-none-eabi/9.2.1/../../../arm-none-eabi/lib/thumb/v7-m/nofp/libc_nano.a(lib_a-setvbuf.o) (__swhatbuf_r)
/usr/lib/gcc/arm-none-eabi/9.2.1/../../../arm-none-eabi/lib/thumb/v7-m/nofp/libc_nano.a(lib_a-malloc.o)
                              /usr/lib/gcc/arm-none-eabi/9.2.1/../../../arm-none-eabi/lib/thumb/v7-m/nofp/libc_nano.a(lib_a-setvbuf.o) (malloc)
/usr/lib/gcc/arm-none-eabi/9.2.1/../../../arm-none-eabi/lib/thumb/v7-m/nofp/libc_nano.a(lib_a-memchr-stub.o)
[...]
Memory Configuration

Name             Origin             Length             Attributes
RAM              0x0000000020000000 0x0000000000005000 xrw
FLASH            0x0000000008000000 0x0000000000010000 xr
*default*        0x0000000000000000 0xffffffffffffffff

Linker script and memory map

LOAD /usr/lib/gcc/arm-none-eabi/9.2.1/thumb/v7-m/nofp/crti.o
LOAD /usr/lib/gcc/arm-none-eabi/9.2.1/thumb/v7-m/nofp/crtbegin.o
LOAD /usr/lib/gcc/arm-none-eabi/9.2.1/../../../arm-none-eabi/lib/thumb/v7-m/nofp/crt0.o
LOAD build/main.o
LOAD build/gpio.o
LOAD build/dma.o
LOAD build/tim.o
LOAD build/usart.o
LOAD build/stm32f1xx_it.o
LOAD build/stm32f1xx_hal_msp.o
LOAD build/stm32f1xx_hal_gpio_ex.o
LOAD build/stm32f1xx_hal_tim.o
LOAD build/stm32f1xx_hal_tim_ex.o
LOAD build/stm32f1xx_hal.o
LOAD build/stm32f1xx_hal_rcc.o
LOAD build/stm32f1xx_hal_rcc_ex.o
LOAD build/stm32f1xx_hal_gpio.o
LOAD build/stm32f1xx_hal_dma.o
LOAD build/stm32f1xx_hal_cortex.o
LOAD build/stm32f1xx_hal_pwr.o
LOAD build/stm32f1xx_hal_flash.o
LOAD build/stm32f1xx_hal_flash_ex.o
LOAD build/stm32f1xx_hal_exti.o
LOAD build/stm32f1xx_hal_uart.o
LOAD build/system_stm32f1xx.o
LOAD build/PID.o
LOAD build/frame_resolve.o
LOAD build/retarget.o
LOAD build/startup_stm32f103xb.o
LOAD /usr/lib/gcc/arm-none-eabi/9.2.1/../../../arm-none-eabi/lib/thumb/v7-m/nofp/libc_nano.a
LOAD /usr/lib/gcc/arm-none-eabi/9.2.1/../../../arm-none-eabi/lib/thumb/v7-m/nofp/libm.a
LOAD /usr/lib/gcc/arm-none-eabi/9.2.1/../../../arm-none-eabi/lib/thumb/v7-m/nofp/libnosys.a
START GROUP
LOAD /usr/lib/gcc/arm-none-eabi/9.2.1/thumb/v7-m/nofp/libgcc.a
LOAD /usr/lib/gcc/arm-none-eabi/9.2.1/../../../arm-none-eabi/lib/thumb/v7-m/nofp/libc_nano.a
END GROUP
START GROUP
LOAD /usr/lib/gcc/arm-none-eabi/9.2.1/thumb/v7-m/nofp/libgcc.a
LOAD /usr/lib/gcc/arm-none-eabi/9.2.1/../../../arm-none-eabi/lib/thumb/v7-m/nofp/libc_nano.a
END GROUP
LOAD /usr/lib/gcc/arm-none-eabi/9.2.1/thumb/v7-m/nofp/crtend.o
LOAD /usr/lib/gcc/arm-none-eabi/9.2.1/thumb/v7-m/nofp/crtn.o
                0x0000000020005000                _estack = 0x20005000
                0x0000000000000200                _Min_Heap_Size = 0x200
                0x0000000000000400                _Min_Stack_Size = 0x400

.isr_vector     0x0000000008000000      0x10c
                0x0000000008000000                . = ALIGN (0x4)
 *(.isr_vector)
 .isr_vector    0x0000000008000000      0x10c build/startup_stm32f103xb.o
                0x0000000008000000                g_pfnVectors
                0x000000000800010c                . = ALIGN (0x4)

.text           0x0000000008000110     0x7a24
                0x0000000008000110                . = ALIGN (0x4)
 *(.text)
 .text          0x0000000008000110       0x88 /usr/lib/gcc/arm-none-eabi/9.2.1/thumb/v7-m/nofp/crtbegin.o
 .text          0x0000000008000198        0xc /usr/lib/gcc/arm-none-eabi/9.2.1/../../../arm-none-eabi/lib/thumb/v7-m/nofp/libc_nano.a(lib_a-errno.o)
                0x0000000008000198                __errno
 .text          0x00000000080001a4       0x48 /usr/lib/gcc/arm-none-eabi/9.2.1/../../../arm-none-eabi/lib/thumb/v7-m/nofp/libc_nano.a(lib_a-init.o)
                0x00000000080001a4                __libc_init_array
 .text          0x00000000080001ec       0xa0 /usr/lib/gcc/arm-none-eabi/9.2.1/../../../arm-none-eabi/lib/thumb/v7-m/nofp/libc_nano.a(lib_a-memset.o)
                0x00000000080001ec                memset
 .text          0x000000000800028c      0x6e0 /usr/lib/gcc/arm-none-eabi/9.2.1/../../../arm-none-eabi/lib/thumb/v7-m/nofp/libc_nano.a(lib_a-nano-vfprintf_float.o)
                0x000000000800028c                __cvt
                0x0000000008000380                __exponent
                0x0000000008000410                _printf_float
 .text          0x000000000800096c      0x3bc /usr/lib/gcc/arm-none-eabi/9.2.1/../../../arm-none-eabi/lib/thumb/v7-m/nofp/libc_nano.a(lib_a-nano-vfprintf_i.o)
                0x000000000800096c                _printf_common
                0x0000000008000a94                _printf_i
 .text          0x0000000008000d28       0x5c /usr/lib/gcc/arm-none-eabi/9.2.1/../../../arm-none-eabi/lib/thumb/v7-m/nofp/libc_nano.a(lib_a-strlen-stub.o)
                0x0000000008000d28                strlen
 *fill*         0x0000000008000d84        0x4 
 .text          0x0000000008000d88     0x1048 /usr/lib/gcc/arm-none-eabi/9.2.1/../../../arm-none-eabi/lib/thumb/v7-m/nofp/libc_nano.a(lib_a-dtoa.o)
                0x0000000008000eb4                _dtoa_r
 .text          0x0000000008001dd0      0x1b0 /usr/lib/gcc/arm-none-eabi/9.2.1/../../../arm-none-eabi/lib/thumb/v7-m/nofp/libc_nano.a(lib_a-fflush.o)
                0x0000000008001dd0                __sflush_r
                0x0000000008001efc                _fflush_r
                0x0000000008001f5c                fflush
 .text          0x0000000008001f80      0x210 /usr/lib/gcc/arm-none-eabi/9.2.1/../../../arm-none-eabi/lib/thumb/v7-m/nofp/libc_nano.a(lib_a-findfp.o)
                0x0000000008001f84                _cleanup_r
                0x0000000008001f94                __sfmoreglue
                0x0000000008001fc4                __sfp
                0x000000000800213c                _cleanup
                0x0000000008002150                __sinit
                0x0000000008002158                __sfp_lock_acquire
                0x000000000800215c                __sfp_lock_release
                0x0000000008002160                __sinit_lock_acquire
                0x0000000008002164                __sinit_lock_release
                0x0000000008002168                __fp_lock_all
                0x000000000800217c                __fp_unlock_all
 .text          0x0000000008002190       0x98 /usr/lib/gcc/arm-none-eabi/9.2.1/../../../arm-none-eabi/lib/thumb/v7-m/nofp/libc_nano.a(lib_a-fwalk.o)
                0x0000000008002190                _fwalk
                0x00000000080021d8                _fwalk_reent
 .text          0x0000000008002228       0x14 /usr/lib/gcc/arm-none-eabi/9.2.1/../../../arm-none-eabi/lib/thumb/v7-m/nofp/libc_nano.a(lib_a-localeconv.o)
                0x0000000008002228                __localeconv_l
                0x000000000800222c                _localeconv_r
                0x0000000008002234                localeconv
 .text          0x000000000800223c       0xf0 /usr/lib/gcc/arm-none-eabi/9.2.1/../../../arm-none-eabi/lib/thumb/v7-m/nofp/libc_nano.a(lib_a-makebuf.o)
                0x000000000800223c                __swhatbuf_r
                0x0000000008002298                __smakebuf_r
 .text          0x000000000800232c       0x20 /usr/lib/gcc/arm-none-eabi/9.2.1/../../../arm-none-eabi/lib/thumb/v7-m/nofp/libc_nano.a(lib_a-malloc.o)
                0x000000000800232c                malloc
                0x000000000800233c                free
 .text          0x000000000800234c       0x8c /usr/lib/gcc/arm-none-eabi/9.2.1/../../../arm-none-eabi/lib/thumb/v7-m/nofp/libc_nano.a(lib_a-memchr-stub.o)
                0x000000000800234c                memchr
 .text          0x00000000080023d8       0xec /usr/lib/gcc/arm-none-eabi/9.2.1/../../../arm-none-eabi/lib/thumb/v7-m/nofp/libc_nano.a(lib_a-memcpy.o)
                0x00000000080023d8                memcpy
 .text          0x00000000080024c4      0xa08 /usr/lib/gcc/arm-none-eabi/9.2.1/../../../arm-none-eabi/lib/thumb/v7-m/nofp/libc_nano.a(lib_a-mprec.o)
                0x00000000080024c4                _Balloc
                0x0000000008002544                _Bfree
                0x0000000008002590                __multadd
                0x0000000008002630                __s2b
                0x00000000080026dc                __hi0bits
                0x000000000800271c                __lo0bits
                0x000000000800277c                __i2b
                0x00000000080027a8                __multiply
                0x00000000080028f4                __pow5mult
                0x00000000080029b8                __lshift
                0x0000000008002a80                __mcmp
                0x0000000008002ab8                __mdiff
                0x0000000008002be0                __ulp
                0x0000000008002c20                __b2d
                0x0000000008002cdc                __d2b
                0x0000000008002da0                __ratio
                0x0000000008002df8                _mprec_log10
                0x0000000008002e30                __copybits
                0x0000000008002e78                __any_on
 .text          0x0000000008002ecc       0x1c /usr/lib/gcc/arm-none-eabi/9.2.1/../../../arm-none-eabi/lib/thumb/v7-m/nofp/libc_nano.a(lib_a-nano-callocr.o)
                0x0000000008002ecc                _calloc_r
 .text          0x0000000008002ee8       0xa8 /usr/lib/gcc/arm-none-eabi/9.2.1/../../../arm-none-eabi/lib/thumb/v7-m/nofp/libc_nano.a(lib_a-nano-freer.o)
                0x0000000008002ee8                _free_r
 .text          0x0000000008002f90       0xc8 /usr/lib/gcc/arm-none-eabi/9.2.1/../../../arm-none-eabi/lib/thumb/v7-m/nofp/libc_nano.a(lib_a-nano-mallocr.o)
                0x0000000008002f90                _malloc_r
 .text          0x0000000008003058       0x24 /usr/lib/gcc/arm-none-eabi/9.2.1/../../../arm-none-eabi/lib/thumb/v7-m/nofp/libc_nano.a(lib_a-sbrkr.o)
                0x0000000008003058                _sbrk_r
 .text          0x000000000800307c       0x90 /usr/lib/gcc/arm-none-eabi/9.2.1/../../../arm-none-eabi/lib/thumb/v7-m/nofp/libc_nano.a(lib_a-stdio.o)
                0x000000000800307c                __sread
                0x00000000080030a0                __seofread
                0x00000000080030a4                __swrite
                0x00000000080030e4                __sseek
                0x0000000008003104                __sclose
 .text          0x000000000800310c       0x2c /usr/lib/gcc/arm-none-eabi/9.2.1/../../../arm-none-eabi/lib/thumb/v7-m/nofp/libc_nano.a(lib_a-writer.o)
                0x000000000800310c                _write_r
 .text          0x0000000008003138       0x48 /usr/lib/gcc/arm-none-eabi/9.2.1/../../../arm-none-eabi/lib/thumb/v7-m/nofp/libc_nano.a(lib_a-assert.o)
                0x0000000008003138                __assert_func
                0x0000000008003174                __assert
 .text          0x0000000008003180       0x24 /usr/lib/gcc/arm-none-eabi/9.2.1/../../../arm-none-eabi/lib/thumb/v7-m/nofp/libc_nano.a(lib_a-closer.o)
                0x0000000008003180                _close_r
 .text          0x00000000080031a4       0x48 /usr/lib/gcc/arm-none-eabi/9.2.1/../../../arm-none-eabi/lib/thumb/v7-m/nofp/libc_nano.a(lib_a-fprintf.o)
                0x00000000080031a4                _fprintf_r
                0x00000000080031a4                _fiprintf_r
                0x00000000080031c4                fprintf
                0x00000000080031c4                fiprintf
 .text          0x00000000080031ec       0x28 /usr/lib/gcc/arm-none-eabi/9.2.1/../../../arm-none-eabi/lib/thumb/v7-m/nofp/libc_nano.a(lib_a-fstatr.o)
                0x00000000080031ec                _fstat_r
 .text          0x0000000008003214       0x24 /usr/lib/gcc/arm-none-eabi/9.2.1/../../../arm-none-eabi/lib/thumb/v7-m/nofp/libc_nano.a(lib_a-isattyr.o)
                0x0000000008003214                _isatty_r
 .text          0x0000000008003238       0x2c /usr/lib/gcc/arm-none-eabi/9.2.1/../../../arm-none-eabi/lib/thumb/v7-m/nofp/libc_nano.a(lib_a-lseekr.o)
                0x0000000008003238                _lseek_r
 .text          0x0000000008003264       0x40 /usr/lib/gcc/arm-none-eabi/9.2.1/../../../arm-none-eabi/lib/thumb/v7-m/nofp/libc_nano.a(lib_a-mbtowc_r.o)
                0x0000000008003264                _mbtowc_r
                0x0000000008003278                __ascii_mbtowc
 .text          0x00000000080032a4        0x8 /usr/lib/gcc/arm-none-eabi/9.2.1/../../../arm-none-eabi/lib/thumb/v7-m/nofp/libc_nano.a(lib_a-mlock.o)
                0x00000000080032a4                __malloc_lock
                0x00000000080032a8                __malloc_unlock
 .text          0x00000000080032ac      0x364 /usr/lib/gcc/arm-none-eabi/9.2.1/../../../arm-none-eabi/lib/thumb/v7-m/nofp/libc_nano.a(lib_a-nano-vfprintf.o)
                0x00000000080032e4                __sfputs_r
                0x0000000008003314                __sprint_r
                0x0000000008003330                _vfiprintf_r
                0x0000000008003330                _vfprintf_r
                0x00000000080035f8                vfiprintf
                0x00000000080035f8                vfprintf
 .text          0x0000000008003610       0x2c /usr/lib/gcc/arm-none-eabi/9.2.1/../../../arm-none-eabi/lib/thumb/v7-m/nofp/libc_nano.a(lib_a-readr.o)
                0x0000000008003610                _read_r
 .text          0x000000000800363c       0xc0 /usr/lib/gcc/arm-none-eabi/9.2.1/../../../arm-none-eabi/lib/thumb/v7-m/nofp/libc_nano.a(lib_a-wbuf.o)
                0x000000000800363c                __swbuf_r
                0x00000000080036ec                __swbuf
 .text          0x00000000080036fc       0x30 /usr/lib/gcc/arm-none-eabi/9.2.1/../../../arm-none-eabi/lib/thumb/v7-m/nofp/libc_nano.a(lib_a-wctomb_r.o)
                0x00000000080036fc                _wctomb_r
                0x0000000008003710                __ascii_wctomb
 .text          0x000000000800372c      0x100 /usr/lib/gcc/arm-none-eabi/9.2.1/../../../arm-none-eabi/lib/thumb/v7-m/nofp/libc_nano.a(lib_a-wsetup.o)
                0x000000000800372c                __swsetup_r
 .text          0x000000000800382c       0x10 /usr/lib/gcc/arm-none-eabi/9.2.1/../../../arm-none-eabi/lib/thumb/v7-m/nofp/libc_nano.a(lib_a-abort.o)
                0x000000000800382c                abort
 .text          0x000000000800383c      0x300 /usr/lib/gcc/arm-none-eabi/9.2.1/../../../arm-none-eabi/lib/thumb/v7-m/nofp/libc_nano.a(lib_a-fvwrite.o)
                0x000000000800383c                __sfvwrite_r
 .text          0x0000000008003b3c       0xcc /usr/lib/gcc/arm-none-eabi/9.2.1/../../../arm-none-eabi/lib/thumb/v7-m/nofp/libc_nano.a(lib_a-memmove.o)
                0x0000000008003b3c                memmove
 .text          0x0000000008003c08       0x4c /usr/lib/gcc/arm-none-eabi/9.2.1/../../../arm-none-eabi/lib/thumb/v7-m/nofp/libc_nano.a(lib_a-nano-reallocr.o)
                0x0000000008003c08                _realloc_r
 .text          0x0000000008003c54      0x150 /usr/lib/gcc/arm-none-eabi/9.2.1/../../../arm-none-eabi/lib/thumb/v7-m/nofp/libc_nano.a(lib_a-signal.o)
                0x0000000008003c7c                _init_signal_r
                0x0000000008003c88                _signal_r
                0x0000000008003cbc                _raise_r
                0x0000000008003d10                __sigtramp_r
                0x0000000008003d60                raise
                0x0000000008003d70                signal
                0x0000000008003d80                _init_signal
                0x0000000008003d94                __sigtramp
 .text          0x0000000008003da4       0x2c /usr/lib/gcc/arm-none-eabi/9.2.1/../../../arm-none-eabi/lib/thumb/v7-m/nofp/libc_nano.a(lib_a-signalr.o)
                0x0000000008003da4                _kill_r
                0x0000000008003dcc                _getpid_r
 .text          0x0000000008003dd0       0x10 /usr/lib/gcc/arm-none-eabi/9.2.1/../../../arm-none-eabi/lib/thumb/v7-m/nofp/libc_nano.a(lib_a-nano-msizer.o)
                0x0000000008003dd0                _malloc_usable_size_r
 .text          0x0000000008003de0       0x90 /usr/lib/gcc/arm-none-eabi/9.2.1/../../../arm-none-eabi/lib/thumb/v7-m/nofp/libm.a(lib_a-s_round.o)
                0x0000000008003de0                round
 .text          0x0000000008003e70       0x10 /usr/lib/gcc/arm-none-eabi/9.2.1/../../../arm-none-eabi/lib/thumb/v7-m/nofp/libnosys.a(getpid.o)
                0x0000000008003e70                _getpid
 .text          0x0000000008003e80       0x10 /usr/lib/gcc/arm-none-eabi/9.2.1/../../../arm-none-eabi/lib/thumb/v7-m/nofp/libnosys.a(kill.o)
                0x0000000008003e80                _kill
 .text          0x0000000008003e90       0x1c /usr/lib/gcc/arm-none-eabi/9.2.1/../../../arm-none-eabi/lib/thumb/v7-m/nofp/libnosys.a(sbrk.o)
                0x0000000008003e90                _sbrk
 .text          0x0000000008003eac        0x4 /usr/lib/gcc/arm-none-eabi/9.2.1/../../../arm-none-eabi/lib/thumb/v7-m/nofp/libnosys.a(_exit.o)
                0x0000000008003eac                _exit
 .text          0x0000000008003eb0      0x168 /usr/lib/gcc/arm-none-eabi/9.2.1/thumb/v7-m/nofp/libgcc.a(_arm_mulsf3.o)
                0x0000000008003eb0                __mulsf3
                0x0000000008003eb0                __aeabi_fmul
 .text          0x0000000008004018      0x378 /usr/lib/gcc/arm-none-eabi/9.2.1/thumb/v7-m/nofp/libgcc.a(_arm_addsubdf3.o)
                0x0000000008004018                __aeabi_drsub
                0x0000000008004020                __aeabi_dsub
                0x0000000008004020                __subdf3
                0x0000000008004024                __adddf3
                0x0000000008004024                __aeabi_dadd
                0x000000000800429c                __aeabi_ui2d
                0x000000000800429c                __floatunsidf
                0x00000000080042bc                __floatsidf
                0x00000000080042bc                __aeabi_i2d
                0x00000000080042e0                __extendsfdf2
                0x00000000080042e0                __aeabi_f2d
                0x0000000008004324                __aeabi_ul2d
                0x0000000008004324                __floatundidf
                0x0000000008004334                __floatdidf
                0x0000000008004334                __aeabi_l2d
 .text          0x0000000008004390      0x424 /usr/lib/gcc/arm-none-eabi/9.2.1/thumb/v7-m/nofp/libgcc.a(_arm_muldivdf3.o)
                0x0000000008004390                __aeabi_dmul
                0x0000000008004390                __muldf3
                0x00000000080045e4                __aeabi_ddiv
                0x00000000080045e4                __divdf3
 .text          0x00000000080047b4      0x110 /usr/lib/gcc/arm-none-eabi/9.2.1/thumb/v7-m/nofp/libgcc.a(_arm_cmpdf2.o)
                0x00000000080047b4                __gtdf2
                0x00000000080047b4                __gedf2
                0x00000000080047bc                __ltdf2
                0x00000000080047bc                __ledf2
                0x00000000080047c4                __cmpdf2
                0x00000000080047c4                __eqdf2
                0x00000000080047c4                __nedf2
                0x0000000008004840                __aeabi_cdrcmple
                0x0000000008004850                __aeabi_cdcmple
                0x0000000008004850                __aeabi_cdcmpeq
                0x0000000008004860                __aeabi_dcmpeq
                0x0000000008004874                __aeabi_dcmplt
                0x0000000008004888                __aeabi_dcmple
                0x000000000800489c                __aeabi_dcmpge
                0x00000000080048b0                __aeabi_dcmpgt
 .text          0x00000000080048c4       0x2c /usr/lib/gcc/arm-none-eabi/9.2.1/thumb/v7-m/nofp/libgcc.a(_arm_unorddf2.o)
                0x00000000080048c4                __aeabi_dcmpun
                0x00000000080048c4                __unorddf2
 .text          0x00000000080048f0       0x50 /usr/lib/gcc/arm-none-eabi/9.2.1/thumb/v7-m/nofp/libgcc.a(_arm_fixdfsi.o)
                0x00000000080048f0                __fixdfsi
                0x00000000080048f0                __aeabi_d2iz
 .text          0x0000000008004940       0x40 /usr/lib/gcc/arm-none-eabi/9.2.1/thumb/v7-m/nofp/libgcc.a(_arm_fixunsdfsi.o)
                0x0000000008004940                __fixunsdfsi
                0x0000000008004940                __aeabi_d2uiz
 .text          0x0000000008004980       0xa0 /usr/lib/gcc/arm-none-eabi/9.2.1/thumb/v7-m/nofp/libgcc.a(_arm_truncdfsf2.o)
                0x0000000008004980                __aeabi_d2f
                0x0000000008004980                __truncdfsf2
 .text          0x0000000008004a20      0x21c /usr/lib/gcc/arm-none-eabi/9.2.1/thumb/v7-m/nofp/libgcc.a(_arm_addsubsf3.o)
                0x0000000008004a20                __aeabi_frsub
                0x0000000008004a28                __subsf3
                0x0000000008004a28                __aeabi_fsub
                0x0000000008004a2c                __aeabi_fadd
                0x0000000008004a2c                __addsf3
                0x0000000008004b8c                __aeabi_ui2f
                0x0000000008004b8c                __floatunsisf
                0x0000000008004b94                __aeabi_i2f
                0x0000000008004b94                __floatsisf
                0x0000000008004bb0                __floatundisf
                0x0000000008004bb0                __aeabi_ul2f
                0x0000000008004bc0                __floatdisf
                0x0000000008004bc0                __aeabi_l2f
 *(.text*)
 .text.HAL_TIM_PeriodElapsedCallback
                0x0000000008004c3c       0x54 build/main.o
                0x0000000008004c3c                HAL_TIM_PeriodElapsedCallback
 .text.HAL_UART_RxCpltCallback
                0x0000000008004c90       0x88 build/main.o
                0x0000000008004c90                HAL_UART_RxCpltCallback
 .text.Error_Handler
                0x0000000008004d18        0x4 build/main.o
                0x0000000008004d18                Error_Handler
 .text.SystemClock_Config
                0x0000000008004d1c       0x62 build/main.o
                0x0000000008004d1c                SystemClock_Config
 *fill*         0x0000000008004d7e        0x2 
 .text.main     0x0000000008004d80      0x254 build/main.o
                0x0000000008004d80                main
 .text.MX_GPIO_Init
                0x0000000008004fd4       0xb4 build/gpio.o
                0x0000000008004fd4                MX_GPIO_Init
 .text.MX_DMA_Init
                0x0000000008005088       0x44 build/dma.o
                0x0000000008005088                MX_DMA_Init
 .text.MX_TIM1_Init
                0x00000000080050cc       0x70 build/tim.o
                0x00000000080050cc                MX_TIM1_Init
 .text.MX_TIM2_Init
                0x000000000800513c       0x64 build/tim.o
                0x000000000800513c                MX_TIM2_Init
 .text.MX_TIM3_Init
                0x00000000080051a0       0x68 build/tim.o
                0x00000000080051a0                MX_TIM3_Init
 .text.HAL_TIM_Base_MspInit
                0x0000000008005208       0x50 build/tim.o
                0x0000000008005208                HAL_TIM_Base_MspInit
 .text.HAL_TIM_Encoder_MspInit
                0x0000000008005258       0xa4 build/tim.o
                0x0000000008005258                HAL_TIM_Encoder_MspInit
 .text.HAL_TIM_PWM_MspInit
                0x00000000080052fc       0x2c build/tim.o
                0x00000000080052fc                HAL_TIM_PWM_MspInit
 .text.HAL_TIM_MspPostInit
                0x0000000008005328       0x50 build/tim.o
                0x0000000008005328                HAL_TIM_MspPostInit
 .text.MX_TIM4_Init
                0x0000000008005378       0x94 build/tim.o
                0x0000000008005378                MX_TIM4_Init
 .text.MX_USART1_UART_Init
                0x000000000800540c       0x34 build/usart.o
                0x000000000800540c                MX_USART1_UART_Init
 .text.HAL_UART_MspInit
                0x0000000008005440       0xf0 build/usart.o
                0x0000000008005440                HAL_UART_MspInit
 .text.NMI_Handler
                0x0000000008005530        0x2 build/stm32f1xx_it.o
                0x0000000008005530                NMI_Handler
 .text.HardFault_Handler
                0x0000000008005532        0x2 build/stm32f1xx_it.o
                0x0000000008005532                HardFault_Handler
 .text.MemManage_Handler
                0x0000000008005534        0x2 build/stm32f1xx_it.o
                0x0000000008005534                MemManage_Handler
 .text.BusFault_Handler
                0x0000000008005536        0x2 build/stm32f1xx_it.o
                0x0000000008005536                BusFault_Handler
 .text.UsageFault_Handler
                0x0000000008005538        0x2 build/stm32f1xx_it.o
                0x0000000008005538                UsageFault_Handler
 .text.SVC_Handler
                0x000000000800553a        0x2 build/stm32f1xx_it.o
                0x000000000800553a                SVC_Handler
 .text.DebugMon_Handler
                0x000000000800553c        0x2 build/stm32f1xx_it.o
                0x000000000800553c                DebugMon_Handler
 .text.PendSV_Handler
                0x000000000800553e        0x2 build/stm32f1xx_it.o
                0x000000000800553e                PendSV_Handler
 .text.SysTick_Handler
                0x0000000008005540        0x8 build/stm32f1xx_it.o
                0x0000000008005540                SysTick_Handler
 .text.DMA1_Channel4_IRQHandler
                0x0000000008005548       0x10 build/stm32f1xx_it.o
                0x0000000008005548                DMA1_Channel4_IRQHandler
 .text.DMA1_Channel5_IRQHandler
                0x0000000008005558       0x10 build/stm32f1xx_it.o
                0x0000000008005558                DMA1_Channel5_IRQHandler
 .text.TIM1_BRK_IRQHandler
                0x0000000008005568       0x10 build/stm32f1xx_it.o
                0x0000000008005568                TIM1_BRK_IRQHandler
 .text.TIM1_UP_IRQHandler
                0x0000000008005578       0x10 build/stm32f1xx_it.o
                0x0000000008005578                TIM1_UP_IRQHandler
 .text.USART1_IRQHandler
                0x0000000008005588       0x10 build/stm32f1xx_it.o
                0x0000000008005588                USART1_IRQHandler
 .text.HAL_MspInit
                0x0000000008005598       0x44 build/stm32f1xx_hal_msp.o
                0x0000000008005598                HAL_MspInit
 .text.TIM_OC1_SetConfig
                0x00000000080055dc       0x5c build/stm32f1xx_hal_tim.o
 .text.TIM_OC3_SetConfig
                0x0000000008005638       0x64 build/stm32f1xx_hal_tim.o
 .text.TIM_OC4_SetConfig
                0x000000000800569c       0x48 build/stm32f1xx_hal_tim.o
 .text.TIM_TI1_ConfigInputStage
                0x00000000080056e4       0x24 build/stm32f1xx_hal_tim.o
 .text.TIM_TI2_ConfigInputStage
                0x0000000008005708       0x26 build/stm32f1xx_hal_tim.o
 .text.TIM_ITRx_SetConfig
                0x000000000800572e       0x10 build/stm32f1xx_hal_tim.o
 *fill*         0x000000000800573e        0x2 
 .text.HAL_TIM_Base_Start_IT
                0x0000000008005740       0x68 build/stm32f1xx_hal_tim.o
                0x0000000008005740                HAL_TIM_Base_Start_IT
 .text.HAL_TIM_OC_DelayElapsedCallback
                0x00000000080057a8        0x2 build/stm32f1xx_hal_tim.o
                0x00000000080057a8                HAL_TIM_OC_DelayElapsedCallback
 .text.HAL_TIM_IC_CaptureCallback
                0x00000000080057aa        0x2 build/stm32f1xx_hal_tim.o
                0x00000000080057aa                HAL_TIM_IC_CaptureCallback
 .text.HAL_TIM_PWM_PulseFinishedCallback
                0x00000000080057ac        0x2 build/stm32f1xx_hal_tim.o
                0x00000000080057ac                HAL_TIM_PWM_PulseFinishedCallback
 .text.HAL_TIM_TriggerCallback
                0x00000000080057ae        0x2 build/stm32f1xx_hal_tim.o
                0x00000000080057ae                HAL_TIM_TriggerCallback
 .text.HAL_TIM_IRQHandler
                0x00000000080057b0      0x17a build/stm32f1xx_hal_tim.o
                0x00000000080057b0                HAL_TIM_IRQHandler
 *fill*         0x000000000800592a        0x2 
 .text.TIM_Base_SetConfig
                0x000000000800592c       0x74 build/stm32f1xx_hal_tim.o
                0x000000000800592c                TIM_Base_SetConfig
 .text.HAL_TIM_Base_Init
                0x00000000080059a0       0x58 build/stm32f1xx_hal_tim.o
                0x00000000080059a0                HAL_TIM_Base_Init
 .text.HAL_TIM_PWM_Init
                0x00000000080059f8       0x58 build/stm32f1xx_hal_tim.o
                0x00000000080059f8                HAL_TIM_PWM_Init
 .text.HAL_TIM_Encoder_Init
                0x0000000008005a50       0xb0 build/stm32f1xx_hal_tim.o
                0x0000000008005a50                HAL_TIM_Encoder_Init
 .text.TIM_OC2_SetConfig
                0x0000000008005b00       0x64 build/stm32f1xx_hal_tim.o
                0x0000000008005b00                TIM_OC2_SetConfig
 .text.HAL_TIM_PWM_ConfigChannel
                0x0000000008005b64       0xd0 build/stm32f1xx_hal_tim.o
                0x0000000008005b64                HAL_TIM_PWM_ConfigChannel
 .text.TIM_ETR_SetConfig
                0x0000000008005c34       0x16 build/stm32f1xx_hal_tim.o
                0x0000000008005c34                TIM_ETR_SetConfig
 .text.HAL_TIM_ConfigClockSource
                0x0000000008005c4a       0xda build/stm32f1xx_hal_tim.o
                0x0000000008005c4a                HAL_TIM_ConfigClockSource
 .text.TIM_CCxChannelCmd
                0x0000000008005d24       0x22 build/stm32f1xx_hal_tim.o
                0x0000000008005d24                TIM_CCxChannelCmd
 *fill*         0x0000000008005d46        0x2 
 .text.HAL_TIM_PWM_Start
                0x0000000008005d48       0xdc build/stm32f1xx_hal_tim.o
                0x0000000008005d48                HAL_TIM_PWM_Start
 .text.HAL_TIM_Encoder_Start
                0x0000000008005e24       0xc6 build/stm32f1xx_hal_tim.o
                0x0000000008005e24                HAL_TIM_Encoder_Start
 *fill*         0x0000000008005eea        0x2 
 .text.HAL_TIMEx_MasterConfigSynchronization
                0x0000000008005eec       0x68 build/stm32f1xx_hal_tim_ex.o
                0x0000000008005eec                HAL_TIMEx_MasterConfigSynchronization
 .text.HAL_TIMEx_CommutCallback
                0x0000000008005f54        0x2 build/stm32f1xx_hal_tim_ex.o
                0x0000000008005f54                HAL_TIMEx_CommutCallback
 .text.HAL_TIMEx_BreakCallback
                0x0000000008005f56        0x2 build/stm32f1xx_hal_tim_ex.o
                0x0000000008005f56                HAL_TIMEx_BreakCallback
 .text.HAL_InitTick
                0x0000000008005f58       0x4c build/stm32f1xx_hal.o
                0x0000000008005f58                HAL_InitTick
 .text.HAL_Init
                0x0000000008005fa4       0x24 build/stm32f1xx_hal.o
                0x0000000008005fa4                HAL_Init
 .text.HAL_IncTick
                0x0000000008005fc8       0x18 build/stm32f1xx_hal.o
                0x0000000008005fc8                HAL_IncTick
 .text.HAL_GetTick
                0x0000000008005fe0        0xc build/stm32f1xx_hal.o
                0x0000000008005fe0                HAL_GetTick
 .text.RCC_Delay
                0x0000000008005fec       0x2c build/stm32f1xx_hal_rcc.o
 .text.HAL_RCC_OscConfig
                0x0000000008006018      0x410 build/stm32f1xx_hal_rcc.o
                0x0000000008006018                HAL_RCC_OscConfig
 .text.HAL_RCC_GetSysClockFreq
                0x0000000008006428       0x6c build/stm32f1xx_hal_rcc.o
                0x0000000008006428                HAL_RCC_GetSysClockFreq
 .text.HAL_RCC_ClockConfig
                0x0000000008006494      0x16c build/stm32f1xx_hal_rcc.o
                0x0000000008006494                HAL_RCC_ClockConfig
 .text.HAL_RCC_GetHCLKFreq
                0x0000000008006600        0xc build/stm32f1xx_hal_rcc.o
                0x0000000008006600                HAL_RCC_GetHCLKFreq
 .text.HAL_RCC_GetPCLK1Freq
                0x000000000800660c       0x20 build/stm32f1xx_hal_rcc.o
                0x000000000800660c                HAL_RCC_GetPCLK1Freq
 .text.HAL_RCC_GetPCLK2Freq
                0x000000000800662c       0x20 build/stm32f1xx_hal_rcc.o
                0x000000000800662c                HAL_RCC_GetPCLK2Freq
 .text.HAL_GPIO_Init
                0x000000000800664c      0x220 build/stm32f1xx_hal_gpio.o
                0x000000000800664c                HAL_GPIO_Init
 .text.HAL_GPIO_WritePin
                0x000000000800686c        0xc build/stm32f1xx_hal_gpio.o
                0x000000000800686c                HAL_GPIO_WritePin
 .text.DMA_SetConfig
                0x0000000008006878       0x2c build/stm32f1xx_hal_dma.o
 .text.HAL_DMA_Init
                0x00000000080068a4       0x6c build/stm32f1xx_hal_dma.o
                0x00000000080068a4                HAL_DMA_Init
 .text.HAL_DMA_Start_IT
                0x0000000008006910       0x74 build/stm32f1xx_hal_dma.o
                0x0000000008006910                HAL_DMA_Start_IT
 .text.HAL_DMA_Abort
                0x0000000008006984       0x44 build/stm32f1xx_hal_dma.o
                0x0000000008006984                HAL_DMA_Abort
 .text.HAL_DMA_Abort_IT
                0x00000000080069c8       0x98 build/stm32f1xx_hal_dma.o
                0x00000000080069c8                HAL_DMA_Abort_IT
 .text.HAL_DMA_IRQHandler
                0x0000000008006a60      0x144 build/stm32f1xx_hal_dma.o
                0x0000000008006a60                HAL_DMA_IRQHandler
 .text.HAL_NVIC_SetPriorityGrouping
                0x0000000008006ba4       0x24 build/stm32f1xx_hal_cortex.o
                0x0000000008006ba4                HAL_NVIC_SetPriorityGrouping
 .text.HAL_NVIC_SetPriority
                0x0000000008006bc8       0x68 build/stm32f1xx_hal_cortex.o
                0x0000000008006bc8                HAL_NVIC_SetPriority
 .text.HAL_NVIC_EnableIRQ
                0x0000000008006c30       0x1c build/stm32f1xx_hal_cortex.o
                0x0000000008006c30                HAL_NVIC_EnableIRQ
 .text.HAL_SYSTICK_Config
                0x0000000008006c4c       0x2c build/stm32f1xx_hal_cortex.o
                0x0000000008006c4c                HAL_SYSTICK_Config
 .text.UART_EndTxTransfer
                0x0000000008006c78       0x12 build/stm32f1xx_hal_uart.o
 .text.UART_EndRxTransfer
                0x0000000008006c8a       0x32 build/stm32f1xx_hal_uart.o
 .text.UART_Transmit_IT
                0x0000000008006cbc       0x60 build/stm32f1xx_hal_uart.o
 .text.UART_SetConfig
                0x0000000008006d1c       0x90 build/stm32f1xx_hal_uart.o
 .text.UART_WaitOnFlagUntilTimeout
                0x0000000008006dac       0x68 build/stm32f1xx_hal_uart.o
 .text.HAL_UART_Init
                0x0000000008006e14       0x5e build/stm32f1xx_hal_uart.o
                0x0000000008006e14                HAL_UART_Init
 .text.HAL_UART_Transmit
                0x0000000008006e72       0xd8 build/stm32f1xx_hal_uart.o
                0x0000000008006e72                HAL_UART_Transmit
 .text.HAL_UART_Receive
                0x0000000008006f4a       0xe4 build/stm32f1xx_hal_uart.o
                0x0000000008006f4a                HAL_UART_Receive
 *fill*         0x000000000800702e        0x2 
 .text.HAL_UART_Transmit_DMA
                0x0000000008007030       0x8c build/stm32f1xx_hal_uart.o
                0x0000000008007030                HAL_UART_Transmit_DMA
 .text.HAL_UART_TxCpltCallback
                0x00000000080070bc        0x2 build/stm32f1xx_hal_uart.o
                0x00000000080070bc                HAL_UART_TxCpltCallback
 .text.UART_DMATransmitCplt
                0x00000000080070be       0x30 build/stm32f1xx_hal_uart.o
 .text.UART_EndTransmit_IT
                0x00000000080070ee       0x1a build/stm32f1xx_hal_uart.o
 .text.HAL_UART_TxHalfCpltCallback
                0x0000000008007108        0x2 build/stm32f1xx_hal_uart.o
                0x0000000008007108                HAL_UART_TxHalfCpltCallback
 .text.UART_DMATxHalfCplt
                0x000000000800710a        0xa build/stm32f1xx_hal_uart.o
 .text.HAL_UART_RxHalfCpltCallback
                0x0000000008007114        0x2 build/stm32f1xx_hal_uart.o
                0x0000000008007114                HAL_UART_RxHalfCpltCallback
 .text.HAL_UART_ErrorCallback
                0x0000000008007116        0x2 build/stm32f1xx_hal_uart.o
                0x0000000008007116                HAL_UART_ErrorCallback
 .text.UART_DMAError
                0x0000000008007118       0x58 build/stm32f1xx_hal_uart.o
 .text.UART_DMAAbortOnError
                0x0000000008007170       0x10 build/stm32f1xx_hal_uart.o
 .text.HAL_UARTEx_RxEventCallback
                0x0000000008007180        0x2 build/stm32f1xx_hal_uart.o
                0x0000000008007180                HAL_UARTEx_RxEventCallback
 .text.UART_Receive_IT
                0x0000000008007182       0xd4 build/stm32f1xx_hal_uart.o
 *fill*         0x0000000008007256        0x2 
 .text.HAL_UART_IRQHandler
                0x0000000008007258      0x204 build/stm32f1xx_hal_uart.o
                0x0000000008007258                HAL_UART_IRQHandler
 .text.UART_DMARxHalfCplt
                0x000000000800745c       0x1a build/stm32f1xx_hal_uart.o
 .text.UART_DMAReceiveCplt
                0x0000000008007476       0x5e build/stm32f1xx_hal_uart.o
 .text.UART_Start_Receive_DMA
                0x00000000080074d4       0x78 build/stm32f1xx_hal_uart.o
                0x00000000080074d4                UART_Start_Receive_DMA
 .text.HAL_UART_Receive_DMA
                0x000000000800754c       0x38 build/stm32f1xx_hal_uart.o
                0x000000000800754c                HAL_UART_Receive_DMA
 .text.SystemInit
                0x0000000008007584        0x2 build/system_stm32f1xx.o
                0x0000000008007584                SystemInit
 *fill*         0x0000000008007586        0x2 
 .text.PID_ComputeSpeedRPM
                0x0000000008007588       0x44 build/PID.o
                0x0000000008007588                PID_ComputeSpeedRPM
 .text.PID_SetSpeedRPM
                0x00000000080075cc       0x34 build/PID.o
                0x00000000080075cc                PID_SetSpeedRPM
 .text.PID_ComputeError
                0x0000000008007600       0x1c build/PID.o
                0x0000000008007600                PID_ComputeError
 .text.PID_Limit
                0x000000000800761c       0x30 build/PID.o
                0x000000000800761c                PID_Limit
 .text.PID_ComputeOutput
                0x000000000800764c      0x118 build/PID.o
                0x000000000800764c                PID_ComputeOutput
 .text.PID_SetDuty
                0x0000000008007764       0x5e build/PID.o
                0x0000000008007764                PID_SetDuty
 .text.PID_SetTunings
                0x00000000080077c2       0x16 build/PID.o
                0x00000000080077c2                PID_SetTunings
 .text.PID_MotorInit
                0x00000000080077d8       0x66 build/PID.o
                0x00000000080077d8                PID_MotorInit
 *fill*         0x000000000800783e        0x2 
 .text.PID_FirstOrderFilter
                0x0000000008007840       0x40 build/PID.o
                0x0000000008007840                PID_FirstOrderFilter
 .text.PID_PreProcess
                0x0000000008007880       0x9c build/PID.o
                0x0000000008007880                PID_PreProcess
 .text.double2byte
                0x000000000800791c       0x28 build/frame_resolve.o
                0x000000000800791c                double2byte
 .text.checksum
                0x0000000008007944       0x18 build/frame_resolve.o
                0x0000000008007944                checksum
 .text.parseTxStateFrame
                0x000000000800795c       0x58 build/frame_resolve.o
                0x000000000800795c                parseTxStateFrame
 .text.resolveRxFrame
                0x00000000080079b4       0x5c build/frame_resolve.o
                0x00000000080079b4                resolveRxFrame
 .text._isatty  0x0000000008007a10       0x16 build/retarget.o
                0x0000000008007a10                _isatty
 *fill*         0x0000000008007a26        0x2 
 .text._write   0x0000000008007a28       0x34 build/retarget.o
                0x0000000008007a28                _write
 .text._close   0x0000000008007a5c       0x18 build/retarget.o
                0x0000000008007a5c                _close
 .text._lseek   0x0000000008007a74       0x10 build/retarget.o
                0x0000000008007a74                _lseek
 .text._read    0x0000000008007a84       0x30 build/retarget.o
                0x0000000008007a84                _read
 .text._fstat   0x0000000008007ab4       0x1a build/retarget.o
                0x0000000008007ab4                _fstat
 *fill*         0x0000000008007ace        0x2 
 .text.Reset_Handler
                0x0000000008007ad0       0x48 build/startup_stm32f103xb.o
                0x0000000008007ad0                Reset_Handler
 .text.Default_Handler
                0x0000000008007b18        0x2 build/startup_stm32f103xb.o
                0x0000000008007b18                RTC_Alarm_IRQHandler
                0x0000000008007b18                EXTI2_IRQHandler
                0x0000000008007b18                TIM1_CC_IRQHandler
                0x0000000008007b18                PVD_IRQHandler
                0x0000000008007b18                EXTI3_IRQHandler
                0x0000000008007b18                EXTI0_IRQHandler
                0x0000000008007b18                I2C2_EV_IRQHandler
                0x0000000008007b18                ADC1_2_IRQHandler
                0x0000000008007b18                SPI1_IRQHandler
                0x0000000008007b18                TAMPER_IRQHandler
                0x0000000008007b18                USART3_IRQHandler
                0x0000000008007b18                RTC_IRQHandler
                0x0000000008007b18                DMA1_Channel7_IRQHandler
                0x0000000008007b18                CAN1_RX1_IRQHandler
                0x0000000008007b18                TIM4_IRQHandler
                0x0000000008007b18                I2C1_EV_IRQHandler
                0x0000000008007b18                DMA1_Channel6_IRQHandler
                0x0000000008007b18                TIM3_IRQHandler
                0x0000000008007b18                RCC_IRQHandler
                0x0000000008007b18                TIM1_TRG_COM_IRQHandler
                0x0000000008007b18                DMA1_Channel1_IRQHandler
                0x0000000008007b18                Default_Handler
                0x0000000008007b18                EXTI15_10_IRQHandler
                0x0000000008007b18                EXTI9_5_IRQHandler
                0x0000000008007b18                SPI2_IRQHandler
                0x0000000008007b18                EXTI4_IRQHandler
                0x0000000008007b18                USB_LP_CAN1_RX0_IRQHandler
                0x0000000008007b18                USB_HP_CAN1_TX_IRQHandler
                0x0000000008007b18                DMA1_Channel3_IRQHandler
                0x0000000008007b18                WWDG_IRQHandler
                0x0000000008007b18                TIM2_IRQHandler
                0x0000000008007b18                EXTI1_IRQHandler
                0x0000000008007b18                USART2_IRQHandler
                0x0000000008007b18                I2C2_ER_IRQHandler
                0x0000000008007b18                DMA1_Channel2_IRQHandler
                0x0000000008007b18                CAN1_SCE_IRQHandler
                0x0000000008007b18                FLASH_IRQHandler
                0x0000000008007b18                I2C1_ER_IRQHandler
                0x0000000008007b18                USBWakeUp_IRQHandler
 *(.glue_7)
 .glue_7        0x0000000008007b1a        0x0 linker stubs
 *(.glue_7t)
 .glue_7t       0x0000000008007b1a        0x0 linker stubs
 *(.eh_frame)
 *fill*         0x0000000008007b1a        0x2 
 .eh_frame      0x0000000008007b1c        0x0 /usr/lib/gcc/arm-none-eabi/9.2.1/thumb/v7-m/nofp/crtbegin.o
 *(.init)
 .init          0x0000000008007b1c        0x4 /usr/lib/gcc/arm-none-eabi/9.2.1/thumb/v7-m/nofp/crti.o
                0x0000000008007b1c                _init
 .init          0x0000000008007b20        0x8 /usr/lib/gcc/arm-none-eabi/9.2.1/thumb/v7-m/nofp/crtn.o
 *(.fini)
 .fini          0x0000000008007b28        0x4 /usr/lib/gcc/arm-none-eabi/9.2.1/thumb/v7-m/nofp/crti.o
                0x0000000008007b28                _fini
 .fini          0x0000000008007b2c        0x8 /usr/lib/gcc/arm-none-eabi/9.2.1/thumb/v7-m/nofp/crtn.o
                0x0000000008007b34                . = ALIGN (0x4)
                0x0000000008007b34                _etext = .

.vfp11_veneer   0x0000000008007b34        0x0
 .vfp11_veneer  0x0000000008007b34        0x0 linker stubs

.v4_bx          0x0000000008007b34        0x0
 .v4_bx         0x0000000008007b34        0x0 linker stubs

.iplt           0x0000000008007b34        0x0
 .iplt          0x0000000008007b34        0x0 /usr/lib/gcc/arm-none-eabi/9.2.1/thumb/v7-m/nofp/crtbegin.o

.rodata         0x0000000008007b38      0x404
                0x0000000008007b38                . = ALIGN (0x4)
 *(.rodata)
 .rodata        0x0000000008007b38        0x4 /usr/lib/gcc/arm-none-eabi/9.2.1/../../../arm-none-eabi/lib/thumb/v7-m/nofp/libc_nano.a(lib_a-impure.o)
                0x0000000008007b38                _global_impure_ptr
 .rodata        0x0000000008007b3c       0x60 /usr/lib/gcc/arm-none-eabi/9.2.1/../../../arm-none-eabi/lib/thumb/v7-m/nofp/libc_nano.a(lib_a-findfp.o)
                0x0000000008007b3c                __sf_fake_stderr
                0x0000000008007b5c                __sf_fake_stdout
                0x0000000008007b7c                __sf_fake_stdin
 *fill*         0x0000000008007b9c        0x4 
 .rodata        0x0000000008007ba0      0x128 /usr/lib/gcc/arm-none-eabi/9.2.1/../../../arm-none-eabi/lib/thumb/v7-m/nofp/libc_nano.a(lib_a-mprec.o)
                0x0000000008007bb0                __mprec_tens
                0x0000000008007c78                __mprec_tinytens
                0x0000000008007ca0                __mprec_bigtens
 .rodata        0x0000000008007cc8      0x101 /usr/lib/gcc/arm-none-eabi/9.2.1/../../../arm-none-eabi/lib/thumb/v7-m/nofp/libc_nano.a(lib_a-ctype_.o)
                0x0000000008007cc8                _ctype_
 *(.rodata*)
 *fill*         0x0000000008007dc9        0x3 
 .rodata.HAL_RCC_GetSysClockFreq.str1.4
                0x0000000008007dcc       0x11 build/stm32f1xx_hal_rcc.o
 *fill*         0x0000000008007ddd        0x3 
 .rodata.AHBPrescTable
                0x0000000008007de0       0x10 build/system_stm32f1xx.o
                0x0000000008007de0                AHBPrescTable
 .rodata.APBPrescTable
                0x0000000008007df0        0x8 build/system_stm32f1xx.o
                0x0000000008007df0                APBPrescTable
 .rodata.str1.4
                0x0000000008007df8       0x12 /usr/lib/gcc/arm-none-eabi/9.2.1/../../../arm-none-eabi/lib/thumb/v7-m/nofp/libc_nano.a(lib_a-nano-vfprintf_float.o)
 *fill*         0x0000000008007e0a        0x2 
 .rodata.str1.4
                0x0000000008007e0c       0x25 /usr/lib/gcc/arm-none-eabi/9.2.1/../../../arm-none-eabi/lib/thumb/v7-m/nofp/libc_nano.a(lib_a-nano-vfprintf_i.o)
 *fill*         0x0000000008007e31        0x3 
 .rodata.str1.4
                0x0000000008007e34       0x6d /usr/lib/gcc/arm-none-eabi/9.2.1/../../../arm-none-eabi/lib/thumb/v7-m/nofp/libc_nano.a(lib_a-dtoa.o)
                                         0x71 (size before relaxing)
 *fill*         0x0000000008007ea1        0x3 
 .rodata.str1.4
                0x0000000008007ea4       0x33 /usr/lib/gcc/arm-none-eabi/9.2.1/../../../arm-none-eabi/lib/thumb/v7-m/nofp/libc_nano.a(lib_a-mprec.o)
                                         0x5d (size before relaxing)
 *fill*         0x0000000008007ed7        0x1 
 .rodata.str1.4
                0x0000000008007ed8       0x3f /usr/lib/gcc/arm-none-eabi/9.2.1/../../../arm-none-eabi/lib/thumb/v7-m/nofp/libc_nano.a(lib_a-assert.o)
                                         0x43 (size before relaxing)
 *fill*         0x0000000008007f17        0x1 
 .rodata.str1.4
                0x0000000008007f18        0xe /usr/lib/gcc/arm-none-eabi/9.2.1/../../../arm-none-eabi/lib/thumb/v7-m/nofp/libc_nano.a(lib_a-locale.o)
                                         0x12 (size before relaxing)
 *fill*         0x0000000008007f26        0x2 
 .rodata.str1.4
                0x0000000008007f28       0x13 /usr/lib/gcc/arm-none-eabi/9.2.1/../../../arm-none-eabi/lib/thumb/v7-m/nofp/libc_nano.a(lib_a-nano-vfprintf.o)
                0x0000000008007f3c                . = ALIGN (0x4)
 *fill*         0x0000000008007f3b        0x1 

.rel.dyn        0x0000000008007f3c        0x0
 .rel.iplt      0x0000000008007f3c        0x0 /usr/lib/gcc/arm-none-eabi/9.2.1/thumb/v7-m/nofp/crtbegin.o

.ARM.extab
 *(.ARM.extab* .gnu.linkonce.armextab.*)

.ARM            0x0000000008007f3c        0x0
                0x0000000008007f3c                __exidx_start = .
 *(.ARM.exidx*)
                0x0000000008007f3c                __exidx_end = .

.preinit_array  0x0000000008007f3c        0x0
                0x0000000008007f3c                PROVIDE (__preinit_array_start = .)
 *(.preinit_array*)
                0x0000000008007f3c                PROVIDE (__preinit_array_end = .)

.init_array     0x0000000008007f3c        0x4
                0x0000000008007f3c                PROVIDE (__init_array_start = .)
 *(SORT_BY_NAME(.init_array.*))
 *(.init_array*)
 .init_array    0x0000000008007f3c        0x4 /usr/lib/gcc/arm-none-eabi/9.2.1/thumb/v7-m/nofp/crtbegin.o
                0x0000000008007f40                PROVIDE (__init_array_end = .)

.fini_array     0x0000000008007f40        0x4
                0x0000000008007f40                PROVIDE (__fini_array_start = .)
 *(SORT_BY_NAME(.fini_array.*))
 *(.fini_array*)
 .fini_array    0x0000000008007f40        0x4 /usr/lib/gcc/arm-none-eabi/9.2.1/thumb/v7-m/nofp/crtbegin.o
                0x0000000008007f44                PROVIDE (__fini_array_end = .)
                0x0000000008007f44                _sidata = LOADADDR (.data)

.data           0x0000000020000000      0x20c load address 0x0000000008007f44
                0x0000000020000000                . = ALIGN (0x4)
                0x0000000020000000                _sdata = .
 *(.data)
 .data          0x0000000020000000       0x64 /usr/lib/gcc/arm-none-eabi/9.2.1/../../../arm-none-eabi/lib/thumb/v7-m/nofp/libc_nano.a(lib_a-impure.o)
                0x0000000020000000                _impure_ptr
 .data          0x0000000020000064      0x16c /usr/lib/gcc/arm-none-eabi/9.2.1/../../../arm-none-eabi/lib/thumb/v7-m/nofp/libc_nano.a(lib_a-locale.o)
                0x0000000020000064                __global_locale
 *(.data*)
 .data.left_pid_params
                0x00000000200001d0       0x18 build/main.o
                0x00000000200001d0                left_pid_params
 .data.right_pid_params
                0x00000000200001e8       0x18 build/main.o
                0x00000000200001e8                right_pid_params
 .data.tf_publish_ready_flag
                0x0000000020000200        0x1 build/main.o
                0x0000000020000200                tf_publish_ready_flag
 .data.uwTickFreq
                0x0000000020000201        0x1 build/stm32f1xx_hal.o
                0x0000000020000201                uwTickFreq
 *fill*         0x0000000020000202        0x2 
 .data.uwTickPrio
                0x0000000020000204        0x4 build/stm32f1xx_hal.o
                0x0000000020000204                uwTickPrio
 .data.SystemCoreClock
                0x0000000020000208        0x4 build/system_stm32f1xx.o
                0x0000000020000208                SystemCoreClock
                0x000000002000020c                . = ALIGN (0x4)
                0x000000002000020c                _edata = .

.tm_clone_table
                0x000000002000020c        0x0 load address 0x0000000008008150
 .tm_clone_table
                0x000000002000020c        0x0 /usr/lib/gcc/arm-none-eabi/9.2.1/thumb/v7-m/nofp/crtbegin.o
 .tm_clone_table
                0x000000002000020c        0x0 /usr/lib/gcc/arm-none-eabi/9.2.1/thumb/v7-m/nofp/crtend.o

.igot.plt       0x000000002000020c        0x0 load address 0x0000000008008150
 .igot.plt      0x000000002000020c        0x0 /usr/lib/gcc/arm-none-eabi/9.2.1/thumb/v7-m/nofp/crtbegin.o
                0x000000002000020c                . = ALIGN (0x4)

.bss            0x0000000020000210      0x3e4 load address 0x0000000008008150
                0x0000000020000210                _sbss = .
                0x0000000020000210                __bss_start__ = _sbss
 *(.bss)
 .bss           0x0000000020000210       0x1c /usr/lib/gcc/arm-none-eabi/9.2.1/thumb/v7-m/nofp/crtbegin.o
 .bss           0x000000002000022c        0x8 /usr/lib/gcc/arm-none-eabi/9.2.1/../../../arm-none-eabi/lib/thumb/v7-m/nofp/libc_nano.a(lib_a-nano-mallocr.o)
                0x000000002000022c                __malloc_free_list
                0x0000000020000230                __malloc_sbrk_start
 .bss           0x0000000020000234        0x4 /usr/lib/gcc/arm-none-eabi/9.2.1/../../../arm-none-eabi/lib/thumb/v7-m/nofp/libnosys.a(sbrk.o)
 *(.bss*)
 .bss.cmd_vel_ready_flag
                0x0000000020000238        0x1 build/main.o
                0x0000000020000238                cmd_vel_ready_flag
 *fill*         0x0000000020000239        0x7 
 .bss.left_set_speed
                0x0000000020000240        0x8 build/main.o
                0x0000000020000240                left_set_speed
 .bss.right_set_speed
                0x0000000020000248        0x8 build/main.o
                0x0000000020000248                right_set_speed
 .bss.vel_update_flag
                0x0000000020000250        0x1 build/main.o
                0x0000000020000250                vel_update_flag
 *(COMMON)
 *fill*         0x0000000020000251        0x7 
 COMMON         0x0000000020000258      0x1a4 build/main.o
                0x0000000020000258                str_left_motor
                0x0000000020000298                last_tick
                0x00000000200002a0                str_right_motor
                0x00000000200002e0                last_l_rpm
                0x00000000200002e4                rx_buffer
                0x00000000200002f4                tx_buffer
                0x0000000020000304                tx_state_frame
                0x0000000020000324                tick
                0x0000000020000328                data
                0x0000000020000330                right_rpm
                0x0000000020000338                str_left_pid
                0x0000000020000388                last_r_rpm
                0x000000002000038c                dummy_buffer
                0x000000002000039c                last_rx
                0x00000000200003a0                str_right_pid
                0x00000000200003f0                prev_rx
                0x00000000200003f4                left_rpm
                0x00000000200003f8                last_update
 COMMON         0x00000000200003fc      0x120 build/tim.o
                0x00000000200003fc                htim4
                0x0000000020000444                htim3
                0x000000002000048c                htim1
                0x00000000200004d4                htim2
 COMMON         0x000000002000051c       0xcc build/usart.o
                0x000000002000051c                hdma_usart1_tx
                0x0000000020000560                hdma_usart1_rx
                0x00000000200005a4                huart1
 COMMON         0x00000000200005e8        0x4 build/stm32f1xx_hal.o
                0x00000000200005e8                uwTick
 COMMON         0x00000000200005ec        0x4 build/retarget.o
                0x00000000200005ec                gHuart
 COMMON         0x00000000200005f0        0x4 /usr/lib/gcc/arm-none-eabi/9.2.1/../../../arm-none-eabi/lib/thumb/v7-m/nofp/libc_nano.a(lib_a-reent.o)
                0x00000000200005f0                errno
                0x00000000200005f4                . = ALIGN (0x4)
                0x00000000200005f4                _ebss = .
                0x00000000200005f4                __bss_end__ = _ebss

._user_heap_stack
                0x00000000200005f4      0x604 load address 0x0000000008008150
                0x00000000200005f8                . = ALIGN (0x8)
 *fill*         0x00000000200005f4        0x4 
                0x00000000200005f8                PROVIDE (end = .)
                [!provide]                        PROVIDE (_end = .)
                0x00000000200007f8                . = (. + _Min_Heap_Size)
 *fill*         0x00000000200005f8      0x200 
                0x0000000020000bf8                . = (. + _Min_Stack_Size)
 *fill*         0x00000000200007f8      0x400 
                0x0000000020000bf8                . = ALIGN (0x8)

/DISCARD/
 libc.a(*)
 libm.a(*)
 libgcc.a(*)

.ARM.attributes
                0x0000000000000000       0x29
 *(.ARM.attributes)
 .ARM.attributes
                0x0000000000000000       0x1d /usr/lib/gcc/arm-none-eabi/9.2.1/thumb/v7-m/nofp/crti.o
 .ARM.attributes
                0x000000000000001d       0x2d /usr/lib/gcc/arm-none-eabi/9.2.1/thumb/v7-m/nofp/crtbegin.o
 .ARM.attributes
                0x000000000000004a       0x2d build/main.o
 .ARM.attributes
                0x0000000000000077       0x2d build/gpio.o
 .ARM.attributes
                0x00000000000000a4       0x2d build/dma.o
 .ARM.attributes
                0x00000000000000d1       0x2d build/tim.o
 .ARM.attributes
                0x00000000000000fe       0x2d build/usart.o
 .ARM.attributes
                0x000000000000012b       0x2d build/stm32f1xx_it.o
 .ARM.attributes
                0x0000000000000158       0x2d build/stm32f1xx_hal_msp.o
 .ARM.attributes
                0x0000000000000185       0x2d build/stm32f1xx_hal_tim.o
 .ARM.attributes
                0x00000000000001b2       0x2d build/stm32f1xx_hal_tim_ex.o
 .ARM.attributes
                0x00000000000001df       0x2d build/stm32f1xx_hal.o
 .ARM.attributes
                0x000000000000020c       0x2d build/stm32f1xx_hal_rcc.o
 .ARM.attributes
                0x0000000000000239       0x2d build/stm32f1xx_hal_gpio.o
 .ARM.attributes
                0x0000000000000266       0x2d build/stm32f1xx_hal_dma.o
 .ARM.attributes
                0x0000000000000293       0x2d build/stm32f1xx_hal_cortex.o
 .ARM.attributes
                0x00000000000002c0       0x2d build/stm32f1xx_hal_uart.o
 .ARM.attributes
                0x00000000000002ed       0x2d build/system_stm32f1xx.o
 .ARM.attributes
                0x000000000000031a       0x2d build/PID.o
 .ARM.attributes
                0x0000000000000347       0x2d build/frame_resolve.o
 .ARM.attributes
                0x0000000000000374       0x2d build/retarget.o
 .ARM.attributes
                0x00000000000003a1       0x21 build/startup_stm32f103xb.o
 .ARM.attributes
                0x00000000000003c2       0x2d /usr/lib/gcc/arm-none-eabi/9.2.1/../../../arm-none-eabi/lib/thumb/v7-m/nofp/libc_nano.a(lib_a-errno.o)
 .ARM.attributes
                0x00000000000003ef       0x2d /usr/lib/gcc/arm-none-eabi/9.2.1/../../../arm-none-eabi/lib/thumb/v7-m/nofp/libc_nano.a(lib_a-impure.o)
 .ARM.attributes
                0x000000000000041c       0x2d /usr/lib/gcc/arm-none-eabi/9.2.1/../../../arm-none-eabi/lib/thumb/v7-m/nofp/libc_nano.a(lib_a-init.o)
 .ARM.attributes
                0x0000000000000449       0x2d /usr/lib/gcc/arm-none-eabi/9.2.1/../../../arm-none-eabi/lib/thumb/v7-m/nofp/libc_nano.a(lib_a-memset.o)
 .ARM.attributes
                0x0000000000000476       0x2d /usr/lib/gcc/arm-none-eabi/9.2.1/../../../arm-none-eabi/lib/thumb/v7-m/nofp/libc_nano.a(lib_a-nano-vfprintf_float.o)
 .ARM.attributes
                0x00000000000004a3       0x2d /usr/lib/gcc/arm-none-eabi/9.2.1/../../../arm-none-eabi/lib/thumb/v7-m/nofp/libc_nano.a(lib_a-nano-vfprintf_i.o)
 .ARM.attributes
                0x00000000000004d0       0x2d /usr/lib/gcc/arm-none-eabi/9.2.1/../../../arm-none-eabi/lib/thumb/v7-m/nofp/libc_nano.a(lib_a-strlen-stub.o)
 .ARM.attributes
                0x00000000000004fd       0x2d /usr/lib/gcc/arm-none-eabi/9.2.1/../../../arm-none-eabi/lib/thumb/v7-m/nofp/libc_nano.a(lib_a-dtoa.o)
 .ARM.attributes
                0x000000000000052a       0x2d /usr/lib/gcc/arm-none-eabi/9.2.1/../../../arm-none-eabi/lib/thumb/v7-m/nofp/libc_nano.a(lib_a-fflush.o)
 .ARM.attributes
                0x0000000000000557       0x2d /usr/lib/gcc/arm-none-eabi/9.2.1/../../../arm-none-eabi/lib/thumb/v7-m/nofp/libc_nano.a(lib_a-findfp.o)
 .ARM.attributes
                0x0000000000000584       0x2d /usr/lib/gcc/arm-none-eabi/9.2.1/../../../arm-none-eabi/lib/thumb/v7-m/nofp/libc_nano.a(lib_a-fwalk.o)
 .ARM.attributes
                0x00000000000005b1       0x2d /usr/lib/gcc/arm-none-eabi/9.2.1/../../../arm-none-eabi/lib/thumb/v7-m/nofp/libc_nano.a(lib_a-localeconv.o)
 .ARM.attributes
                0x00000000000005de       0x2d /usr/lib/gcc/arm-none-eabi/9.2.1/../../../arm-none-eabi/lib/thumb/v7-m/nofp/libc_nano.a(lib_a-makebuf.o)
 .ARM.attributes
                0x000000000000060b       0x2d /usr/lib/gcc/arm-none-eabi/9.2.1/../../../arm-none-eabi/lib/thumb/v7-m/nofp/libc_nano.a(lib_a-malloc.o)
 .ARM.attributes
                0x0000000000000638       0x2d /usr/lib/gcc/arm-none-eabi/9.2.1/../../../arm-none-eabi/lib/thumb/v7-m/nofp/libc_nano.a(lib_a-memchr-stub.o)
 .ARM.attributes
                0x0000000000000665       0x1b /usr/lib/gcc/arm-none-eabi/9.2.1/../../../arm-none-eabi/lib/thumb/v7-m/nofp/libc_nano.a(lib_a-memcpy.o)
 .ARM.attributes
                0x0000000000000680       0x2d /usr/lib/gcc/arm-none-eabi/9.2.1/../../../arm-none-eabi/lib/thumb/v7-m/nofp/libc_nano.a(lib_a-mprec.o)
 .ARM.attributes
                0x00000000000006ad       0x2d /usr/lib/gcc/arm-none-eabi/9.2.1/../../../arm-none-eabi/lib/thumb/v7-m/nofp/libc_nano.a(lib_a-nano-callocr.o)
 .ARM.attributes
                0x00000000000006da       0x2d /usr/lib/gcc/arm-none-eabi/9.2.1/../../../arm-none-eabi/lib/thumb/v7-m/nofp/libc_nano.a(lib_a-nano-freer.o)
 .ARM.attributes
                0x0000000000000707       0x2d /usr/lib/gcc/arm-none-eabi/9.2.1/../../../arm-none-eabi/lib/thumb/v7-m/nofp/libc_nano.a(lib_a-nano-mallocr.o)
 .ARM.attributes
                0x0000000000000734       0x2d /usr/lib/gcc/arm-none-eabi/9.2.1/../../../arm-none-eabi/lib/thumb/v7-m/nofp/libc_nano.a(lib_a-sbrkr.o)
 .ARM.attributes
                0x0000000000000761       0x2d /usr/lib/gcc/arm-none-eabi/9.2.1/../../../arm-none-eabi/lib/thumb/v7-m/nofp/libc_nano.a(lib_a-stdio.o)
 .ARM.attributes
                0x000000000000078e       0x2d /usr/lib/gcc/arm-none-eabi/9.2.1/../../../arm-none-eabi/lib/thumb/v7-m/nofp/libc_nano.a(lib_a-writer.o)
 .ARM.attributes
                0x00000000000007bb       0x2d /usr/lib/gcc/arm-none-eabi/9.2.1/../../../arm-none-eabi/lib/thumb/v7-m/nofp/libc_nano.a(lib_a-assert.o)
 .ARM.attributes
                0x00000000000007e8       0x2d /usr/lib/gcc/arm-none-eabi/9.2.1/../../../arm-none-eabi/lib/thumb/v7-m/nofp/libc_nano.a(lib_a-closer.o)
 .ARM.attributes
                0x0000000000000815       0x2d /usr/lib/gcc/arm-none-eabi/9.2.1/../../../arm-none-eabi/lib/thumb/v7-m/nofp/libc_nano.a(lib_a-fprintf.o)
 .ARM.attributes
                0x0000000000000842       0x2d /usr/lib/gcc/arm-none-eabi/9.2.1/../../../arm-none-eabi/lib/thumb/v7-m/nofp/libc_nano.a(lib_a-fstatr.o)
 .ARM.attributes
                0x000000000000086f       0x2d /usr/lib/gcc/arm-none-eabi/9.2.1/../../../arm-none-eabi/lib/thumb/v7-m/nofp/libc_nano.a(lib_a-isattyr.o)
 .ARM.attributes
                0x000000000000089c       0x2d /usr/lib/gcc/arm-none-eabi/9.2.1/../../../arm-none-eabi/lib/thumb/v7-m/nofp/libc_nano.a(lib_a-locale.o)
 .ARM.attributes
                0x00000000000008c9       0x2d /usr/lib/gcc/arm-none-eabi/9.2.1/../../../arm-none-eabi/lib/thumb/v7-m/nofp/libc_nano.a(lib_a-lseekr.o)
 .ARM.attributes
                0x00000000000008f6       0x2d /usr/lib/gcc/arm-none-eabi/9.2.1/../../../arm-none-eabi/lib/thumb/v7-m/nofp/libc_nano.a(lib_a-mbtowc_r.o)
 .ARM.attributes
                0x0000000000000923       0x2d /usr/lib/gcc/arm-none-eabi/9.2.1/../../../arm-none-eabi/lib/thumb/v7-m/nofp/libc_nano.a(lib_a-mlock.o)
 .ARM.attributes
                0x0000000000000950       0x2d /usr/lib/gcc/arm-none-eabi/9.2.1/../../../arm-none-eabi/lib/thumb/v7-m/nofp/libc_nano.a(lib_a-nano-vfprintf.o)
 .ARM.attributes
                0x000000000000097d       0x2d /usr/lib/gcc/arm-none-eabi/9.2.1/../../../arm-none-eabi/lib/thumb/v7-m/nofp/libc_nano.a(lib_a-readr.o)
 .ARM.attributes
                0x00000000000009aa       0x2d /usr/lib/gcc/arm-none-eabi/9.2.1/../../../arm-none-eabi/lib/thumb/v7-m/nofp/libc_nano.a(lib_a-reent.o)
 .ARM.attributes
                0x00000000000009d7       0x2d /usr/lib/gcc/arm-none-eabi/9.2.1/../../../arm-none-eabi/lib/thumb/v7-m/nofp/libc_nano.a(lib_a-wbuf.o)
 .ARM.attributes
                0x0000000000000a04       0x2d /usr/lib/gcc/arm-none-eabi/9.2.1/../../../arm-none-eabi/lib/thumb/v7-m/nofp/libc_nano.a(lib_a-wctomb_r.o)
 .ARM.attributes
                0x0000000000000a31       0x2d /usr/lib/gcc/arm-none-eabi/9.2.1/../../../arm-none-eabi/lib/thumb/v7-m/nofp/libc_nano.a(lib_a-wsetup.o)
 .ARM.attributes
                0x0000000000000a5e       0x2d /usr/lib/gcc/arm-none-eabi/9.2.1/../../../arm-none-eabi/lib/thumb/v7-m/nofp/libc_nano.a(lib_a-abort.o)
 .ARM.attributes
                0x0000000000000a8b       0x2d /usr/lib/gcc/arm-none-eabi/9.2.1/../../../arm-none-eabi/lib/thumb/v7-m/nofp/libc_nano.a(lib_a-ctype_.o)
 .ARM.attributes
                0x0000000000000ab8       0x2d /usr/lib/gcc/arm-none-eabi/9.2.1/../../../arm-none-eabi/lib/thumb/v7-m/nofp/libc_nano.a(lib_a-fvwrite.o)
 .ARM.attributes
                0x0000000000000ae5       0x2d /usr/lib/gcc/arm-none-eabi/9.2.1/../../../arm-none-eabi/lib/thumb/v7-m/nofp/libc_nano.a(lib_a-memmove.o)
 .ARM.attributes
                0x0000000000000b12       0x2d /usr/lib/gcc/arm-none-eabi/9.2.1/../../../arm-none-eabi/lib/thumb/v7-m/nofp/libc_nano.a(lib_a-nano-reallocr.o)
 .ARM.attributes
                0x0000000000000b3f       0x2d /usr/lib/gcc/arm-none-eabi/9.2.1/../../../arm-none-eabi/lib/thumb/v7-m/nofp/libc_nano.a(lib_a-signal.o)
 .ARM.attributes
                0x0000000000000b6c       0x2d /usr/lib/gcc/arm-none-eabi/9.2.1/../../../arm-none-eabi/lib/thumb/v7-m/nofp/libc_nano.a(lib_a-signalr.o)
 .ARM.attributes
                0x0000000000000b99       0x2d /usr/lib/gcc/arm-none-eabi/9.2.1/../../../arm-none-eabi/lib/thumb/v7-m/nofp/libc_nano.a(lib_a-nano-msizer.o)
 .ARM.attributes
                0x0000000000000bc6       0x2d /usr/lib/gcc/arm-none-eabi/9.2.1/../../../arm-none-eabi/lib/thumb/v7-m/nofp/libm.a(lib_a-s_round.o)
 .ARM.attributes
                0x0000000000000bf3       0x2d /usr/lib/gcc/arm-none-eabi/9.2.1/../../../arm-none-eabi/lib/thumb/v7-m/nofp/libnosys.a(getpid.o)
 .ARM.attributes
                0x0000000000000c20       0x2d /usr/lib/gcc/arm-none-eabi/9.2.1/../../../arm-none-eabi/lib/thumb/v7-m/nofp/libnosys.a(kill.o)
 .ARM.attributes
                0x0000000000000c4d       0x2d /usr/lib/gcc/arm-none-eabi/9.2.1/../../../arm-none-eabi/lib/thumb/v7-m/nofp/libnosys.a(sbrk.o)
 .ARM.attributes
                0x0000000000000c7a       0x2d /usr/lib/gcc/arm-none-eabi/9.2.1/../../../arm-none-eabi/lib/thumb/v7-m/nofp/libnosys.a(_exit.o)
 .ARM.attributes
                0x0000000000000ca7       0x1d /usr/lib/gcc/arm-none-eabi/9.2.1/thumb/v7-m/nofp/libgcc.a(_arm_mulsf3.o)
 .ARM.attributes
                0x0000000000000cc4       0x1d /usr/lib/gcc/arm-none-eabi/9.2.1/thumb/v7-m/nofp/libgcc.a(_arm_addsubdf3.o)
 .ARM.attributes
                0x0000000000000ce1       0x1d /usr/lib/gcc/arm-none-eabi/9.2.1/thumb/v7-m/nofp/libgcc.a(_arm_muldivdf3.o)
 .ARM.attributes
                0x0000000000000cfe       0x1d /usr/lib/gcc/arm-none-eabi/9.2.1/thumb/v7-m/nofp/libgcc.a(_arm_cmpdf2.o)
 .ARM.attributes
                0x0000000000000d1b       0x1d /usr/lib/gcc/arm-none-eabi/9.2.1/thumb/v7-m/nofp/libgcc.a(_arm_unorddf2.o)
 .ARM.attributes
                0x0000000000000d38       0x1d /usr/lib/gcc/arm-none-eabi/9.2.1/thumb/v7-m/nofp/libgcc.a(_arm_fixdfsi.o)
 .ARM.attributes
                0x0000000000000d55       0x1d /usr/lib/gcc/arm-none-eabi/9.2.1/thumb/v7-m/nofp/libgcc.a(_arm_fixunsdfsi.o)
 .ARM.attributes
                0x0000000000000d72       0x1d /usr/lib/gcc/arm-none-eabi/9.2.1/thumb/v7-m/nofp/libgcc.a(_arm_truncdfsf2.o)
 .ARM.attributes
                0x0000000000000d8f       0x1d /usr/lib/gcc/arm-none-eabi/9.2.1/thumb/v7-m/nofp/libgcc.a(_arm_addsubsf3.o)
 .ARM.attributes
                0x0000000000000dac       0x2d /usr/lib/gcc/arm-none-eabi/9.2.1/thumb/v7-m/nofp/crtend.o
 .ARM.attributes
                0x0000000000000dd9       0x1d /usr/lib/gcc/arm-none-eabi/9.2.1/thumb/v7-m/nofp/crtn.o
OUTPUT(build/base_control_f103.elf elf32-littlearm)
LOAD linker stubs
LOAD /usr/lib/gcc/arm-none-eabi/9.2.1/../../../arm-none-eabi/lib/thumb/v7-m/nofp/libc.a
LOAD /usr/lib/gcc/arm-none-eabi/9.2.1/../../../arm-none-eabi/lib/thumb/v7-m/nofp/libm.a
LOAD /usr/lib/gcc/arm-none-eabi/9.2.1/thumb/v7-m/nofp/libgcc.a

.comment        0x0000000000000000       0xa7
 .comment       0x0000000000000000       0x59 /usr/lib/gcc/arm-none-eabi/9.2.1/thumb/v7-m/nofp/crtbegin.o
                                         0x5a (size before relaxing)
 .comment       0x0000000000000059       0x5a build/main.o
 .comment       0x0000000000000059       0x5a build/gpio.o
 .comment       0x0000000000000059       0x5a build/dma.o
 .comment       0x0000000000000059       0x5a build/tim.o
 .comment       0x0000000000000059       0x5a build/usart.o
 .comment       0x0000000000000059       0x5a build/stm32f1xx_it.o
 .comment       0x0000000000000059       0x5a build/stm32f1xx_hal_msp.o
 .comment       0x0000000000000059       0x5a build/stm32f1xx_hal_tim.o
 .comment       0x0000000000000059       0x5a build/stm32f1xx_hal_tim_ex.o
 .comment       0x0000000000000059       0x5a build/stm32f1xx_hal.o
 .comment       0x0000000000000059       0x5a build/stm32f1xx_hal_rcc.o
 .comment       0x0000000000000059       0x5a build/stm32f1xx_hal_gpio.o
 .comment       0x0000000000000059       0x5a build/stm32f1xx_hal_dma.o
 .comment       0x0000000000000059       0x5a build/stm32f1xx_hal_cortex.o
 .comment       0x0000000000000059       0x5a build/stm32f1xx_hal_uart.o
 .comment       0x0000000000000059       0x5a build/system_stm32f1xx.o
 .comment       0x0000000000000059       0x5a build/PID.o
 .comment       0x0000000000000059       0x5a build/frame_resolve.o
 .comment       0x0000000000000059       0x5a build/retarget.o
 .comment       0x0000000000000059       0x4e /usr/lib/gcc/arm-none-eabi/9.2.1/../../../arm-none-eabi/lib/thumb/v7-m/nofp/libc_nano.a(lib_a-errno.o)
                                         0x4f (size before relaxing)
 .comment       0x00000000000000a7       0x4f /usr/lib/gcc/arm-none-eabi/9.2.1/../../../arm-none-eabi/lib/thumb/v7-m/nofp/libc_nano.a(lib_a-impure.o)
 .comment       0x00000000000000a7       0x4f /usr/lib/gcc/arm-none-eabi/9.2.1/../../../arm-none-eabi/lib/thumb/v7-m/nofp/libc_nano.a(lib_a-init.o)
 .comment       0x00000000000000a7       0x4f /usr/lib/gcc/arm-none-eabi/9.2.1/../../../arm-none-eabi/lib/thumb/v7-m/nofp/libc_nano.a(lib_a-memset.o)
 .comment       0x00000000000000a7       0x4f /usr/lib/gcc/arm-none-eabi/9.2.1/../../../arm-none-eabi/lib/thumb/v7-m/nofp/libc_nano.a(lib_a-nano-vfprintf_float.o)
 .comment       0x00000000000000a7       0x4f /usr/lib/gcc/arm-none-eabi/9.2.1/../../../arm-none-eabi/lib/thumb/v7-m/nofp/libc_nano.a(lib_a-nano-vfprintf_i.o)
 .comment       0x00000000000000a7       0x4f /usr/lib/gcc/arm-none-eabi/9.2.1/../../../arm-none-eabi/lib/thumb/v7-m/nofp/libc_nano.a(lib_a-strlen-stub.o)
 .comment       0x00000000000000a7       0x4f /usr/lib/gcc/arm-none-eabi/9.2.1/../../../arm-none-eabi/lib/thumb/v7-m/nofp/libc_nano.a(lib_a-dtoa.o)
 .comment       0x00000000000000a7       0x4f /usr/lib/gcc/arm-none-eabi/9.2.1/../../../arm-none-eabi/lib/thumb/v7-m/nofp/libc_nano.a(lib_a-fflush.o)
 .comment       0x00000000000000a7       0x4f /usr/lib/gcc/arm-none-eabi/9.2.1/../../../arm-none-eabi/lib/thumb/v7-m/nofp/libc_nano.a(lib_a-findfp.o)
 .comment       0x00000000000000a7       0x4f /usr/lib/gcc/arm-none-eabi/9.2.1/../../../arm-none-eabi/lib/thumb/v7-m/nofp/libc_nano.a(lib_a-fwalk.o)
 .comment       0x00000000000000a7       0x4f /usr/lib/gcc/arm-none-eabi/9.2.1/../../../arm-none-eabi/lib/thumb/v7-m/nofp/libc_nano.a(lib_a-localeconv.o)
 .comment       0x00000000000000a7       0x4f /usr/lib/gcc/arm-none-eabi/9.2.1/../../../arm-none-eabi/lib/thumb/v7-m/nofp/libc_nano.a(lib_a-makebuf.o)
 .comment       0x00000000000000a7       0x4f /usr/lib/gcc/arm-none-eabi/9.2.1/../../../arm-none-eabi/lib/thumb/v7-m/nofp/libc_nano.a(lib_a-malloc.o)
 .comment       0x00000000000000a7       0x4f /usr/lib/gcc/arm-none-eabi/9.2.1/../../../arm-none-eabi/lib/thumb/v7-m/nofp/libc_nano.a(lib_a-memchr-stub.o)
 .comment       0x00000000000000a7       0x4f /usr/lib/gcc/arm-none-eabi/9.2.1/../../../arm-none-eabi/lib/thumb/v7-m/nofp/libc_nano.a(lib_a-mprec.o)
 .comment       0x00000000000000a7       0x4f /usr/lib/gcc/arm-none-eabi/9.2.1/../../../arm-none-eabi/lib/thumb/v7-m/nofp/libc_nano.a(lib_a-nano-callocr.o)
 .comment       0x00000000000000a7       0x4f /usr/lib/gcc/arm-none-eabi/9.2.1/../../../arm-none-eabi/lib/thumb/v7-m/nofp/libc_nano.a(lib_a-nano-freer.o)
 .comment       0x00000000000000a7       0x4f /usr/lib/gcc/arm-none-eabi/9.2.1/../../../arm-none-eabi/lib/thumb/v7-m/nofp/libc_nano.a(lib_a-nano-mallocr.o)
 .comment       0x00000000000000a7       0x4f /usr/lib/gcc/arm-none-eabi/9.2.1/../../../arm-none-eabi/lib/thumb/v7-m/nofp/libc_nano.a(lib_a-sbrkr.o)
 .comment       0x00000000000000a7       0x4f /usr/lib/gcc/arm-none-eabi/9.2.1/../../../arm-none-eabi/lib/thumb/v7-m/nofp/libc_nano.a(lib_a-stdio.o)
 .comment       0x00000000000000a7       0x4f /usr/lib/gcc/arm-none-eabi/9.2.1/../../../arm-none-eabi/lib/thumb/v7-m/nofp/libc_nano.a(lib_a-writer.o)
 .comment       0x00000000000000a7       0x4f /usr/lib/gcc/arm-none-eabi/9.2.1/../../../arm-none-eabi/lib/thumb/v7-m/nofp/libc_nano.a(lib_a-assert.o)
 .comment       0x00000000000000a7       0x4f /usr/lib/gcc/arm-none-eabi/9.2.1/../../../arm-none-eabi/lib/thumb/v7-m/nofp/libc_nano.a(lib_a-closer.o)
 .comment       0x00000000000000a7       0x4f /usr/lib/gcc/arm-none-eabi/9.2.1/../../../arm-none-eabi/lib/thumb/v7-m/nofp/libc_nano.a(lib_a-fprintf.o)
 .comment       0x00000000000000a7       0x4f /usr/lib/gcc/arm-none-eabi/9.2.1/../../../arm-none-eabi/lib/thumb/v7-m/nofp/libc_nano.a(lib_a-fstatr.o)
 .comment       0x00000000000000a7       0x4f /usr/lib/gcc/arm-none-eabi/9.2.1/../../../arm-none-eabi/lib/thumb/v7-m/nofp/libc_nano.a(lib_a-isattyr.o)
 .comment       0x00000000000000a7       0x4f /usr/lib/gcc/arm-none-eabi/9.2.1/../../../arm-none-eabi/lib/thumb/v7-m/nofp/libc_nano.a(lib_a-locale.o)
 .comment       0x00000000000000a7       0x4f /usr/lib/gcc/arm-none-eabi/9.2.1/../../../arm-none-eabi/lib/thumb/v7-m/nofp/libc_nano.a(lib_a-lseekr.o)
 .comment       0x00000000000000a7       0x4f /usr/lib/gcc/arm-none-eabi/9.2.1/../../../arm-none-eabi/lib/thumb/v7-m/nofp/libc_nano.a(lib_a-mbtowc_r.o)
 .comment       0x00000000000000a7       0x4f /usr/lib/gcc/arm-none-eabi/9.2.1/../../../arm-none-eabi/lib/thumb/v7-m/nofp/libc_nano.a(lib_a-mlock.o)
 .comment       0x00000000000000a7       0x4f /usr/lib/gcc/arm-none-eabi/9.2.1/../../../arm-none-eabi/lib/thumb/v7-m/nofp/libc_nano.a(lib_a-nano-vfprintf.o)
 .comment       0x00000000000000a7       0x4f /usr/lib/gcc/arm-none-eabi/9.2.1/../../../arm-none-eabi/lib/thumb/v7-m/nofp/libc_nano.a(lib_a-readr.o)
 .comment       0x00000000000000a7       0x4f /usr/lib/gcc/arm-none-eabi/9.2.1/../../../arm-none-eabi/lib/thumb/v7-m/nofp/libc_nano.a(lib_a-reent.o)
 .comment       0x00000000000000a7       0x4f /usr/lib/gcc/arm-none-eabi/9.2.1/../../../arm-none-eabi/lib/thumb/v7-m/nofp/libc_nano.a(lib_a-wbuf.o)
 .comment       0x00000000000000a7       0x4f /usr/lib/gcc/arm-none-eabi/9.2.1/../../../arm-none-eabi/lib/thumb/v7-m/nofp/libc_nano.a(lib_a-wctomb_r.o)
 .comment       0x00000000000000a7       0x4f /usr/lib/gcc/arm-none-eabi/9.2.1/../../../arm-none-eabi/lib/thumb/v7-m/nofp/libc_nano.a(lib_a-wsetup.o)
 .comment       0x00000000000000a7       0x4f /usr/lib/gcc/arm-none-eabi/9.2.1/../../../arm-none-eabi/lib/thumb/v7-m/nofp/libc_nano.a(lib_a-abort.o)
 .comment       0x00000000000000a7       0x4f /usr/lib/gcc/arm-none-eabi/9.2.1/../../../arm-none-eabi/lib/thumb/v7-m/nofp/libc_nano.a(lib_a-ctype_.o)
 .comment       0x00000000000000a7       0x4f /usr/lib/gcc/arm-none-eabi/9.2.1/../../../arm-none-eabi/lib/thumb/v7-m/nofp/libc_nano.a(lib_a-fvwrite.o)
 .comment       0x00000000000000a7       0x4f /usr/lib/gcc/arm-none-eabi/9.2.1/../../../arm-none-eabi/lib/thumb/v7-m/nofp/libc_nano.a(lib_a-memmove.o)
 .comment       0x00000000000000a7       0x4f /usr/lib/gcc/arm-none-eabi/9.2.1/../../../arm-none-eabi/lib/thumb/v7-m/nofp/libc_nano.a(lib_a-nano-reallocr.o)
 .comment       0x00000000000000a7       0x4f /usr/lib/gcc/arm-none-eabi/9.2.1/../../../arm-none-eabi/lib/thumb/v7-m/nofp/libc_nano.a(lib_a-signal.o)
 .comment       0x00000000000000a7       0x4f /usr/lib/gcc/arm-none-eabi/9.2.1/../../../arm-none-eabi/lib/thumb/v7-m/nofp/libc_nano.a(lib_a-signalr.o)
 .comment       0x00000000000000a7       0x4f /usr/lib/gcc/arm-none-eabi/9.2.1/../../../arm-none-eabi/lib/thumb/v7-m/nofp/libc_nano.a(lib_a-nano-msizer.o)
 .comment       0x00000000000000a7       0x4f /usr/lib/gcc/arm-none-eabi/9.2.1/../../../arm-none-eabi/lib/thumb/v7-m/nofp/libm.a(lib_a-s_round.o)
 .comment       0x00000000000000a7       0x4f /usr/lib/gcc/arm-none-eabi/9.2.1/../../../arm-none-eabi/lib/thumb/v7-m/nofp/libnosys.a(getpid.o)
 .comment       0x00000000000000a7       0x4f /usr/lib/gcc/arm-none-eabi/9.2.1/../../../arm-none-eabi/lib/thumb/v7-m/nofp/libnosys.a(kill.o)
 .comment       0x00000000000000a7       0x4f /usr/lib/gcc/arm-none-eabi/9.2.1/../../../arm-none-eabi/lib/thumb/v7-m/nofp/libnosys.a(sbrk.o)
 .comment       0x00000000000000a7       0x4f /usr/lib/gcc/arm-none-eabi/9.2.1/../../../arm-none-eabi/lib/thumb/v7-m/nofp/libnosys.a(_exit.o)
 .comment       0x00000000000000a7       0x5a /usr/lib/gcc/arm-none-eabi/9.2.1/thumb/v7-m/nofp/crtend.o

.debug_info     0x0000000000000000    0x3c0d5
 .debug_info    0x0000000000000000     0x2061 build/main.o
 .debug_info    0x0000000000002061      0x44e build/gpio.o
 .debug_info    0x00000000000024af      0x41b build/dma.o
 .debug_info    0x00000000000028ca     0x1304 build/tim.o
 .debug_info    0x0000000000003bce      0xbe3 build/usart.o
 .debug_info    0x00000000000047b1      0xbda build/stm32f1xx_it.o
 .debug_info    0x000000000000538b      0x30e build/stm32f1xx_hal_msp.o
 .debug_info    0x0000000000005699     0x3eb7 build/stm32f1xx_hal_tim.o
 .debug_info    0x0000000000009550     0x1c30 build/stm32f1xx_hal_tim_ex.o
 .debug_info    0x000000000000b180      0x8c0 build/stm32f1xx_hal.o
 .debug_info    0x000000000000ba40      0xb37 build/stm32f1xx_hal_rcc.o
 .debug_info    0x000000000000c577      0x7a1 build/stm32f1xx_hal_gpio.o
 .debug_info    0x000000000000cd18      0x991 build/stm32f1xx_hal_dma.o
 .debug_info    0x000000000000d6a9      0xed3 build/stm32f1xx_hal_cortex.o
 .debug_info    0x000000000000e57c     0x1ec4 build/stm32f1xx_hal_uart.o
 .debug_info    0x0000000000010440      0x2d3 build/system_stm32f1xx.o
 .debug_info    0x0000000000010713     0x1336 build/PID.o
 .debug_info    0x0000000000011a49      0xf01 build/frame_resolve.o
 .debug_info    0x000000000001294a     0x1597 build/retarget.o
 .debug_info    0x0000000000013ee1       0x22 build/startup_stm32f103xb.o
 .debug_info    0x0000000000013f03      0x953 /usr/lib/gcc/arm-none-eabi/9.2.1/../../../arm-none-eabi/lib/thumb/v7-m/nofp/libc_nano.a(lib_a-errno.o)
 .debug_info    0x0000000000014856      0x92a /usr/lib/gcc/arm-none-eabi/9.2.1/../../../arm-none-eabi/lib/thumb/v7-m/nofp/libc_nano.a(lib_a-impure.o)
 .debug_info    0x0000000000015180      0x11a /usr/lib/gcc/arm-none-eabi/9.2.1/../../../arm-none-eabi/lib/thumb/v7-m/nofp/libc_nano.a(lib_a-init.o)
 .debug_info    0x000000000001529a      0xf21 /usr/lib/gcc/arm-none-eabi/9.2.1/../../../arm-none-eabi/lib/thumb/v7-m/nofp/libc_nano.a(lib_a-memset.o)
 .debug_info    0x00000000000161bb     0x1adb /usr/lib/gcc/arm-none-eabi/9.2.1/../../../arm-none-eabi/lib/thumb/v7-m/nofp/libc_nano.a(lib_a-nano-vfprintf_float.o)
 .debug_info    0x0000000000017c96     0x1592 /usr/lib/gcc/arm-none-eabi/9.2.1/../../../arm-none-eabi/lib/thumb/v7-m/nofp/libc_nano.a(lib_a-nano-vfprintf_i.o)
 .debug_info    0x0000000000019228      0x941 /usr/lib/gcc/arm-none-eabi/9.2.1/../../../arm-none-eabi/lib/thumb/v7-m/nofp/libc_nano.a(lib_a-strlen-stub.o)
 .debug_info    0x0000000000019b69     0x1b36 /usr/lib/gcc/arm-none-eabi/9.2.1/../../../arm-none-eabi/lib/thumb/v7-m/nofp/libc_nano.a(lib_a-dtoa.o)
 .debug_info    0x000000000001b69f      0xd7d /usr/lib/gcc/arm-none-eabi/9.2.1/../../../arm-none-eabi/lib/thumb/v7-m/nofp/libc_nano.a(lib_a-fflush.o)
 .debug_info    0x000000000001c41c     0x11a8 /usr/lib/gcc/arm-none-eabi/9.2.1/../../../arm-none-eabi/lib/thumb/v7-m/nofp/libc_nano.a(lib_a-findfp.o)
 .debug_info    0x000000000001d5c4      0xca4 /usr/lib/gcc/arm-none-eabi/9.2.1/../../../arm-none-eabi/lib/thumb/v7-m/nofp/libc_nano.a(lib_a-fwalk.o)
 .debug_info    0x000000000001e268      0xf49 /usr/lib/gcc/arm-none-eabi/9.2.1/../../../arm-none-eabi/lib/thumb/v7-m/nofp/libc_nano.a(lib_a-localeconv.o)
 .debug_info    0x000000000001f1b1      0xf68 /usr/lib/gcc/arm-none-eabi/9.2.1/../../../arm-none-eabi/lib/thumb/v7-m/nofp/libc_nano.a(lib_a-makebuf.o)
 .debug_info    0x0000000000020119      0x9b6 /usr/lib/gcc/arm-none-eabi/9.2.1/../../../arm-none-eabi/lib/thumb/v7-m/nofp/libc_nano.a(lib_a-malloc.o)
 .debug_info    0x0000000000020acf      0x9e3 /usr/lib/gcc/arm-none-eabi/9.2.1/../../../arm-none-eabi/lib/thumb/v7-m/nofp/libc_nano.a(lib_a-memchr-stub.o)
 .debug_info    0x00000000000214b2       0x26 /usr/lib/gcc/arm-none-eabi/9.2.1/../../../arm-none-eabi/lib/thumb/v7-m/nofp/libc_nano.a(lib_a-memcpy.o)
 .debug_info    0x00000000000214d8     0x2409 /usr/lib/gcc/arm-none-eabi/9.2.1/../../../arm-none-eabi/lib/thumb/v7-m/nofp/libc_nano.a(lib_a-mprec.o)
 .debug_info    0x00000000000238e1      0xafe /usr/lib/gcc/arm-none-eabi/9.2.1/../../../arm-none-eabi/lib/thumb/v7-m/nofp/libc_nano.a(lib_a-nano-callocr.o)
 .debug_info    0x00000000000243df      0xb85 /usr/lib/gcc/arm-none-eabi/9.2.1/../../../arm-none-eabi/lib/thumb/v7-m/nofp/libc_nano.a(lib_a-nano-freer.o)
 .debug_info    0x0000000000024f64      0xc5a /usr/lib/gcc/arm-none-eabi/9.2.1/../../../arm-none-eabi/lib/thumb/v7-m/nofp/libc_nano.a(lib_a-nano-mallocr.o)
 .debug_info    0x0000000000025bbe      0x9fb /usr/lib/gcc/arm-none-eabi/9.2.1/../../../arm-none-eabi/lib/thumb/v7-m/nofp/libc_nano.a(lib_a-sbrkr.o)
 .debug_info    0x00000000000265b9      0xe67 /usr/lib/gcc/arm-none-eabi/9.2.1/../../../arm-none-eabi/lib/thumb/v7-m/nofp/libc_nano.a(lib_a-stdio.o)
 .debug_info    0x0000000000027420      0xa2c /usr/lib/gcc/arm-none-eabi/9.2.1/../../../arm-none-eabi/lib/thumb/v7-m/nofp/libc_nano.a(lib_a-writer.o)
 .debug_info    0x0000000000027e4c      0xa41 /usr/lib/gcc/arm-none-eabi/9.2.1/../../../arm-none-eabi/lib/thumb/v7-m/nofp/libc_nano.a(lib_a-assert.o)
 .debug_info    0x000000000002888d      0x9d8 /usr/lib/gcc/arm-none-eabi/9.2.1/../../../arm-none-eabi/lib/thumb/v7-m/nofp/libc_nano.a(lib_a-closer.o)
 .debug_info    0x0000000000029265      0xa7a /usr/lib/gcc/arm-none-eabi/9.2.1/../../../arm-none-eabi/lib/thumb/v7-m/nofp/libc_nano.a(lib_a-fprintf.o)
 .debug_info    0x0000000000029cdf      0xc23 /usr/lib/gcc/arm-none-eabi/9.2.1/../../../arm-none-eabi/lib/thumb/v7-m/nofp/libc_nano.a(lib_a-fstatr.o)
 .debug_info    0x000000000002a902      0x9d8 /usr/lib/gcc/arm-none-eabi/9.2.1/../../../arm-none-eabi/lib/thumb/v7-m/nofp/libc_nano.a(lib_a-isattyr.o)
 .debug_info    0x000000000002b2da     0x10ca /usr/lib/gcc/arm-none-eabi/9.2.1/../../../arm-none-eabi/lib/thumb/v7-m/nofp/libc_nano.a(lib_a-locale.o)
 .debug_info    0x000000000002c3a4      0xa0d /usr/lib/gcc/arm-none-eabi/9.2.1/../../../arm-none-eabi/lib/thumb/v7-m/nofp/libc_nano.a(lib_a-lseekr.o)
 .debug_info    0x000000000002cdb1     0x1044 /usr/lib/gcc/arm-none-eabi/9.2.1/../../../arm-none-eabi/lib/thumb/v7-m/nofp/libc_nano.a(lib_a-mbtowc_r.o)
 .debug_info    0x000000000002ddf5      0x961 /usr/lib/gcc/arm-none-eabi/9.2.1/../../../arm-none-eabi/lib/thumb/v7-m/nofp/libc_nano.a(lib_a-mlock.o)
 .debug_info    0x000000000002e756     0x176a /usr/lib/gcc/arm-none-eabi/9.2.1/../../../arm-none-eabi/lib/thumb/v7-m/nofp/libc_nano.a(lib_a-nano-vfprintf.o)
 .debug_info    0x000000000002fec0      0xa25 /usr/lib/gcc/arm-none-eabi/9.2.1/../../../arm-none-eabi/lib/thumb/v7-m/nofp/libc_nano.a(lib_a-readr.o)
 .debug_info    0x00000000000308e5      0xb0f /usr/lib/gcc/arm-none-eabi/9.2.1/../../../arm-none-eabi/lib/thumb/v7-m/nofp/libc_nano.a(lib_a-reent.o)
 .debug_info    0x00000000000313f4      0xc90 /usr/lib/gcc/arm-none-eabi/9.2.1/../../../arm-none-eabi/lib/thumb/v7-m/nofp/libc_nano.a(lib_a-wbuf.o)
 .debug_info    0x0000000000032084     0x1003 /usr/lib/gcc/arm-none-eabi/9.2.1/../../../arm-none-eabi/lib/thumb/v7-m/nofp/libc_nano.a(lib_a-wctomb_r.o)
 .debug_info    0x0000000000033087      0xbfa /usr/lib/gcc/arm-none-eabi/9.2.1/../../../arm-none-eabi/lib/thumb/v7-m/nofp/libc_nano.a(lib_a-wsetup.o)
 .debug_info    0x0000000000033c81      0x9b5 /usr/lib/gcc/arm-none-eabi/9.2.1/../../../arm-none-eabi/lib/thumb/v7-m/nofp/libc_nano.a(lib_a-abort.o)
 .debug_info    0x0000000000034636      0xe91 /usr/lib/gcc/arm-none-eabi/9.2.1/../../../arm-none-eabi/lib/thumb/v7-m/nofp/libc_nano.a(lib_a-ctype_.o)
 .debug_info    0x00000000000354c7      0xf1c /usr/lib/gcc/arm-none-eabi/9.2.1/../../../arm-none-eabi/lib/thumb/v7-m/nofp/libc_nano.a(lib_a-fvwrite.o)
 .debug_info    0x00000000000363e3      0xf2b /usr/lib/gcc/arm-none-eabi/9.2.1/../../../arm-none-eabi/lib/thumb/v7-m/nofp/libc_nano.a(lib_a-memmove.o)
 .debug_info    0x000000000003730e      0xb77 /usr/lib/gcc/arm-none-eabi/9.2.1/../../../arm-none-eabi/lib/thumb/v7-m/nofp/libc_nano.a(lib_a-nano-reallocr.o)
 .debug_info    0x0000000000037e85      0xd5c /usr/lib/gcc/arm-none-eabi/9.2.1/../../../arm-none-eabi/lib/thumb/v7-m/nofp/libc_nano.a(lib_a-signal.o)
 .debug_info    0x0000000000038be1      0xa43 /usr/lib/gcc/arm-none-eabi/9.2.1/../../../arm-none-eabi/lib/thumb/v7-m/nofp/libc_nano.a(lib_a-signalr.o)
 .debug_info    0x0000000000039624      0xaa6 /usr/lib/gcc/arm-none-eabi/9.2.1/../../../arm-none-eabi/lib/thumb/v7-m/nofp/libc_nano.a(lib_a-nano-msizer.o)
 .debug_info    0x000000000003a0ca      0xaa0 /usr/lib/gcc/arm-none-eabi/9.2.1/../../../arm-none-eabi/lib/thumb/v7-m/nofp/libm.a(lib_a-s_round.o)
 .debug_info    0x000000000003ab6a      0x959 /usr/lib/gcc/arm-none-eabi/9.2.1/../../../arm-none-eabi/lib/thumb/v7-m/nofp/libnosys.a(getpid.o)
 .debug_info    0x000000000003b4c3      0x97c /usr/lib/gcc/arm-none-eabi/9.2.1/../../../arm-none-eabi/lib/thumb/v7-m/nofp/libnosys.a(kill.o)
 .debug_info    0x000000000003be3f       0x9d /usr/lib/gcc/arm-none-eabi/9.2.1/../../../arm-none-eabi/lib/thumb/v7-m/nofp/libnosys.a(sbrk.o)
 .debug_info    0x000000000003bedc       0xa3 /usr/lib/gcc/arm-none-eabi/9.2.1/../../../arm-none-eabi/lib/thumb/v7-m/nofp/libnosys.a(_exit.o)
 .debug_info    0x000000000003bf7f       0x26 /usr/lib/gcc/arm-none-eabi/9.2.1/thumb/v7-m/nofp/libgcc.a(_arm_mulsf3.o)
 .debug_info    0x000000000003bfa5       0x26 /usr/lib/gcc/arm-none-eabi/9.2.1/thumb/v7-m/nofp/libgcc.a(_arm_addsubdf3.o)
 .debug_info    0x000000000003bfcb       0x26 /usr/lib/gcc/arm-none-eabi/9.2.1/thumb/v7-m/nofp/libgcc.a(_arm_muldivdf3.o)
 .debug_info    0x000000000003bff1       0x26 /usr/lib/gcc/arm-none-eabi/9.2.1/thumb/v7-m/nofp/libgcc.a(_arm_cmpdf2.o)
 .debug_info    0x000000000003c017       0x26 /usr/lib/gcc/arm-none-eabi/9.2.1/thumb/v7-m/nofp/libgcc.a(_arm_unorddf2.o)
 .debug_info    0x000000000003c03d       0x26 /usr/lib/gcc/arm-none-eabi/9.2.1/thumb/v7-m/nofp/libgcc.a(_arm_fixdfsi.o)
 .debug_info    0x000000000003c063       0x26 /usr/lib/gcc/arm-none-eabi/9.2.1/thumb/v7-m/nofp/libgcc.a(_arm_fixunsdfsi.o)
 .debug_info    0x000000000003c089       0x26 /usr/lib/gcc/arm-none-eabi/9.2.1/thumb/v7-m/nofp/libgcc.a(_arm_truncdfsf2.o)
 .debug_info    0x000000000003c0af       0x26 /usr/lib/gcc/arm-none-eabi/9.2.1/thumb/v7-m/nofp/libgcc.a(_arm_addsubsf3.o)

.debug_abbrev   0x0000000000000000     0x9b89
 .debug_abbrev  0x0000000000000000      0x366 build/main.o
 .debug_abbrev  0x0000000000000366      0x17e build/gpio.o
 .debug_abbrev  0x00000000000004e4      0x156 build/dma.o
 .debug_abbrev  0x000000000000063a      0x284 build/tim.o
 .debug_abbrev  0x00000000000008be      0x20d build/usart.o
 .debug_abbrev  0x0000000000000acb      0x1b2 build/stm32f1xx_it.o
 .debug_abbrev  0x0000000000000c7d      0x130 build/stm32f1xx_hal_msp.o
 .debug_abbrev  0x0000000000000dad      0x2c3 build/stm32f1xx_hal_tim.o
 .debug_abbrev  0x0000000000001070      0x2ab build/stm32f1xx_hal_tim_ex.o
 .debug_abbrev  0x000000000000131b      0x21c build/stm32f1xx_hal.o
 .debug_abbrev  0x0000000000001537      0x2ad build/stm32f1xx_hal_rcc.o
 .debug_abbrev  0x00000000000017e4      0x24f build/stm32f1xx_hal_gpio.o
 .debug_abbrev  0x0000000000001a33      0x283 build/stm32f1xx_hal_dma.o
 .debug_abbrev  0x0000000000001cb6      0x37f build/stm32f1xx_hal_cortex.o
 .debug_abbrev  0x0000000000002035      0x2ea build/stm32f1xx_hal_uart.o
 .debug_abbrev  0x000000000000231f      0x153 build/system_stm32f1xx.o
 .debug_abbrev  0x0000000000002472      0x323 build/PID.o
 .debug_abbrev  0x0000000000002795      0x2a8 build/frame_resolve.o
 .debug_abbrev  0x0000000000002a3d      0x2ae build/retarget.o
 .debug_abbrev  0x0000000000002ceb       0x12 build/startup_stm32f103xb.o
 .debug_abbrev  0x0000000000002cfd      0x198 /usr/lib/gcc/arm-none-eabi/9.2.1/../../../arm-none-eabi/lib/thumb/v7-m/nofp/libc_nano.a(lib_a-errno.o)
 .debug_abbrev  0x0000000000002e95      0x17a /usr/lib/gcc/arm-none-eabi/9.2.1/../../../arm-none-eabi/lib/thumb/v7-m/nofp/libc_nano.a(lib_a-impure.o)
 .debug_abbrev  0x000000000000300f       0xcc /usr/lib/gcc/arm-none-eabi/9.2.1/../../../arm-none-eabi/lib/thumb/v7-m/nofp/libc_nano.a(lib_a-init.o)
 .debug_abbrev  0x00000000000030db      0x1d9 /usr/lib/gcc/arm-none-eabi/9.2.1/../../../arm-none-eabi/lib/thumb/v7-m/nofp/libc_nano.a(lib_a-memset.o)
 .debug_abbrev  0x00000000000032b4      0x351 /usr/lib/gcc/arm-none-eabi/9.2.1/../../../arm-none-eabi/lib/thumb/v7-m/nofp/libc_nano.a(lib_a-nano-vfprintf_float.o)
 .debug_abbrev  0x0000000000003605      0x2dc /usr/lib/gcc/arm-none-eabi/9.2.1/../../../arm-none-eabi/lib/thumb/v7-m/nofp/libc_nano.a(lib_a-nano-vfprintf_i.o)
 .debug_abbrev  0x00000000000038e1      0x194 /usr/lib/gcc/arm-none-eabi/9.2.1/../../../arm-none-eabi/lib/thumb/v7-m/nofp/libc_nano.a(lib_a-strlen-stub.o)
 .debug_abbrev  0x0000000000003a75      0x310 /usr/lib/gcc/arm-none-eabi/9.2.1/../../../arm-none-eabi/lib/thumb/v7-m/nofp/libc_nano.a(lib_a-dtoa.o)
 .debug_abbrev  0x0000000000003d85      0x2e4 /usr/lib/gcc/arm-none-eabi/9.2.1/../../../arm-none-eabi/lib/thumb/v7-m/nofp/libc_nano.a(lib_a-fflush.o)
 .debug_abbrev  0x0000000000004069      0x3dc /usr/lib/gcc/arm-none-eabi/9.2.1/../../../arm-none-eabi/lib/thumb/v7-m/nofp/libc_nano.a(lib_a-findfp.o)
 .debug_abbrev  0x0000000000004445      0x210 /usr/lib/gcc/arm-none-eabi/9.2.1/../../../arm-none-eabi/lib/thumb/v7-m/nofp/libc_nano.a(lib_a-fwalk.o)
 .debug_abbrev  0x0000000000004655      0x23f /usr/lib/gcc/arm-none-eabi/9.2.1/../../../arm-none-eabi/lib/thumb/v7-m/nofp/libc_nano.a(lib_a-localeconv.o)
 .debug_abbrev  0x0000000000004894      0x2f6 /usr/lib/gcc/arm-none-eabi/9.2.1/../../../arm-none-eabi/lib/thumb/v7-m/nofp/libc_nano.a(lib_a-makebuf.o)
 .debug_abbrev  0x0000000000004b8a      0x1f2 /usr/lib/gcc/arm-none-eabi/9.2.1/../../../arm-none-eabi/lib/thumb/v7-m/nofp/libc_nano.a(lib_a-malloc.o)
 .debug_abbrev  0x0000000000004d7c      0x1d7 /usr/lib/gcc/arm-none-eabi/9.2.1/../../../arm-none-eabi/lib/thumb/v7-m/nofp/libc_nano.a(lib_a-memchr-stub.o)
 .debug_abbrev  0x0000000000004f53       0x14 /usr/lib/gcc/arm-none-eabi/9.2.1/../../../arm-none-eabi/lib/thumb/v7-m/nofp/libc_nano.a(lib_a-memcpy.o)
 .debug_abbrev  0x0000000000004f67      0x474 /usr/lib/gcc/arm-none-eabi/9.2.1/../../../arm-none-eabi/lib/thumb/v7-m/nofp/libc_nano.a(lib_a-mprec.o)
 .debug_abbrev  0x00000000000053db      0x20d /usr/lib/gcc/arm-none-eabi/9.2.1/../../../arm-none-eabi/lib/thumb/v7-m/nofp/libc_nano.a(lib_a-nano-callocr.o)
 .debug_abbrev  0x00000000000055e8      0x286 /usr/lib/gcc/arm-none-eabi/9.2.1/../../../arm-none-eabi/lib/thumb/v7-m/nofp/libc_nano.a(lib_a-nano-freer.o)
 .debug_abbrev  0x000000000000586e      0x2d1 /usr/lib/gcc/arm-none-eabi/9.2.1/../../../arm-none-eabi/lib/thumb/v7-m/nofp/libc_nano.a(lib_a-nano-mallocr.o)
 .debug_abbrev  0x0000000000005b3f      0x212 /usr/lib/gcc/arm-none-eabi/9.2.1/../../../arm-none-eabi/lib/thumb/v7-m/nofp/libc_nano.a(lib_a-sbrkr.o)
 .debug_abbrev  0x0000000000005d51      0x26f /usr/lib/gcc/arm-none-eabi/9.2.1/../../../arm-none-eabi/lib/thumb/v7-m/nofp/libc_nano.a(lib_a-stdio.o)
 .debug_abbrev  0x0000000000005fc0      0x1ec /usr/lib/gcc/arm-none-eabi/9.2.1/../../../arm-none-eabi/lib/thumb/v7-m/nofp/libc_nano.a(lib_a-writer.o)
 .debug_abbrev  0x00000000000061ac      0x1ff /usr/lib/gcc/arm-none-eabi/9.2.1/../../../arm-none-eabi/lib/thumb/v7-m/nofp/libc_nano.a(lib_a-assert.o)
 .debug_abbrev  0x00000000000063ab      0x1e7 /usr/lib/gcc/arm-none-eabi/9.2.1/../../../arm-none-eabi/lib/thumb/v7-m/nofp/libc_nano.a(lib_a-closer.o)
 .debug_abbrev  0x0000000000006592      0x23c /usr/lib/gcc/arm-none-eabi/9.2.1/../../../arm-none-eabi/lib/thumb/v7-m/nofp/libc_nano.a(lib_a-fprintf.o)
 .debug_abbrev  0x00000000000067ce      0x1fb /usr/lib/gcc/arm-none-eabi/9.2.1/../../../arm-none-eabi/lib/thumb/v7-m/nofp/libc_nano.a(lib_a-fstatr.o)
 .debug_abbrev  0x00000000000069c9      0x1e7 /usr/lib/gcc/arm-none-eabi/9.2.1/../../../arm-none-eabi/lib/thumb/v7-m/nofp/libc_nano.a(lib_a-isattyr.o)
 .debug_abbrev  0x0000000000006bb0      0x2aa /usr/lib/gcc/arm-none-eabi/9.2.1/../../../arm-none-eabi/lib/thumb/v7-m/nofp/libc_nano.a(lib_a-locale.o)
 .debug_abbrev  0x0000000000006e5a      0x1fb /usr/lib/gcc/arm-none-eabi/9.2.1/../../../arm-none-eabi/lib/thumb/v7-m/nofp/libc_nano.a(lib_a-lseekr.o)
 .debug_abbrev  0x0000000000007055      0x221 /usr/lib/gcc/arm-none-eabi/9.2.1/../../../arm-none-eabi/lib/thumb/v7-m/nofp/libc_nano.a(lib_a-mbtowc_r.o)
 .debug_abbrev  0x0000000000007276      0x1c5 /usr/lib/gcc/arm-none-eabi/9.2.1/../../../arm-none-eabi/lib/thumb/v7-m/nofp/libc_nano.a(lib_a-mlock.o)