Archive member included to satisfy reference by file (symbol)

c:/program files (x86)/gnu arm embedded toolchain/10 2020-q4-major/bin/../lib/gcc/arm-none-eabi/10.2.1/../../../../arm-none-eabi/lib/thumb/v7-m/nofp\libc_nano.a(lib_a-errno.o)
                              build/retarget.o (__errno)
c:/program files (x86)/gnu arm embedded toolchain/10 2020-q4-major/bin/../lib/gcc/arm-none-eabi/10.2.1/../../../../arm-none-eabi/lib/thumb/v7-m/nofp\libc_nano.a(lib_a-exit.o)
                              c:/program files (x86)/gnu arm embedded toolchain/10 2020-q4-major/bin/../lib/gcc/arm-none-eabi/10.2.1/../../../../arm-none-eabi/lib/thumb/v7-m/nofp/crt0.o (exit)
c:/program files (x86)/gnu arm embedded toolchain/10 2020-q4-major/bin/../lib/gcc/arm-none-eabi/10.2.1/../../../../arm-none-eabi/lib/thumb/v7-m/nofp\libc_nano.a(lib_a-impure.o)
                              c:/program files (x86)/gnu arm embedded toolchain/10 2020-q4-major/bin/../lib/gcc/arm-none-eabi/10.2.1/../../../../arm-none-eabi/lib/thumb/v7-m/nofp\libc_nano.a(lib_a-exit.o) (_global_impure_ptr)
c:/program files (x86)/gnu arm embedded toolchain/10 2020-q4-major/bin/../lib/gcc/arm-none-eabi/10.2.1/../../../../arm-none-eabi/lib/thumb/v7-m/nofp\libc_nano.a(lib_a-init.o)
                              c:/program files (x86)/gnu arm embedded toolchain/10 2020-q4-major/bin/../lib/gcc/arm-none-eabi/10.2.1/../../../../arm-none-eabi/lib/thumb/v7-m/nofp/crt0.o (__libc_init_array)
c:/program files (x86)/gnu arm embedded toolchain/10 2020-q4-major/bin/../lib/gcc/arm-none-eabi/10.2.1/../../../../arm-none-eabi/lib/thumb/v7-m/nofp\libc_nano.a(lib_a-memset.o)
                              c:/program files (x86)/gnu arm embedded toolchain/10 2020-q4-major/bin/../lib/gcc/arm-none-eabi/10.2.1/../../../../arm-none-eabi/lib/thumb/v7-m/nofp/crt0.o (memset)
c:/program files (x86)/gnu arm embedded toolchain/10 2020-q4-major/bin/../lib/gcc/arm-none-eabi/10.2.1/../../../../arm-none-eabi/lib/thumb/v7-m/nofp\libc_nano.a(lib_a-setvbuf.o)
                              build/retarget.o (setvbuf)
c:/program files (x86)/gnu arm embedded toolchain/10 2020-q4-major/bin/../lib/gcc/arm-none-eabi/10.2.1/../../../../arm-none-eabi/lib/thumb/v7-m/nofp\libc_nano.a(lib_a-sprintf.o)
                              build/main.o (sprintf)
c:/program files (x86)/gnu arm embedded toolchain/10 2020-q4-major/bin/../lib/gcc/arm-none-eabi/10.2.1/../../../../arm-none-eabi/lib/thumb/v7-m/nofp\libc_nano.a(lib_a-fflush.o)
                              c:/program files (x86)/gnu arm embedded toolchain/10 2020-q4-major/bin/../lib/gcc/arm-none-eabi/10.2.1/../../../../arm-none-eabi/lib/thumb/v7-m/nofp\libc_nano.a(lib_a-setvbuf.o) (_fflush_r)
c:/program files (x86)/gnu arm embedded toolchain/10 2020-q4-major/bin/../lib/gcc/arm-none-eabi/10.2.1/../../../../arm-none-eabi/lib/thumb/v7-m/nofp\libc_nano.a(lib_a-findfp.o)
                              c:/program files (x86)/gnu arm embedded toolchain/10 2020-q4-major/bin/../lib/gcc/arm-none-eabi/10.2.1/../../../../arm-none-eabi/lib/thumb/v7-m/nofp\libc_nano.a(lib_a-setvbuf.o) (__sinit)
c:/program files (x86)/gnu arm embedded toolchain/10 2020-q4-major/bin/../lib/gcc/arm-none-eabi/10.2.1/../../../../arm-none-eabi/lib/thumb/v7-m/nofp\libc_nano.a(lib_a-fwalk.o)
                              c:/program files (x86)/gnu arm embedded toolchain/10 2020-q4-major/bin/../lib/gcc/arm-none-eabi/10.2.1/../../../../arm-none-eabi/lib/thumb/v7-m/nofp\libc_nano.a(lib_a-findfp.o) (_fwalk)
c:/program files (x86)/gnu arm embedded toolchain/10 2020-q4-major/bin/../lib/gcc/arm-none-eabi/10.2.1/../../../../arm-none-eabi/lib/thumb/v7-m/nofp\libc_nano.a(lib_a-lock.o)
                              c:/program files (x86)/gnu arm embedded toolchain/10 2020-q4-major/bin/../lib/gcc/arm-none-eabi/10.2.1/../../../../arm-none-eabi/lib/thumb/v7-m/nofp\libc_nano.a(lib_a-findfp.o) (__retarget_lock_init_recursive)
c:/program files (x86)/gnu arm embedded toolchain/10 2020-q4-major/bin/../lib/gcc/arm-none-eabi/10.2.1/../../../../arm-none-eabi/lib/thumb/v7-m/nofp\libc_nano.a(lib_a-makebuf.o)
                              c:/program files (x86)/gnu arm embedded toolchain/10 2020-q4-major/bin/../lib/gcc/arm-none-eabi/10.2.1/../../../../arm-none-eabi/lib/thumb/v7-m/nofp\libc_nano.a(lib_a-setvbuf.o) (__swhatbuf_r)
c:/program files (x86)/gnu arm embedded toolchain/10 2020-q4-major/bin/../lib/gcc/arm-none-eabi/10.2.1/../../../../arm-none-eabi/lib/thumb/v7-m/nofp\libc_nano.a(lib_a-malloc.o)
                              c:/program files (x86)/gnu arm embedded toolchain/10 2020-q4-major/bin/../lib/gcc/arm-none-eabi/10.2.1/../../../../arm-none-eabi/lib/thumb/v7-m/nofp\libc_nano.a(lib_a-setvbuf.o) (malloc)
c:/program files (x86)/gnu arm embedded toolchain/10 2020-q4-major/bin/../lib/gcc/arm-none-eabi/10.2.1/../../../../arm-none-eabi/lib/thumb/v7-m/nofp\libc_nano.a(lib_a-nano-freer.o)
[...]
Memory Configuration

Name             Origin             Length             Attributes
RAM              0x20000000         0x00005000         xrw
FLASH            0x08000000         0x00010000         xr
*default*        0x00000000         0xffffffff

Linker script and memory map

LOAD c:/program files (x86)/gnu arm embedded toolchain/10 2020-q4-major/bin/../lib/gcc/arm-none-eabi/10.2.1/thumb/v7-m/nofp/crti.o
LOAD c:/program files (x86)/gnu arm embedded toolchain/10 2020-q4-major/bin/../lib/gcc/arm-none-eabi/10.2.1/thumb/v7-m/nofp/crtbegin.o
LOAD c:/program files (x86)/gnu arm embedded toolchain/10 2020-q4-major/bin/../lib/gcc/arm-none-eabi/10.2.1/../../../../arm-none-eabi/lib/thumb/v7-m/nofp/crt0.o
LOAD build/main.o
LOAD build/gpio.o
LOAD build/dma.o
LOAD build/tim.o
LOAD build/usart.o
LOAD build/stm32f1xx_it.o
LOAD build/stm32f1xx_hal_msp.o
LOAD build/stm32f1xx_hal_gpio_ex.o
LOAD build/stm32f1xx_hal_tim.o
LOAD build/stm32f1xx_hal_tim_ex.o
LOAD build/stm32f1xx_hal.o
LOAD build/stm32f1xx_hal_rcc.o
LOAD build/stm32f1xx_hal_rcc_ex.o
LOAD build/stm32f1xx_hal_gpio.o
LOAD build/stm32f1xx_hal_dma.o
LOAD build/stm32f1xx_hal_cortex.o
LOAD build/stm32f1xx_hal_pwr.o
LOAD build/stm32f1xx_hal_flash.o
LOAD build/stm32f1xx_hal_flash_ex.o
LOAD build/stm32f1xx_hal_exti.o
LOAD build/stm32f1xx_hal_uart.o
LOAD build/PID.o
LOAD build/frame_resolve.o
LOAD build/retarget.o
LOAD build/system_stm32f1xx.o
LOAD build/startup_stm32f103xb.o
LOAD c:/program files (x86)/gnu arm embedded toolchain/10 2020-q4-major/bin/../lib/gcc/arm-none-eabi/10.2.1/../../../../arm-none-eabi/lib/thumb/v7-m/nofp\libc_nano.a
LOAD c:/program files (x86)/gnu arm embedded toolchain/10 2020-q4-major/bin/../lib/gcc/arm-none-eabi/10.2.1/../../../../arm-none-eabi/lib/thumb/v7-m/nofp\libm.a
LOAD c:/program files (x86)/gnu arm embedded toolchain/10 2020-q4-major/bin/../lib/gcc/arm-none-eabi/10.2.1/../../../../arm-none-eabi/lib/thumb/v7-m/nofp\libnosys.a
START GROUP
LOAD c:/program files (x86)/gnu arm embedded toolchain/10 2020-q4-major/bin/../lib/gcc/arm-none-eabi/10.2.1/thumb/v7-m/nofp\libgcc.a
LOAD c:/program files (x86)/gnu arm embedded toolchain/10 2020-q4-major/bin/../lib/gcc/arm-none-eabi/10.2.1/../../../../arm-none-eabi/lib/thumb/v7-m/nofp\libc_nano.a
END GROUP
START GROUP
LOAD c:/program files (x86)/gnu arm embedded toolchain/10 2020-q4-major/bin/../lib/gcc/arm-none-eabi/10.2.1/thumb/v7-m/nofp\libgcc.a
LOAD c:/program files (x86)/gnu arm embedded toolchain/10 2020-q4-major/bin/../lib/gcc/arm-none-eabi/10.2.1/../../../../arm-none-eabi/lib/thumb/v7-m/nofp\libc_nano.a
END GROUP
LOAD c:/program files (x86)/gnu arm embedded toolchain/10 2020-q4-major/bin/../lib/gcc/arm-none-eabi/10.2.1/thumb/v7-m/nofp/crtend.o
LOAD c:/program files (x86)/gnu arm embedded toolchain/10 2020-q4-major/bin/../lib/gcc/arm-none-eabi/10.2.1/thumb/v7-m/nofp/crtn.o
                0x20005000                _estack = 0x20005000
                0x00000200                _Min_Heap_Size = 0x200
                0x00000400                _Min_Stack_Size = 0x400

.isr_vector     0x08000000      0x10c
                0x08000000                . = ALIGN (0x4)
 *(.isr_vector)
 .isr_vector    0x08000000      0x10c build/startup_stm32f103xb.o
                0x08000000                g_pfnVectors
                0x0800010c                . = ALIGN (0x4)

.text           0x08000110     0x4cc4
                0x08000110                . = ALIGN (0x4)
 *(.text)
 .text          0x08000110       0x40 c:/program files (x86)/gnu arm embedded toolchain/10 2020-q4-major/bin/../lib/gcc/arm-none-eabi/10.2.1/thumb/v7-m/nofp/crtbegin.o
 .text          0x08000150      0x168 c:/program files (x86)/gnu arm embedded toolchain/10 2020-q4-major/bin/../lib/gcc/arm-none-eabi/10.2.1/thumb/v7-m/nofp\libgcc.a(_arm_mulsf3.o)
                0x08000150                __aeabi_fmul
                0x08000150                __mulsf3
 .text          0x080002b8      0x378 c:/program files (x86)/gnu arm embedded toolchain/10 2020-q4-major/bin/../lib/gcc/arm-none-eabi/10.2.1/thumb/v7-m/nofp\libgcc.a(_arm_addsubdf3.o)
                0x080002b8                __aeabi_drsub
                0x080002c0                __aeabi_dsub
                0x080002c0                __subdf3
                0x080002c4                __aeabi_dadd
                0x080002c4                __adddf3
                0x0800053c                __floatunsidf
                0x0800053c                __aeabi_ui2d
                0x0800055c                __floatsidf
                0x0800055c                __aeabi_i2d
                0x08000580                __aeabi_f2d
                0x08000580                __extendsfdf2
                0x080005c4                __floatundidf
                0x080005c4                __aeabi_ul2d
                0x080005d4                __floatdidf
                0x080005d4                __aeabi_l2d
 .text          0x08000630      0x424 c:/program files (x86)/gnu arm embedded toolchain/10 2020-q4-major/bin/../lib/gcc/arm-none-eabi/10.2.1/thumb/v7-m/nofp\libgcc.a(_arm_muldivdf3.o)
                0x08000630                __aeabi_dmul
                0x08000630                __muldf3
                0x08000884                __divdf3
                0x08000884                __aeabi_ddiv
 .text          0x08000a54      0x110 c:/program files (x86)/gnu arm embedded toolchain/10 2020-q4-major/bin/../lib/gcc/arm-none-eabi/10.2.1/thumb/v7-m/nofp\libgcc.a(_arm_cmpdf2.o)
                0x08000a54                __gtdf2
                0x08000a54                __gedf2
                0x08000a5c                __ltdf2
                0x08000a5c                __ledf2
                0x08000a64                __nedf2
                0x08000a64                __eqdf2
                0x08000a64                __cmpdf2
                0x08000ae0                __aeabi_cdrcmple
                0x08000af0                __aeabi_cdcmpeq
                0x08000af0                __aeabi_cdcmple
                0x08000b00                __aeabi_dcmpeq
                0x08000b14                __aeabi_dcmplt
                0x08000b28                __aeabi_dcmple
                0x08000b3c                __aeabi_dcmpge
                0x08000b50                __aeabi_dcmpgt
 .text          0x08000b64       0x40 c:/program files (x86)/gnu arm embedded toolchain/10 2020-q4-major/bin/../lib/gcc/arm-none-eabi/10.2.1/thumb/v7-m/nofp\libgcc.a(_arm_fixunsdfsi.o)
                0x08000b64                __aeabi_d2uiz
                0x08000b64                __fixunsdfsi
 .text          0x08000ba4       0xa0 c:/program files (x86)/gnu arm embedded toolchain/10 2020-q4-major/bin/../lib/gcc/arm-none-eabi/10.2.1/thumb/v7-m/nofp\libgcc.a(_arm_truncdfsf2.o)
                0x08000ba4                __truncdfsf2
                0x08000ba4                __aeabi_d2f
 .text          0x08000c44      0x21c c:/program files (x86)/gnu arm embedded toolchain/10 2020-q4-major/bin/../lib/gcc/arm-none-eabi/10.2.1/thumb/v7-m/nofp\libgcc.a(_arm_addsubsf3.o)
                0x08000c44                __aeabi_frsub
                0x08000c4c                __subsf3
                0x08000c4c                __aeabi_fsub
                0x08000c50                __aeabi_fadd
                0x08000c50                __addsf3
                0x08000db0                __aeabi_ui2f
                0x08000db0                __floatunsisf
                0x08000db8                __aeabi_i2f
                0x08000db8                __floatsisf
                0x08000dd4                __aeabi_ul2f
                0x08000dd4                __floatundisf
                0x08000de4                __aeabi_l2f
                0x08000de4                __floatdisf
 .text          0x08000e60       0xec c:/program files (x86)/gnu arm embedded toolchain/10 2020-q4-major/bin/../lib/gcc/arm-none-eabi/10.2.1/thumb/v7-m/nofp\libgcc.a(_arm_cmpsf2.o)
                0x08000e60                __gesf2
                0x08000e60                __gtsf2
                0x08000e68                __lesf2
                0x08000e68                __ltsf2
                0x08000e70                __nesf2
                0x08000e70                __eqsf2
                0x08000e70                __cmpsf2
                0x08000ed0                __aeabi_cfrcmple
                0x08000ed8                __aeabi_cfcmpeq
                0x08000ed8                __aeabi_cfcmple
                0x08000ee8                __aeabi_fcmpeq
                0x08000efc                __aeabi_fcmplt
                0x08000f10                __aeabi_fcmple
                0x08000f24                __aeabi_fcmpge
                0x08000f38                __aeabi_fcmpgt
 *(.text*)
 .text.HAL_TIM_PeriodElapsedCallback
                0x08000f4c       0x54 build/main.o
                0x08000f4c                HAL_TIM_PeriodElapsedCallback
 .text.HAL_UART_RxCpltCallback
                0x08000fa0       0x88 build/main.o
                0x08000fa0                HAL_UART_RxCpltCallback
 .text.Error_Handler
                0x08001028        0x4 build/main.o
                0x08001028                Error_Handler
 .text.SystemClock_Config
                0x0800102c       0x64 build/main.o
                0x0800102c                SystemClock_Config
 .text.main     0x08001090      0x210 build/main.o
                0x08001090                main
 .text.MX_GPIO_Init
                0x080012a0       0xb4 build/gpio.o
                0x080012a0                MX_GPIO_Init
 .text.MX_DMA_Init
                0x08001354       0x44 build/dma.o
                0x08001354                MX_DMA_Init
 .text.MX_TIM1_Init
                0x08001398       0x70 build/tim.o
                0x08001398                MX_TIM1_Init
 .text.MX_TIM2_Init
                0x08001408       0x64 build/tim.o
                0x08001408                MX_TIM2_Init
 .text.MX_TIM3_Init
                0x0800146c       0x64 build/tim.o
                0x0800146c                MX_TIM3_Init
 .text.HAL_TIM_Base_MspInit
                0x080014d0       0x50 build/tim.o
                0x080014d0                HAL_TIM_Base_MspInit
 .text.HAL_TIM_Encoder_MspInit
                0x08001520       0x98 build/tim.o
                0x08001520                HAL_TIM_Encoder_MspInit
 .text.HAL_TIM_PWM_MspInit
                0x080015b8       0x2c build/tim.o
                0x080015b8                HAL_TIM_PWM_MspInit
 .text.HAL_TIM_MspPostInit
                0x080015e4       0x50 build/tim.o
                0x080015e4                HAL_TIM_MspPostInit
 .text.MX_TIM4_Init
                0x08001634       0x94 build/tim.o
                0x08001634                MX_TIM4_Init
 .text.MX_USART1_UART_Init
                0x080016c8       0x34 build/usart.o
                0x080016c8                MX_USART1_UART_Init
 .text.HAL_UART_MspInit
                0x080016fc       0xf0 build/usart.o
                0x080016fc                HAL_UART_MspInit
 .text.NMI_Handler
                0x080017ec        0x2 build/stm32f1xx_it.o
                0x080017ec                NMI_Handler
 .text.HardFault_Handler
                0x080017ee        0x2 build/stm32f1xx_it.o
                0x080017ee                HardFault_Handler
 .text.MemManage_Handler
                0x080017f0        0x2 build/stm32f1xx_it.o
                0x080017f0                MemManage_Handler
 .text.BusFault_Handler
                0x080017f2        0x2 build/stm32f1xx_it.o
                0x080017f2                BusFault_Handler
 .text.UsageFault_Handler
                0x080017f4        0x2 build/stm32f1xx_it.o
                0x080017f4                UsageFault_Handler
 .text.SVC_Handler
                0x080017f6        0x2 build/stm32f1xx_it.o
                0x080017f6                SVC_Handler
 .text.DebugMon_Handler
                0x080017f8        0x2 build/stm32f1xx_it.o
                0x080017f8                DebugMon_Handler
 .text.PendSV_Handler
                0x080017fa        0x2 build/stm32f1xx_it.o
                0x080017fa                PendSV_Handler
 .text.SysTick_Handler
                0x080017fc        0x8 build/stm32f1xx_it.o
                0x080017fc                SysTick_Handler
 .text.DMA1_Channel4_IRQHandler
                0x08001804       0x10 build/stm32f1xx_it.o
                0x08001804                DMA1_Channel4_IRQHandler
 .text.DMA1_Channel5_IRQHandler
                0x08001814       0x10 build/stm32f1xx_it.o
                0x08001814                DMA1_Channel5_IRQHandler
 .text.TIM1_BRK_IRQHandler
                0x08001824       0x10 build/stm32f1xx_it.o
                0x08001824                TIM1_BRK_IRQHandler
 .text.TIM1_UP_IRQHandler
                0x08001834       0x10 build/stm32f1xx_it.o
                0x08001834                TIM1_UP_IRQHandler
 .text.USART1_IRQHandler
                0x08001844       0x10 build/stm32f1xx_it.o
                0x08001844                USART1_IRQHandler
 .text.HAL_MspInit
                0x08001854       0x44 build/stm32f1xx_hal_msp.o
                0x08001854                HAL_MspInit
 .text.TIM_OC1_SetConfig
                0x08001898       0x5c build/stm32f1xx_hal_tim.o
 .text.TIM_OC3_SetConfig
                0x080018f4       0x64 build/stm32f1xx_hal_tim.o
 .text.TIM_OC4_SetConfig
                0x08001958       0x48 build/stm32f1xx_hal_tim.o
 .text.TIM_TI1_ConfigInputStage
                0x080019a0       0x24 build/stm32f1xx_hal_tim.o
 .text.TIM_TI2_ConfigInputStage
                0x080019c4       0x26 build/stm32f1xx_hal_tim.o
 .text.TIM_ITRx_SetConfig
                0x080019ea       0x10 build/stm32f1xx_hal_tim.o
 *fill*         0x080019fa        0x2 
 .text.HAL_TIM_Base_Start_IT
                0x080019fc       0x68 build/stm32f1xx_hal_tim.o
                0x080019fc                HAL_TIM_Base_Start_IT
 .text.HAL_TIM_OC_DelayElapsedCallback
                0x08001a64        0x2 build/stm32f1xx_hal_tim.o
                0x08001a64                HAL_TIM_OC_DelayElapsedCallback
 .text.HAL_TIM_IC_CaptureCallback
                0x08001a66        0x2 build/stm32f1xx_hal_tim.o
                0x08001a66                HAL_TIM_IC_CaptureCallback
 .text.HAL_TIM_PWM_PulseFinishedCallback
                0x08001a68        0x2 build/stm32f1xx_hal_tim.o
                0x08001a68                HAL_TIM_PWM_PulseFinishedCallback
 .text.HAL_TIM_TriggerCallback
                0x08001a6a        0x2 build/stm32f1xx_hal_tim.o
                0x08001a6a                HAL_TIM_TriggerCallback
 .text.HAL_TIM_IRQHandler
                0x08001a6c      0x17a build/stm32f1xx_hal_tim.o
                0x08001a6c                HAL_TIM_IRQHandler
 *fill*         0x08001be6        0x2 
 .text.TIM_Base_SetConfig
                0x08001be8       0x74 build/stm32f1xx_hal_tim.o
                0x08001be8                TIM_Base_SetConfig
 .text.HAL_TIM_Base_Init
                0x08001c5c       0x58 build/stm32f1xx_hal_tim.o
                0x08001c5c                HAL_TIM_Base_Init
 .text.HAL_TIM_PWM_Init
                0x08001cb4       0x58 build/stm32f1xx_hal_tim.o
                0x08001cb4                HAL_TIM_PWM_Init
 .text.HAL_TIM_Encoder_Init
                0x08001d0c       0xb8 build/stm32f1xx_hal_tim.o
                0x08001d0c                HAL_TIM_Encoder_Init
 .text.TIM_OC2_SetConfig
                0x08001dc4       0x64 build/stm32f1xx_hal_tim.o
                0x08001dc4                TIM_OC2_SetConfig
 .text.HAL_TIM_PWM_ConfigChannel
                0x08001e28       0xd0 build/stm32f1xx_hal_tim.o
                0x08001e28                HAL_TIM_PWM_ConfigChannel
 .text.TIM_ETR_SetConfig
                0x08001ef8       0x18 build/stm32f1xx_hal_tim.o
                0x08001ef8                TIM_ETR_SetConfig
 .text.HAL_TIM_ConfigClockSource
                0x08001f10       0xda build/stm32f1xx_hal_tim.o
                0x08001f10                HAL_TIM_ConfigClockSource
 .text.TIM_CCxChannelCmd
                0x08001fea       0x1e build/stm32f1xx_hal_tim.o
                0x08001fea                TIM_CCxChannelCmd
 .text.HAL_TIM_PWM_Start
                0x08002008       0xdc build/stm32f1xx_hal_tim.o
                0x08002008                HAL_TIM_PWM_Start
 .text.HAL_TIM_Encoder_Start
                0x080020e4       0xcc build/stm32f1xx_hal_tim.o
                0x080020e4                HAL_TIM_Encoder_Start
 .text.HAL_TIMEx_MasterConfigSynchronization
                0x080021b0       0x6c build/stm32f1xx_hal_tim_ex.o
                0x080021b0                HAL_TIMEx_MasterConfigSynchronization
 .text.HAL_TIMEx_CommutCallback
                0x0800221c        0x2 build/stm32f1xx_hal_tim_ex.o
                0x0800221c                HAL_TIMEx_CommutCallback
 .text.HAL_TIMEx_BreakCallback
                0x0800221e        0x2 build/stm32f1xx_hal_tim_ex.o
                0x0800221e                HAL_TIMEx_BreakCallback
 .text.HAL_InitTick
                0x08002220       0x4c build/stm32f1xx_hal.o
                0x08002220                HAL_InitTick
 .text.HAL_Init
                0x0800226c       0x24 build/stm32f1xx_hal.o
                0x0800226c                HAL_Init
 .text.HAL_IncTick
                0x08002290       0x18 build/stm32f1xx_hal.o
                0x08002290                HAL_IncTick
 .text.HAL_GetTick
                0x080022a8        0xc build/stm32f1xx_hal.o
                0x080022a8                HAL_GetTick
 .text.RCC_Delay
                0x080022b4       0x2c build/stm32f1xx_hal_rcc.o
 .text.HAL_RCC_OscConfig
                0x080022e0      0x410 build/stm32f1xx_hal_rcc.o
                0x080022e0                HAL_RCC_OscConfig
 .text.HAL_RCC_GetSysClockFreq
                0x080026f0       0x6c build/stm32f1xx_hal_rcc.o
                0x080026f0                HAL_RCC_GetSysClockFreq
 .text.HAL_RCC_ClockConfig
                0x0800275c      0x16c build/stm32f1xx_hal_rcc.o
                0x0800275c                HAL_RCC_ClockConfig
 .text.HAL_RCC_GetHCLKFreq
                0x080028c8        0xc build/stm32f1xx_hal_rcc.o
                0x080028c8                HAL_RCC_GetHCLKFreq
 .text.HAL_RCC_GetPCLK1Freq
                0x080028d4       0x20 build/stm32f1xx_hal_rcc.o
                0x080028d4                HAL_RCC_GetPCLK1Freq
 .text.HAL_RCC_GetPCLK2Freq
                0x080028f4       0x20 build/stm32f1xx_hal_rcc.o
                0x080028f4                HAL_RCC_GetPCLK2Freq
 .text.HAL_GPIO_Init
                0x08002914      0x224 build/stm32f1xx_hal_gpio.o
                0x08002914                HAL_GPIO_Init
 .text.HAL_GPIO_WritePin
                0x08002b38        0xc build/stm32f1xx_hal_gpio.o
                0x08002b38                HAL_GPIO_WritePin
 .text.DMA_SetConfig
                0x08002b44       0x2c build/stm32f1xx_hal_dma.o
 .text.HAL_DMA_Init
                0x08002b70       0x6c build/stm32f1xx_hal_dma.o
                0x08002b70                HAL_DMA_Init
 .text.HAL_DMA_Start_IT
                0x08002bdc       0x74 build/stm32f1xx_hal_dma.o
                0x08002bdc                HAL_DMA_Start_IT
 .text.HAL_DMA_Abort
                0x08002c50       0x44 build/stm32f1xx_hal_dma.o
                0x08002c50                HAL_DMA_Abort
 .text.HAL_DMA_Abort_IT
                0x08002c94       0x98 build/stm32f1xx_hal_dma.o
                0x08002c94                HAL_DMA_Abort_IT
 .text.HAL_DMA_IRQHandler
                0x08002d2c      0x144 build/stm32f1xx_hal_dma.o
                0x08002d2c                HAL_DMA_IRQHandler
 .text.HAL_NVIC_SetPriorityGrouping
                0x08002e70       0x24 build/stm32f1xx_hal_cortex.o
                0x08002e70                HAL_NVIC_SetPriorityGrouping
 .text.HAL_NVIC_SetPriority
                0x08002e94       0x70 build/stm32f1xx_hal_cortex.o
                0x08002e94                HAL_NVIC_SetPriority
 .text.HAL_NVIC_EnableIRQ
                0x08002f04       0x1c build/stm32f1xx_hal_cortex.o
                0x08002f04                HAL_NVIC_EnableIRQ
 .text.HAL_SYSTICK_Config
                0x08002f20       0x28 build/stm32f1xx_hal_cortex.o
                0x08002f20                HAL_SYSTICK_Config
 .text.UART_EndTxTransfer
                0x08002f48       0x12 build/stm32f1xx_hal_uart.o
 .text.UART_EndRxTransfer
                0x08002f5a       0x32 build/stm32f1xx_hal_uart.o
 .text.UART_Transmit_IT
                0x08002f8c       0x60 build/stm32f1xx_hal_uart.o
 .text.UART_SetConfig
                0x08002fec       0x94 build/stm32f1xx_hal_uart.o
 .text.UART_WaitOnFlagUntilTimeout
                0x08003080       0x6c build/stm32f1xx_hal_uart.o
 .text.HAL_UART_Init
                0x080030ec       0x5e build/stm32f1xx_hal_uart.o
                0x080030ec                HAL_UART_Init
 .text.HAL_UART_Transmit
                0x0800314a       0xd8 build/stm32f1xx_hal_uart.o
                0x0800314a                HAL_UART_Transmit
 .text.HAL_UART_Receive
                0x08003222       0xe4 build/stm32f1xx_hal_uart.o
                0x08003222                HAL_UART_Receive
 *fill*         0x08003306        0x2 
 .text.HAL_UART_Transmit_DMA
                0x08003308       0x8c build/stm32f1xx_hal_uart.o
                0x08003308                HAL_UART_Transmit_DMA
 .text.HAL_UART_TxCpltCallback
                0x08003394        0x2 build/stm32f1xx_hal_uart.o
                0x08003394                HAL_UART_TxCpltCallback
 .text.UART_DMATransmitCplt
                0x08003396       0x30 build/stm32f1xx_hal_uart.o
 .text.UART_EndTransmit_IT
                0x080033c6       0x1a build/stm32f1xx_hal_uart.o
 .text.HAL_UART_TxHalfCpltCallback
                0x080033e0        0x2 build/stm32f1xx_hal_uart.o
                0x080033e0                HAL_UART_TxHalfCpltCallback
 .text.UART_DMATxHalfCplt
                0x080033e2        0xa build/stm32f1xx_hal_uart.o
 .text.HAL_UART_RxHalfCpltCallback
                0x080033ec        0x2 build/stm32f1xx_hal_uart.o
                0x080033ec                HAL_UART_RxHalfCpltCallback
 .text.HAL_UART_ErrorCallback
                0x080033ee        0x2 build/stm32f1xx_hal_uart.o
                0x080033ee                HAL_UART_ErrorCallback
 .text.UART_DMAError
                0x080033f0       0x58 build/stm32f1xx_hal_uart.o
 .text.UART_DMAAbortOnError
                0x08003448       0x10 build/stm32f1xx_hal_uart.o
 .text.HAL_UARTEx_RxEventCallback
                0x08003458        0x2 build/stm32f1xx_hal_uart.o
                0x08003458                HAL_UARTEx_RxEventCallback
 .text.UART_Receive_IT
                0x0800345a       0xd4 build/stm32f1xx_hal_uart.o
 *fill*         0x0800352e        0x2 
 .text.HAL_UART_IRQHandler
                0x08003530      0x204 build/stm32f1xx_hal_uart.o
                0x08003530                HAL_UART_IRQHandler
 .text.UART_DMARxHalfCplt
                0x08003734       0x1a build/stm32f1xx_hal_uart.o
 .text.UART_DMAReceiveCplt
                0x0800374e       0x5e build/stm32f1xx_hal_uart.o
 .text.UART_Start_Receive_DMA
                0x080037ac       0x78 build/stm32f1xx_hal_uart.o
                0x080037ac                UART_Start_Receive_DMA
 .text.HAL_UART_Receive_DMA
                0x08003824       0x38 build/stm32f1xx_hal_uart.o
                0x08003824                HAL_UART_Receive_DMA
 *fill*         0x0800385c        0x4 
 .text.PID_ComputeSpeedRPM
                0x08003860       0x44 build/PID.o
                0x08003860                PID_ComputeSpeedRPM
 .text.PID_SetSpeedRPM
                0x080038a4       0x34 build/PID.o
                0x080038a4                PID_SetSpeedRPM
 .text.PID_ComputeError
                0x080038d8       0x1c build/PID.o
                0x080038d8                PID_ComputeError
 .text.PID_Limit
                0x080038f4       0x30 build/PID.o
                0x080038f4                PID_Limit
 .text.PID_ComputeOutput
                0x08003924      0x12c build/PID.o
                0x08003924                PID_ComputeOutput
 .text.PID_SetDuty
                0x08003a50       0x70 build/PID.o
                0x08003a50                PID_SetDuty
 .text.PID_SetTunings
                0x08003ac0       0x16 build/PID.o
                0x08003ac0                PID_SetTunings
 .text.PID_MotorInit
                0x08003ad6       0x66 build/PID.o
                0x08003ad6                PID_MotorInit
 .text.PID_FirstOrderFilter
                0x08003b3c       0x40 build/PID.o
                0x08003b3c                PID_FirstOrderFilter
 *fill*         0x08003b7c        0x4 
 .text.PID_PreProcess
                0x08003b80       0xa4 build/PID.o
                0x08003b80                PID_PreProcess
 .text.checksum
                0x08003c24       0x16 build/frame_resolve.o
                0x08003c24                checksum
 .text.resolveRxFrame
                0x08003c3a       0x60 build/frame_resolve.o
                0x08003c3a                resolveRxFrame
 *fill*         0x08003c9a        0x2 
 .text.RetargetInit
                0x08003c9c       0x20 build/retarget.o
                0x08003c9c                RetargetInit
 .text._write   0x08003cbc       0x34 build/retarget.o
                0x08003cbc                _write
 .text._close   0x08003cf0       0x18 build/retarget.o
                0x08003cf0                _close
 .text._lseek   0x08003d08       0x10 build/retarget.o
                0x08003d08                _lseek
 .text._read    0x08003d18       0x30 build/retarget.o
                0x08003d18                _read
 .text._fstat   0x08003d48       0x1a build/retarget.o
                0x08003d48                _fstat
 .text.SystemInit
                0x08003d62        0x2 build/system_stm32f1xx.o
                0x08003d62                SystemInit
 .text.Reset_Handler
                0x08003d64       0x48 build/startup_stm32f103xb.o
                0x08003d64                Reset_Handler
 .text.Default_Handler
                0x08003dac        0x2 build/startup_stm32f103xb.o
                0x08003dac                RTC_Alarm_IRQHandler
                0x08003dac                EXTI2_IRQHandler
                0x08003dac                TIM1_CC_IRQHandler
                0x08003dac                PVD_IRQHandler
                0x08003dac                EXTI3_IRQHandler
                0x08003dac                EXTI0_IRQHandler
                0x08003dac                I2C2_EV_IRQHandler
                0x08003dac                ADC1_2_IRQHandler
                0x08003dac                SPI1_IRQHandler
                0x08003dac                TAMPER_IRQHandler
                0x08003dac                USART3_IRQHandler
                0x08003dac                RTC_IRQHandler
                0x08003dac                DMA1_Channel7_IRQHandler
                0x08003dac                CAN1_RX1_IRQHandler
                0x08003dac                TIM4_IRQHandler
                0x08003dac                I2C1_EV_IRQHandler
                0x08003dac                DMA1_Channel6_IRQHandler
                0x08003dac                TIM3_IRQHandler
                0x08003dac                RCC_IRQHandler
                0x08003dac                TIM1_TRG_COM_IRQHandler
                0x08003dac                DMA1_Channel1_IRQHandler
                0x08003dac                Default_Handler
                0x08003dac                EXTI15_10_IRQHandler
                0x08003dac                EXTI9_5_IRQHandler
                0x08003dac                SPI2_IRQHandler
                0x08003dac                EXTI4_IRQHandler
                0x08003dac                USB_LP_CAN1_RX0_IRQHandler
                0x08003dac                USB_HP_CAN1_TX_IRQHandler
                0x08003dac                DMA1_Channel3_IRQHandler
                0x08003dac                WWDG_IRQHandler
                0x08003dac                TIM2_IRQHandler
                0x08003dac                EXTI1_IRQHandler
                0x08003dac                USART2_IRQHandler
                0x08003dac                I2C2_ER_IRQHandler
                0x08003dac                DMA1_Channel2_IRQHandler
                0x08003dac                CAN1_SCE_IRQHandler
                0x08003dac                FLASH_IRQHandler
                0x08003dac                I2C1_ER_IRQHandler
                0x08003dac                USBWakeUp_IRQHandler
 *fill*         0x08003dae        0x2 
 .text.__errno  0x08003db0        0xc c:/program files (x86)/gnu arm embedded toolchain/10 2020-q4-major/bin/../lib/gcc/arm-none-eabi/10.2.1/../../../../arm-none-eabi/lib/thumb/v7-m/nofp\libc_nano.a(lib_a-errno.o)
                0x08003db0                __errno
 .text.__libc_init_array
                0x08003dbc       0x48 c:/program files (x86)/gnu arm embedded toolchain/10 2020-q4-major/bin/../lib/gcc/arm-none-eabi/10.2.1/../../../../arm-none-eabi/lib/thumb/v7-m/nofp\libc_nano.a(lib_a-init.o)
                0x08003dbc                __libc_init_array
 .text.memset   0x08003e04       0x10 c:/program files (x86)/gnu arm embedded toolchain/10 2020-q4-major/bin/../lib/gcc/arm-none-eabi/10.2.1/../../../../arm-none-eabi/lib/thumb/v7-m/nofp\libc_nano.a(lib_a-memset.o)
                0x08003e04                memset
 .text.setvbuf  0x08003e14      0x18c c:/program files (x86)/gnu arm embedded toolchain/10 2020-q4-major/bin/../lib/gcc/arm-none-eabi/10.2.1/../../../../arm-none-eabi/lib/thumb/v7-m/nofp\libc_nano.a(lib_a-setvbuf.o)
                0x08003e14                setvbuf
 .text.sprintf  0x08003fa0       0x40 c:/program files (x86)/gnu arm embedded toolchain/10 2020-q4-major/bin/../lib/gcc/arm-none-eabi/10.2.1/../../../../arm-none-eabi/lib/thumb/v7-m/nofp\libc_nano.a(lib_a-sprintf.o)
                0x08003fa0                siprintf
                0x08003fa0                sprintf
 .text.__sflush_r
                0x08003fe0      0x104 c:/program files (x86)/gnu arm embedded toolchain/10 2020-q4-major/bin/../lib/gcc/arm-none-eabi/10.2.1/../../../../arm-none-eabi/lib/thumb/v7-m/nofp\libc_nano.a(lib_a-fflush.o)
                0x08003fe0                __sflush_r
 .text._fflush_r
                0x080040e4       0x78 c:/program files (x86)/gnu arm embedded toolchain/10 2020-q4-major/bin/../lib/gcc/arm-none-eabi/10.2.1/../../../../arm-none-eabi/lib/thumb/v7-m/nofp\libc_nano.a(lib_a-fflush.o)
                0x080040e4                _fflush_r
 .text.std      0x0800415c       0x48 c:/program files (x86)/gnu arm embedded toolchain/10 2020-q4-major/bin/../lib/gcc/arm-none-eabi/10.2.1/../../../../arm-none-eabi/lib/thumb/v7-m/nofp\libc_nano.a(lib_a-findfp.o)
 .text._cleanup_r
                0x080041a4        0xc c:/program files (x86)/gnu arm embedded toolchain/10 2020-q4-major/bin/../lib/gcc/arm-none-eabi/10.2.1/../../../../arm-none-eabi/lib/thumb/v7-m/nofp\libc_nano.a(lib_a-findfp.o)
                0x080041a4                _cleanup_r
 .text.__sfmoreglue
                0x080041b0       0x2c c:/program files (x86)/gnu arm embedded toolchain/10 2020-q4-major/bin/../lib/gcc/arm-none-eabi/10.2.1/../../../../arm-none-eabi/lib/thumb/v7-m/nofp\libc_nano.a(lib_a-findfp.o)
                0x080041b0                __sfmoreglue
 .text.__sfp_lock_acquire
                0x080041dc        0xc c:/program files (x86)/gnu arm embedded toolchain/10 2020-q4-major/bin/../lib/gcc/arm-none-eabi/10.2.1/../../../../arm-none-eabi/lib/thumb/v7-m/nofp\libc_nano.a(lib_a-findfp.o)
                0x080041dc                __sfp_lock_acquire
 .text.__sfp_lock_release
                0x080041e8        0xc c:/program files (x86)/gnu arm embedded toolchain/10 2020-q4-major/bin/../lib/gcc/arm-none-eabi/10.2.1/../../../../arm-none-eabi/lib/thumb/v7-m/nofp\libc_nano.a(lib_a-findfp.o)
                0x080041e8                __sfp_lock_release
 .text.__sinit_lock_acquire
                0x080041f4        0xc c:/program files (x86)/gnu arm embedded toolchain/10 2020-q4-major/bin/../lib/gcc/arm-none-eabi/10.2.1/../../../../arm-none-eabi/lib/thumb/v7-m/nofp\libc_nano.a(lib_a-findfp.o)
                0x080041f4                __sinit_lock_acquire
 .text.__sinit_lock_release
                0x08004200        0xc c:/program files (x86)/gnu arm embedded toolchain/10 2020-q4-major/bin/../lib/gcc/arm-none-eabi/10.2.1/../../../../arm-none-eabi/lib/thumb/v7-m/nofp\libc_nano.a(lib_a-findfp.o)
                0x08004200                __sinit_lock_release
 .text.__sinit  0x0800420c       0x70 c:/program files (x86)/gnu arm embedded toolchain/10 2020-q4-major/bin/../lib/gcc/arm-none-eabi/10.2.1/../../../../arm-none-eabi/lib/thumb/v7-m/nofp\libc_nano.a(lib_a-findfp.o)
                0x0800420c                __sinit
 .text.__sfp    0x0800427c       0x8c c:/program files (x86)/gnu arm embedded toolchain/10 2020-q4-major/bin/../lib/gcc/arm-none-eabi/10.2.1/../../../../arm-none-eabi/lib/thumb/v7-m/nofp\libc_nano.a(lib_a-findfp.o)
                0x0800427c                __sfp
 .text._fwalk_reent
                0x08004308       0x3e c:/program files (x86)/gnu arm embedded toolchain/10 2020-q4-major/bin/../lib/gcc/arm-none-eabi/10.2.1/../../../../arm-none-eabi/lib/thumb/v7-m/nofp\libc_nano.a(lib_a-fwalk.o)
                0x08004308                _fwalk_reent
 .text.__retarget_lock_init_recursive
                0x08004346        0x2 c:/program files (x86)/gnu arm embedded toolchain/10 2020-q4-major/bin/../lib/gcc/arm-none-eabi/10.2.1/../../../../arm-none-eabi/lib/thumb/v7-m/nofp\libc_nano.a(lib_a-lock.o)
                0x08004346                __retarget_lock_init_recursive
 .text.__retarget_lock_acquire_recursive
                0x08004348        0x2 c:/program files (x86)/gnu arm embedded toolchain/10 2020-q4-major/bin/../lib/gcc/arm-none-eabi/10.2.1/../../../../arm-none-eabi/lib/thumb/v7-m/nofp\libc_nano.a(lib_a-lock.o)
                0x08004348                __retarget_lock_acquire_recursive
 .text.__retarget_lock_release_recursive
                0x0800434a        0x2 c:/program files (x86)/gnu arm embedded toolchain/10 2020-q4-major/bin/../lib/gcc/arm-none-eabi/10.2.1/../../../../arm-none-eabi/lib/thumb/v7-m/nofp\libc_nano.a(lib_a-lock.o)
                0x0800434a                __retarget_lock_release_recursive
 .text.__swhatbuf_r
                0x0800434c       0x4a c:/program files (x86)/gnu arm embedded toolchain/10 2020-q4-major/bin/../lib/gcc/arm-none-eabi/10.2.1/../../../../arm-none-eabi/lib/thumb/v7-m/nofp\libc_nano.a(lib_a-makebuf.o)
                0x0800434c                __swhatbuf_r
 *fill*         0x08004396        0x2 
 .text.malloc   0x08004398       0x10 c:/program files (x86)/gnu arm embedded toolchain/10 2020-q4-major/bin/../lib/gcc/arm-none-eabi/10.2.1/../../../../arm-none-eabi/lib/thumb/v7-m/nofp\libc_nano.a(lib_a-malloc.o)
                0x08004398                malloc
 .text._free_r  0x080043a8       0x90 c:/program files (x86)/gnu arm embedded toolchain/10 2020-q4-major/bin/../lib/gcc/arm-none-eabi/10.2.1/../../../../arm-none-eabi/lib/thumb/v7-m/nofp\libc_nano.a(lib_a-nano-freer.o)
                0x080043a8                _free_r
 .text._malloc_r
                0x08004438       0xb4 c:/program files (x86)/gnu arm embedded toolchain/10 2020-q4-major/bin/../lib/gcc/arm-none-eabi/10.2.1/../../../../arm-none-eabi/lib/thumb/v7-m/nofp\libc_nano.a(lib_a-nano-mallocr.o)
                0x08004438                _malloc_r
 .text.__ssputs_r
                0x080044ec       0xb6 c:/program files (x86)/gnu arm embedded toolchain/10 2020-q4-major/bin/../lib/gcc/arm-none-eabi/10.2.1/../../../../arm-none-eabi/lib/thumb/v7-m/nofp\libc_nano.a(lib_a-nano-svfprintf.o)
                0x080044ec                __ssputs_r
 *fill*         0x080045a2        0x2 
 .text._svfprintf_r
                0x080045a4      0x200 c:/program files (x86)/gnu arm embedded toolchain/10 2020-q4-major/bin/../lib/gcc/arm-none-eabi/10.2.1/../../../../arm-none-eabi/lib/thumb/v7-m/nofp\libc_nano.a(lib_a-nano-svfprintf.o)
                0x080045a4                _svfiprintf_r
                0x080045a4                _svfprintf_r
 .text._printf_common
                0x080047a4       0xde c:/program files (x86)/gnu arm embedded toolchain/10 2020-q4-major/bin/../lib/gcc/arm-none-eabi/10.2.1/../../../../arm-none-eabi/lib/thumb/v7-m/nofp\libc_nano.a(lib_a-nano-vfprintf_i.o)
                0x080047a4                _printf_common
 *fill*         0x08004882        0x2 
 .text._printf_i
                0x08004884      0x24c c:/program files (x86)/gnu arm embedded toolchain/10 2020-q4-major/bin/../lib/gcc/arm-none-eabi/10.2.1/../../../../arm-none-eabi/lib/thumb/v7-m/nofp\libc_nano.a(lib_a-nano-vfprintf_i.o)
                0x08004884                _printf_i
 .text._sbrk_r  0x08004ad0       0x20 c:/program files (x86)/gnu arm embedded toolchain/10 2020-q4-major/bin/../lib/gcc/arm-none-eabi/10.2.1/../../../../arm-none-eabi/lib/thumb/v7-m/nofp\libc_nano.a(lib_a-sbrkr.o)
                0x08004ad0                _sbrk_r
 .text.__sread  0x08004af0       0x22 c:/program files (x86)/gnu arm embedded toolchain/10 2020-q4-major/bin/../lib/gcc/arm-none-eabi/10.2.1/../../../../arm-none-eabi/lib/thumb/v7-m/nofp\libc_nano.a(lib_a-stdio.o)
                0x08004af0                __sread
 .text.__swrite
                0x08004b12       0x38 c:/program files (x86)/gnu arm embedded toolchain/10 2020-q4-major/bin/../lib/gcc/arm-none-eabi/10.2.1/../../../../arm-none-eabi/lib/thumb/v7-m/nofp\libc_nano.a(lib_a-stdio.o)
                0x08004b12                __swrite
 .text.__sseek  0x08004b4a       0x24 c:/program files (x86)/gnu arm embedded toolchain/10 2020-q4-major/bin/../lib/gcc/arm-none-eabi/10.2.1/../../../../arm-none-eabi/lib/thumb/v7-m/nofp\libc_nano.a(lib_a-stdio.o)
                0x08004b4a                __sseek
 .text.__sclose
                0x08004b6e        0x8 c:/program files (x86)/gnu arm embedded toolchain/10 2020-q4-major/bin/../lib/gcc/arm-none-eabi/10.2.1/../../../../arm-none-eabi/lib/thumb/v7-m/nofp\libc_nano.a(lib_a-stdio.o)
                0x08004b6e                __sclose
 *fill*         0x08004b76        0x2 
 .text._write_r
                0x08004b78       0x24 c:/program files (x86)/gnu arm embedded toolchain/10 2020-q4-major/bin/../lib/gcc/arm-none-eabi/10.2.1/../../../../arm-none-eabi/lib/thumb/v7-m/nofp\libc_nano.a(lib_a-writer.o)
                0x08004b78                _write_r
 .text._close_r
                0x08004b9c       0x20 c:/program files (x86)/gnu arm embedded toolchain/10 2020-q4-major/bin/../lib/gcc/arm-none-eabi/10.2.1/../../../../arm-none-eabi/lib/thumb/v7-m/nofp\libc_nano.a(lib_a-closer.o)
                0x08004b9c                _close_r
 .text._fstat_r
                0x08004bbc       0x24 c:/program files (x86)/gnu arm embedded toolchain/10 2020-q4-major/bin/../lib/gcc/arm-none-eabi/10.2.1/../../../../arm-none-eabi/lib/thumb/v7-m/nofp\libc_nano.a(lib_a-fstatr.o)
                0x08004bbc                _fstat_r
 .text._lseek_r
                0x08004be0       0x24 c:/program files (x86)/gnu arm embedded toolchain/10 2020-q4-major/bin/../lib/gcc/arm-none-eabi/10.2.1/../../../../arm-none-eabi/lib/thumb/v7-m/nofp\libc_nano.a(lib_a-lseekr.o)
                0x08004be0                _lseek_r
 .text.memchr   0x08004c04       0x1c c:/program files (x86)/gnu arm embedded toolchain/10 2020-q4-major/bin/../lib/gcc/arm-none-eabi/10.2.1/../../../../arm-none-eabi/lib/thumb/v7-m/nofp\libc_nano.a(lib_a-memchr-stub.o)
                0x08004c04                memchr
 .text.memcpy   0x08004c20       0x1c c:/program files (x86)/gnu arm embedded toolchain/10 2020-q4-major/bin/../lib/gcc/arm-none-eabi/10.2.1/../../../../arm-none-eabi/lib/thumb/v7-m/nofp\libc_nano.a(lib_a-memcpy-stub.o)
                0x08004c20                memcpy
 .text.memmove  0x08004c3c       0x34 c:/program files (x86)/gnu arm embedded toolchain/10 2020-q4-major/bin/../lib/gcc/arm-none-eabi/10.2.1/../../../../arm-none-eabi/lib/thumb/v7-m/nofp\libc_nano.a(lib_a-memmove.o)
                0x08004c3c                memmove
 .text.__malloc_lock
                0x08004c70        0xc c:/program files (x86)/gnu arm embedded toolchain/10 2020-q4-major/bin/../lib/gcc/arm-none-eabi/10.2.1/../../../../arm-none-eabi/lib/thumb/v7-m/nofp\libc_nano.a(lib_a-mlock.o)
                0x08004c70                __malloc_lock
 .text.__malloc_unlock
                0x08004c7c        0xc c:/program files (x86)/gnu arm embedded toolchain/10 2020-q4-major/bin/../lib/gcc/arm-none-eabi/10.2.1/../../../../arm-none-eabi/lib/thumb/v7-m/nofp\libc_nano.a(lib_a-mlock.o)
                0x08004c7c                __malloc_unlock
 .text._realloc_r
                0x08004c88       0x4c c:/program files (x86)/gnu arm embedded toolchain/10 2020-q4-major/bin/../lib/gcc/arm-none-eabi/10.2.1/../../../../arm-none-eabi/lib/thumb/v7-m/nofp\libc_nano.a(lib_a-nano-reallocr.o)
                0x08004c88                _realloc_r
 .text._read_r  0x08004cd4       0x24 c:/program files (x86)/gnu arm embedded toolchain/10 2020-q4-major/bin/../lib/gcc/arm-none-eabi/10.2.1/../../../../arm-none-eabi/lib/thumb/v7-m/nofp\libc_nano.a(lib_a-readr.o)
                0x08004cd4                _read_r
 .text._malloc_usable_size_r
                0x08004cf8       0x10 c:/program files (x86)/gnu arm embedded toolchain/10 2020-q4-major/bin/../lib/gcc/arm-none-eabi/10.2.1/../../../../arm-none-eabi/lib/thumb/v7-m/nofp\libc_nano.a(lib_a-nano-msizer.o)
                0x08004cf8                _malloc_usable_size_r
 .text.round    0x08004d08       0x98 c:/program files (x86)/gnu arm embedded toolchain/10 2020-q4-major/bin/../lib/gcc/arm-none-eabi/10.2.1/../../../../arm-none-eabi/lib/thumb/v7-m/nofp\libm.a(lib_a-s_round.o)
                0x08004d08                round
 .text._sbrk    0x08004da0       0x1c c:/program files (x86)/gnu arm embedded toolchain/10 2020-q4-major/bin/../lib/gcc/arm-none-eabi/10.2.1/../../../../arm-none-eabi/lib/thumb/v7-m/nofp\libnosys.a(sbrk.o)
                0x08004da0                _sbrk
 *(.glue_7)
 .glue_7        0x08004dbc        0x0 linker stubs
 *(.glue_7t)
 .glue_7t       0x08004dbc        0x0 linker stubs
 *(.eh_frame)
 .eh_frame      0x08004dbc        0x0 c:/program files (x86)/gnu arm embedded toolchain/10 2020-q4-major/bin/../lib/gcc/arm-none-eabi/10.2.1/thumb/v7-m/nofp/crtbegin.o
 *(.init)
 .init          0x08004dbc        0x4 c:/program files (x86)/gnu arm embedded toolchain/10 2020-q4-major/bin/../lib/gcc/arm-none-eabi/10.2.1/thumb/v7-m/nofp/crti.o
                0x08004dbc                _init
 .init          0x08004dc0        0x8 c:/program files (x86)/gnu arm embedded toolchain/10 2020-q4-major/bin/../lib/gcc/arm-none-eabi/10.2.1/thumb/v7-m/nofp/crtn.o
 *(.fini)
 .fini          0x08004dc8        0x4 c:/program files (x86)/gnu arm embedded toolchain/10 2020-q4-major/bin/../lib/gcc/arm-none-eabi/10.2.1/thumb/v7-m/nofp/crti.o
                0x08004dc8                _fini
 .fini          0x08004dcc        0x8 c:/program files (x86)/gnu arm embedded toolchain/10 2020-q4-major/bin/../lib/gcc/arm-none-eabi/10.2.1/thumb/v7-m/nofp/crtn.o
                0x08004dd4                . = ALIGN (0x4)
                0x08004dd4                _etext = .

.vfp11_veneer   0x08004dd4        0x0
 .vfp11_veneer  0x08004dd4        0x0 linker stubs

.v4_bx          0x08004dd4        0x0
 .v4_bx         0x08004dd4        0x0 linker stubs

.iplt           0x08004dd4        0x0
 .iplt          0x08004dd4        0x0 c:/program files (x86)/gnu arm embedded toolchain/10 2020-q4-major/bin/../lib/gcc/arm-none-eabi/10.2.1/thumb/v7-m/nofp/crtbegin.o

.rodata         0x08004dd4       0xd8
                0x08004dd4                . = ALIGN (0x4)
 *(.rodata)
 *(.rodata*)
 .rodata.main.str1.4
                0x08004dd4       0x14 build/main.o
 .rodata.HAL_RCC_GetSysClockFreq.str1.4
                0x08004de8       0x11 build/stm32f1xx_hal_rcc.o
 *fill*         0x08004df9        0x3 
 .rodata.AHBPrescTable
                0x08004dfc       0x10 build/system_stm32f1xx.o
                0x08004dfc                AHBPrescTable
 .rodata.APBPrescTable
                0x08004e0c        0x8 build/system_stm32f1xx.o
                0x08004e0c                APBPrescTable
 .rodata._global_impure_ptr
                0x08004e14        0x4 c:/program files (x86)/gnu arm embedded toolchain/10 2020-q4-major/bin/../lib/gcc/arm-none-eabi/10.2.1/../../../../arm-none-eabi/lib/thumb/v7-m/nofp\libc_nano.a(lib_a-impure.o)
                0x08004e14                _global_impure_ptr
 .rodata.__sf_fake_stderr
                0x08004e18       0x20 c:/program files (x86)/gnu arm embedded toolchain/10 2020-q4-major/bin/../lib/gcc/arm-none-eabi/10.2.1/../../../../arm-none-eabi/lib/thumb/v7-m/nofp\libc_nano.a(lib_a-findfp.o)
                0x08004e18                __sf_fake_stderr
 .rodata.__sf_fake_stdin
                0x08004e38       0x20 c:/program files (x86)/gnu arm embedded toolchain/10 2020-q4-major/bin/../lib/gcc/arm-none-eabi/10.2.1/../../../../arm-none-eabi/lib/thumb/v7-m/nofp\libc_nano.a(lib_a-findfp.o)
                0x08004e38                __sf_fake_stdin
 .rodata.__sf_fake_stdout
                0x08004e58       0x20 c:/program files (x86)/gnu arm embedded toolchain/10 2020-q4-major/bin/../lib/gcc/arm-none-eabi/10.2.1/../../../../arm-none-eabi/lib/thumb/v7-m/nofp\libc_nano.a(lib_a-findfp.o)
                0x08004e58                __sf_fake_stdout
 .rodata._svfprintf_r.str1.1
                0x08004e78       0x11 c:/program files (x86)/gnu arm embedded toolchain/10 2020-q4-major/bin/../lib/gcc/arm-none-eabi/10.2.1/../../../../arm-none-eabi/lib/thumb/v7-m/nofp\libc_nano.a(lib_a-nano-svfprintf.o)
 .rodata._printf_i.str1.1
                0x08004e89       0x22 c:/program files (x86)/gnu arm embedded toolchain/10 2020-q4-major/bin/../lib/gcc/arm-none-eabi/10.2.1/../../../../arm-none-eabi/lib/thumb/v7-m/nofp\libc_nano.a(lib_a-nano-vfprintf_i.o)
                0x08004eac                . = ALIGN (0x4)
 *fill*         0x08004eab        0x1 

.rel.dyn        0x08004eac        0x0
 .rel.iplt      0x08004eac        0x0 c:/program files (x86)/gnu arm embedded toolchain/10 2020-q4-major/bin/../lib/gcc/arm-none-eabi/10.2.1/thumb/v7-m/nofp/crtbegin.o

.ARM.extab
 *(.ARM.extab* .gnu.linkonce.armextab.*)

.ARM            0x08004eac        0x0
                0x08004eac                __exidx_start = .
 *(.ARM.exidx*)
                0x08004eac                __exidx_end = .

.preinit_array  0x08004eac        0x0
                0x08004eac                PROVIDE (__preinit_array_start = .)
 *(.preinit_array*)
                0x08004eac                PROVIDE (__preinit_array_end = .)

.init_array     0x08004eac        0x4
                0x08004eac                PROVIDE (__init_array_start = .)
 *(SORT_BY_NAME(.init_array.*))
 *(.init_array*)
 .init_array    0x08004eac        0x4 c:/program files (x86)/gnu arm embedded toolchain/10 2020-q4-major/bin/../lib/gcc/arm-none-eabi/10.2.1/thumb/v7-m/nofp/crtbegin.o
                0x08004eb0                PROVIDE (__init_array_end = .)

.fini_array     0x08004eb0        0x4
                [!provide]                PROVIDE (__fini_array_start = .)
 *(SORT_BY_NAME(.fini_array.*))
 *(.fini_array*)
 .fini_array    0x08004eb0        0x4 c:/program files (x86)/gnu arm embedded toolchain/10 2020-q4-major/bin/../lib/gcc/arm-none-eabi/10.2.1/thumb/v7-m/nofp/crtbegin.o
                [!provide]                PROVIDE (__fini_array_end = .)
                0x08004eb4                _sidata = LOADADDR (.data)

.data           0x20000000      0x298 load address 0x08004eb4
                0x20000000                . = ALIGN (0x4)
                0x20000000                _sdata = .
 *(.data)
 *(.data*)
 .data.MSG      0x20000000      0x1f4 build/main.o
                0x20000000                MSG
 *fill*         0x200001f4        0x4 
 .data.left_pid_params
                0x200001f8       0x18 build/main.o
                0x200001f8                left_pid_params
 .data.right_pid_params
                0x20000210       0x18 build/main.o
                0x20000210                right_pid_params
 .data.uwTickFreq
                0x20000228        0x1 build/stm32f1xx_hal.o
                0x20000228                uwTickFreq
 *fill*         0x20000229        0x3 
 .data.uwTickPrio
                0x2000022c        0x4 build/stm32f1xx_hal.o
                0x2000022c                uwTickPrio
 .data.SystemCoreClock
                0x20000230        0x4 build/system_stm32f1xx.o
                0x20000230                SystemCoreClock
 .data._impure_ptr
                0x20000234        0x4 c:/program files (x86)/gnu arm embedded toolchain/10 2020-q4-major/bin/../lib/gcc/arm-none-eabi/10.2.1/../../../../arm-none-eabi/lib/thumb/v7-m/nofp\libc_nano.a(lib_a-impure.o)
                0x20000234                _impure_ptr
 .data.impure_data
                0x20000238       0x60 c:/program files (x86)/gnu arm embedded toolchain/10 2020-q4-major/bin/../lib/gcc/arm-none-eabi/10.2.1/../../../../arm-none-eabi/lib/thumb/v7-m/nofp\libc_nano.a(lib_a-impure.o)
                0x20000298                . = ALIGN (0x4)
                0x20000298                _edata = .

.igot.plt       0x20000298        0x0 load address 0x0800514c
 .igot.plt      0x20000298        0x0 c:/program files (x86)/gnu arm embedded toolchain/10 2020-q4-major/bin/../lib/gcc/arm-none-eabi/10.2.1/thumb/v7-m/nofp/crtbegin.o
                0x20000298                . = ALIGN (0x4)

.bss            0x20000298      0x378 load address 0x0800514c
                0x20000298                _sbss = .
                0x20000298                __bss_start__ = _sbss
 *(.bss)
 .bss           0x20000298       0x1c c:/program files (x86)/gnu arm embedded toolchain/10 2020-q4-major/bin/../lib/gcc/arm-none-eabi/10.2.1/thumb/v7-m/nofp/crtbegin.o
 *(.bss*)
 .bss.angular_vel
                0x200002b4        0x4 build/main.o
                0x200002b4                angular_vel
 .bss.last_a_vel
                0x200002b8        0x4 build/main.o
                0x200002b8                last_a_vel
 .bss.last_l_vel
                0x200002bc        0x4 build/main.o
                0x200002bc                last_l_vel
 .bss.last_rx   0x200002c0        0x1 build/main.o
                0x200002c0                last_rx
 *fill*         0x200002c1        0x7 
 .bss.left_set_speed
                0x200002c8        0x8 build/main.o
                0x200002c8                left_set_speed
 .bss.linear_vel
                0x200002d0        0x4 build/main.o
                0x200002d0                linear_vel
 .bss.prev_rx   0x200002d4        0x1 build/main.o
                0x200002d4                prev_rx
 .bss.ready_flag
                0x200002d5        0x1 build/main.o
                0x200002d5                ready_flag
 *fill*         0x200002d6        0x2 
 .bss.right_set_speed
                0x200002d8        0x8 build/main.o
                0x200002d8                right_set_speed
 .bss.rx_buffer
                0x200002e0       0x10 build/main.o
                0x200002e0                rx_buffer
 .bss.str_left_motor
                0x200002f0       0x40 build/main.o
                0x200002f0                str_left_motor
 .bss.str_left_pid
                0x20000330       0x40 build/main.o
                0x20000330                str_left_pid
 .bss.str_right_motor
                0x20000370       0x40 build/main.o
                0x20000370                str_right_motor
 .bss.str_right_pid
                0x200003b0       0x40 build/main.o
                0x200003b0                str_right_pid
 .bss.vel_update_flag
                0x200003f0        0x1 build/main.o
                0x200003f0                vel_update_flag
 *fill*         0x200003f1        0x3 
 .bss.htim1     0x200003f4       0x48 build/tim.o
                0x200003f4                htim1
 .bss.htim2     0x2000043c       0x48 build/tim.o
                0x2000043c                htim2
 .bss.htim3     0x20000484       0x48 build/tim.o
                0x20000484                htim3
 .bss.htim4     0x200004cc       0x48 build/tim.o
                0x200004cc                htim4
 .bss.hdma_usart1_rx
                0x20000514       0x44 build/usart.o
                0x20000514                hdma_usart1_rx
 .bss.hdma_usart1_tx
                0x20000558       0x44 build/usart.o
                0x20000558                hdma_usart1_tx
 .bss.huart1    0x2000059c       0x44 build/usart.o
                0x2000059c                huart1
 .bss.uwTick    0x200005e0        0x4 build/stm32f1xx_hal.o
                0x200005e0                uwTick
 *fill*         0x200005e4        0x4 
 .bss.i_term    0x200005e8        0x8 build/PID.o
                0x200005e8                i_term
 .bss.p_term    0x200005f0        0x8 build/PID.o
                0x200005f0                p_term
 .bss.gHuart    0x200005f8        0x4 build/retarget.o
                0x200005f8                gHuart
 .bss.__lock___malloc_recursive_mutex
                0x200005fc        0x1 c:/program files (x86)/gnu arm embedded toolchain/10 2020-q4-major/bin/../lib/gcc/arm-none-eabi/10.2.1/../../../../arm-none-eabi/lib/thumb/v7-m/nofp\libc_nano.a(lib_a-lock.o)
                0x200005fc                __lock___malloc_recursive_mutex
 .bss.__lock___sfp_recursive_mutex
                0x200005fd        0x1 c:/program files (x86)/gnu arm embedded toolchain/10 2020-q4-major/bin/../lib/gcc/arm-none-eabi/10.2.1/../../../../arm-none-eabi/lib/thumb/v7-m/nofp\libc_nano.a(lib_a-lock.o)
                0x200005fd                __lock___sfp_recursive_mutex
 .bss.__lock___sinit_recursive_mutex
                0x200005fe        0x1 c:/program files (x86)/gnu arm embedded toolchain/10 2020-q4-major/bin/../lib/gcc/arm-none-eabi/10.2.1/../../../../arm-none-eabi/lib/thumb/v7-m/nofp\libc_nano.a(lib_a-lock.o)
                0x200005fe                __lock___sinit_recursive_mutex
 *fill*         0x200005ff        0x1 
 .bss.__malloc_free_list
                0x20000600        0x4 c:/program files (x86)/gnu arm embedded toolchain/10 2020-q4-major/bin/../lib/gcc/arm-none-eabi/10.2.1/../../../../arm-none-eabi/lib/thumb/v7-m/nofp\libc_nano.a(lib_a-nano-mallocr.o)
                0x20000600                __malloc_free_list
 .bss.__malloc_sbrk_start
                0x20000604        0x4 c:/program files (x86)/gnu arm embedded toolchain/10 2020-q4-major/bin/../lib/gcc/arm-none-eabi/10.2.1/../../../../arm-none-eabi/lib/thumb/v7-m/nofp\libc_nano.a(lib_a-nano-mallocr.o)
                0x20000604                __malloc_sbrk_start
 .bss.errno     0x20000608        0x4 c:/program files (x86)/gnu arm embedded toolchain/10 2020-q4-major/bin/../lib/gcc/arm-none-eabi/10.2.1/../../../../arm-none-eabi/lib/thumb/v7-m/nofp\libc_nano.a(lib_a-reent.o)
                0x20000608                errno
 .bss.heap_end.0
                0x2000060c        0x4 c:/program files (x86)/gnu arm embedded toolchain/10 2020-q4-major/bin/../lib/gcc/arm-none-eabi/10.2.1/../../../../arm-none-eabi/lib/thumb/v7-m/nofp\libnosys.a(sbrk.o)
 *(COMMON)
                0x20000610                . = ALIGN (0x4)
                0x20000610                _ebss = .
                0x20000610                __bss_end__ = _ebss

._user_heap_stack
                0x20000610      0x600 load address 0x0800514c
                0x20000610                . = ALIGN (0x8)
                0x20000610                PROVIDE (end = .)
                [!provide]                PROVIDE (_end = .)
                0x20000810                . = (. + _Min_Heap_Size)
 *fill*         0x20000610      0x200 
                0x20000c10                . = (. + _Min_Stack_Size)
 *fill*         0x20000810      0x400 
                0x20000c10                . = ALIGN (0x8)

/DISCARD/
 libc.a(*)
 libm.a(*)
 libgcc.a(*)

.ARM.attributes
                0x00000000       0x29
 *(.ARM.attributes)
 .ARM.attributes
                0x00000000       0x1d c:/program files (x86)/gnu arm embedded toolchain/10 2020-q4-major/bin/../lib/gcc/arm-none-eabi/10.2.1/thumb/v7-m/nofp/crti.o
 .ARM.attributes
                0x0000001d       0x2d c:/program files (x86)/gnu arm embedded toolchain/10 2020-q4-major/bin/../lib/gcc/arm-none-eabi/10.2.1/thumb/v7-m/nofp/crtbegin.o
 .ARM.attributes
                0x0000004a       0x2d build/main.o
 .ARM.attributes
                0x00000077       0x2d build/gpio.o
 .ARM.attributes
                0x000000a4       0x2d build/dma.o
 .ARM.attributes
                0x000000d1       0x2d build/tim.o
 .ARM.attributes
                0x000000fe       0x2d build/usart.o
 .ARM.attributes
                0x0000012b       0x2d build/stm32f1xx_it.o
 .ARM.attributes
                0x00000158       0x2d build/stm32f1xx_hal_msp.o
 .ARM.attributes
                0x00000185       0x2d build/stm32f1xx_hal_tim.o
 .ARM.attributes
                0x000001b2       0x2d build/stm32f1xx_hal_tim_ex.o
 .ARM.attributes
                0x000001df       0x2d build/stm32f1xx_hal.o
 .ARM.attributes
                0x0000020c       0x2d build/stm32f1xx_hal_rcc.o
 .ARM.attributes
                0x00000239       0x2d build/stm32f1xx_hal_gpio.o
 .ARM.attributes
                0x00000266       0x2d build/stm32f1xx_hal_dma.o
 .ARM.attributes
                0x00000293       0x2d build/stm32f1xx_hal_cortex.o
 .ARM.attributes
                0x000002c0       0x2d build/stm32f1xx_hal_uart.o
 .ARM.attributes
                0x000002ed       0x2d build/PID.o
 .ARM.attributes
                0x0000031a       0x2d build/frame_resolve.o
 .ARM.attributes
                0x00000347       0x2d build/retarget.o
 .ARM.attributes
                0x00000374       0x2d build/system_stm32f1xx.o
 .ARM.attributes
                0x000003a1       0x21 build/startup_stm32f103xb.o
 .ARM.attributes
                0x000003c2       0x2d c:/program files (x86)/gnu arm embedded toolchain/10 2020-q4-major/bin/../lib/gcc/arm-none-eabi/10.2.1/../../../../arm-none-eabi/lib/thumb/v7-m/nofp\libc_nano.a(lib_a-errno.o)
 .ARM.attributes
                0x000003ef       0x2d c:/program files (x86)/gnu arm embedded toolchain/10 2020-q4-major/bin/../lib/gcc/arm-none-eabi/10.2.1/../../../../arm-none-eabi/lib/thumb/v7-m/nofp\libc_nano.a(lib_a-impure.o)
 .ARM.attributes
                0x0000041c       0x2d c:/program files (x86)/gnu arm embedded toolchain/10 2020-q4-major/bin/../lib/gcc/arm-none-eabi/10.2.1/../../../../arm-none-eabi/lib/thumb/v7-m/nofp\libc_nano.a(lib_a-init.o)
 .ARM.attributes
                0x00000449       0x2d c:/program files (x86)/gnu arm embedded toolchain/10 2020-q4-major/bin/../lib/gcc/arm-none-eabi/10.2.1/../../../../arm-none-eabi/lib/thumb/v7-m/nofp\libc_nano.a(lib_a-memset.o)
 .ARM.attributes
                0x00000476       0x2d c:/program files (x86)/gnu arm embedded toolchain/10 2020-q4-major/bin/../lib/gcc/arm-none-eabi/10.2.1/../../../../arm-none-eabi/lib/thumb/v7-m/nofp\libc_nano.a(lib_a-setvbuf.o)
 .ARM.attributes
                0x000004a3       0x2d c:/program files (x86)/gnu arm embedded toolchain/10 2020-q4-major/bin/../lib/gcc/arm-none-eabi/10.2.1/../../../../arm-none-eabi/lib/thumb/v7-m/nofp\libc_nano.a(lib_a-sprintf.o)
 .ARM.attributes
                0x000004d0       0x2d c:/program files (x86)/gnu arm embedded toolchain/10 2020-q4-major/bin/../lib/gcc/arm-none-eabi/10.2.1/../../../../arm-none-eabi/lib/thumb/v7-m/nofp\libc_nano.a(lib_a-fflush.o)
 .ARM.attributes
                0x000004fd       0x2d c:/program files (x86)/gnu arm embedded toolchain/10 2020-q4-major/bin/../lib/gcc/arm-none-eabi/10.2.1/../../../../arm-none-eabi/lib/thumb/v7-m/nofp\libc_nano.a(lib_a-findfp.o)
 .ARM.attributes
                0x0000052a       0x2d c:/program files (x86)/gnu arm embedded toolchain/10 2020-q4-major/bin/../lib/gcc/arm-none-eabi/10.2.1/../../../../arm-none-eabi/lib/thumb/v7-m/nofp\libc_nano.a(lib_a-fwalk.o)
 .ARM.attributes
                0x00000557       0x2d c:/program files (x86)/gnu arm embedded toolchain/10 2020-q4-major/bin/../lib/gcc/arm-none-eabi/10.2.1/../../../../arm-none-eabi/lib/thumb/v7-m/nofp\libc_nano.a(lib_a-lock.o)
 .ARM.attributes
                0x00000584       0x2d c:/program files (x86)/gnu arm embedded toolchain/10 2020-q4-major/bin/../lib/gcc/arm-none-eabi/10.2.1/../../../../arm-none-eabi/lib/thumb/v7-m/nofp\libc_nano.a(lib_a-makebuf.o)
 .ARM.attributes
                0x000005b1       0x2d c:/program files (x86)/gnu arm embedded toolchain/10 2020-q4-major/bin/../lib/gcc/arm-none-eabi/10.2.1/../../../../arm-none-eabi/lib/thumb/v7-m/nofp\libc_nano.a(lib_a-malloc.o)
 .ARM.attributes
                0x000005de       0x2d c:/program files (x86)/gnu arm embedded toolchain/10 2020-q4-major/bin/../lib/gcc/arm-none-eabi/10.2.1/../../../../arm-none-eabi/lib/thumb/v7-m/nofp\libc_nano.a(lib_a-nano-freer.o)
 .ARM.attributes
                0x0000060b       0x2d c:/program files (x86)/gnu arm embedded toolchain/10 2020-q4-major/bin/../lib/gcc/arm-none-eabi/10.2.1/../../../../arm-none-eabi/lib/thumb/v7-m/nofp\libc_nano.a(lib_a-nano-mallocr.o)
 .ARM.attributes
                0x00000638       0x2d c:/program files (x86)/gnu arm embedded toolchain/10 2020-q4-major/bin/../lib/gcc/arm-none-eabi/10.2.1/../../../../arm-none-eabi/lib/thumb/v7-m/nofp\libc_nano.a(lib_a-nano-svfprintf.o)
 .ARM.attributes
                0x00000665       0x2d c:/program files (x86)/gnu arm embedded toolchain/10 2020-q4-major/bin/../lib/gcc/arm-none-eabi/10.2.1/../../../../arm-none-eabi/lib/thumb/v7-m/nofp\libc_nano.a(lib_a-nano-vfprintf_i.o)
 .ARM.attributes
                0x00000692       0x2d c:/program files (x86)/gnu arm embedded toolchain/10 2020-q4-major/bin/../lib/gcc/arm-none-eabi/10.2.1/../../../../arm-none-eabi/lib/thumb/v7-m/nofp\libc_nano.a(lib_a-sbrkr.o)
 .ARM.attributes
                0x000006bf       0x2d c:/program files (x86)/gnu arm embedded toolchain/10 2020-q4-major/bin/../lib/gcc/arm-none-eabi/10.2.1/../../../../arm-none-eabi/lib/thumb/v7-m/nofp\libc_nano.a(lib_a-stdio.o)
 .ARM.attributes
                0x000006ec       0x2d c:/program files (x86)/gnu arm embedded toolchain/10 2020-q4-major/bin/../lib/gcc/arm-none-eabi/10.2.1/../../../../arm-none-eabi/lib/thumb/v7-m/nofp\libc_nano.a(lib_a-writer.o)
 .ARM.attributes
                0x00000719       0x2d c:/program files (x86)/gnu arm embedded toolchain/10 2020-q4-major/bin/../lib/gcc/arm-none-eabi/10.2.1/../../../../arm-none-eabi/lib/thumb/v7-m/nofp\libc_nano.a(lib_a-closer.o)
 .ARM.attributes
                0x00000746       0x2d c:/program files (x86)/gnu arm embedded toolchain/10 2020-q4-major/bin/../lib/gcc/arm-none-eabi/10.2.1/../../../../arm-none-eabi/lib/thumb/v7-m/nofp\libc_nano.a(lib_a-fstatr.o)
 .ARM.attributes
                0x00000773       0x2d c:/program files (x86)/gnu arm embedded toolchain/10 2020-q4-major/bin/../lib/gcc/arm-none-eabi/10.2.1/../../../../arm-none-eabi/lib/thumb/v7-m/nofp\libc_nano.a(lib_a-lseekr.o)
 .ARM.attributes
                0x000007a0       0x2d c:/program files (x86)/gnu arm embedded toolchain/10 2020-q4-major/bin/../lib/gcc/arm-none-eabi/10.2.1/../../../../arm-none-eabi/lib/thumb/v7-m/nofp\libc_nano.a(lib_a-memchr-stub.o)
 .ARM.attributes
                0x000007cd       0x2d c:/program files (x86)/gnu arm embedded toolchain/10 2020-q4-major/bin/../lib/gcc/arm-none-eabi/10.2.1/../../../../arm-none-eabi/lib/thumb/v7-m/nofp\libc_nano.a(lib_a-memcpy-stub.o)
 .ARM.attributes
                0x000007fa       0x2d c:/program files (x86)/gnu arm embedded toolchain/10 2020-q4-major/bin/../lib/gcc/arm-none-eabi/10.2.1/../../../../arm-none-eabi/lib/thumb/v7-m/nofp\libc_nano.a(lib_a-memmove.o)
 .ARM.attributes
                0x00000827       0x2d c:/program files (x86)/gnu arm embedded toolchain/10 2020-q4-major/bin/../lib/gcc/arm-none-eabi/10.2.1/../../../../arm-none-eabi/lib/thumb/v7-m/nofp\libc_nano.a(lib_a-mlock.o)
 .ARM.attributes
                0x00000854       0x2d c:/program files (x86)/gnu arm embedded toolchain/10 2020-q4-major/bin/../lib/gcc/arm-none-eabi/10.2.1/../../../../arm-none-eabi/lib/thumb/v7-m/nofp\libc_nano.a(lib_a-nano-reallocr.o)
 .ARM.attributes
                0x00000881       0x2d c:/program files (x86)/gnu arm embedded toolchain/10 2020-q4-major/bin/../lib/gcc/arm-none-eabi/10.2.1/../../../../arm-none-eabi/lib/thumb/v7-m/nofp\libc_nano.a(lib_a-readr.o)
 .ARM.attributes
                0x000008ae       0x2d c:/program files (x86)/gnu arm embedded toolchain/10 2020-q4-major/bin/../lib/gcc/arm-none-eabi/10.2.1/../../../../arm-none-eabi/lib/thumb/v7-m/nofp\libc_nano.a(lib_a-reent.o)
 .ARM.attributes
                0x000008db       0x2d c:/program files (x86)/gnu arm embedded toolchain/10 2020-q4-major/bin/../lib/gcc/arm-none-eabi/10.2.1/../../../../arm-none-eabi/lib/thumb/v7-m/nofp\libc_nano.a(lib_a-nano-msizer.o)
 .ARM.attributes
                0x00000908       0x2d c:/program files (x86)/gnu arm embedded toolchain/10 2020-q4-major/bin/../lib/gcc/arm-none-eabi/10.2.1/../../../../arm-none-eabi/lib/thumb/v7-m/nofp\libm.a(lib_a-s_round.o)
 .ARM.attributes
                0x00000935       0x2d c:/program files (x86)/gnu arm embedded toolchain/10 2020-q4-major/bin/../lib/gcc/arm-none-eabi/10.2.1/../../../../arm-none-eabi/lib/thumb/v7-m/nofp\libnosys.a(sbrk.o)
 .ARM.attributes
                0x00000962       0x1d c:/program files (x86)/gnu arm embedded toolchain/10 2020-q4-major/bin/../lib/gcc/arm-none-eabi/10.2.1/thumb/v7-m/nofp\libgcc.a(_arm_mulsf3.o)
 .ARM.attributes
                0x0000097f       0x1d c:/program files (x86)/gnu arm embedded toolchain/10 2020-q4-major/bin/../lib/gcc/arm-none-eabi/10.2.1/thumb/v7-m/nofp\libgcc.a(_arm_addsubdf3.o)
 .ARM.attributes
                0x0000099c       0x1d c:/program files (x86)/gnu arm embedded toolchain/10 2020-q4-major/bin/../lib/gcc/arm-none-eabi/10.2.1/thumb/v7-m/nofp\libgcc.a(_arm_muldivdf3.o)
 .ARM.attributes
                0x000009b9       0x1d c:/program files (x86)/gnu arm embedded toolchain/10 2020-q4-major/bin/../lib/gcc/arm-none-eabi/10.2.1/thumb/v7-m/nofp\libgcc.a(_arm_cmpdf2.o)
 .ARM.attributes
                0x000009d6       0x1d c:/program files (x86)/gnu arm embedded toolchain/10 2020-q4-major/bin/../lib/gcc/arm-none-eabi/10.2.1/thumb/v7-m/nofp\libgcc.a(_arm_fixunsdfsi.o)
 .ARM.attributes
                0x000009f3       0x1d c:/program files (x86)/gnu arm embedded toolchain/10 2020-q4-major/bin/../lib/gcc/arm-none-eabi/10.2.1/thumb/v7-m/nofp\libgcc.a(_arm_truncdfsf2.o)
 .ARM.attributes
                0x00000a10       0x1d c:/program files (x86)/gnu arm embedded toolchain/10 2020-q4-major/bin/../lib/gcc/arm-none-eabi/10.2.1/thumb/v7-m/nofp\libgcc.a(_arm_addsubsf3.o)
 .ARM.attributes
                0x00000a2d       0x1d c:/program files (x86)/gnu arm embedded toolchain/10 2020-q4-major/bin/../lib/gcc/arm-none-eabi/10.2.1/thumb/v7-m/nofp\libgcc.a(_arm_cmpsf2.o)
 .ARM.attributes
                0x00000a4a       0x1d c:/program files (x86)/gnu arm embedded toolchain/10 2020-q4-major/bin/../lib/gcc/arm-none-eabi/10.2.1/thumb/v7-m/nofp/crtn.o
OUTPUT(build/base_control_f103.elf elf32-littlearm)
LOAD linker stubs
LOAD c:/program files (x86)/gnu arm embedded toolchain/10 2020-q4-major/bin/../lib/gcc/arm-none-eabi/10.2.1/../../../../arm-none-eabi/lib/thumb/v7-m/nofp\libc.a
LOAD c:/program files (x86)/gnu arm embedded toolchain/10 2020-q4-major/bin/../lib/gcc/arm-none-eabi/10.2.1/../../../../arm-none-eabi/lib/thumb/v7-m/nofp\libm.a
LOAD c:/program files (x86)/gnu arm embedded toolchain/10 2020-q4-major/bin/../lib/gcc/arm-none-eabi/10.2.1/thumb/v7-m/nofp\libgcc.a

.debug_info     0x00000000    0x1149a
 .debug_info    0x00000000     0x1587 build/main.o
 .debug_info    0x00001587      0x384 build/gpio.o
 .debug_info    0x0000190b      0x345 build/dma.o
 .debug_info    0x00001c50     0x1285 build/tim.o
 .debug_info    0x00002ed5      0xb31 build/usart.o
 .debug_info    0x00003a06      0xb28 build/stm32f1xx_it.o
 .debug_info    0x0000452e      0x238 build/stm32f1xx_hal_msp.o
 .debug_info    0x00004766     0x3df8 build/stm32f1xx_hal_tim.o
 .debug_info    0x0000855e     0x1b67 build/stm32f1xx_hal_tim_ex.o
 .debug_info    0x0000a0c5      0x855 build/stm32f1xx_hal.o
 .debug_info    0x0000a91a      0xaec build/stm32f1xx_hal_rcc.o
 .debug_info    0x0000b406      0x6d7 build/stm32f1xx_hal_gpio.o
 .debug_info    0x0000badd      0x8bb build/stm32f1xx_hal_dma.o
 .debug_info    0x0000c398      0xe2d build/stm32f1xx_hal_cortex.o
 .debug_info    0x0000d1c5     0x1e12 build/stm32f1xx_hal_uart.o
 .debug_info    0x0000efd7      0xafe build/PID.o
 .debug_info    0x0000fad5      0x2f3 build/frame_resolve.o
 .debug_info    0x0000fdc8     0x1442 build/retarget.o
 .debug_info    0x0001120a      0x26e build/system_stm32f1xx.o
 .debug_info    0x00011478       0x22 build/startup_stm32f103xb.o

.debug_abbrev   0x00000000     0x2704
 .debug_abbrev  0x00000000      0x2c1 build/main.o
 .debug_abbrev  0x000002c1      0x13f build/gpio.o
 .debug_abbrev  0x00000400      0x117 build/dma.o
 .debug_abbrev  0x00000517      0x27c build/tim.o
 .debug_abbrev  0x00000793      0x1e1 build/usart.o
 .debug_abbrev  0x00000974      0x198 build/stm32f1xx_it.o
 .debug_abbrev  0x00000b0c       0xe7 build/stm32f1xx_hal_msp.o
 .debug_abbrev  0x00000bf3      0x296 build/stm32f1xx_hal_tim.o
 .debug_abbrev  0x00000e89      0x298 build/stm32f1xx_hal_tim_ex.o
 .debug_abbrev  0x00001121      0x1f7 build/stm32f1xx_hal.o
 .debug_abbrev  0x00001318      0x29a build/stm32f1xx_hal_rcc.o
 .debug_abbrev  0x000015b2      0x222 build/stm32f1xx_hal_gpio.o
 .debug_abbrev  0x000017d4      0x244 build/stm32f1xx_hal_dma.o
 .debug_abbrev  0x00001a18      0x359 build/stm32f1xx_hal_cortex.o
 .debug_abbrev  0x00001d71      0x2ab build/stm32f1xx_hal_uart.o
 .debug_abbrev  0x0000201c      0x1fd build/PID.o
 .debug_abbrev  0x00002219      0x103 build/frame_resolve.o
 .debug_abbrev  0x0000231c      0x296 build/retarget.o
 .debug_abbrev  0x000025b2      0x140 build/system_stm32f1xx.o
 .debug_abbrev  0x000026f2       0x12 build/startup_stm32f103xb.o

.debug_loc      0x00000000     0xcf59
 .debug_loc     0x00000000      0x14d build/main.o
 .debug_loc     0x0000014d       0x38 build/gpio.o
 .debug_loc     0x00000185       0x38 build/dma.o
 .debug_loc     0x000001bd      0x3a3 build/tim.o
 .debug_loc     0x00000560       0xf5 build/usart.o
 .debug_loc     0x00000655       0xc0 build/stm32f1xx_it.o
 .debug_loc     0x00000715       0x41 build/stm32f1xx_hal_msp.o
 .debug_loc     0x00000756     0x530c build/stm32f1xx_hal_tim.o
 .debug_loc     0x00005a62     0x1f3e build/stm32f1xx_hal_tim_ex.o
 .debug_loc     0x000079a0      0x1e1 build/stm32f1xx_hal.o
 .debug_loc     0x00007b81      0x7ee build/stm32f1xx_hal_rcc.o
 .debug_loc     0x0000836f      0x551 build/stm32f1xx_hal_gpio.o
 .debug_loc     0x000088c0      0x901 build/stm32f1xx_hal_dma.o
 .debug_loc     0x000091c1      0x77f build/stm32f1xx_hal_cortex.o
 .debug_loc     0x00009940     0x267b build/stm32f1xx_hal_uart.o
 .debug_loc     0x0000bfbb      0x772 build/PID.o
 .debug_loc     0x0000c72d      0x2c4 build/frame_resolve.o
 .debug_loc     0x0000c9f1      0x469 build/retarget.o
 .debug_loc     0x0000ce5a       0xff build/system_stm32f1xx.o

.debug_aranges  0x00000000      0xd28
 .debug_aranges
                0x00000000       0x48 build/main.o
 .debug_aranges
                0x00000048       0x20 build/gpio.o
 .debug_aranges
                0x00000068       0x20 build/dma.o
 .debug_aranges
                0x00000088       0x70 build/tim.o
 .debug_aranges
                0x000000f8       0x30 build/usart.o
 .debug_aranges
                0x00000128       0x88 build/stm32f1xx_it.o
 .debug_aranges
                0x000001b0       0x20 build/stm32f1xx_hal_msp.o
 .debug_aranges
                0x000001d0      0x3d0 build/stm32f1xx_hal_tim.o
 .debug_aranges
                0x000005a0      0x168 build/stm32f1xx_hal_tim_ex.o
 .debug_aranges
                0x00000708       0xe0 build/stm32f1xx_hal.o
 .debug_aranges
                0x000007e8       0x90 build/stm32f1xx_hal_rcc.o
 .debug_aranges
                0x00000878       0x58 build/stm32f1xx_hal_gpio.o
 .debug_aranges
                0x000008d0       0x80 build/stm32f1xx_hal_dma.o
 .debug_aranges
                0x00000950       0x90 build/stm32f1xx_hal_cortex.o
 .debug_aranges
                0x000009e0      0x200 build/stm32f1xx_hal_uart.o
 .debug_aranges
                0x00000be0       0x70 build/PID.o
 .debug_aranges
                0x00000c50       0x38 build/frame_resolve.o
 .debug_aranges
                0x00000c88       0x50 build/retarget.o
 .debug_aranges
                0x00000cd8       0x28 build/system_stm32f1xx.o
 .debug_aranges
                0x00000d00       0x28 build/startup_stm32f103xb.o

.debug_ranges   0x00000000      0xc70
 .debug_ranges  0x00000000       0x38 build/main.o
 .debug_ranges  0x00000038       0x10 build/gpio.o
 .debug_ranges  0x00000048       0x10 build/dma.o
 .debug_ranges  0x00000058       0x60 build/tim.o
 .debug_ranges  0x000000b8       0x20 build/usart.o
 .debug_ranges  0x000000d8       0x78 build/stm32f1xx_it.o
 .debug_ranges  0x00000150       0x10 build/stm32f1xx_hal_msp.o
 .debug_ranges  0x00000160      0x3c0 build/stm32f1xx_hal_tim.o
 .debug_ranges  0x00000520      0x158 build/stm32f1xx_hal_tim_ex.o
 .debug_ranges  0x00000678       0xd0 build/stm32f1xx_hal.o
 .debug_ranges  0x00000748       0xa0 build/stm32f1xx_hal_rcc.o
 .debug_ranges  0x000007e8       0x48 build/stm32f1xx_hal_gpio.o
 .debug_ranges  0x00000830       0x70 build/stm32f1xx_hal_dma.o
 .debug_ranges  0x000008a0       0xe0 build/stm32f1xx_hal_cortex.o
 .debug_ranges  0x00000980      0x1f0 build/stm32f1xx_hal_uart.o
 .debug_ranges  0x00000b70       0x60 build/PID.o
 .debug_ranges  0x00000bd0       0x28 build/frame_resolve.o
 .debug_ranges  0x00000bf8       0x40 build/retarget.o
 .debug_ranges  0x00000c38       0x18 build/system_stm32f1xx.o
 .debug_ranges  0x00000c50       0x20 build/startup_stm32f103xb.o

.debug_line     0x00000000     0xd255
 .debug_line    0x00000000      0x541 build/main.o
 .debug_line    0x00000541      0x1fe build/gpio.o
 .debug_line    0x0000073f      0x1a5 build/dma.o
 .debug_line    0x000008e4      0x68d build/tim.o
 .debug_line    0x00000f71      0x3ba build/usart.o
 .debug_line    0x0000132b      0x36b build/stm32f1xx_it.o
 .debug_line    0x00001696      0x181 build/stm32f1xx_hal_msp.o
 .debug_line    0x00001817     0x4664 build/stm32f1xx_hal_tim.o
 .debug_line    0x00005e7b     0x1b62 build/stm32f1xx_hal_tim_ex.o
 .debug_line    0x000079dd      0x532 build/stm32f1xx_hal.o
 .debug_line    0x00007f0f      0xc30 build/stm32f1xx_hal_rcc.o
 .debug_line    0x00008b3f      0x5e7 build/stm32f1xx_hal_gpio.o
 .debug_line    0x00009126      0xa57 build/stm32f1xx_hal_dma.o
 .debug_line    0x00009b7d      0x63d build/stm32f1xx_hal_cortex.o
 .debug_line    0x0000a1ba     0x20bf build/stm32f1xx_hal_uart.o
 .debug_line    0x0000c279      0x5bd build/PID.o
 .debug_line    0x0000c836      0x2ea build/frame_resolve.o
 .debug_line    0x0000cb20      0x476 build/retarget.o
 .debug_line    0x0000cf96      0x24a build/system_stm32f1xx.o
 .debug_line    0x0000d1e0       0x75 build/startup_stm32f103xb.o

.debug_str      0x00000000     0x4089
 .debug_str     0x00000000      0xca1 build/main.o
                                0xdd2 (size before relaxing)
 .debug_str     0x00000ca1       0xbe build/gpio.o
                                0x261 (size before relaxing)
 .debug_str     0x00000d5f      0x30c build/dma.o
                                0x4c4 (size before relaxing)
 .debug_str     0x0000106b      0x328 build/tim.o
                                0xd8e (size before relaxing)
 .debug_str     0x00001393       0x88 build/usart.o
                                0x9c7 (size before relaxing)
 .debug_str     0x0000141b      0x159 build/stm32f1xx_it.o
                                0x999 (size before relaxing)
 .debug_str     0x00001574       0x57 build/stm32f1xx_hal_msp.o
                                0x203 (size before relaxing)
 .debug_str     0x000015cb      0xcae build/stm32f1xx_hal_tim.o
                               0x161c (size before relaxing)
 .debug_str     0x00002279      0x521 build/stm32f1xx_hal_tim_ex.o
                                0xe1d (size before relaxing)
 .debug_str     0x0000279a      0x2fd build/stm32f1xx_hal.o
                                0x808 (size before relaxing)
 .debug_str     0x00002a97      0x1fe build/stm32f1xx_hal_rcc.o
                                0x60f (size before relaxing)
 .debug_str     0x00002c95      0x117 build/stm32f1xx_hal_gpio.o
                                0x3e4 (size before relaxing)
 .debug_str     0x00002dac      0x1db build/stm32f1xx_hal_dma.o
                                0x5e1 (size before relaxing)
 .debug_str     0x00002f87      0x39b build/stm32f1xx_hal_cortex.o
                                0x8b7 (size before relaxing)
 .debug_str     0x00003322      0x585 build/stm32f1xx_hal_uart.o
                                0xc72 (size before relaxing)
 .debug_str     0x000038a7      0x22b build/PID.o
                                0x55f (size before relaxing)
 .debug_str     0x00003ad2       0x6c build/frame_resolve.o
                                0x212 (size before relaxing)
 .debug_str     0x00003b3e      0x4d8 build/retarget.o
                                0xaf7 (size before relaxing)
 .debug_str     0x00004016       0x4f build/system_stm32f1xx.o
                                0x238 (size before relaxing)
 .debug_str     0x00004065       0x24 build/startup_stm32f103xb.o
                                 0x57 (size before relaxing)

.comment        0x00000000       0x4d
 .comment       0x00000000       0x4d build/main.o
                                 0x4e (size before relaxing)
 .comment       0x0000004d       0x4e build/gpio.o
 .comment       0x0000004d       0x4e build/dma.o
 .comment       0x0000004d       0x4e build/tim.o
 .comment       0x0000004d       0x4e build/usart.o
 .comment       0x0000004d       0x4e build/stm32f1xx_it.o
 .comment       0x0000004d       0x4e build/stm32f1xx_hal_msp.o
 .comment       0x0000004d       0x4e build/stm32f1xx_hal_tim.o
 .comment       0x0000004d       0x4e build/stm32f1xx_hal_tim_ex.o
 .comment       0x0000004d       0x4e build/stm32f1xx_hal.o
 .comment       0x0000004d       0x4e build/stm32f1xx_hal_rcc.o
 .comment       0x0000004d       0x4e build/stm32f1xx_hal_gpio.o
 .comment       0x0000004d       0x4e build/stm32f1xx_hal_dma.o
 .comment       0x0000004d       0x4e build/stm32f1xx_hal_cortex.o
 .comment       0x0000004d       0x4e build/stm32f1xx_hal_uart.o
 .comment       0x0000004d       0x4e build/PID.o
 .comment       0x0000004d       0x4e build/frame_resolve.o
 .comment       0x0000004d       0x4e build/retarget.o
 .comment       0x0000004d       0x4e build/system_stm32f1xx.o

.debug_frame    0x00000000     0x2e64
 .debug_frame   0x00000000       0xa4 build/main.o
 .debug_frame   0x000000a4       0x38 build/gpio.o
 .debug_frame   0x000000dc       0x2c build/dma.o
 .debug_frame   0x00000108      0x144 build/tim.o
 .debug_frame   0x0000024c       0x64 build/usart.o
 .debug_frame   0x000002b0      0x120 build/stm32f1xx_it.o
 .debug_frame   0x000003d0       0x28 build/stm32f1xx_hal_msp.o
 .debug_frame   0x000003f8      0xb18 build/stm32f1xx_hal_tim.o
 .debug_frame   0x00000f10      0x40c build/stm32f1xx_hal_tim_ex.o
 .debug_frame   0x0000131c      0x1cc build/stm32f1xx_hal.o
 .debug_frame   0x000014e8      0x190 build/stm32f1xx_hal_rcc.o
 .debug_frame   0x00001678       0xe4 build/stm32f1xx_hal_gpio.o
 .debug_frame   0x0000175c      0x144 build/stm32f1xx_hal_dma.o
 .debug_frame   0x000018a0      0x118 build/stm32f1xx_hal_cortex.o
 .debug_frame   0x000019b8      0x5c4 build/stm32f1xx_hal_uart.o
 .debug_frame   0x00001f7c      0x16c build/PID.o
 .debug_frame   0x000020e8       0x7c build/frame_resolve.o
 .debug_frame   0x00002164       0xb8 build/retarget.o
 .debug_frame   0x0000221c       0x30 build/system_stm32f1xx.o
 .debug_frame   0x0000224c       0x20 c:/program files (x86)/gnu arm embedded toolchain/10 2020-q4-major/bin/../lib/gcc/arm-none-eabi/10.2.1/../../../../arm-none-eabi/lib/thumb/v7-m/nofp\libc_nano.a(lib_a-errno.o)
 .debug_frame   0x0000226c       0x2c c:/program files (x86)/gnu arm embedded toolchain/10 2020-q4-major/bin/../lib/gcc/arm-none-eabi/10.2.1/../../../../arm-none-eabi/lib/thumb/v7-m/nofp\libc_nano.a(lib_a-init.o)
 .debug_frame   0x00002298       0x20 c:/program files (x86)/gnu arm embedded toolchain/10 2020-q4-major/bin/../lib/gcc/arm-none-eabi/10.2.1/../../../../arm-none-eabi/lib/thumb/v7-m/nofp\libc_nano.a(lib_a-memset.o)
 .debug_frame   0x000022b8       0x38 c:/program files (x86)/gnu arm embedded toolchain/10 2020-q4-major/bin/../lib/gcc/arm-none-eabi/10.2.1/../../../../arm-none-eabi/lib/thumb/v7-m/nofp\libc_nano.a(lib_a-setvbuf.o)
 .debug_frame   0x000022f0       0x6c c:/program files (x86)/gnu arm embedded toolchain/10 2020-q4-major/bin/../lib/gcc/arm-none-eabi/10.2.1/../../../../arm-none-eabi/lib/thumb/v7-m/nofp\libc_nano.a(lib_a-sprintf.o)
 .debug_frame   0x0000235c       0x5c c:/program files (x86)/gnu arm embedded toolchain/10 2020-q4-major/bin/../lib/gcc/arm-none-eabi/10.2.1/../../../../arm-none-eabi/lib/thumb/v7-m/nofp\libc_nano.a(lib_a-fflush.o)
 .debug_frame   0x000023b8      0x14c c:/program files (x86)/gnu arm embedded toolchain/10 2020-q4-major/bin/../lib/gcc/arm-none-eabi/10.2.1/../../../../arm-none-eabi/lib/thumb/v7-m/nofp\libc_nano.a(lib_a-findfp.o)
 .debug_frame   0x00002504       0x54 c:/program files (x86)/gnu arm embedded toolchain/10 2020-q4-major/bin/../lib/gcc/arm-none-eabi/10.2.1/../../../../arm-none-eabi/lib/thumb/v7-m/nofp\libc_nano.a(lib_a-fwalk.o)
 .debug_frame   0x00002558       0xb0 c:/program files (x86)/gnu arm embedded toolchain/10 2020-q4-major/bin/../lib/gcc/arm-none-eabi/10.2.1/../../../../arm-none-eabi/lib/thumb/v7-m/nofp\libc_nano.a(lib_a-lock.o)
 .debug_frame   0x00002608       0x58 c:/program files (x86)/gnu arm embedded toolchain/10 2020-q4-major/bin/../lib/gcc/arm-none-eabi/10.2.1/../../../../arm-none-eabi/lib/thumb/v7-m/nofp\libc_nano.a(lib_a-makebuf.o)
 .debug_frame   0x00002660       0x30 c:/program files (x86)/gnu arm embedded toolchain/10 2020-q4-major/bin/../lib/gcc/arm-none-eabi/10.2.1/../../../../arm-none-eabi/lib/thumb/v7-m/nofp\libc_nano.a(lib_a-malloc.o)
 .debug_frame   0x00002690       0x38 c:/program files (x86)/gnu arm embedded toolchain/10 2020-q4-major/bin/../lib/gcc/arm-none-eabi/10.2.1/../../../../arm-none-eabi/lib/thumb/v7-m/nofp\libc_nano.a(lib_a-nano-freer.o)
 .debug_frame   0x000026c8       0x30 c:/program files (x86)/gnu arm embedded toolchain/10 2020-q4-major/bin/../lib/gcc/arm-none-eabi/10.2.1/../../../../arm-none-eabi/lib/thumb/v7-m/nofp\libc_nano.a(lib_a-nano-mallocr.o)
 .debug_frame   0x000026f8       0x90 c:/program files (x86)/gnu arm embedded toolchain/10 2020-q4-major/bin/../lib/gcc/arm-none-eabi/10.2.1/../../../../arm-none-eabi/lib/thumb/v7-m/nofp\libc_nano.a(lib_a-nano-svfprintf.o)
 .debug_frame   0x00002788       0x60 c:/program files (x86)/gnu arm embedded toolchain/10 2020-q4-major/bin/../lib/gcc/arm-none-eabi/10.2.1/../../../../arm-none-eabi/lib/thumb/v7-m/nofp\libc_nano.a(lib_a-nano-vfprintf_i.o)
 .debug_frame   0x000027e8       0x2c c:/program files (x86)/gnu arm embedded toolchain/10 2020-q4-major/bin/../lib/gcc/arm-none-eabi/10.2.1/../../../../arm-none-eabi/lib/thumb/v7-m/nofp\libc_nano.a(lib_a-sbrkr.o)
 .debug_frame   0x00002814       0x88 c:/program files (x86)/gnu arm embedded toolchain/10 2020-q4-major/bin/../lib/gcc/arm-none-eabi/10.2.1/../../../../arm-none-eabi/lib/thumb/v7-m/nofp\libc_nano.a(lib_a-stdio.o)
 .debug_frame   0x0000289c       0x2c c:/program files (x86)/gnu arm embedded toolchain/10 2020-q4-major/bin/../lib/gcc/arm-none-eabi/10.2.1/../../../../arm-none-eabi/lib/thumb/v7-m/nofp\libc_nano.a(lib_a-writer.o)
 .debug_frame   0x000028c8       0x2c c:/program files (x86)/gnu arm embedded toolchain/10 2020-q4-major/bin/../lib/gcc/arm-none-eabi/10.2.1/../../../../arm-none-eabi/lib/thumb/v7-m/nofp\libc_nano.a(lib_a-closer.o)
 .debug_frame   0x000028f4       0x2c c:/program files (x86)/gnu arm embedded toolchain/10 2020-q4-major/bin/../lib/gcc/arm-none-eabi/10.2.1/../../../../arm-none-eabi/lib/thumb/v7-m/nofp\libc_nano.a(lib_a-fstatr.o)
 .debug_frame   0x00002920       0x2c c:/program files (x86)/gnu arm embedded toolchain/10 2020-q4-major/bin/../lib/gcc/arm-none-eabi/10.2.1/../../../../arm-none-eabi/lib/thumb/v7-m/nofp\libc_nano.a(lib_a-lseekr.o)
 .debug_frame   0x0000294c       0x28 c:/program files (x86)/gnu arm embedded toolchain/10 2020-q4-major/bin/../lib/gcc/arm-none-eabi/10.2.1/../../../../arm-none-eabi/lib/thumb/v7-m/nofp\libc_nano.a(lib_a-memchr-stub.o)
 .debug_frame   0x00002974       0x28 c:/program files (x86)/gnu arm embedded toolchain/10 2020-q4-major/bin/../lib/gcc/arm-none-eabi/10.2.1/../../../../arm-none-eabi/lib/thumb/v7-m/nofp\libc_nano.a(lib_a-memcpy-stub.o)
 .debug_frame   0x0000299c       0x28 c:/program files (x86)/gnu arm embedded toolchain/10 2020-q4-major/bin/../lib/gcc/arm-none-eabi/10.2.1/../../../../arm-none-eabi/lib/thumb/v7-m/nofp\libc_nano.a(lib_a-memmove.o)
 .debug_frame   0x000029c4       0x30 c:/program files (x86)/gnu arm embedded toolchain/10 2020-q4-major/bin/../lib/gcc/arm-none-eabi/10.2.1/../../../../arm-none-eabi/lib/thumb/v7-m/nofp\libc_nano.a(lib_a-mlock.o)
 .debug_frame   0x000029f4       0x3c c:/program files (x86)/gnu arm embedded toolchain/10 2020-q4-major/bin/../lib/gcc/arm-none-eabi/10.2.1/../../../../arm-none-eabi/lib/thumb/v7-m/nofp\libc_nano.a(lib_a-nano-reallocr.o)
 .debug_frame   0x00002a30       0x2c c:/program files (x86)/gnu arm embedded toolchain/10 2020-q4-major/bin/../lib/gcc/arm-none-eabi/10.2.1/../../../../arm-none-eabi/lib/thumb/v7-m/nofp\libc_nano.a(lib_a-readr.o)
 .debug_frame   0x00002a5c       0x5c c:/program files (x86)/gnu arm embedded toolchain/10 2020-q4-major/bin/../lib/gcc/arm-none-eabi/10.2.1/../../../../arm-none-eabi/lib/thumb/v7-m/nofp\libc_nano.a(lib_a-reent.o)
 .debug_frame   0x00002ab8       0x20 c:/program files (x86)/gnu arm embedded toolchain/10 2020-q4-major/bin/../lib/gcc/arm-none-eabi/10.2.1/../../../../arm-none-eabi/lib/thumb/v7-m/nofp\libc_nano.a(lib_a-nano-msizer.o)
 .debug_frame   0x00002ad8       0x2c c:/program files (x86)/gnu arm embedded toolchain/10 2020-q4-major/bin/../lib/gcc/arm-none-eabi/10.2.1/../../../../arm-none-eabi/lib/thumb/v7-m/nofp\libm.a(lib_a-s_round.o)
 .debug_frame   0x00002b04       0x20 c:/program files (x86)/gnu arm embedded toolchain/10 2020-q4-major/bin/../lib/gcc/arm-none-eabi/10.2.1/../../../../arm-none-eabi/lib/thumb/v7-m/nofp\libnosys.a(sbrk.o)
 .debug_frame   0x00002b24       0x24 c:/program files (x86)/gnu arm embedded toolchain/10 2020-q4-major/bin/../lib/gcc/arm-none-eabi/10.2.1/thumb/v7-m/nofp\libgcc.a(_arm_mulsf3.o)
 .debug_frame   0x00002b48       0xac c:/program files (x86)/gnu arm embedded toolchain/10 2020-q4-major/bin/../lib/gcc/arm-none-eabi/10.2.1/thumb/v7-m/nofp\libgcc.a(_arm_addsubdf3.o)
 .debug_frame   0x00002bf4       0x50 c:/program files (x86)/gnu arm embedded toolchain/10 2020-q4-major/bin/../lib/gcc/arm-none-eabi/10.2.1/thumb/v7-m/nofp\libgcc.a(_arm_muldivdf3.o)
 .debug_frame   0x00002c44       0xc4 c:/program files (x86)/gnu arm embedded toolchain/10 2020-q4-major/bin/../lib/gcc/arm-none-eabi/10.2.1/thumb/v7-m/nofp\libgcc.a(_arm_cmpdf2.o)
 .debug_frame   0x00002d08       0x24 c:/program files (x86)/gnu arm embedded toolchain/10 2020-q4-major/bin/../lib/gcc/arm-none-eabi/10.2.1/thumb/v7-m/nofp\libgcc.a(_arm_fixunsdfsi.o)
 .debug_frame   0x00002d2c       0x24 c:/program files (x86)/gnu arm embedded toolchain/10 2020-q4-major/bin/../lib/gcc/arm-none-eabi/10.2.1/thumb/v7-m/nofp\libgcc.a(_arm_truncdfsf2.o)
 .debug_frame   0x00002d50       0x4c c:/program files (x86)/gnu arm embedded toolchain/10 2020-q4-major/bin/../lib/gcc/arm-none-eabi/10.2.1/thumb/v7-m/nofp\libgcc.a(_arm_addsubsf3.o)
 .debug_frame   0x00002d9c       0xc8 c:/program files (x86)/gnu arm embedded toolchain/10 2020-q4-major/bin/../lib/gcc/arm-none-eabi/10.2.1/thumb/v7-m/nofp\libgcc.a(_arm_cmpsf2.o)

Cross Reference Table

Symbol                                            File
ADC1_2_IRQHandler                                 build/startup_stm32f103xb.o
AHBPrescTable                                     build/system_stm32f1xx.o
                                                  build/stm32f1xx_hal_rcc.o
APBPrescTable                                     build/system_stm32f1xx.o
                                                  build/stm32f1xx_hal_rcc.o
BusFault_Handler                                  build/stm32f1xx_it.o
CAN1_RX1_IRQHandler                               build/startup_stm32f103xb.o
CAN1_SCE_IRQHandler                               build/startup_stm32f103xb.o
DMA1_Channel1_IRQHandler                          build/startup_stm32f103xb.o
DMA1_Channel2_IRQHandler                          build/startup_stm32f103xb.o
DMA1_Channel3_IRQHandler                          build/startup_stm32f103xb.o
DMA1_Channel4_IRQHandler                          build/stm32f1xx_it.o
DMA1_Channel5_IRQHandler                          build/stm32f1xx_it.o
DMA1_Channel6_IRQHandler                          build/startup_stm32f103xb.o
DMA1_Channel7_IRQHandler                          build/startup_stm32f103xb.o
DebugMon_Handler                                  build/stm32f1xx_it.o
Default_Handler                                   build/startup_stm32f103xb.o
EXTI0_IRQHandler                                  build/startup_stm32f103xb.o
EXTI15_10_IRQHandler                              build/startup_stm32f103xb.o
EXTI1_IRQHandler                                  build/startup_stm32f103xb.o
EXTI2_IRQHandler                                  build/startup_stm32f103xb.o
EXTI3_IRQHandler                                  build/startup_stm32f103xb.o
EXTI4_IRQHandler                                  build/startup_stm32f103xb.o
EXTI9_5_IRQHandler                                build/startup_stm32f103xb.o
Error_Handler                                     build/main.o
                                                  build/usart.o
                                                  build/tim.o
FLASH_IRQHandler                                  build/startup_stm32f103xb.o
FLASH_PageErase                                   build/stm32f1xx_hal_flash_ex.o
                                                  build/stm32f1xx_hal_flash.o
FLASH_WaitForLastOperation                        build/stm32f1xx_hal_flash.o
                                                  build/stm32f1xx_hal_flash_ex.o
HAL_DBGMCU_DisableDBGSleepMode                    build/stm32f1xx_hal.o
HAL_DBGMCU_DisableDBGStandbyMode                  build/stm32f1xx_hal.o
HAL_DBGMCU_DisableDBGStopMode                     build/stm32f1xx_hal.o
HAL_DBGMCU_EnableDBGSleepMode                     build/stm32f1xx_hal.o
HAL_DBGMCU_EnableDBGStandbyMode                   build/stm32f1xx_hal.o
HAL_DBGMCU_EnableDBGStopMode                      build/stm32f1xx_hal.o
HAL_DMA_Abort                                     build/stm32f1xx_hal_dma.o
                                                  build/stm32f1xx_hal_uart.o
HAL_DMA_Abort_IT                                  build/stm32f1xx_hal_dma.o
                                                  build/stm32f1xx_hal_uart.o
                                                  build/stm32f1xx_hal_tim_ex.o
                                                  build/stm32f1xx_hal_tim.o
HAL_DMA_DeInit                                    build/stm32f1xx_hal_dma.o
                                                  build/usart.o
HAL_DMA_GetError                                  build/stm32f1xx_hal_dma.o
                                                  build/stm32f1xx_hal_uart.o
HAL_DMA_GetState                                  build/stm32f1xx_hal_dma.o
HAL_DMA_IRQHandler                                build/stm32f1xx_hal_dma.o
                                                  build/stm32f1xx_it.o
HAL_DMA_Init                                      build/stm32f1xx_hal_dma.o
                                                  build/usart.o
HAL_DMA_PollForTransfer                           build/stm32f1xx_hal_dma.o
HAL_DMA_RegisterCallback                          build/stm32f1xx_hal_dma.o
HAL_DMA_Start                                     build/stm32f1xx_hal_dma.o
HAL_DMA_Start_IT                                  build/stm32f1xx_hal_dma.o
                                                  build/stm32f1xx_hal_uart.o
                                                  build/stm32f1xx_hal_tim_ex.o
                                                  build/stm32f1xx_hal_tim.o
HAL_DMA_UnRegisterCallback                        build/stm32f1xx_hal_dma.o
HAL_DeInit                                        build/stm32f1xx_hal.o
HAL_Delay                                         build/stm32f1xx_hal.o
HAL_EXTI_ClearConfigLine                          build/stm32f1xx_hal_exti.o
HAL_EXTI_ClearPending                             build/stm32f1xx_hal_exti.o
HAL_EXTI_GenerateSWI                              build/stm32f1xx_hal_exti.o
HAL_EXTI_GetConfigLine                            build/stm32f1xx_hal_exti.o
HAL_EXTI_GetHandle                                build/stm32f1xx_hal_exti.o
HAL_EXTI_GetPending                               build/stm32f1xx_hal_exti.o
HAL_EXTI_IRQHandler                               build/stm32f1xx_hal_exti.o
HAL_EXTI_RegisterCallback                         build/stm32f1xx_hal_exti.o
HAL_EXTI_SetConfigLine                            build/stm32f1xx_hal_exti.o
HAL_FLASHEx_Erase                                 build/stm32f1xx_hal_flash_ex.o
HAL_FLASHEx_Erase_IT                              build/stm32f1xx_hal_flash_ex.o
HAL_FLASHEx_OBErase                               build/stm32f1xx_hal_flash_ex.o
HAL_FLASHEx_OBGetConfig                           build/stm32f1xx_hal_flash_ex.o
HAL_FLASHEx_OBGetUserData                         build/stm32f1xx_hal_flash_ex.o
HAL_FLASHEx_OBProgram                             build/stm32f1xx_hal_flash_ex.o
HAL_FLASH_EndOfOperationCallback                  build/stm32f1xx_hal_flash.o
HAL_FLASH_GetError                                build/stm32f1xx_hal_flash.o
HAL_FLASH_IRQHandler                              build/stm32f1xx_hal_flash.o
HAL_FLASH_Lock                                    build/stm32f1xx_hal_flash.o
HAL_FLASH_OB_Launch                               build/stm32f1xx_hal_flash.o
HAL_FLASH_OB_Lock                                 build/stm32f1xx_hal_flash.o
HAL_FLASH_OB_Unlock                               build/stm32f1xx_hal_flash.o
HAL_FLASH_OperationErrorCallback                  build/stm32f1xx_hal_flash.o