Archive member included to satisfy reference by file (symbol)

/usr/lib/gcc/arm-none-eabi/9.2.1/../../../arm-none-eabi/lib/thumb/v7-m/nofp/libc_nano.a(lib_a-atexit.o)
                              /usr/lib/gcc/arm-none-eabi/9.2.1/../../../arm-none-eabi/lib/thumb/v7-m/nofp/crt0.o (atexit)
/usr/lib/gcc/arm-none-eabi/9.2.1/../../../arm-none-eabi/lib/thumb/v7-m/nofp/libc_nano.a(lib_a-errno.o)
                              build/retarget.o (__errno)
/usr/lib/gcc/arm-none-eabi/9.2.1/../../../arm-none-eabi/lib/thumb/v7-m/nofp/libc_nano.a(lib_a-exit.o)
                              /usr/lib/gcc/arm-none-eabi/9.2.1/../../../arm-none-eabi/lib/thumb/v7-m/nofp/crt0.o (exit)
/usr/lib/gcc/arm-none-eabi/9.2.1/../../../arm-none-eabi/lib/thumb/v7-m/nofp/libc_nano.a(lib_a-fini.o)
                              /usr/lib/gcc/arm-none-eabi/9.2.1/../../../arm-none-eabi/lib/thumb/v7-m/nofp/crt0.o (__libc_fini_array)
/usr/lib/gcc/arm-none-eabi/9.2.1/../../../arm-none-eabi/lib/thumb/v7-m/nofp/libc_nano.a(lib_a-impure.o)
                              /usr/lib/gcc/arm-none-eabi/9.2.1/../../../arm-none-eabi/lib/thumb/v7-m/nofp/libc_nano.a(lib_a-exit.o) (_global_impure_ptr)
/usr/lib/gcc/arm-none-eabi/9.2.1/../../../arm-none-eabi/lib/thumb/v7-m/nofp/libc_nano.a(lib_a-init.o)
                              /usr/lib/gcc/arm-none-eabi/9.2.1/../../../arm-none-eabi/lib/thumb/v7-m/nofp/crt0.o (__libc_init_array)
/usr/lib/gcc/arm-none-eabi/9.2.1/../../../arm-none-eabi/lib/thumb/v7-m/nofp/libc_nano.a(lib_a-memset.o)
                              /usr/lib/gcc/arm-none-eabi/9.2.1/../../../arm-none-eabi/lib/thumb/v7-m/nofp/crt0.o (memset)
/usr/lib/gcc/arm-none-eabi/9.2.1/../../../arm-none-eabi/lib/thumb/v7-m/nofp/libc_nano.a(lib_a-nano-vfprintf_float.o)
                              (_printf_float)
/usr/lib/gcc/arm-none-eabi/9.2.1/../../../arm-none-eabi/lib/thumb/v7-m/nofp/libc_nano.a(lib_a-nano-vfprintf_i.o)
                              /usr/lib/gcc/arm-none-eabi/9.2.1/../../../arm-none-eabi/lib/thumb/v7-m/nofp/libc_nano.a(lib_a-nano-vfprintf_float.o) (_printf_common)
/usr/lib/gcc/arm-none-eabi/9.2.1/../../../arm-none-eabi/lib/thumb/v7-m/nofp/libc_nano.a(lib_a-setvbuf.o)
                              build/retarget.o (setvbuf)
/usr/lib/gcc/arm-none-eabi/9.2.1/../../../arm-none-eabi/lib/thumb/v7-m/nofp/libc_nano.a(lib_a-strlen-stub.o)
                              /usr/lib/gcc/arm-none-eabi/9.2.1/../../../arm-none-eabi/lib/thumb/v7-m/nofp/libc_nano.a(lib_a-nano-vfprintf_float.o) (strlen)
/usr/lib/gcc/arm-none-eabi/9.2.1/../../../arm-none-eabi/lib/thumb/v7-m/nofp/libc_nano.a(lib_a-__atexit.o)
                              /usr/lib/gcc/arm-none-eabi/9.2.1/../../../arm-none-eabi/lib/thumb/v7-m/nofp/libc_nano.a(lib_a-atexit.o) (__register_exitproc)
/usr/lib/gcc/arm-none-eabi/9.2.1/../../../arm-none-eabi/lib/thumb/v7-m/nofp/libc_nano.a(lib_a-__call_atexit.o)
                              /usr/lib/gcc/arm-none-eabi/9.2.1/../../../arm-none-eabi/lib/thumb/v7-m/nofp/libc_nano.a(lib_a-__atexit.o) (__call_exitprocs)
/usr/lib/gcc/arm-none-eabi/9.2.1/../../../arm-none-eabi/lib/thumb/v7-m/nofp/libc_nano.a(lib_a-dtoa.o)
                              /usr/lib/gcc/arm-none-eabi/9.2.1/../../../arm-none-eabi/lib/thumb/v7-m/nofp/libc_nano.a(lib_a-nano-vfprintf_float.o) (_dtoa_r)
/usr/lib/gcc/arm-none-eabi/9.2.1/../../../arm-none-eabi/lib/thumb/v7-m/nofp/libc_nano.a(lib_a-fflush.o)
                              /usr/lib/gcc/arm-none-eabi/9.2.1/../../../arm-none-eabi/lib/thumb/v7-m/nofp/libc_nano.a(lib_a-setvbuf.o) (_fflush_r)
/usr/lib/gcc/arm-none-eabi/9.2.1/../../../arm-none-eabi/lib/thumb/v7-m/nofp/libc_nano.a(lib_a-findfp.o)
                              /usr/lib/gcc/arm-none-eabi/9.2.1/../../../arm-none-eabi/lib/thumb/v7-m/nofp/libc_nano.a(lib_a-setvbuf.o) (__sinit)
/usr/lib/gcc/arm-none-eabi/9.2.1/../../../arm-none-eabi/lib/thumb/v7-m/nofp/libc_nano.a(lib_a-fwalk.o)
                              /usr/lib/gcc/arm-none-eabi/9.2.1/../../../arm-none-eabi/lib/thumb/v7-m/nofp/libc_nano.a(lib_a-findfp.o) (_fwalk)
/usr/lib/gcc/arm-none-eabi/9.2.1/../../../arm-none-eabi/lib/thumb/v7-m/nofp/libc_nano.a(lib_a-localeconv.o)
                              /usr/lib/gcc/arm-none-eabi/9.2.1/../../../arm-none-eabi/lib/thumb/v7-m/nofp/libc_nano.a(lib_a-nano-vfprintf_float.o) (_localeconv_r)
/usr/lib/gcc/arm-none-eabi/9.2.1/../../../arm-none-eabi/lib/thumb/v7-m/nofp/libc_nano.a(lib_a-makebuf.o)
                              /usr/lib/gcc/arm-none-eabi/9.2.1/../../../arm-none-eabi/lib/thumb/v7-m/nofp/libc_nano.a(lib_a-setvbuf.o) (__swhatbuf_r)
/usr/lib/gcc/arm-none-eabi/9.2.1/../../../arm-none-eabi/lib/thumb/v7-m/nofp/libc_nano.a(lib_a-malloc.o)
                              /usr/lib/gcc/arm-none-eabi/9.2.1/../../../arm-none-eabi/lib/thumb/v7-m/nofp/libc_nano.a(lib_a-setvbuf.o) (malloc)
/usr/lib/gcc/arm-none-eabi/9.2.1/../../../arm-none-eabi/lib/thumb/v7-m/nofp/libc_nano.a(lib_a-memchr-stub.o)
[...]
Memory Configuration

Name             Origin             Length             Attributes
RAM              0x0000000020000000 0x0000000000005000 xrw
FLASH            0x0000000008000000 0x0000000000010000 xr
*default*        0x0000000000000000 0xffffffffffffffff

Linker script and memory map

LOAD /usr/lib/gcc/arm-none-eabi/9.2.1/thumb/v7-m/nofp/crti.o
LOAD /usr/lib/gcc/arm-none-eabi/9.2.1/thumb/v7-m/nofp/crtbegin.o
LOAD /usr/lib/gcc/arm-none-eabi/9.2.1/../../../arm-none-eabi/lib/thumb/v7-m/nofp/crt0.o
LOAD build/main.o
LOAD build/gpio.o
LOAD build/dma.o
LOAD build/tim.o
LOAD build/usart.o
LOAD build/stm32f1xx_it.o
LOAD build/stm32f1xx_hal_msp.o
LOAD build/stm32f1xx_hal_gpio_ex.o
LOAD build/stm32f1xx_hal_tim.o
LOAD build/stm32f1xx_hal_tim_ex.o
LOAD build/stm32f1xx_hal.o
LOAD build/stm32f1xx_hal_rcc.o
LOAD build/stm32f1xx_hal_rcc_ex.o
LOAD build/stm32f1xx_hal_gpio.o
LOAD build/stm32f1xx_hal_dma.o
LOAD build/stm32f1xx_hal_cortex.o
LOAD build/stm32f1xx_hal_pwr.o
LOAD build/stm32f1xx_hal_flash.o
LOAD build/stm32f1xx_hal_flash_ex.o
LOAD build/stm32f1xx_hal_exti.o
LOAD build/stm32f1xx_hal_uart.o
LOAD build/system_stm32f1xx.o
LOAD build/PID.o
LOAD build/frame_resolve.o
LOAD build/retarget.o
LOAD build/startup_stm32f103xb.o
LOAD /usr/lib/gcc/arm-none-eabi/9.2.1/../../../arm-none-eabi/lib/thumb/v7-m/nofp/libc_nano.a
LOAD /usr/lib/gcc/arm-none-eabi/9.2.1/../../../arm-none-eabi/lib/thumb/v7-m/nofp/libm.a
LOAD /usr/lib/gcc/arm-none-eabi/9.2.1/../../../arm-none-eabi/lib/thumb/v7-m/nofp/libnosys.a
START GROUP
LOAD /usr/lib/gcc/arm-none-eabi/9.2.1/thumb/v7-m/nofp/libgcc.a
LOAD /usr/lib/gcc/arm-none-eabi/9.2.1/../../../arm-none-eabi/lib/thumb/v7-m/nofp/libc_nano.a
END GROUP
START GROUP
LOAD /usr/lib/gcc/arm-none-eabi/9.2.1/thumb/v7-m/nofp/libgcc.a
LOAD /usr/lib/gcc/arm-none-eabi/9.2.1/../../../arm-none-eabi/lib/thumb/v7-m/nofp/libc_nano.a
END GROUP
LOAD /usr/lib/gcc/arm-none-eabi/9.2.1/thumb/v7-m/nofp/crtend.o
LOAD /usr/lib/gcc/arm-none-eabi/9.2.1/thumb/v7-m/nofp/crtn.o
                0x0000000020005000                _estack = 0x20005000
                0x0000000000000200                _Min_Heap_Size = 0x200
                0x0000000000000400                _Min_Stack_Size = 0x400

.isr_vector     0x0000000008000000      0x10c
                0x0000000008000000                . = ALIGN (0x4)
 *(.isr_vector)
 .isr_vector    0x0000000008000000      0x10c build/startup_stm32f103xb.o
                0x0000000008000000                g_pfnVectors
                0x000000000800010c                . = ALIGN (0x4)

.text           0x0000000008000110     0x7e64
                0x0000000008000110                . = ALIGN (0x4)
 *(.text)
 .text          0x0000000008000110       0x88 /usr/lib/gcc/arm-none-eabi/9.2.1/thumb/v7-m/nofp/crtbegin.o
 .text          0x0000000008000198        0xc /usr/lib/gcc/arm-none-eabi/9.2.1/../../../arm-none-eabi/lib/thumb/v7-m/nofp/libc_nano.a(lib_a-errno.o)
                0x0000000008000198                __errno
 .text          0x00000000080001a4       0x48 /usr/lib/gcc/arm-none-eabi/9.2.1/../../../arm-none-eabi/lib/thumb/v7-m/nofp/libc_nano.a(lib_a-init.o)
                0x00000000080001a4                __libc_init_array
 .text          0x00000000080001ec       0xa0 /usr/lib/gcc/arm-none-eabi/9.2.1/../../../arm-none-eabi/lib/thumb/v7-m/nofp/libc_nano.a(lib_a-memset.o)
                0x00000000080001ec                memset
 .text          0x000000000800028c      0x6e0 /usr/lib/gcc/arm-none-eabi/9.2.1/../../../arm-none-eabi/lib/thumb/v7-m/nofp/libc_nano.a(lib_a-nano-vfprintf_float.o)
                0x000000000800028c                __cvt
                0x0000000008000380                __exponent
                0x0000000008000410                _printf_float
 .text          0x000000000800096c      0x3bc /usr/lib/gcc/arm-none-eabi/9.2.1/../../../arm-none-eabi/lib/thumb/v7-m/nofp/libc_nano.a(lib_a-nano-vfprintf_i.o)
                0x000000000800096c                _printf_common
                0x0000000008000a94                _printf_i
 .text          0x0000000008000d28      0x178 /usr/lib/gcc/arm-none-eabi/9.2.1/../../../arm-none-eabi/lib/thumb/v7-m/nofp/libc_nano.a(lib_a-setvbuf.o)
                0x0000000008000d28                setvbuf
 .text          0x0000000008000ea0       0x5c /usr/lib/gcc/arm-none-eabi/9.2.1/../../../arm-none-eabi/lib/thumb/v7-m/nofp/libc_nano.a(lib_a-strlen-stub.o)
                0x0000000008000ea0                strlen
 *fill*         0x0000000008000efc        0x4 
 .text          0x0000000008000f00     0x1048 /usr/lib/gcc/arm-none-eabi/9.2.1/../../../arm-none-eabi/lib/thumb/v7-m/nofp/libc_nano.a(lib_a-dtoa.o)
                0x000000000800102c                _dtoa_r
 .text          0x0000000008001f48      0x1b0 /usr/lib/gcc/arm-none-eabi/9.2.1/../../../arm-none-eabi/lib/thumb/v7-m/nofp/libc_nano.a(lib_a-fflush.o)
                0x0000000008001f48                __sflush_r
                0x0000000008002074                _fflush_r
                0x00000000080020d4                fflush
 .text          0x00000000080020f8      0x210 /usr/lib/gcc/arm-none-eabi/9.2.1/../../../arm-none-eabi/lib/thumb/v7-m/nofp/libc_nano.a(lib_a-findfp.o)
                0x00000000080020fc                _cleanup_r
                0x000000000800210c                __sfmoreglue
                0x000000000800213c                __sfp
                0x00000000080022b4                _cleanup
                0x00000000080022c8                __sinit
                0x00000000080022d0                __sfp_lock_acquire
                0x00000000080022d4                __sfp_lock_release
                0x00000000080022d8                __sinit_lock_acquire
                0x00000000080022dc                __sinit_lock_release
                0x00000000080022e0                __fp_lock_all
                0x00000000080022f4                __fp_unlock_all
 .text          0x0000000008002308       0x98 /usr/lib/gcc/arm-none-eabi/9.2.1/../../../arm-none-eabi/lib/thumb/v7-m/nofp/libc_nano.a(lib_a-fwalk.o)
                0x0000000008002308                _fwalk
                0x0000000008002350                _fwalk_reent
 .text          0x00000000080023a0       0x14 /usr/lib/gcc/arm-none-eabi/9.2.1/../../../arm-none-eabi/lib/thumb/v7-m/nofp/libc_nano.a(lib_a-localeconv.o)
                0x00000000080023a0                __localeconv_l
                0x00000000080023a4                _localeconv_r
                0x00000000080023ac                localeconv
 .text          0x00000000080023b4       0xf0 /usr/lib/gcc/arm-none-eabi/9.2.1/../../../arm-none-eabi/lib/thumb/v7-m/nofp/libc_nano.a(lib_a-makebuf.o)
                0x00000000080023b4                __swhatbuf_r
                0x0000000008002410                __smakebuf_r
 .text          0x00000000080024a4       0x20 /usr/lib/gcc/arm-none-eabi/9.2.1/../../../arm-none-eabi/lib/thumb/v7-m/nofp/libc_nano.a(lib_a-malloc.o)
                0x00000000080024a4                malloc
                0x00000000080024b4                free
 .text          0x00000000080024c4       0x8c /usr/lib/gcc/arm-none-eabi/9.2.1/../../../arm-none-eabi/lib/thumb/v7-m/nofp/libc_nano.a(lib_a-memchr-stub.o)
                0x00000000080024c4                memchr
 .text          0x0000000008002550       0xec /usr/lib/gcc/arm-none-eabi/9.2.1/../../../arm-none-eabi/lib/thumb/v7-m/nofp/libc_nano.a(lib_a-memcpy.o)
                0x0000000008002550                memcpy
 .text          0x000000000800263c      0xa08 /usr/lib/gcc/arm-none-eabi/9.2.1/../../../arm-none-eabi/lib/thumb/v7-m/nofp/libc_nano.a(lib_a-mprec.o)
                0x000000000800263c                _Balloc
                0x00000000080026bc                _Bfree
                0x0000000008002708                __multadd
                0x00000000080027a8                __s2b
                0x0000000008002854                __hi0bits
                0x0000000008002894                __lo0bits
                0x00000000080028f4                __i2b
                0x0000000008002920                __multiply
                0x0000000008002a6c                __pow5mult
                0x0000000008002b30                __lshift
                0x0000000008002bf8                __mcmp
                0x0000000008002c30                __mdiff
                0x0000000008002d58                __ulp
                0x0000000008002d98                __b2d
                0x0000000008002e54                __d2b
                0x0000000008002f18                __ratio
                0x0000000008002f70                _mprec_log10
                0x0000000008002fa8                __copybits
                0x0000000008002ff0                __any_on
 .text          0x0000000008003044       0x1c /usr/lib/gcc/arm-none-eabi/9.2.1/../../../arm-none-eabi/lib/thumb/v7-m/nofp/libc_nano.a(lib_a-nano-callocr.o)
                0x0000000008003044                _calloc_r
 .text          0x0000000008003060       0xa8 /usr/lib/gcc/arm-none-eabi/9.2.1/../../../arm-none-eabi/lib/thumb/v7-m/nofp/libc_nano.a(lib_a-nano-freer.o)
                0x0000000008003060                _free_r
 .text          0x0000000008003108       0xc8 /usr/lib/gcc/arm-none-eabi/9.2.1/../../../arm-none-eabi/lib/thumb/v7-m/nofp/libc_nano.a(lib_a-nano-mallocr.o)
                0x0000000008003108                _malloc_r
 .text          0x00000000080031d0       0x24 /usr/lib/gcc/arm-none-eabi/9.2.1/../../../arm-none-eabi/lib/thumb/v7-m/nofp/libc_nano.a(lib_a-sbrkr.o)
                0x00000000080031d0                _sbrk_r
 .text          0x00000000080031f4       0x90 /usr/lib/gcc/arm-none-eabi/9.2.1/../../../arm-none-eabi/lib/thumb/v7-m/nofp/libc_nano.a(lib_a-stdio.o)
                0x00000000080031f4                __sread
                0x0000000008003218                __seofread
                0x000000000800321c                __swrite
                0x000000000800325c                __sseek
                0x000000000800327c                __sclose
 .text          0x0000000008003284       0x2c /usr/lib/gcc/arm-none-eabi/9.2.1/../../../arm-none-eabi/lib/thumb/v7-m/nofp/libc_nano.a(lib_a-writer.o)
                0x0000000008003284                _write_r
 .text          0x00000000080032b0       0x48 /usr/lib/gcc/arm-none-eabi/9.2.1/../../../arm-none-eabi/lib/thumb/v7-m/nofp/libc_nano.a(lib_a-assert.o)
                0x00000000080032b0                __assert_func
                0x00000000080032ec                __assert
 .text          0x00000000080032f8       0x24 /usr/lib/gcc/arm-none-eabi/9.2.1/../../../arm-none-eabi/lib/thumb/v7-m/nofp/libc_nano.a(lib_a-closer.o)
                0x00000000080032f8                _close_r
 .text          0x000000000800331c       0x48 /usr/lib/gcc/arm-none-eabi/9.2.1/../../../arm-none-eabi/lib/thumb/v7-m/nofp/libc_nano.a(lib_a-fprintf.o)
                0x000000000800331c                _fprintf_r
                0x000000000800331c                _fiprintf_r
                0x000000000800333c                fprintf
                0x000000000800333c                fiprintf
 .text          0x0000000008003364       0x28 /usr/lib/gcc/arm-none-eabi/9.2.1/../../../arm-none-eabi/lib/thumb/v7-m/nofp/libc_nano.a(lib_a-fstatr.o)
                0x0000000008003364                _fstat_r
 .text          0x000000000800338c       0x24 /usr/lib/gcc/arm-none-eabi/9.2.1/../../../arm-none-eabi/lib/thumb/v7-m/nofp/libc_nano.a(lib_a-isattyr.o)
                0x000000000800338c                _isatty_r
 .text          0x00000000080033b0       0x2c /usr/lib/gcc/arm-none-eabi/9.2.1/../../../arm-none-eabi/lib/thumb/v7-m/nofp/libc_nano.a(lib_a-lseekr.o)
                0x00000000080033b0                _lseek_r
 .text          0x00000000080033dc       0x40 /usr/lib/gcc/arm-none-eabi/9.2.1/../../../arm-none-eabi/lib/thumb/v7-m/nofp/libc_nano.a(lib_a-mbtowc_r.o)
                0x00000000080033dc                _mbtowc_r
                0x00000000080033f0                __ascii_mbtowc
 .text          0x000000000800341c        0x8 /usr/lib/gcc/arm-none-eabi/9.2.1/../../../arm-none-eabi/lib/thumb/v7-m/nofp/libc_nano.a(lib_a-mlock.o)
                0x000000000800341c                __malloc_lock
                0x0000000008003420                __malloc_unlock
 .text          0x0000000008003424      0x364 /usr/lib/gcc/arm-none-eabi/9.2.1/../../../arm-none-eabi/lib/thumb/v7-m/nofp/libc_nano.a(lib_a-nano-vfprintf.o)
                0x000000000800345c                __sfputs_r
                0x000000000800348c                __sprint_r
                0x00000000080034a8                _vfiprintf_r
                0x00000000080034a8                _vfprintf_r
                0x0000000008003770                vfiprintf
                0x0000000008003770                vfprintf
 .text          0x0000000008003788       0x2c /usr/lib/gcc/arm-none-eabi/9.2.1/../../../arm-none-eabi/lib/thumb/v7-m/nofp/libc_nano.a(lib_a-readr.o)
                0x0000000008003788                _read_r
 .text          0x00000000080037b4       0xc0 /usr/lib/gcc/arm-none-eabi/9.2.1/../../../arm-none-eabi/lib/thumb/v7-m/nofp/libc_nano.a(lib_a-wbuf.o)
                0x00000000080037b4                __swbuf_r
                0x0000000008003864                __swbuf
 .text          0x0000000008003874       0x30 /usr/lib/gcc/arm-none-eabi/9.2.1/../../../arm-none-eabi/lib/thumb/v7-m/nofp/libc_nano.a(lib_a-wctomb_r.o)
                0x0000000008003874                _wctomb_r
                0x0000000008003888                __ascii_wctomb
 .text          0x00000000080038a4      0x100 /usr/lib/gcc/arm-none-eabi/9.2.1/../../../arm-none-eabi/lib/thumb/v7-m/nofp/libc_nano.a(lib_a-wsetup.o)
                0x00000000080038a4                __swsetup_r
 .text          0x00000000080039a4       0x10 /usr/lib/gcc/arm-none-eabi/9.2.1/../../../arm-none-eabi/lib/thumb/v7-m/nofp/libc_nano.a(lib_a-abort.o)
                0x00000000080039a4                abort
 .text          0x00000000080039b4      0x300 /usr/lib/gcc/arm-none-eabi/9.2.1/../../../arm-none-eabi/lib/thumb/v7-m/nofp/libc_nano.a(lib_a-fvwrite.o)
                0x00000000080039b4                __sfvwrite_r
 .text          0x0000000008003cb4       0xcc /usr/lib/gcc/arm-none-eabi/9.2.1/../../../arm-none-eabi/lib/thumb/v7-m/nofp/libc_nano.a(lib_a-memmove.o)
                0x0000000008003cb4                memmove
 .text          0x0000000008003d80       0x4c /usr/lib/gcc/arm-none-eabi/9.2.1/../../../arm-none-eabi/lib/thumb/v7-m/nofp/libc_nano.a(lib_a-nano-reallocr.o)
                0x0000000008003d80                _realloc_r
 .text          0x0000000008003dcc      0x150 /usr/lib/gcc/arm-none-eabi/9.2.1/../../../arm-none-eabi/lib/thumb/v7-m/nofp/libc_nano.a(lib_a-signal.o)
                0x0000000008003df4                _init_signal_r
                0x0000000008003e00                _signal_r
                0x0000000008003e34                _raise_r
                0x0000000008003e88                __sigtramp_r
                0x0000000008003ed8                raise
                0x0000000008003ee8                signal
                0x0000000008003ef8                _init_signal
                0x0000000008003f0c                __sigtramp
 .text          0x0000000008003f1c       0x2c /usr/lib/gcc/arm-none-eabi/9.2.1/../../../arm-none-eabi/lib/thumb/v7-m/nofp/libc_nano.a(lib_a-signalr.o)
                0x0000000008003f1c                _kill_r
                0x0000000008003f44                _getpid_r
 .text          0x0000000008003f48       0x10 /usr/lib/gcc/arm-none-eabi/9.2.1/../../../arm-none-eabi/lib/thumb/v7-m/nofp/libc_nano.a(lib_a-nano-msizer.o)
                0x0000000008003f48                _malloc_usable_size_r
 .text          0x0000000008003f58       0x90 /usr/lib/gcc/arm-none-eabi/9.2.1/../../../arm-none-eabi/lib/thumb/v7-m/nofp/libm.a(lib_a-s_round.o)
                0x0000000008003f58                round
 .text          0x0000000008003fe8       0x10 /usr/lib/gcc/arm-none-eabi/9.2.1/../../../arm-none-eabi/lib/thumb/v7-m/nofp/libnosys.a(getpid.o)
                0x0000000008003fe8                _getpid
 .text          0x0000000008003ff8       0x10 /usr/lib/gcc/arm-none-eabi/9.2.1/../../../arm-none-eabi/lib/thumb/v7-m/nofp/libnosys.a(kill.o)
                0x0000000008003ff8                _kill
 .text          0x0000000008004008       0x1c /usr/lib/gcc/arm-none-eabi/9.2.1/../../../arm-none-eabi/lib/thumb/v7-m/nofp/libnosys.a(sbrk.o)
                0x0000000008004008                _sbrk
 .text          0x0000000008004024        0x4 /usr/lib/gcc/arm-none-eabi/9.2.1/../../../arm-none-eabi/lib/thumb/v7-m/nofp/libnosys.a(_exit.o)
                0x0000000008004024                _exit
 .text          0x0000000008004028      0x378 /usr/lib/gcc/arm-none-eabi/9.2.1/thumb/v7-m/nofp/libgcc.a(_arm_addsubdf3.o)
                0x0000000008004028                __aeabi_drsub
                0x0000000008004030                __aeabi_dsub
                0x0000000008004030                __subdf3
                0x0000000008004034                __adddf3
                0x0000000008004034                __aeabi_dadd
                0x00000000080042ac                __aeabi_ui2d
                0x00000000080042ac                __floatunsidf
                0x00000000080042cc                __floatsidf
                0x00000000080042cc                __aeabi_i2d
                0x00000000080042f0                __extendsfdf2
                0x00000000080042f0                __aeabi_f2d
                0x0000000008004334                __aeabi_ul2d
                0x0000000008004334                __floatundidf
                0x0000000008004344                __floatdidf
                0x0000000008004344                __aeabi_l2d
 .text          0x00000000080043a0      0x424 /usr/lib/gcc/arm-none-eabi/9.2.1/thumb/v7-m/nofp/libgcc.a(_arm_muldivdf3.o)
                0x00000000080043a0                __aeabi_dmul
                0x00000000080043a0                __muldf3
                0x00000000080045f4                __aeabi_ddiv
                0x00000000080045f4                __divdf3
 .text          0x00000000080047c4      0x110 /usr/lib/gcc/arm-none-eabi/9.2.1/thumb/v7-m/nofp/libgcc.a(_arm_cmpdf2.o)
                0x00000000080047c4                __gtdf2
                0x00000000080047c4                __gedf2
                0x00000000080047cc                __ltdf2
                0x00000000080047cc                __ledf2
                0x00000000080047d4                __cmpdf2
                0x00000000080047d4                __eqdf2
                0x00000000080047d4                __nedf2
                0x0000000008004850                __aeabi_cdrcmple
                0x0000000008004860                __aeabi_cdcmple
                0x0000000008004860                __aeabi_cdcmpeq
                0x0000000008004870                __aeabi_dcmpeq
                0x0000000008004884                __aeabi_dcmplt
                0x0000000008004898                __aeabi_dcmple
                0x00000000080048ac                __aeabi_dcmpge
                0x00000000080048c0                __aeabi_dcmpgt
 .text          0x00000000080048d4       0x2c /usr/lib/gcc/arm-none-eabi/9.2.1/thumb/v7-m/nofp/libgcc.a(_arm_unorddf2.o)
                0x00000000080048d4                __aeabi_dcmpun
                0x00000000080048d4                __unorddf2
 .text          0x0000000008004900       0x50 /usr/lib/gcc/arm-none-eabi/9.2.1/thumb/v7-m/nofp/libgcc.a(_arm_fixdfsi.o)
                0x0000000008004900                __fixdfsi
                0x0000000008004900                __aeabi_d2iz
 .text          0x0000000008004950       0x40 /usr/lib/gcc/arm-none-eabi/9.2.1/thumb/v7-m/nofp/libgcc.a(_arm_fixunsdfsi.o)
                0x0000000008004950                __fixunsdfsi
                0x0000000008004950                __aeabi_d2uiz
 .text          0x0000000008004990       0xa0 /usr/lib/gcc/arm-none-eabi/9.2.1/thumb/v7-m/nofp/libgcc.a(_arm_truncdfsf2.o)
                0x0000000008004990                __aeabi_d2f
                0x0000000008004990                __truncdfsf2
 .text          0x0000000008004a30      0x21c /usr/lib/gcc/arm-none-eabi/9.2.1/thumb/v7-m/nofp/libgcc.a(_arm_addsubsf3.o)
                0x0000000008004a30                __aeabi_frsub
                0x0000000008004a38                __subsf3
                0x0000000008004a38                __aeabi_fsub
                0x0000000008004a3c                __aeabi_fadd
                0x0000000008004a3c                __addsf3
                0x0000000008004b9c                __aeabi_ui2f
                0x0000000008004b9c                __floatunsisf
                0x0000000008004ba4                __aeabi_i2f
                0x0000000008004ba4                __floatsisf
                0x0000000008004bc0                __floatundisf
                0x0000000008004bc0                __aeabi_ul2f
                0x0000000008004bd0                __floatdisf
                0x0000000008004bd0                __aeabi_l2f
 .text          0x0000000008004c4c      0x2a0 /usr/lib/gcc/arm-none-eabi/9.2.1/thumb/v7-m/nofp/libgcc.a(_arm_muldivsf3.o)
                0x0000000008004c4c                __mulsf3
                0x0000000008004c4c                __aeabi_fmul
                0x0000000008004db4                __divsf3
                0x0000000008004db4                __aeabi_fdiv
 .text          0x0000000008004eec       0xec /usr/lib/gcc/arm-none-eabi/9.2.1/thumb/v7-m/nofp/libgcc.a(_arm_cmpsf2.o)
                0x0000000008004eec                __gtsf2
                0x0000000008004eec                __gesf2
                0x0000000008004ef4                __lesf2
                0x0000000008004ef4                __ltsf2
                0x0000000008004efc                __nesf2
                0x0000000008004efc                __eqsf2
                0x0000000008004efc                __cmpsf2
                0x0000000008004f5c                __aeabi_cfrcmple
                0x0000000008004f64                __aeabi_cfcmple
                0x0000000008004f64                __aeabi_cfcmpeq
                0x0000000008004f74                __aeabi_fcmpeq
                0x0000000008004f88                __aeabi_fcmplt
                0x0000000008004f9c                __aeabi_fcmple
                0x0000000008004fb0                __aeabi_fcmpge
                0x0000000008004fc4                __aeabi_fcmpgt
 *(.text*)
 .text.HAL_TIM_PeriodElapsedCallback
                0x0000000008004fd8       0x54 build/main.o
                0x0000000008004fd8                HAL_TIM_PeriodElapsedCallback
 .text.HAL_UART_RxCpltCallback
                0x000000000800502c       0x88 build/main.o
                0x000000000800502c                HAL_UART_RxCpltCallback
 .text.Error_Handler
                0x00000000080050b4        0x4 build/main.o
                0x00000000080050b4                Error_Handler
 .text.SystemClock_Config
                0x00000000080050b8       0x62 build/main.o
                0x00000000080050b8                SystemClock_Config
 *fill*         0x000000000800511a        0x6 
 .text.main     0x0000000008005120      0x2cc build/main.o
                0x0000000008005120                main
 .text.MX_GPIO_Init
                0x00000000080053ec       0xb4 build/gpio.o
                0x00000000080053ec                MX_GPIO_Init
 .text.MX_DMA_Init
                0x00000000080054a0       0x44 build/dma.o
                0x00000000080054a0                MX_DMA_Init
 .text.MX_TIM1_Init
                0x00000000080054e4       0x70 build/tim.o
                0x00000000080054e4                MX_TIM1_Init
 .text.MX_TIM2_Init
                0x0000000008005554       0x64 build/tim.o
                0x0000000008005554                MX_TIM2_Init
 .text.MX_TIM3_Init
                0x00000000080055b8       0x68 build/tim.o
                0x00000000080055b8                MX_TIM3_Init
 .text.HAL_TIM_Base_MspInit
                0x0000000008005620       0x50 build/tim.o
                0x0000000008005620                HAL_TIM_Base_MspInit
 .text.HAL_TIM_Encoder_MspInit
                0x0000000008005670       0xa4 build/tim.o
                0x0000000008005670                HAL_TIM_Encoder_MspInit
 .text.HAL_TIM_PWM_MspInit
                0x0000000008005714       0x2c build/tim.o
                0x0000000008005714                HAL_TIM_PWM_MspInit
 .text.HAL_TIM_MspPostInit
                0x0000000008005740       0x50 build/tim.o
                0x0000000008005740                HAL_TIM_MspPostInit
 .text.MX_TIM4_Init
                0x0000000008005790       0x94 build/tim.o
                0x0000000008005790                MX_TIM4_Init
 .text.MX_USART1_UART_Init
                0x0000000008005824       0x34 build/usart.o
                0x0000000008005824                MX_USART1_UART_Init
 .text.HAL_UART_MspInit
                0x0000000008005858       0xf0 build/usart.o
                0x0000000008005858                HAL_UART_MspInit
 .text.NMI_Handler
                0x0000000008005948        0x2 build/stm32f1xx_it.o
                0x0000000008005948                NMI_Handler
 .text.HardFault_Handler
                0x000000000800594a        0x2 build/stm32f1xx_it.o
                0x000000000800594a                HardFault_Handler
 .text.MemManage_Handler
                0x000000000800594c        0x2 build/stm32f1xx_it.o
                0x000000000800594c                MemManage_Handler
 .text.BusFault_Handler
                0x000000000800594e        0x2 build/stm32f1xx_it.o
                0x000000000800594e                BusFault_Handler
 .text.UsageFault_Handler
                0x0000000008005950        0x2 build/stm32f1xx_it.o
                0x0000000008005950                UsageFault_Handler
 .text.SVC_Handler
                0x0000000008005952        0x2 build/stm32f1xx_it.o
                0x0000000008005952                SVC_Handler
 .text.DebugMon_Handler
                0x0000000008005954        0x2 build/stm32f1xx_it.o
                0x0000000008005954                DebugMon_Handler
 .text.PendSV_Handler
                0x0000000008005956        0x2 build/stm32f1xx_it.o
                0x0000000008005956                PendSV_Handler
 .text.SysTick_Handler
                0x0000000008005958        0x8 build/stm32f1xx_it.o
                0x0000000008005958                SysTick_Handler
 .text.DMA1_Channel4_IRQHandler
                0x0000000008005960       0x10 build/stm32f1xx_it.o
                0x0000000008005960                DMA1_Channel4_IRQHandler
 .text.DMA1_Channel5_IRQHandler
                0x0000000008005970       0x10 build/stm32f1xx_it.o
                0x0000000008005970                DMA1_Channel5_IRQHandler
 .text.TIM1_BRK_IRQHandler
                0x0000000008005980       0x10 build/stm32f1xx_it.o
                0x0000000008005980                TIM1_BRK_IRQHandler
 .text.TIM1_UP_IRQHandler
                0x0000000008005990       0x10 build/stm32f1xx_it.o
                0x0000000008005990                TIM1_UP_IRQHandler
 .text.USART1_IRQHandler
                0x00000000080059a0       0x10 build/stm32f1xx_it.o
                0x00000000080059a0                USART1_IRQHandler
 .text.HAL_MspInit
                0x00000000080059b0       0x44 build/stm32f1xx_hal_msp.o
                0x00000000080059b0                HAL_MspInit
 .text.TIM_OC1_SetConfig
                0x00000000080059f4       0x5c build/stm32f1xx_hal_tim.o
 .text.TIM_OC3_SetConfig
                0x0000000008005a50       0x64 build/stm32f1xx_hal_tim.o
 .text.TIM_OC4_SetConfig
                0x0000000008005ab4       0x48 build/stm32f1xx_hal_tim.o
 .text.TIM_TI1_ConfigInputStage
                0x0000000008005afc       0x24 build/stm32f1xx_hal_tim.o
 .text.TIM_TI2_ConfigInputStage
                0x0000000008005b20       0x26 build/stm32f1xx_hal_tim.o
 .text.TIM_ITRx_SetConfig
                0x0000000008005b46       0x10 build/stm32f1xx_hal_tim.o
 *fill*         0x0000000008005b56        0x2 
 .text.HAL_TIM_Base_Start_IT
                0x0000000008005b58       0x68 build/stm32f1xx_hal_tim.o
                0x0000000008005b58                HAL_TIM_Base_Start_IT
 .text.HAL_TIM_OC_DelayElapsedCallback
                0x0000000008005bc0        0x2 build/stm32f1xx_hal_tim.o
                0x0000000008005bc0                HAL_TIM_OC_DelayElapsedCallback
 .text.HAL_TIM_IC_CaptureCallback
                0x0000000008005bc2        0x2 build/stm32f1xx_hal_tim.o
                0x0000000008005bc2                HAL_TIM_IC_CaptureCallback
 .text.HAL_TIM_PWM_PulseFinishedCallback
                0x0000000008005bc4        0x2 build/stm32f1xx_hal_tim.o
                0x0000000008005bc4                HAL_TIM_PWM_PulseFinishedCallback
 .text.HAL_TIM_TriggerCallback
                0x0000000008005bc6        0x2 build/stm32f1xx_hal_tim.o
                0x0000000008005bc6                HAL_TIM_TriggerCallback
 .text.HAL_TIM_IRQHandler
                0x0000000008005bc8      0x17a build/stm32f1xx_hal_tim.o
                0x0000000008005bc8                HAL_TIM_IRQHandler
 *fill*         0x0000000008005d42        0x2 
 .text.TIM_Base_SetConfig
                0x0000000008005d44       0x74 build/stm32f1xx_hal_tim.o
                0x0000000008005d44                TIM_Base_SetConfig
 .text.HAL_TIM_Base_Init
                0x0000000008005db8       0x58 build/stm32f1xx_hal_tim.o
                0x0000000008005db8                HAL_TIM_Base_Init
 .text.HAL_TIM_PWM_Init
                0x0000000008005e10       0x58 build/stm32f1xx_hal_tim.o
                0x0000000008005e10                HAL_TIM_PWM_Init
 .text.HAL_TIM_Encoder_Init
                0x0000000008005e68       0xb0 build/stm32f1xx_hal_tim.o
                0x0000000008005e68                HAL_TIM_Encoder_Init
 .text.TIM_OC2_SetConfig
                0x0000000008005f18       0x64 build/stm32f1xx_hal_tim.o
                0x0000000008005f18                TIM_OC2_SetConfig
 .text.HAL_TIM_PWM_ConfigChannel
                0x0000000008005f7c       0xd0 build/stm32f1xx_hal_tim.o
                0x0000000008005f7c                HAL_TIM_PWM_ConfigChannel
 .text.TIM_ETR_SetConfig
                0x000000000800604c       0x16 build/stm32f1xx_hal_tim.o
                0x000000000800604c                TIM_ETR_SetConfig
 .text.HAL_TIM_ConfigClockSource
                0x0000000008006062       0xda build/stm32f1xx_hal_tim.o
                0x0000000008006062                HAL_TIM_ConfigClockSource
 .text.TIM_CCxChannelCmd
                0x000000000800613c       0x22 build/stm32f1xx_hal_tim.o
                0x000000000800613c                TIM_CCxChannelCmd
 *fill*         0x000000000800615e        0x2 
 .text.HAL_TIM_PWM_Start
                0x0000000008006160       0xdc build/stm32f1xx_hal_tim.o
                0x0000000008006160                HAL_TIM_PWM_Start
 .text.HAL_TIM_Encoder_Start
                0x000000000800623c       0xc6 build/stm32f1xx_hal_tim.o
                0x000000000800623c                HAL_TIM_Encoder_Start
 *fill*         0x0000000008006302        0x2 
 .text.HAL_TIMEx_MasterConfigSynchronization
                0x0000000008006304       0x68 build/stm32f1xx_hal_tim_ex.o
                0x0000000008006304                HAL_TIMEx_MasterConfigSynchronization
 .text.HAL_TIMEx_CommutCallback
                0x000000000800636c        0x2 build/stm32f1xx_hal_tim_ex.o
                0x000000000800636c                HAL_TIMEx_CommutCallback
 .text.HAL_TIMEx_BreakCallback
                0x000000000800636e        0x2 build/stm32f1xx_hal_tim_ex.o
                0x000000000800636e                HAL_TIMEx_BreakCallback
 .text.HAL_InitTick
                0x0000000008006370       0x4c build/stm32f1xx_hal.o
                0x0000000008006370                HAL_InitTick
 .text.HAL_Init
                0x00000000080063bc       0x24 build/stm32f1xx_hal.o
                0x00000000080063bc                HAL_Init
 .text.HAL_IncTick
                0x00000000080063e0       0x18 build/stm32f1xx_hal.o
                0x00000000080063e0                HAL_IncTick
 .text.HAL_GetTick
                0x00000000080063f8        0xc build/stm32f1xx_hal.o
                0x00000000080063f8                HAL_GetTick
 .text.RCC_Delay
                0x0000000008006404       0x2c build/stm32f1xx_hal_rcc.o
 .text.HAL_RCC_OscConfig
                0x0000000008006430      0x410 build/stm32f1xx_hal_rcc.o
                0x0000000008006430                HAL_RCC_OscConfig
 .text.HAL_RCC_GetSysClockFreq
                0x0000000008006840       0x6c build/stm32f1xx_hal_rcc.o
                0x0000000008006840                HAL_RCC_GetSysClockFreq
 .text.HAL_RCC_ClockConfig
                0x00000000080068ac      0x16c build/stm32f1xx_hal_rcc.o
                0x00000000080068ac                HAL_RCC_ClockConfig
 .text.HAL_RCC_GetHCLKFreq
                0x0000000008006a18        0xc build/stm32f1xx_hal_rcc.o
                0x0000000008006a18                HAL_RCC_GetHCLKFreq
 .text.HAL_RCC_GetPCLK1Freq
                0x0000000008006a24       0x20 build/stm32f1xx_hal_rcc.o
                0x0000000008006a24                HAL_RCC_GetPCLK1Freq
 .text.HAL_RCC_GetPCLK2Freq
                0x0000000008006a44       0x20 build/stm32f1xx_hal_rcc.o
                0x0000000008006a44                HAL_RCC_GetPCLK2Freq
 .text.HAL_GPIO_Init
                0x0000000008006a64      0x220 build/stm32f1xx_hal_gpio.o
                0x0000000008006a64                HAL_GPIO_Init
 .text.HAL_GPIO_WritePin
                0x0000000008006c84        0xc build/stm32f1xx_hal_gpio.o
                0x0000000008006c84                HAL_GPIO_WritePin
 .text.DMA_SetConfig
                0x0000000008006c90       0x2c build/stm32f1xx_hal_dma.o
 .text.HAL_DMA_Init
                0x0000000008006cbc       0x6c build/stm32f1xx_hal_dma.o
                0x0000000008006cbc                HAL_DMA_Init
 .text.HAL_DMA_Start_IT
                0x0000000008006d28       0x74 build/stm32f1xx_hal_dma.o
                0x0000000008006d28                HAL_DMA_Start_IT
 .text.HAL_DMA_Abort
                0x0000000008006d9c       0x44 build/stm32f1xx_hal_dma.o
                0x0000000008006d9c                HAL_DMA_Abort
 .text.HAL_DMA_Abort_IT
                0x0000000008006de0       0x98 build/stm32f1xx_hal_dma.o
                0x0000000008006de0                HAL_DMA_Abort_IT
 .text.HAL_DMA_IRQHandler
                0x0000000008006e78      0x144 build/stm32f1xx_hal_dma.o
                0x0000000008006e78                HAL_DMA_IRQHandler
 .text.HAL_NVIC_SetPriorityGrouping
                0x0000000008006fbc       0x24 build/stm32f1xx_hal_cortex.o
                0x0000000008006fbc                HAL_NVIC_SetPriorityGrouping
 .text.HAL_NVIC_SetPriority
                0x0000000008006fe0       0x68 build/stm32f1xx_hal_cortex.o
                0x0000000008006fe0                HAL_NVIC_SetPriority
 .text.HAL_NVIC_EnableIRQ
                0x0000000008007048       0x1c build/stm32f1xx_hal_cortex.o
                0x0000000008007048                HAL_NVIC_EnableIRQ
 .text.HAL_SYSTICK_Config
                0x0000000008007064       0x2c build/stm32f1xx_hal_cortex.o
                0x0000000008007064                HAL_SYSTICK_Config
 .text.UART_EndTxTransfer
                0x0000000008007090       0x12 build/stm32f1xx_hal_uart.o
 .text.UART_EndRxTransfer
                0x00000000080070a2       0x32 build/stm32f1xx_hal_uart.o
 .text.UART_Transmit_IT
                0x00000000080070d4       0x60 build/stm32f1xx_hal_uart.o
 .text.UART_SetConfig
                0x0000000008007134       0x90 build/stm32f1xx_hal_uart.o
 .text.UART_WaitOnFlagUntilTimeout
                0x00000000080071c4       0x68 build/stm32f1xx_hal_uart.o
 .text.HAL_UART_Init
                0x000000000800722c       0x5e build/stm32f1xx_hal_uart.o
                0x000000000800722c                HAL_UART_Init
 .text.HAL_UART_Transmit
                0x000000000800728a       0xd8 build/stm32f1xx_hal_uart.o
                0x000000000800728a                HAL_UART_Transmit
 .text.HAL_UART_Receive
                0x0000000008007362       0xe4 build/stm32f1xx_hal_uart.o
                0x0000000008007362                HAL_UART_Receive
 *fill*         0x0000000008007446        0x2 
 .text.HAL_UART_Transmit_DMA
                0x0000000008007448       0x8c build/stm32f1xx_hal_uart.o
                0x0000000008007448                HAL_UART_Transmit_DMA
 .text.HAL_UART_TxCpltCallback
                0x00000000080074d4        0x2 build/stm32f1xx_hal_uart.o
                0x00000000080074d4                HAL_UART_TxCpltCallback
 .text.UART_DMATransmitCplt
                0x00000000080074d6       0x30 build/stm32f1xx_hal_uart.o
 .text.UART_EndTransmit_IT
                0x0000000008007506       0x1a build/stm32f1xx_hal_uart.o
 .text.HAL_UART_TxHalfCpltCallback
                0x0000000008007520        0x2 build/stm32f1xx_hal_uart.o
                0x0000000008007520                HAL_UART_TxHalfCpltCallback
 .text.UART_DMATxHalfCplt
                0x0000000008007522        0xa build/stm32f1xx_hal_uart.o
 .text.HAL_UART_RxHalfCpltCallback
                0x000000000800752c        0x2 build/stm32f1xx_hal_uart.o
                0x000000000800752c                HAL_UART_RxHalfCpltCallback
 .text.HAL_UART_ErrorCallback
                0x000000000800752e        0x2 build/stm32f1xx_hal_uart.o
                0x000000000800752e                HAL_UART_ErrorCallback
 .text.UART_DMAError
                0x0000000008007530       0x58 build/stm32f1xx_hal_uart.o
 .text.UART_DMAAbortOnError
                0x0000000008007588       0x10 build/stm32f1xx_hal_uart.o
 .text.HAL_UARTEx_RxEventCallback
                0x0000000008007598        0x2 build/stm32f1xx_hal_uart.o
                0x0000000008007598                HAL_UARTEx_RxEventCallback
 .text.UART_Receive_IT
                0x000000000800759a       0xd4 build/stm32f1xx_hal_uart.o
 *fill*         0x000000000800766e        0x2 
 .text.HAL_UART_IRQHandler
                0x0000000008007670      0x204 build/stm32f1xx_hal_uart.o
                0x0000000008007670                HAL_UART_IRQHandler
 .text.UART_DMARxHalfCplt
                0x0000000008007874       0x1a build/stm32f1xx_hal_uart.o
 .text.UART_DMAReceiveCplt
                0x000000000800788e       0x5e build/stm32f1xx_hal_uart.o
 .text.UART_Start_Receive_DMA
                0x00000000080078ec       0x78 build/stm32f1xx_hal_uart.o
                0x00000000080078ec                UART_Start_Receive_DMA
 .text.HAL_UART_Receive_DMA
                0x0000000008007964       0x38 build/stm32f1xx_hal_uart.o
                0x0000000008007964                HAL_UART_Receive_DMA
 .text.SystemInit
                0x000000000800799c        0x2 build/system_stm32f1xx.o
                0x000000000800799c                SystemInit
 *fill*         0x000000000800799e        0x2 
 .text.PID_ComputeSpeedRPM
                0x00000000080079a0       0x44 build/PID.o
                0x00000000080079a0                PID_ComputeSpeedRPM
 .text.PID_SetSpeedRPM
                0x00000000080079e4       0x34 build/PID.o
                0x00000000080079e4                PID_SetSpeedRPM
 .text.PID_ComputeError
                0x0000000008007a18       0x1c build/PID.o
                0x0000000008007a18                PID_ComputeError
 .text.PID_Limit
                0x0000000008007a34       0x30 build/PID.o
                0x0000000008007a34                PID_Limit
 .text.PID_ComputeOutput
                0x0000000008007a64      0x118 build/PID.o
                0x0000000008007a64                PID_ComputeOutput
 .text.PID_SetDuty
                0x0000000008007b7c       0x5e build/PID.o
                0x0000000008007b7c                PID_SetDuty
 .text.PID_SetTunings
                0x0000000008007bda       0x16 build/PID.o
                0x0000000008007bda                PID_SetTunings
 .text.PID_MotorInit
                0x0000000008007bf0       0x66 build/PID.o
                0x0000000008007bf0                PID_MotorInit
 *fill*         0x0000000008007c56        0x2 
 .text.PID_FirstOrderFilter
                0x0000000008007c58       0x40 build/PID.o
                0x0000000008007c58                PID_FirstOrderFilter
 .text.PID_PreProcess
                0x0000000008007c98       0x9c build/PID.o
                0x0000000008007c98                PID_PreProcess
 .text.double2byte
                0x0000000008007d34       0x28 build/frame_resolve.o
                0x0000000008007d34                double2byte
 .text.checksum
                0x0000000008007d5c       0x16 build/frame_resolve.o
                0x0000000008007d5c                checksum
 .text.parseTxStateFrame
                0x0000000008007d72       0x58 build/frame_resolve.o
                0x0000000008007d72                parseTxStateFrame
 .text.resolveRxFrame
                0x0000000008007dca       0x64 build/frame_resolve.o
                0x0000000008007dca                resolveRxFrame
 *fill*         0x0000000008007e2e        0x2 
 .text.RetargetInit
                0x0000000008007e30       0x20 build/retarget.o
                0x0000000008007e30                RetargetInit
 .text._isatty  0x0000000008007e50       0x16 build/retarget.o
                0x0000000008007e50                _isatty
 *fill*         0x0000000008007e66        0x2 
 .text._write   0x0000000008007e68       0x34 build/retarget.o
                0x0000000008007e68                _write
 .text._close   0x0000000008007e9c       0x18 build/retarget.o
                0x0000000008007e9c                _close
 .text._lseek   0x0000000008007eb4       0x10 build/retarget.o
                0x0000000008007eb4                _lseek
 .text._read    0x0000000008007ec4       0x30 build/retarget.o
                0x0000000008007ec4                _read
 .text._fstat   0x0000000008007ef4       0x1a build/retarget.o
                0x0000000008007ef4                _fstat
 *fill*         0x0000000008007f0e        0x2 
 .text.Reset_Handler
                0x0000000008007f10       0x48 build/startup_stm32f103xb.o
                0x0000000008007f10                Reset_Handler
 .text.Default_Handler
                0x0000000008007f58        0x2 build/startup_stm32f103xb.o
                0x0000000008007f58                RTC_Alarm_IRQHandler
                0x0000000008007f58                EXTI2_IRQHandler
                0x0000000008007f58                TIM1_CC_IRQHandler
                0x0000000008007f58                PVD_IRQHandler
                0x0000000008007f58                EXTI3_IRQHandler
                0x0000000008007f58                EXTI0_IRQHandler
                0x0000000008007f58                I2C2_EV_IRQHandler
                0x0000000008007f58                ADC1_2_IRQHandler
                0x0000000008007f58                SPI1_IRQHandler
                0x0000000008007f58                TAMPER_IRQHandler
                0x0000000008007f58                USART3_IRQHandler
                0x0000000008007f58                RTC_IRQHandler
                0x0000000008007f58                DMA1_Channel7_IRQHandler
                0x0000000008007f58                CAN1_RX1_IRQHandler
                0x0000000008007f58                TIM4_IRQHandler
                0x0000000008007f58                I2C1_EV_IRQHandler
                0x0000000008007f58                DMA1_Channel6_IRQHandler
                0x0000000008007f58                TIM3_IRQHandler
                0x0000000008007f58                RCC_IRQHandler
                0x0000000008007f58                TIM1_TRG_COM_IRQHandler
                0x0000000008007f58                DMA1_Channel1_IRQHandler
                0x0000000008007f58                Default_Handler
                0x0000000008007f58                EXTI15_10_IRQHandler
                0x0000000008007f58                EXTI9_5_IRQHandler
                0x0000000008007f58                SPI2_IRQHandler
                0x0000000008007f58                EXTI4_IRQHandler
                0x0000000008007f58                USB_LP_CAN1_RX0_IRQHandler
                0x0000000008007f58                USB_HP_CAN1_TX_IRQHandler
                0x0000000008007f58                DMA1_Channel3_IRQHandler
                0x0000000008007f58                WWDG_IRQHandler
                0x0000000008007f58                TIM2_IRQHandler
                0x0000000008007f58                EXTI1_IRQHandler
                0x0000000008007f58                USART2_IRQHandler
                0x0000000008007f58                I2C2_ER_IRQHandler
                0x0000000008007f58                DMA1_Channel2_IRQHandler
                0x0000000008007f58                CAN1_SCE_IRQHandler
                0x0000000008007f58                FLASH_IRQHandler
                0x0000000008007f58                I2C1_ER_IRQHandler
                0x0000000008007f58                USBWakeUp_IRQHandler
 *(.glue_7)
 .glue_7        0x0000000008007f5a        0x0 linker stubs
 *(.glue_7t)
 .glue_7t       0x0000000008007f5a        0x0 linker stubs
 *(.eh_frame)
 *fill*         0x0000000008007f5a        0x2 
 .eh_frame      0x0000000008007f5c        0x0 /usr/lib/gcc/arm-none-eabi/9.2.1/thumb/v7-m/nofp/crtbegin.o
 *(.init)
 .init          0x0000000008007f5c        0x4 /usr/lib/gcc/arm-none-eabi/9.2.1/thumb/v7-m/nofp/crti.o
                0x0000000008007f5c                _init
 .init          0x0000000008007f60        0x8 /usr/lib/gcc/arm-none-eabi/9.2.1/thumb/v7-m/nofp/crtn.o
 *(.fini)
 .fini          0x0000000008007f68        0x4 /usr/lib/gcc/arm-none-eabi/9.2.1/thumb/v7-m/nofp/crti.o
                0x0000000008007f68                _fini
 .fini          0x0000000008007f6c        0x8 /usr/lib/gcc/arm-none-eabi/9.2.1/thumb/v7-m/nofp/crtn.o
                0x0000000008007f74                . = ALIGN (0x4)
                0x0000000008007f74                _etext = .

.vfp11_veneer   0x0000000008007f74        0x0
 .vfp11_veneer  0x0000000008007f74        0x0 linker stubs

.v4_bx          0x0000000008007f74        0x0
 .v4_bx         0x0000000008007f74        0x0 linker stubs

.iplt           0x0000000008007f74        0x0
 .iplt          0x0000000008007f74        0x0 /usr/lib/gcc/arm-none-eabi/9.2.1/thumb/v7-m/nofp/crtbegin.o

.rodata         0x0000000008007f78      0x404
                0x0000000008007f78                . = ALIGN (0x4)
 *(.rodata)
 .rodata        0x0000000008007f78        0x4 /usr/lib/gcc/arm-none-eabi/9.2.1/../../../arm-none-eabi/lib/thumb/v7-m/nofp/libc_nano.a(lib_a-impure.o)
                0x0000000008007f78                _global_impure_ptr
 .rodata        0x0000000008007f7c       0x60 /usr/lib/gcc/arm-none-eabi/9.2.1/../../../arm-none-eabi/lib/thumb/v7-m/nofp/libc_nano.a(lib_a-findfp.o)
                0x0000000008007f7c                __sf_fake_stderr
                0x0000000008007f9c                __sf_fake_stdout
                0x0000000008007fbc                __sf_fake_stdin
 *fill*         0x0000000008007fdc        0x4 
 .rodata        0x0000000008007fe0      0x128 /usr/lib/gcc/arm-none-eabi/9.2.1/../../../arm-none-eabi/lib/thumb/v7-m/nofp/libc_nano.a(lib_a-mprec.o)
                0x0000000008007ff0                __mprec_tens
                0x00000000080080b8                __mprec_tinytens
                0x00000000080080e0                __mprec_bigtens
 .rodata        0x0000000008008108      0x101 /usr/lib/gcc/arm-none-eabi/9.2.1/../../../arm-none-eabi/lib/thumb/v7-m/nofp/libc_nano.a(lib_a-ctype_.o)
                0x0000000008008108                _ctype_
 *(.rodata*)
 *fill*         0x0000000008008209        0x3 
 .rodata.HAL_RCC_GetSysClockFreq.str1.4
                0x000000000800820c       0x11 build/stm32f1xx_hal_rcc.o
 *fill*         0x000000000800821d        0x3 
 .rodata.AHBPrescTable
                0x0000000008008220       0x10 build/system_stm32f1xx.o
                0x0000000008008220                AHBPrescTable
 .rodata.APBPrescTable
                0x0000000008008230        0x8 build/system_stm32f1xx.o
                0x0000000008008230                APBPrescTable
 .rodata.str1.4
                0x0000000008008238       0x12 /usr/lib/gcc/arm-none-eabi/9.2.1/../../../arm-none-eabi/lib/thumb/v7-m/nofp/libc_nano.a(lib_a-nano-vfprintf_float.o)
 *fill*         0x000000000800824a        0x2 
 .rodata.str1.4
                0x000000000800824c       0x25 /usr/lib/gcc/arm-none-eabi/9.2.1/../../../arm-none-eabi/lib/thumb/v7-m/nofp/libc_nano.a(lib_a-nano-vfprintf_i.o)
 *fill*         0x0000000008008271        0x3 
 .rodata.str1.4
                0x0000000008008274       0x6d /usr/lib/gcc/arm-none-eabi/9.2.1/../../../arm-none-eabi/lib/thumb/v7-m/nofp/libc_nano.a(lib_a-dtoa.o)
                                         0x71 (size before relaxing)
 *fill*         0x00000000080082e1        0x3 
 .rodata.str1.4
                0x00000000080082e4       0x33 /usr/lib/gcc/arm-none-eabi/9.2.1/../../../arm-none-eabi/lib/thumb/v7-m/nofp/libc_nano.a(lib_a-mprec.o)
                                         0x5d (size before relaxing)
 *fill*         0x0000000008008317        0x1 
 .rodata.str1.4
                0x0000000008008318       0x3f /usr/lib/gcc/arm-none-eabi/9.2.1/../../../arm-none-eabi/lib/thumb/v7-m/nofp/libc_nano.a(lib_a-assert.o)
                                         0x43 (size before relaxing)
 *fill*         0x0000000008008357        0x1 
 .rodata.str1.4
                0x0000000008008358        0xe /usr/lib/gcc/arm-none-eabi/9.2.1/../../../arm-none-eabi/lib/thumb/v7-m/nofp/libc_nano.a(lib_a-locale.o)
                                         0x12 (size before relaxing)
 *fill*         0x0000000008008366        0x2 
 .rodata.str1.4
                0x0000000008008368       0x13 /usr/lib/gcc/arm-none-eabi/9.2.1/../../../arm-none-eabi/lib/thumb/v7-m/nofp/libc_nano.a(lib_a-nano-vfprintf.o)
                0x000000000800837c                . = ALIGN (0x4)
 *fill*         0x000000000800837b        0x1 

.rel.dyn        0x000000000800837c        0x0
 .rel.iplt      0x000000000800837c        0x0 /usr/lib/gcc/arm-none-eabi/9.2.1/thumb/v7-m/nofp/crtbegin.o

.ARM.extab
 *(.ARM.extab* .gnu.linkonce.armextab.*)

.ARM            0x000000000800837c        0x0
                0x000000000800837c                __exidx_start = .
 *(.ARM.exidx*)
                0x000000000800837c                __exidx_end = .

.preinit_array  0x000000000800837c        0x0
                0x000000000800837c                PROVIDE (__preinit_array_start = .)
 *(.preinit_array*)
                0x000000000800837c                PROVIDE (__preinit_array_end = .)

.init_array     0x000000000800837c        0x4
                0x000000000800837c                PROVIDE (__init_array_start = .)
 *(SORT_BY_NAME(.init_array.*))
 *(.init_array*)
 .init_array    0x000000000800837c        0x4 /usr/lib/gcc/arm-none-eabi/9.2.1/thumb/v7-m/nofp/crtbegin.o
                0x0000000008008380                PROVIDE (__init_array_end = .)

.fini_array     0x0000000008008380        0x4
                0x0000000008008380                PROVIDE (__fini_array_start = .)
 *(SORT_BY_NAME(.fini_array.*))
 *(.fini_array*)
 .fini_array    0x0000000008008380        0x4 /usr/lib/gcc/arm-none-eabi/9.2.1/thumb/v7-m/nofp/crtbegin.o
                0x0000000008008384                PROVIDE (__fini_array_end = .)
                0x0000000008008384                _sidata = LOADADDR (.data)

.data           0x0000000020000000      0x20c load address 0x0000000008008384
                0x0000000020000000                . = ALIGN (0x4)
                0x0000000020000000                _sdata = .
 *(.data)
 .data          0x0000000020000000       0x64 /usr/lib/gcc/arm-none-eabi/9.2.1/../../../arm-none-eabi/lib/thumb/v7-m/nofp/libc_nano.a(lib_a-impure.o)
                0x0000000020000000                _impure_ptr
 .data          0x0000000020000064      0x16c /usr/lib/gcc/arm-none-eabi/9.2.1/../../../arm-none-eabi/lib/thumb/v7-m/nofp/libc_nano.a(lib_a-locale.o)
                0x0000000020000064                __global_locale
 *(.data*)
 .data.left_pid_params
                0x00000000200001d0       0x18 build/main.o
                0x00000000200001d0                left_pid_params
 .data.right_pid_params
                0x00000000200001e8       0x18 build/main.o
                0x00000000200001e8                right_pid_params
 .data.uwTickFreq
                0x0000000020000200        0x1 build/stm32f1xx_hal.o
                0x0000000020000200                uwTickFreq
 *fill*         0x0000000020000201        0x3 
 .data.uwTickPrio
                0x0000000020000204        0x4 build/stm32f1xx_hal.o
                0x0000000020000204                uwTickPrio
 .data.SystemCoreClock
                0x0000000020000208        0x4 build/system_stm32f1xx.o
                0x0000000020000208                SystemCoreClock
                0x000000002000020c                . = ALIGN (0x4)
                0x000000002000020c                _edata = .

.tm_clone_table
                0x000000002000020c        0x0 load address 0x0000000008008590
 .tm_clone_table
                0x000000002000020c        0x0 /usr/lib/gcc/arm-none-eabi/9.2.1/thumb/v7-m/nofp/crtbegin.o
 .tm_clone_table
                0x000000002000020c        0x0 /usr/lib/gcc/arm-none-eabi/9.2.1/thumb/v7-m/nofp/crtend.o

.igot.plt       0x000000002000020c        0x0 load address 0x0000000008008590
 .igot.plt      0x000000002000020c        0x0 /usr/lib/gcc/arm-none-eabi/9.2.1/thumb/v7-m/nofp/crtbegin.o
                0x000000002000020c                . = ALIGN (0x4)

.bss            0x0000000020000210      0x3d4 load address 0x0000000008008590
                0x0000000020000210                _sbss = .
                0x0000000020000210                __bss_start__ = _sbss
 *(.bss)
 .bss           0x0000000020000210       0x1c /usr/lib/gcc/arm-none-eabi/9.2.1/thumb/v7-m/nofp/crtbegin.o
 .bss           0x000000002000022c        0x8 /usr/lib/gcc/arm-none-eabi/9.2.1/../../../arm-none-eabi/lib/thumb/v7-m/nofp/libc_nano.a(lib_a-nano-mallocr.o)
                0x000000002000022c                __malloc_free_list
                0x0000000020000230                __malloc_sbrk_start
 .bss           0x0000000020000234        0x4 /usr/lib/gcc/arm-none-eabi/9.2.1/../../../arm-none-eabi/lib/thumb/v7-m/nofp/libnosys.a(sbrk.o)
 *(.bss*)
 .bss.left_set_speed
                0x0000000020000238        0x8 build/main.o
                0x0000000020000238                left_set_speed
 .bss.ready_flag
                0x0000000020000240        0x1 build/main.o
                0x0000000020000240                ready_flag
 *fill*         0x0000000020000241        0x7 
 .bss.right_set_speed
                0x0000000020000248        0x8 build/main.o
                0x0000000020000248                right_set_speed
 .bss.vel_update_flag
                0x0000000020000250        0x1 build/main.o
                0x0000000020000250                vel_update_flag
 *(COMMON)
 *fill*         0x0000000020000251        0x7 
 COMMON         0x0000000020000258      0x191 build/main.o
                0x0000000020000258                str_left_motor
                0x0000000020000298                last_tick
                0x00000000200002a0                str_right_motor
                0x00000000200002e0                rx_buffer
                0x00000000200002f0                tx_buffer
                0x0000000020000300                tx_state_frame
                0x0000000020000320                last_a_vel
                0x0000000020000324                tick
                0x0000000020000328                last_l_vel
                0x000000002000032c                data
                0x0000000020000338                str_left_pid
                0x0000000020000388                linear_vel
                0x000000002000038c                angular_vel
                0x0000000020000390                last_rx
                0x0000000020000398                str_right_pid
                0x00000000200003e8                prev_rx
 *fill*         0x00000000200003e9        0x3 
 COMMON         0x00000000200003ec      0x120 build/tim.o
                0x00000000200003ec                htim4
                0x0000000020000434                htim3
                0x000000002000047c                htim1
                0x00000000200004c4                htim2
 COMMON         0x000000002000050c       0xcc build/usart.o
                0x000000002000050c                hdma_usart1_tx
                0x0000000020000550                hdma_usart1_rx
                0x0000000020000594                huart1
 COMMON         0x00000000200005d8        0x4 build/stm32f1xx_hal.o
                0x00000000200005d8                uwTick
 COMMON         0x00000000200005dc        0x4 build/retarget.o
                0x00000000200005dc                gHuart
 COMMON         0x00000000200005e0        0x4 /usr/lib/gcc/arm-none-eabi/9.2.1/../../../arm-none-eabi/lib/thumb/v7-m/nofp/libc_nano.a(lib_a-reent.o)
                0x00000000200005e0                errno
                0x00000000200005e4                . = ALIGN (0x4)
                0x00000000200005e4                _ebss = .
                0x00000000200005e4                __bss_end__ = _ebss

._user_heap_stack
                0x00000000200005e4      0x604 load address 0x0000000008008590
                0x00000000200005e8                . = ALIGN (0x8)
 *fill*         0x00000000200005e4        0x4 
                0x00000000200005e8                PROVIDE (end = .)
                [!provide]                        PROVIDE (_end = .)
                0x00000000200007e8                . = (. + _Min_Heap_Size)
 *fill*         0x00000000200005e8      0x200 
                0x0000000020000be8                . = (. + _Min_Stack_Size)
 *fill*         0x00000000200007e8      0x400 
                0x0000000020000be8                . = ALIGN (0x8)

/DISCARD/
 libc.a(*)
 libm.a(*)
 libgcc.a(*)

.ARM.attributes
                0x0000000000000000       0x29
 *(.ARM.attributes)
 .ARM.attributes
                0x0000000000000000       0x1d /usr/lib/gcc/arm-none-eabi/9.2.1/thumb/v7-m/nofp/crti.o
 .ARM.attributes
                0x000000000000001d       0x2d /usr/lib/gcc/arm-none-eabi/9.2.1/thumb/v7-m/nofp/crtbegin.o
 .ARM.attributes
                0x000000000000004a       0x2d build/main.o
 .ARM.attributes
                0x0000000000000077       0x2d build/gpio.o
 .ARM.attributes
                0x00000000000000a4       0x2d build/dma.o
 .ARM.attributes
                0x00000000000000d1       0x2d build/tim.o
 .ARM.attributes
                0x00000000000000fe       0x2d build/usart.o
 .ARM.attributes
                0x000000000000012b       0x2d build/stm32f1xx_it.o
 .ARM.attributes
                0x0000000000000158       0x2d build/stm32f1xx_hal_msp.o
 .ARM.attributes
                0x0000000000000185       0x2d build/stm32f1xx_hal_tim.o
 .ARM.attributes
                0x00000000000001b2       0x2d build/stm32f1xx_hal_tim_ex.o
 .ARM.attributes
                0x00000000000001df       0x2d build/stm32f1xx_hal.o
 .ARM.attributes
                0x000000000000020c       0x2d build/stm32f1xx_hal_rcc.o
 .ARM.attributes
                0x0000000000000239       0x2d build/stm32f1xx_hal_gpio.o
 .ARM.attributes
                0x0000000000000266       0x2d build/stm32f1xx_hal_dma.o
 .ARM.attributes
                0x0000000000000293       0x2d build/stm32f1xx_hal_cortex.o
 .ARM.attributes
                0x00000000000002c0       0x2d build/stm32f1xx_hal_uart.o
 .ARM.attributes
                0x00000000000002ed       0x2d build/system_stm32f1xx.o
 .ARM.attributes
                0x000000000000031a       0x2d build/PID.o
 .ARM.attributes
                0x0000000000000347       0x2d build/frame_resolve.o
 .ARM.attributes
                0x0000000000000374       0x2d build/retarget.o
 .ARM.attributes
                0x00000000000003a1       0x21 build/startup_stm32f103xb.o
 .ARM.attributes
                0x00000000000003c2       0x2d /usr/lib/gcc/arm-none-eabi/9.2.1/../../../arm-none-eabi/lib/thumb/v7-m/nofp/libc_nano.a(lib_a-errno.o)
 .ARM.attributes
                0x00000000000003ef       0x2d /usr/lib/gcc/arm-none-eabi/9.2.1/../../../arm-none-eabi/lib/thumb/v7-m/nofp/libc_nano.a(lib_a-impure.o)
 .ARM.attributes
                0x000000000000041c       0x2d /usr/lib/gcc/arm-none-eabi/9.2.1/../../../arm-none-eabi/lib/thumb/v7-m/nofp/libc_nano.a(lib_a-init.o)
 .ARM.attributes
                0x0000000000000449       0x2d /usr/lib/gcc/arm-none-eabi/9.2.1/../../../arm-none-eabi/lib/thumb/v7-m/nofp/libc_nano.a(lib_a-memset.o)
 .ARM.attributes
                0x0000000000000476       0x2d /usr/lib/gcc/arm-none-eabi/9.2.1/../../../arm-none-eabi/lib/thumb/v7-m/nofp/libc_nano.a(lib_a-nano-vfprintf_float.o)
 .ARM.attributes
                0x00000000000004a3       0x2d /usr/lib/gcc/arm-none-eabi/9.2.1/../../../arm-none-eabi/lib/thumb/v7-m/nofp/libc_nano.a(lib_a-nano-vfprintf_i.o)
 .ARM.attributes
                0x00000000000004d0       0x2d /usr/lib/gcc/arm-none-eabi/9.2.1/../../../arm-none-eabi/lib/thumb/v7-m/nofp/libc_nano.a(lib_a-setvbuf.o)
 .ARM.attributes
                0x00000000000004fd       0x2d /usr/lib/gcc/arm-none-eabi/9.2.1/../../../arm-none-eabi/lib/thumb/v7-m/nofp/libc_nano.a(lib_a-strlen-stub.o)
 .ARM.attributes
                0x000000000000052a       0x2d /usr/lib/gcc/arm-none-eabi/9.2.1/../../../arm-none-eabi/lib/thumb/v7-m/nofp/libc_nano.a(lib_a-dtoa.o)
 .ARM.attributes
                0x0000000000000557       0x2d /usr/lib/gcc/arm-none-eabi/9.2.1/../../../arm-none-eabi/lib/thumb/v7-m/nofp/libc_nano.a(lib_a-fflush.o)
 .ARM.attributes
                0x0000000000000584       0x2d /usr/lib/gcc/arm-none-eabi/9.2.1/../../../arm-none-eabi/lib/thumb/v7-m/nofp/libc_nano.a(lib_a-findfp.o)
 .ARM.attributes
                0x00000000000005b1       0x2d /usr/lib/gcc/arm-none-eabi/9.2.1/../../../arm-none-eabi/lib/thumb/v7-m/nofp/libc_nano.a(lib_a-fwalk.o)
 .ARM.attributes
                0x00000000000005de       0x2d /usr/lib/gcc/arm-none-eabi/9.2.1/../../../arm-none-eabi/lib/thumb/v7-m/nofp/libc_nano.a(lib_a-localeconv.o)
 .ARM.attributes
                0x000000000000060b       0x2d /usr/lib/gcc/arm-none-eabi/9.2.1/../../../arm-none-eabi/lib/thumb/v7-m/nofp/libc_nano.a(lib_a-makebuf.o)
 .ARM.attributes
                0x0000000000000638       0x2d /usr/lib/gcc/arm-none-eabi/9.2.1/../../../arm-none-eabi/lib/thumb/v7-m/nofp/libc_nano.a(lib_a-malloc.o)
 .ARM.attributes
                0x0000000000000665       0x2d /usr/lib/gcc/arm-none-eabi/9.2.1/../../../arm-none-eabi/lib/thumb/v7-m/nofp/libc_nano.a(lib_a-memchr-stub.o)
 .ARM.attributes
                0x0000000000000692       0x1b /usr/lib/gcc/arm-none-eabi/9.2.1/../../../arm-none-eabi/lib/thumb/v7-m/nofp/libc_nano.a(lib_a-memcpy.o)
 .ARM.attributes
                0x00000000000006ad       0x2d /usr/lib/gcc/arm-none-eabi/9.2.1/../../../arm-none-eabi/lib/thumb/v7-m/nofp/libc_nano.a(lib_a-mprec.o)
 .ARM.attributes
                0x00000000000006da       0x2d /usr/lib/gcc/arm-none-eabi/9.2.1/../../../arm-none-eabi/lib/thumb/v7-m/nofp/libc_nano.a(lib_a-nano-callocr.o)
 .ARM.attributes
                0x0000000000000707       0x2d /usr/lib/gcc/arm-none-eabi/9.2.1/../../../arm-none-eabi/lib/thumb/v7-m/nofp/libc_nano.a(lib_a-nano-freer.o)
 .ARM.attributes
                0x0000000000000734       0x2d /usr/lib/gcc/arm-none-eabi/9.2.1/../../../arm-none-eabi/lib/thumb/v7-m/nofp/libc_nano.a(lib_a-nano-mallocr.o)
 .ARM.attributes
                0x0000000000000761       0x2d /usr/lib/gcc/arm-none-eabi/9.2.1/../../../arm-none-eabi/lib/thumb/v7-m/nofp/libc_nano.a(lib_a-sbrkr.o)
 .ARM.attributes
                0x000000000000078e       0x2d /usr/lib/gcc/arm-none-eabi/9.2.1/../../../arm-none-eabi/lib/thumb/v7-m/nofp/libc_nano.a(lib_a-stdio.o)
 .ARM.attributes
                0x00000000000007bb       0x2d /usr/lib/gcc/arm-none-eabi/9.2.1/../../../arm-none-eabi/lib/thumb/v7-m/nofp/libc_nano.a(lib_a-writer.o)
 .ARM.attributes
                0x00000000000007e8       0x2d /usr/lib/gcc/arm-none-eabi/9.2.1/../../../arm-none-eabi/lib/thumb/v7-m/nofp/libc_nano.a(lib_a-assert.o)
 .ARM.attributes
                0x0000000000000815       0x2d /usr/lib/gcc/arm-none-eabi/9.2.1/../../../arm-none-eabi/lib/thumb/v7-m/nofp/libc_nano.a(lib_a-closer.o)
 .ARM.attributes
                0x0000000000000842       0x2d /usr/lib/gcc/arm-none-eabi/9.2.1/../../../arm-none-eabi/lib/thumb/v7-m/nofp/libc_nano.a(lib_a-fprintf.o)
 .ARM.attributes
                0x000000000000086f       0x2d /usr/lib/gcc/arm-none-eabi/9.2.1/../../../arm-none-eabi/lib/thumb/v7-m/nofp/libc_nano.a(lib_a-fstatr.o)
 .ARM.attributes
                0x000000000000089c       0x2d /usr/lib/gcc/arm-none-eabi/9.2.1/../../../arm-none-eabi/lib/thumb/v7-m/nofp/libc_nano.a(lib_a-isattyr.o)
 .ARM.attributes
                0x00000000000008c9       0x2d /usr/lib/gcc/arm-none-eabi/9.2.1/../../../arm-none-eabi/lib/thumb/v7-m/nofp/libc_nano.a(lib_a-locale.o)
 .ARM.attributes
                0x00000000000008f6       0x2d /usr/lib/gcc/arm-none-eabi/9.2.1/../../../arm-none-eabi/lib/thumb/v7-m/nofp/libc_nano.a(lib_a-lseekr.o)
 .ARM.attributes
                0x0000000000000923       0x2d /usr/lib/gcc/arm-none-eabi/9.2.1/../../../arm-none-eabi/lib/thumb/v7-m/nofp/libc_nano.a(lib_a-mbtowc_r.o)
 .ARM.attributes
                0x0000000000000950       0x2d /usr/lib/gcc/arm-none-eabi/9.2.1/../../../arm-none-eabi/lib/thumb/v7-m/nofp/libc_nano.a(lib_a-mlock.o)
 .ARM.attributes
                0x000000000000097d       0x2d /usr/lib/gcc/arm-none-eabi/9.2.1/../../../arm-none-eabi/lib/thumb/v7-m/nofp/libc_nano.a(lib_a-nano-vfprintf.o)
 .ARM.attributes
                0x00000000000009aa       0x2d /usr/lib/gcc/arm-none-eabi/9.2.1/../../../arm-none-eabi/lib/thumb/v7-m/nofp/libc_nano.a(lib_a-readr.o)
 .ARM.attributes
                0x00000000000009d7       0x2d /usr/lib/gcc/arm-none-eabi/9.2.1/../../../arm-none-eabi/lib/thumb/v7-m/nofp/libc_nano.a(lib_a-reent.o)
 .ARM.attributes
                0x0000000000000a04       0x2d /usr/lib/gcc/arm-none-eabi/9.2.1/../../../arm-none-eabi/lib/thumb/v7-m/nofp/libc_nano.a(lib_a-wbuf.o)
 .ARM.attributes
                0x0000000000000a31       0x2d /usr/lib/gcc/arm-none-eabi/9.2.1/../../../arm-none-eabi/lib/thumb/v7-m/nofp/libc_nano.a(lib_a-wctomb_r.o)
 .ARM.attributes
                0x0000000000000a5e       0x2d /usr/lib/gcc/arm-none-eabi/9.2.1/../../../arm-none-eabi/lib/thumb/v7-m/nofp/libc_nano.a(lib_a-wsetup.o)
 .ARM.attributes
                0x0000000000000a8b       0x2d /usr/lib/gcc/arm-none-eabi/9.2.1/../../../arm-none-eabi/lib/thumb/v7-m/nofp/libc_nano.a(lib_a-abort.o)
 .ARM.attributes
                0x0000000000000ab8       0x2d /usr/lib/gcc/arm-none-eabi/9.2.1/../../../arm-none-eabi/lib/thumb/v7-m/nofp/libc_nano.a(lib_a-ctype_.o)
 .ARM.attributes
                0x0000000000000ae5       0x2d /usr/lib/gcc/arm-none-eabi/9.2.1/../../../arm-none-eabi/lib/thumb/v7-m/nofp/libc_nano.a(lib_a-fvwrite.o)
 .ARM.attributes
                0x0000000000000b12       0x2d /usr/lib/gcc/arm-none-eabi/9.2.1/../../../arm-none-eabi/lib/thumb/v7-m/nofp/libc_nano.a(lib_a-memmove.o)
 .ARM.attributes
                0x0000000000000b3f       0x2d /usr/lib/gcc/arm-none-eabi/9.2.1/../../../arm-none-eabi/lib/thumb/v7-m/nofp/libc_nano.a(lib_a-nano-reallocr.o)
 .ARM.attributes
                0x0000000000000b6c       0x2d /usr/lib/gcc/arm-none-eabi/9.2.1/../../../arm-none-eabi/lib/thumb/v7-m/nofp/libc_nano.a(lib_a-signal.o)
 .ARM.attributes
                0x0000000000000b99       0x2d /usr/lib/gcc/arm-none-eabi/9.2.1/../../../arm-none-eabi/lib/thumb/v7-m/nofp/libc_nano.a(lib_a-signalr.o)
 .ARM.attributes
                0x0000000000000bc6       0x2d /usr/lib/gcc/arm-none-eabi/9.2.1/../../../arm-none-eabi/lib/thumb/v7-m/nofp/libc_nano.a(lib_a-nano-msizer.o)
 .ARM.attributes
                0x0000000000000bf3       0x2d /usr/lib/gcc/arm-none-eabi/9.2.1/../../../arm-none-eabi/lib/thumb/v7-m/nofp/libm.a(lib_a-s_round.o)
 .ARM.attributes
                0x0000000000000c20       0x2d /usr/lib/gcc/arm-none-eabi/9.2.1/../../../arm-none-eabi/lib/thumb/v7-m/nofp/libnosys.a(getpid.o)
 .ARM.attributes
                0x0000000000000c4d       0x2d /usr/lib/gcc/arm-none-eabi/9.2.1/../../../arm-none-eabi/lib/thumb/v7-m/nofp/libnosys.a(kill.o)
 .ARM.attributes
                0x0000000000000c7a       0x2d /usr/lib/gcc/arm-none-eabi/9.2.1/../../../arm-none-eabi/lib/thumb/v7-m/nofp/libnosys.a(sbrk.o)
 .ARM.attributes
                0x0000000000000ca7       0x2d /usr/lib/gcc/arm-none-eabi/9.2.1/../../../arm-none-eabi/lib/thumb/v7-m/nofp/libnosys.a(_exit.o)
 .ARM.attributes
                0x0000000000000cd4       0x1d /usr/lib/gcc/arm-none-eabi/9.2.1/thumb/v7-m/nofp/libgcc.a(_arm_addsubdf3.o)
 .ARM.attributes
                0x0000000000000cf1       0x1d /usr/lib/gcc/arm-none-eabi/9.2.1/thumb/v7-m/nofp/libgcc.a(_arm_muldivdf3.o)
 .ARM.attributes
                0x0000000000000d0e       0x1d /usr/lib/gcc/arm-none-eabi/9.2.1/thumb/v7-m/nofp/libgcc.a(_arm_cmpdf2.o)
 .ARM.attributes
                0x0000000000000d2b       0x1d /usr/lib/gcc/arm-none-eabi/9.2.1/thumb/v7-m/nofp/libgcc.a(_arm_unorddf2.o)
 .ARM.attributes
                0x0000000000000d48       0x1d /usr/lib/gcc/arm-none-eabi/9.2.1/thumb/v7-m/nofp/libgcc.a(_arm_fixdfsi.o)
 .ARM.attributes
                0x0000000000000d65       0x1d /usr/lib/gcc/arm-none-eabi/9.2.1/thumb/v7-m/nofp/libgcc.a(_arm_fixunsdfsi.o)
 .ARM.attributes
                0x0000000000000d82       0x1d /usr/lib/gcc/arm-none-eabi/9.2.1/thumb/v7-m/nofp/libgcc.a(_arm_truncdfsf2.o)
 .ARM.attributes
                0x0000000000000d9f       0x1d /usr/lib/gcc/arm-none-eabi/9.2.1/thumb/v7-m/nofp/libgcc.a(_arm_addsubsf3.o)
 .ARM.attributes
                0x0000000000000dbc       0x1d /usr/lib/gcc/arm-none-eabi/9.2.1/thumb/v7-m/nofp/libgcc.a(_arm_muldivsf3.o)
 .ARM.attributes
                0x0000000000000dd9       0x1d /usr/lib/gcc/arm-none-eabi/9.2.1/thumb/v7-m/nofp/libgcc.a(_arm_cmpsf2.o)
 .ARM.attributes
                0x0000000000000df6       0x2d /usr/lib/gcc/arm-none-eabi/9.2.1/thumb/v7-m/nofp/crtend.o
 .ARM.attributes
                0x0000000000000e23       0x1d /usr/lib/gcc/arm-none-eabi/9.2.1/thumb/v7-m/nofp/crtn.o
OUTPUT(build/base_control_f103.elf elf32-littlearm)
LOAD linker stubs
LOAD /usr/lib/gcc/arm-none-eabi/9.2.1/../../../arm-none-eabi/lib/thumb/v7-m/nofp/libc.a
LOAD /usr/lib/gcc/arm-none-eabi/9.2.1/../../../arm-none-eabi/lib/thumb/v7-m/nofp/libm.a
LOAD /usr/lib/gcc/arm-none-eabi/9.2.1/thumb/v7-m/nofp/libgcc.a

.comment        0x0000000000000000       0xf4
 .comment       0x0000000000000000       0x59 /usr/lib/gcc/arm-none-eabi/9.2.1/thumb/v7-m/nofp/crtbegin.o
                                         0x5a (size before relaxing)
 .comment       0x0000000000000059       0x5a build/main.o
 .comment       0x0000000000000059       0x5a build/gpio.o
 .comment       0x0000000000000059       0x5a build/dma.o
 .comment       0x0000000000000059       0x5a build/tim.o
 .comment       0x0000000000000059       0x5a build/usart.o
 .comment       0x0000000000000059       0x5a build/stm32f1xx_it.o
 .comment       0x0000000000000059       0x5a build/stm32f1xx_hal_msp.o
 .comment       0x0000000000000059       0x5a build/stm32f1xx_hal_tim.o
 .comment       0x0000000000000059       0x5a build/stm32f1xx_hal_tim_ex.o
 .comment       0x0000000000000059       0x5a build/stm32f1xx_hal.o
 .comment       0x0000000000000059       0x5a build/stm32f1xx_hal_rcc.o
 .comment       0x0000000000000059       0x5a build/stm32f1xx_hal_gpio.o
 .comment       0x0000000000000059       0x5a build/stm32f1xx_hal_dma.o
 .comment       0x0000000000000059       0x5a build/stm32f1xx_hal_cortex.o
 .comment       0x0000000000000059       0x5a build/stm32f1xx_hal_uart.o
 .comment       0x0000000000000059       0x5a build/system_stm32f1xx.o
 .comment       0x0000000000000059       0x5a build/PID.o
 .comment       0x0000000000000059       0x4d build/frame_resolve.o
                                         0x4e (size before relaxing)
 .comment       0x00000000000000a6       0x5a build/retarget.o
 .comment       0x00000000000000a6       0x4e /usr/lib/gcc/arm-none-eabi/9.2.1/../../../arm-none-eabi/lib/thumb/v7-m/nofp/libc_nano.a(lib_a-errno.o)
                                         0x4f (size before relaxing)
 .comment       0x00000000000000f4       0x4f /usr/lib/gcc/arm-none-eabi/9.2.1/../../../arm-none-eabi/lib/thumb/v7-m/nofp/libc_nano.a(lib_a-impure.o)
 .comment       0x00000000000000f4       0x4f /usr/lib/gcc/arm-none-eabi/9.2.1/../../../arm-none-eabi/lib/thumb/v7-m/nofp/libc_nano.a(lib_a-init.o)
 .comment       0x00000000000000f4       0x4f /usr/lib/gcc/arm-none-eabi/9.2.1/../../../arm-none-eabi/lib/thumb/v7-m/nofp/libc_nano.a(lib_a-memset.o)
 .comment       0x00000000000000f4       0x4f /usr/lib/gcc/arm-none-eabi/9.2.1/../../../arm-none-eabi/lib/thumb/v7-m/nofp/libc_nano.a(lib_a-nano-vfprintf_float.o)
 .comment       0x00000000000000f4       0x4f /usr/lib/gcc/arm-none-eabi/9.2.1/../../../arm-none-eabi/lib/thumb/v7-m/nofp/libc_nano.a(lib_a-nano-vfprintf_i.o)
 .comment       0x00000000000000f4       0x4f /usr/lib/gcc/arm-none-eabi/9.2.1/../../../arm-none-eabi/lib/thumb/v7-m/nofp/libc_nano.a(lib_a-setvbuf.o)
 .comment       0x00000000000000f4       0x4f /usr/lib/gcc/arm-none-eabi/9.2.1/../../../arm-none-eabi/lib/thumb/v7-m/nofp/libc_nano.a(lib_a-strlen-stub.o)
 .comment       0x00000000000000f4       0x4f /usr/lib/gcc/arm-none-eabi/9.2.1/../../../arm-none-eabi/lib/thumb/v7-m/nofp/libc_nano.a(lib_a-dtoa.o)
 .comment       0x00000000000000f4       0x4f /usr/lib/gcc/arm-none-eabi/9.2.1/../../../arm-none-eabi/lib/thumb/v7-m/nofp/libc_nano.a(lib_a-fflush.o)
 .comment       0x00000000000000f4       0x4f /usr/lib/gcc/arm-none-eabi/9.2.1/../../../arm-none-eabi/lib/thumb/v7-m/nofp/libc_nano.a(lib_a-findfp.o)
 .comment       0x00000000000000f4       0x4f /usr/lib/gcc/arm-none-eabi/9.2.1/../../../arm-none-eabi/lib/thumb/v7-m/nofp/libc_nano.a(lib_a-fwalk.o)
 .comment       0x00000000000000f4       0x4f /usr/lib/gcc/arm-none-eabi/9.2.1/../../../arm-none-eabi/lib/thumb/v7-m/nofp/libc_nano.a(lib_a-localeconv.o)
 .comment       0x00000000000000f4       0x4f /usr/lib/gcc/arm-none-eabi/9.2.1/../../../arm-none-eabi/lib/thumb/v7-m/nofp/libc_nano.a(lib_a-makebuf.o)
 .comment       0x00000000000000f4       0x4f /usr/lib/gcc/arm-none-eabi/9.2.1/../../../arm-none-eabi/lib/thumb/v7-m/nofp/libc_nano.a(lib_a-malloc.o)
 .comment       0x00000000000000f4       0x4f /usr/lib/gcc/arm-none-eabi/9.2.1/../../../arm-none-eabi/lib/thumb/v7-m/nofp/libc_nano.a(lib_a-memchr-stub.o)
 .comment       0x00000000000000f4       0x4f /usr/lib/gcc/arm-none-eabi/9.2.1/../../../arm-none-eabi/lib/thumb/v7-m/nofp/libc_nano.a(lib_a-mprec.o)
 .comment       0x00000000000000f4       0x4f /usr/lib/gcc/arm-none-eabi/9.2.1/../../../arm-none-eabi/lib/thumb/v7-m/nofp/libc_nano.a(lib_a-nano-callocr.o)
 .comment       0x00000000000000f4       0x4f /usr/lib/gcc/arm-none-eabi/9.2.1/../../../arm-none-eabi/lib/thumb/v7-m/nofp/libc_nano.a(lib_a-nano-freer.o)
 .comment       0x00000000000000f4       0x4f /usr/lib/gcc/arm-none-eabi/9.2.1/../../../arm-none-eabi/lib/thumb/v7-m/nofp/libc_nano.a(lib_a-nano-mallocr.o)
 .comment       0x00000000000000f4       0x4f /usr/lib/gcc/arm-none-eabi/9.2.1/../../../arm-none-eabi/lib/thumb/v7-m/nofp/libc_nano.a(lib_a-sbrkr.o)
 .comment       0x00000000000000f4       0x4f /usr/lib/gcc/arm-none-eabi/9.2.1/../../../arm-none-eabi/lib/thumb/v7-m/nofp/libc_nano.a(lib_a-stdio.o)
 .comment       0x00000000000000f4       0x4f /usr/lib/gcc/arm-none-eabi/9.2.1/../../../arm-none-eabi/lib/thumb/v7-m/nofp/libc_nano.a(lib_a-writer.o)
 .comment       0x00000000000000f4       0x4f /usr/lib/gcc/arm-none-eabi/9.2.1/../../../arm-none-eabi/lib/thumb/v7-m/nofp/libc_nano.a(lib_a-assert.o)
 .comment       0x00000000000000f4       0x4f /usr/lib/gcc/arm-none-eabi/9.2.1/../../../arm-none-eabi/lib/thumb/v7-m/nofp/libc_nano.a(lib_a-closer.o)
 .comment       0x00000000000000f4       0x4f /usr/lib/gcc/arm-none-eabi/9.2.1/../../../arm-none-eabi/lib/thumb/v7-m/nofp/libc_nano.a(lib_a-fprintf.o)
 .comment       0x00000000000000f4       0x4f /usr/lib/gcc/arm-none-eabi/9.2.1/../../../arm-none-eabi/lib/thumb/v7-m/nofp/libc_nano.a(lib_a-fstatr.o)
 .comment       0x00000000000000f4       0x4f /usr/lib/gcc/arm-none-eabi/9.2.1/../../../arm-none-eabi/lib/thumb/v7-m/nofp/libc_nano.a(lib_a-isattyr.o)
 .comment       0x00000000000000f4       0x4f /usr/lib/gcc/arm-none-eabi/9.2.1/../../../arm-none-eabi/lib/thumb/v7-m/nofp/libc_nano.a(lib_a-locale.o)
 .comment       0x00000000000000f4       0x4f /usr/lib/gcc/arm-none-eabi/9.2.1/../../../arm-none-eabi/lib/thumb/v7-m/nofp/libc_nano.a(lib_a-lseekr.o)
 .comment       0x00000000000000f4       0x4f /usr/lib/gcc/arm-none-eabi/9.2.1/../../../arm-none-eabi/lib/thumb/v7-m/nofp/libc_nano.a(lib_a-mbtowc_r.o)
 .comment       0x00000000000000f4       0x4f /usr/lib/gcc/arm-none-eabi/9.2.1/../../../arm-none-eabi/lib/thumb/v7-m/nofp/libc_nano.a(lib_a-mlock.o)
 .comment       0x00000000000000f4       0x4f /usr/lib/gcc/arm-none-eabi/9.2.1/../../../arm-none-eabi/lib/thumb/v7-m/nofp/libc_nano.a(lib_a-nano-vfprintf.o)
 .comment       0x00000000000000f4       0x4f /usr/lib/gcc/arm-none-eabi/9.2.1/../../../arm-none-eabi/lib/thumb/v7-m/nofp/libc_nano.a(lib_a-readr.o)
 .comment       0x00000000000000f4       0x4f /usr/lib/gcc/arm-none-eabi/9.2.1/../../../arm-none-eabi/lib/thumb/v7-m/nofp/libc_nano.a(lib_a-reent.o)
 .comment       0x00000000000000f4       0x4f /usr/lib/gcc/arm-none-eabi/9.2.1/../../../arm-none-eabi/lib/thumb/v7-m/nofp/libc_nano.a(lib_a-wbuf.o)
 .comment       0x00000000000000f4       0x4f /usr/lib/gcc/arm-none-eabi/9.2.1/../../../arm-none-eabi/lib/thumb/v7-m/nofp/libc_nano.a(lib_a-wctomb_r.o)
 .comment       0x00000000000000f4       0x4f /usr/lib/gcc/arm-none-eabi/9.2.1/../../../arm-none-eabi/lib/thumb/v7-m/nofp/libc_nano.a(lib_a-wsetup.o)
 .comment       0x00000000000000f4       0x4f /usr/lib/gcc/arm-none-eabi/9.2.1/../../../arm-none-eabi/lib/thumb/v7-m/nofp/libc_nano.a(lib_a-abort.o)
 .comment       0x00000000000000f4       0x4f /usr/lib/gcc/arm-none-eabi/9.2.1/../../../arm-none-eabi/lib/thumb/v7-m/nofp/libc_nano.a(lib_a-ctype_.o)
 .comment       0x00000000000000f4       0x4f /usr/lib/gcc/arm-none-eabi/9.2.1/../../../arm-none-eabi/lib/thumb/v7-m/nofp/libc_nano.a(lib_a-fvwrite.o)
 .comment       0x00000000000000f4       0x4f /usr/lib/gcc/arm-none-eabi/9.2.1/../../../arm-none-eabi/lib/thumb/v7-m/nofp/libc_nano.a(lib_a-memmove.o)
 .comment       0x00000000000000f4       0x4f /usr/lib/gcc/arm-none-eabi/9.2.1/../../../arm-none-eabi/lib/thumb/v7-m/nofp/libc_nano.a(lib_a-nano-reallocr.o)
 .comment       0x00000000000000f4       0x4f /usr/lib/gcc/arm-none-eabi/9.2.1/../../../arm-none-eabi/lib/thumb/v7-m/nofp/libc_nano.a(lib_a-signal.o)
 .comment       0x00000000000000f4       0x4f /usr/lib/gcc/arm-none-eabi/9.2.1/../../../arm-none-eabi/lib/thumb/v7-m/nofp/libc_nano.a(lib_a-signalr.o)
 .comment       0x00000000000000f4       0x4f /usr/lib/gcc/arm-none-eabi/9.2.1/../../../arm-none-eabi/lib/thumb/v7-m/nofp/libc_nano.a(lib_a-nano-msizer.o)
 .comment       0x00000000000000f4       0x4f /usr/lib/gcc/arm-none-eabi/9.2.1/../../../arm-none-eabi/lib/thumb/v7-m/nofp/libm.a(lib_a-s_round.o)
 .comment       0x00000000000000f4       0x4f /usr/lib/gcc/arm-none-eabi/9.2.1/../../../arm-none-eabi/lib/thumb/v7-m/nofp/libnosys.a(getpid.o)
 .comment       0x00000000000000f4       0x4f /usr/lib/gcc/arm-none-eabi/9.2.1/../../../arm-none-eabi/lib/thumb/v7-m/nofp/libnosys.a(kill.o)
 .comment       0x00000000000000f4       0x4f /usr/lib/gcc/arm-none-eabi/9.2.1/../../../arm-none-eabi/lib/thumb/v7-m/nofp/libnosys.a(sbrk.o)
 .comment       0x00000000000000f4       0x4f /usr/lib/gcc/arm-none-eabi/9.2.1/../../../arm-none-eabi/lib/thumb/v7-m/nofp/libnosys.a(_exit.o)
 .comment       0x00000000000000f4       0x5a /usr/lib/gcc/arm-none-eabi/9.2.1/thumb/v7-m/nofp/crtend.o

.debug_info     0x0000000000000000    0x3c394
 .debug_info    0x0000000000000000     0x204b build/main.o
 .debug_info    0x000000000000204b      0x44e build/gpio.o
 .debug_info    0x0000000000002499      0x41b build/dma.o
 .debug_info    0x00000000000028b4     0x1304 build/tim.o
 .debug_info    0x0000000000003bb8      0xbe3 build/usart.o
 .debug_info    0x000000000000479b      0xbda build/stm32f1xx_it.o
 .debug_info    0x0000000000005375      0x30e build/stm32f1xx_hal_msp.o
 .debug_info    0x0000000000005683     0x3eb7 build/stm32f1xx_hal_tim.o
 .debug_info    0x000000000000953a     0x1c30 build/stm32f1xx_hal_tim_ex.o
 .debug_info    0x000000000000b16a      0x8c0 build/stm32f1xx_hal.o
 .debug_info    0x000000000000ba2a      0xb37 build/stm32f1xx_hal_rcc.o
 .debug_info    0x000000000000c561      0x7a1 build/stm32f1xx_hal_gpio.o
 .debug_info    0x000000000000cd02      0x991 build/stm32f1xx_hal_dma.o
 .debug_info    0x000000000000d693      0xed3 build/stm32f1xx_hal_cortex.o
 .debug_info    0x000000000000e566     0x1ec4 build/stm32f1xx_hal_uart.o
 .debug_info    0x000000000001042a      0x2d3 build/system_stm32f1xx.o
 .debug_info    0x00000000000106fd     0x1336 build/PID.o
 .debug_info    0x0000000000011a33      0x4ce build/frame_resolve.o
 .debug_info    0x0000000000011f01     0x1597 build/retarget.o
 .debug_info    0x0000000000013498       0x22 build/startup_stm32f103xb.o
 .debug_info    0x00000000000134ba      0x953 /usr/lib/gcc/arm-none-eabi/9.2.1/../../../arm-none-eabi/lib/thumb/v7-m/nofp/libc_nano.a(lib_a-errno.o)
 .debug_info    0x0000000000013e0d      0x92a /usr/lib/gcc/arm-none-eabi/9.2.1/../../../arm-none-eabi/lib/thumb/v7-m/nofp/libc_nano.a(lib_a-impure.o)
 .debug_info    0x0000000000014737      0x11a /usr/lib/gcc/arm-none-eabi/9.2.1/../../../arm-none-eabi/lib/thumb/v7-m/nofp/libc_nano.a(lib_a-init.o)
 .debug_info    0x0000000000014851      0xf21 /usr/lib/gcc/arm-none-eabi/9.2.1/../../../arm-none-eabi/lib/thumb/v7-m/nofp/libc_nano.a(lib_a-memset.o)
 .debug_info    0x0000000000015772     0x1adb /usr/lib/gcc/arm-none-eabi/9.2.1/../../../arm-none-eabi/lib/thumb/v7-m/nofp/libc_nano.a(lib_a-nano-vfprintf_float.o)
 .debug_info    0x000000000001724d     0x1592 /usr/lib/gcc/arm-none-eabi/9.2.1/../../../arm-none-eabi/lib/thumb/v7-m/nofp/libc_nano.a(lib_a-nano-vfprintf_i.o)
 .debug_info    0x00000000000187df      0xce2 /usr/lib/gcc/arm-none-eabi/9.2.1/../../../arm-none-eabi/lib/thumb/v7-m/nofp/libc_nano.a(lib_a-setvbuf.o)
 .debug_info    0x00000000000194c1      0x941 /usr/lib/gcc/arm-none-eabi/9.2.1/../../../arm-none-eabi/lib/thumb/v7-m/nofp/libc_nano.a(lib_a-strlen-stub.o)
 .debug_info    0x0000000000019e02     0x1b36 /usr/lib/gcc/arm-none-eabi/9.2.1/../../../arm-none-eabi/lib/thumb/v7-m/nofp/libc_nano.a(lib_a-dtoa.o)
 .debug_info    0x000000000001b938      0xd7d /usr/lib/gcc/arm-none-eabi/9.2.1/../../../arm-none-eabi/lib/thumb/v7-m/nofp/libc_nano.a(lib_a-fflush.o)
 .debug_info    0x000000000001c6b5     0x11a8 /usr/lib/gcc/arm-none-eabi/9.2.1/../../../arm-none-eabi/lib/thumb/v7-m/nofp/libc_nano.a(lib_a-findfp.o)
 .debug_info    0x000000000001d85d      0xca4 /usr/lib/gcc/arm-none-eabi/9.2.1/../../../arm-none-eabi/lib/thumb/v7-m/nofp/libc_nano.a(lib_a-fwalk.o)
 .debug_info    0x000000000001e501      0xf49 /usr/lib/gcc/arm-none-eabi/9.2.1/../../../arm-none-eabi/lib/thumb/v7-m/nofp/libc_nano.a(lib_a-localeconv.o)
 .debug_info    0x000000000001f44a      0xf68 /usr/lib/gcc/arm-none-eabi/9.2.1/../../../arm-none-eabi/lib/thumb/v7-m/nofp/libc_nano.a(lib_a-makebuf.o)
 .debug_info    0x00000000000203b2      0x9b6 /usr/lib/gcc/arm-none-eabi/9.2.1/../../../arm-none-eabi/lib/thumb/v7-m/nofp/libc_nano.a(lib_a-malloc.o)
 .debug_info    0x0000000000020d68      0x9e3 /usr/lib/gcc/arm-none-eabi/9.2.1/../../../arm-none-eabi/lib/thumb/v7-m/nofp/libc_nano.a(lib_a-memchr-stub.o)
 .debug_info    0x000000000002174b       0x26 /usr/lib/gcc/arm-none-eabi/9.2.1/../../../arm-none-eabi/lib/thumb/v7-m/nofp/libc_nano.a(lib_a-memcpy.o)
 .debug_info    0x0000000000021771     0x2409 /usr/lib/gcc/arm-none-eabi/9.2.1/../../../arm-none-eabi/lib/thumb/v7-m/nofp/libc_nano.a(lib_a-mprec.o)
 .debug_info    0x0000000000023b7a      0xafe /usr/lib/gcc/arm-none-eabi/9.2.1/../../../arm-none-eabi/lib/thumb/v7-m/nofp/libc_nano.a(lib_a-nano-callocr.o)
 .debug_info    0x0000000000024678      0xb85 /usr/lib/gcc/arm-none-eabi/9.2.1/../../../arm-none-eabi/lib/thumb/v7-m/nofp/libc_nano.a(lib_a-nano-freer.o)
 .debug_info    0x00000000000251fd      0xc5a /usr/lib/gcc/arm-none-eabi/9.2.1/../../../arm-none-eabi/lib/thumb/v7-m/nofp/libc_nano.a(lib_a-nano-mallocr.o)
 .debug_info    0x0000000000025e57      0x9fb /usr/lib/gcc/arm-none-eabi/9.2.1/../../../arm-none-eabi/lib/thumb/v7-m/nofp/libc_nano.a(lib_a-sbrkr.o)
 .debug_info    0x0000000000026852      0xe67 /usr/lib/gcc/arm-none-eabi/9.2.1/../../../arm-none-eabi/lib/thumb/v7-m/nofp/libc_nano.a(lib_a-stdio.o)
 .debug_info    0x00000000000276b9      0xa2c /usr/lib/gcc/arm-none-eabi/9.2.1/../../../arm-none-eabi/lib/thumb/v7-m/nofp/libc_nano.a(lib_a-writer.o)
 .debug_info    0x00000000000280e5      0xa41 /usr/lib/gcc/arm-none-eabi/9.2.1/../../../arm-none-eabi/lib/thumb/v7-m/nofp/libc_nano.a(lib_a-assert.o)
 .debug_info    0x0000000000028b26      0x9d8 /usr/lib/gcc/arm-none-eabi/9.2.1/../../../arm-none-eabi/lib/thumb/v7-m/nofp/libc_nano.a(lib_a-closer.o)
 .debug_info    0x00000000000294fe      0xa7a /usr/lib/gcc/arm-none-eabi/9.2.1/../../../arm-none-eabi/lib/thumb/v7-m/nofp/libc_nano.a(lib_a-fprintf.o)
 .debug_info    0x0000000000029f78      0xc23 /usr/lib/gcc/arm-none-eabi/9.2.1/../../../arm-none-eabi/lib/thumb/v7-m/nofp/libc_nano.a(lib_a-fstatr.o)
 .debug_info    0x000000000002ab9b      0x9d8 /usr/lib/gcc/arm-none-eabi/9.2.1/../../../arm-none-eabi/lib/thumb/v7-m/nofp/libc_nano.a(lib_a-isattyr.o)
 .debug_info    0x000000000002b573     0x10ca /usr/lib/gcc/arm-none-eabi/9.2.1/../../../arm-none-eabi/lib/thumb/v7-m/nofp/libc_nano.a(lib_a-locale.o)
 .debug_info    0x000000000002c63d      0xa0d /usr/lib/gcc/arm-none-eabi/9.2.1/../../../arm-none-eabi/lib/thumb/v7-m/nofp/libc_nano.a(lib_a-lseekr.o)
 .debug_info    0x000000000002d04a     0x1044 /usr/lib/gcc/arm-none-eabi/9.2.1/../../../arm-none-eabi/lib/thumb/v7-m/nofp/libc_nano.a(lib_a-mbtowc_r.o)
 .debug_info    0x000000000002e08e      0x961 /usr/lib/gcc/arm-none-eabi/9.2.1/../../../arm-none-eabi/lib/thumb/v7-m/nofp/libc_nano.a(lib_a-mlock.o)
 .debug_info    0x000000000002e9ef     0x176a /usr/lib/gcc/arm-none-eabi/9.2.1/../../../arm-none-eabi/lib/thumb/v7-m/nofp/libc_nano.a(lib_a-nano-vfprintf.o)
 .debug_info    0x0000000000030159      0xa25 /usr/lib/gcc/arm-none-eabi/9.2.1/../../../arm-none-eabi/lib/thumb/v7-m/nofp/libc_nano.a(lib_a-readr.o)
 .debug_info    0x0000000000030b7e      0xb0f /usr/lib/gcc/arm-none-eabi/9.2.1/../../../arm-none-eabi/lib/thumb/v7-m/nofp/libc_nano.a(lib_a-reent.o)
 .debug_info    0x000000000003168d      0xc90 /usr/lib/gcc/arm-none-eabi/9.2.1/../../../arm-none-eabi/lib/thumb/v7-m/nofp/libc_nano.a(lib_a-wbuf.o)
 .debug_info    0x000000000003231d     0x1003 /usr/lib/gcc/arm-none-eabi/9.2.1/../../../arm-none-eabi/lib/thumb/v7-m/nofp/libc_nano.a(lib_a-wctomb_r.o)
 .debug_info    0x0000000000033320      0xbfa /usr/lib/gcc/arm-none-eabi/9.2.1/../../../arm-none-eabi/lib/thumb/v7-m/nofp/libc_nano.a(lib_a-wsetup.o)
 .debug_info    0x0000000000033f1a      0x9b5 /usr/lib/gcc/arm-none-eabi/9.2.1/../../../arm-none-eabi/lib/thumb/v7-m/nofp/libc_nano.a(lib_a-abort.o)
 .debug_info    0x00000000000348cf      0xe91 /usr/lib/gcc/arm-none-eabi/9.2.1/../../../arm-none-eabi/lib/thumb/v7-m/nofp/libc_nano.a(lib_a-ctype_.o)
 .debug_info    0x0000000000035760      0xf1c /usr/lib/gcc/arm-none-eabi/9.2.1/../../../arm-none-eabi/lib/thumb/v7-m/nofp/libc_nano.a(lib_a-fvwrite.o)
 .debug_info    0x000000000003667c      0xf2b /usr/lib/gcc/arm-none-eabi/9.2.1/../../../arm-none-eabi/lib/thumb/v7-m/nofp/libc_nano.a(lib_a-memmove.o)
 .debug_info    0x00000000000375a7      0xb77 /usr/lib/gcc/arm-none-eabi/9.2.1/../../../arm-none-eabi/lib/thumb/v7-m/nofp/libc_nano.a(lib_a-nano-reallocr.o)
 .debug_info    0x000000000003811e      0xd5c /usr/lib/gcc/arm-none-eabi/9.2.1/../../../arm-none-eabi/lib/thumb/v7-m/nofp/libc_nano.a(lib_a-signal.o)
 .debug_info    0x0000000000038e7a      0xa43 /usr/lib/gcc/arm-none-eabi/9.2.1/../../../arm-none-eabi/lib/thumb/v7-m/nofp/libc_nano.a(lib_a-signalr.o)
 .debug_info    0x00000000000398bd      0xaa6 /usr/lib/gcc/arm-none-eabi/9.2.1/../../../arm-none-eabi/lib/thumb/v7-m/nofp/libc_nano.a(lib_a-nano-msizer.o)
 .debug_info    0x000000000003a363      0xaa0 /usr/lib/gcc/arm-none-eabi/9.2.1/../../../arm-none-eabi/lib/thumb/v7-m/nofp/libm.a(lib_a-s_round.o)
 .debug_info    0x000000000003ae03      0x959 /usr/lib/gcc/arm-none-eabi/9.2.1/../../../arm-none-eabi/lib/thumb/v7-m/nofp/libnosys.a(getpid.o)
 .debug_info    0x000000000003b75c      0x97c /usr/lib/gcc/arm-none-eabi/9.2.1/../../../arm-none-eabi/lib/thumb/v7-m/nofp/libnosys.a(kill.o)
 .debug_info    0x000000000003c0d8       0x9d /usr/lib/gcc/arm-none-eabi/9.2.1/../../../arm-none-eabi/lib/thumb/v7-m/nofp/libnosys.a(sbrk.o)
 .debug_info    0x000000000003c175       0xa3 /usr/lib/gcc/arm-none-eabi/9.2.1/../../../arm-none-eabi/lib/thumb/v7-m/nofp/libnosys.a(_exit.o)
 .debug_info    0x000000000003c218       0x26 /usr/lib/gcc/arm-none-eabi/9.2.1/thumb/v7-m/nofp/libgcc.a(_arm_addsubdf3.o)
 .debug_info    0x000000000003c23e       0x26 /usr/lib/gcc/arm-none-eabi/9.2.1/thumb/v7-m/nofp/libgcc.a(_arm_muldivdf3.o)
 .debug_info    0x000000000003c264       0x26 /usr/lib/gcc/arm-none-eabi/9.2.1/thumb/v7-m/nofp/libgcc.a(_arm_cmpdf2.o)
 .debug_info    0x000000000003c28a       0x26 /usr/lib/gcc/arm-none-eabi/9.2.1/thumb/v7-m/nofp/libgcc.a(_arm_unorddf2.o)
 .debug_info    0x000000000003c2b0       0x26 /usr/lib/gcc/arm-none-eabi/9.2.1/thumb/v7-m/nofp/libgcc.a(_arm_fixdfsi.o)
 .debug_info    0x000000000003c2d6       0x26 /usr/lib/gcc/arm-none-eabi/9.2.1/thumb/v7-m/nofp/libgcc.a(_arm_fixunsdfsi.o)
 .debug_info    0x000000000003c2fc       0x26 /usr/lib/gcc/arm-none-eabi/9.2.1/thumb/v7-m/nofp/libgcc.a(_arm_truncdfsf2.o)
 .debug_info    0x000000000003c322       0x26 /usr/lib/gcc/arm-none-eabi/9.2.1/thumb/v7-m/nofp/libgcc.a(_arm_addsubsf3.o)
 .debug_info    0x000000000003c348       0x26 /usr/lib/gcc/arm-none-eabi/9.2.1/thumb/v7-m/nofp/libgcc.a(_arm_muldivsf3.o)
 .debug_info    0x000000000003c36e       0x26 /usr/lib/gcc/arm-none-eabi/9.2.1/thumb/v7-m/nofp/libgcc.a(_arm_cmpsf2.o)

.debug_abbrev   0x0000000000000000     0x9cdf
 .debug_abbrev  0x0000000000000000      0x36f build/main.o
 .debug_abbrev  0x000000000000036f      0x17e build/gpio.o
 .debug_abbrev  0x00000000000004ed      0x156 build/dma.o
 .debug_abbrev  0x0000000000000643      0x284 build/tim.o
 .debug_abbrev  0x00000000000008c7      0x20d build/usart.o
 .debug_abbrev  0x0000000000000ad4      0x1b2 build/stm32f1xx_it.o
 .debug_abbrev  0x0000000000000c86      0x130 build/stm32f1xx_hal_msp.o
 .debug_abbrev  0x0000000000000db6      0x2c3 build/stm32f1xx_hal_tim.o
 .debug_abbrev  0x0000000000001079      0x2ab build/stm32f1xx_hal_tim_ex.o
 .debug_abbrev  0x0000000000001324      0x21c build/stm32f1xx_hal.o
 .debug_abbrev  0x0000000000001540      0x2ad build/stm32f1xx_hal_rcc.o
 .debug_abbrev  0x00000000000017ed      0x24f build/stm32f1xx_hal_gpio.o
 .debug_abbrev  0x0000000000001a3c      0x283 build/stm32f1xx_hal_dma.o
 .debug_abbrev  0x0000000000001cbf      0x37f build/stm32f1xx_hal_cortex.o
 .debug_abbrev  0x000000000000203e      0x2ea build/stm32f1xx_hal_uart.o
 .debug_abbrev  0x0000000000002328      0x153 build/system_stm32f1xx.o
 .debug_abbrev  0x000000000000247b      0x323 build/PID.o
 .debug_abbrev  0x000000000000279e      0x164 build/frame_resolve.o
 .debug_abbrev  0x0000000000002902      0x2ae build/retarget.o
 .debug_abbrev  0x0000000000002bb0       0x12 build/startup_stm32f103xb.o
 .debug_abbrev  0x0000000000002bc2      0x198 /usr/lib/gcc/arm-none-eabi/9.2.1/../../../arm-none-eabi/lib/thumb/v7-m/nofp/libc_nano.a(lib_a-errno.o)
 .debug_abbrev  0x0000000000002d5a      0x17a /usr/lib/gcc/arm-none-eabi/9.2.1/../../../arm-none-eabi/lib/thumb/v7-m/nofp/libc_nano.a(lib_a-impure.o)
 .debug_abbrev  0x0000000000002ed4       0xcc /usr/lib/gcc/arm-none-eabi/9.2.1/../../../arm-none-eabi/lib/thumb/v7-m/nofp/libc_nano.a(lib_a-init.o)
 .debug_abbrev  0x0000000000002fa0      0x1d9 /usr/lib/gcc/arm-none-eabi/9.2.1/../../../arm-none-eabi/lib/thumb/v7-m/nofp/libc_nano.a(lib_a-memset.o)
 .debug_abbrev  0x0000000000003179      0x351 /usr/lib/gcc/arm-none-eabi/9.2.1/../../../arm-none-eabi/lib/thumb/v7-m/nofp/libc_nano.a(lib_a-nano-vfprintf_float.o)
 .debug_abbrev  0x00000000000034ca      0x2dc /usr/lib/gcc/arm-none-eabi/9.2.1/../../../arm-none-eabi/lib/thumb/v7-m/nofp/libc_nano.a(lib_a-nano-vfprintf_i.o)
 .debug_abbrev  0x00000000000037a6      0x27d /usr/lib/gcc/arm-none-eabi/9.2.1/../../../arm-none-eabi/lib/thumb/v7-m/nofp/libc_nano.a(lib_a-setvbuf.o)
 .debug_abbrev  0x0000000000003a23      0x194 /usr/lib/gcc/arm-none-eabi/9.2.1/../../../arm-none-eabi/lib/thumb/v7-m/nofp/libc_nano.a(lib_a-strlen-stub.o)
 .debug_abbrev  0x0000000000003bb7      0x310 /usr/lib/gcc/arm-none-eabi/9.2.1/../../../arm-none-eabi/lib/thumb/v7-m/nofp/libc_nano.a(lib_a-dtoa.o)
 .debug_abbrev  0x0000000000003ec7      0x2e4 /usr/lib/gcc/arm-none-eabi/9.2.1/../../../arm-none-eabi/lib/thumb/v7-m/nofp/libc_nano.a(lib_a-fflush.o)
 .debug_abbrev  0x00000000000041ab      0x3dc /usr/lib/gcc/arm-none-eabi/9.2.1/../../../arm-none-eabi/lib/thumb/v7-m/nofp/libc_nano.a(lib_a-findfp.o)
 .debug_abbrev  0x0000000000004587      0x210 /usr/lib/gcc/arm-none-eabi/9.2.1/../../../arm-none-eabi/lib/thumb/v7-m/nofp/libc_nano.a(lib_a-fwalk.o)
 .debug_abbrev  0x0000000000004797      0x23f /usr/lib/gcc/arm-none-eabi/9.2.1/../../../arm-none-eabi/lib/thumb/v7-m/nofp/libc_nano.a(lib_a-localeconv.o)
 .debug_abbrev  0x00000000000049d6      0x2f6 /usr/lib/gcc/arm-none-eabi/9.2.1/../../../arm-none-eabi/lib/thumb/v7-m/nofp/libc_nano.a(lib_a-makebuf.o)
 .debug_abbrev  0x0000000000004ccc      0x1f2 /usr/lib/gcc/arm-none-eabi/9.2.1/../../../arm-none-eabi/lib/thumb/v7-m/nofp/libc_nano.a(lib_a-malloc.o)
 .debug_abbrev  0x0000000000004ebe      0x1d7 /usr/lib/gcc/arm-none-eabi/9.2.1/../../../arm-none-eabi/lib/thumb/v7-m/nofp/libc_nano.a(lib_a-memchr-stub.o)
 .debug_abbrev  0x0000000000005095       0x14 /usr/lib/gcc/arm-none-eabi/9.2.1/../../../arm-none-eabi/lib/thumb/v7-m/nofp/libc_nano.a(lib_a-memcpy.o)
 .debug_abbrev  0x00000000000050a9      0x474 /usr/lib/gcc/arm-none-eabi/9.2.1/../../../arm-none-eabi/lib/thumb/v7-m/nofp/libc_nano.a(lib_a-mprec.o)