Archive member included to satisfy reference by file (symbol)

c:/program files (x86)/gnu arm embedded toolchain/10 2020-q4-major/bin/../lib/gcc/arm-none-eabi/10.2.1/../../../../arm-none-eabi/lib/thumb/v7-m/nofp\libc_nano.a(lib_a-errno.o)
                              build/retarget.o (__errno)
c:/program files (x86)/gnu arm embedded toolchain/10 2020-q4-major/bin/../lib/gcc/arm-none-eabi/10.2.1/../../../../arm-none-eabi/lib/thumb/v7-m/nofp\libc_nano.a(lib_a-exit.o)
                              c:/program files (x86)/gnu arm embedded toolchain/10 2020-q4-major/bin/../lib/gcc/arm-none-eabi/10.2.1/../../../../arm-none-eabi/lib/thumb/v7-m/nofp/crt0.o (exit)
c:/program files (x86)/gnu arm embedded toolchain/10 2020-q4-major/bin/../lib/gcc/arm-none-eabi/10.2.1/../../../../arm-none-eabi/lib/thumb/v7-m/nofp\libc_nano.a(lib_a-impure.o)
                              c:/program files (x86)/gnu arm embedded toolchain/10 2020-q4-major/bin/../lib/gcc/arm-none-eabi/10.2.1/../../../../arm-none-eabi/lib/thumb/v7-m/nofp\libc_nano.a(lib_a-exit.o) (_global_impure_ptr)
c:/program files (x86)/gnu arm embedded toolchain/10 2020-q4-major/bin/../lib/gcc/arm-none-eabi/10.2.1/../../../../arm-none-eabi/lib/thumb/v7-m/nofp\libc_nano.a(lib_a-init.o)
                              c:/program files (x86)/gnu arm embedded toolchain/10 2020-q4-major/bin/../lib/gcc/arm-none-eabi/10.2.1/../../../../arm-none-eabi/lib/thumb/v7-m/nofp/crt0.o (__libc_init_array)
c:/program files (x86)/gnu arm embedded toolchain/10 2020-q4-major/bin/../lib/gcc/arm-none-eabi/10.2.1/../../../../arm-none-eabi/lib/thumb/v7-m/nofp\libc_nano.a(lib_a-memset.o)
                              c:/program files (x86)/gnu arm embedded toolchain/10 2020-q4-major/bin/../lib/gcc/arm-none-eabi/10.2.1/../../../../arm-none-eabi/lib/thumb/v7-m/nofp/crt0.o (memset)
c:/program files (x86)/gnu arm embedded toolchain/10 2020-q4-major/bin/../lib/gcc/arm-none-eabi/10.2.1/../../../../arm-none-eabi/lib/thumb/v7-m/nofp\libc_nano.a(lib_a-nano-vfprintf_float.o)
                              (_printf_float)
c:/program files (x86)/gnu arm embedded toolchain/10 2020-q4-major/bin/../lib/gcc/arm-none-eabi/10.2.1/../../../../arm-none-eabi/lib/thumb/v7-m/nofp\libc_nano.a(lib_a-nano-vfprintf_i.o)
                              c:/program files (x86)/gnu arm embedded toolchain/10 2020-q4-major/bin/../lib/gcc/arm-none-eabi/10.2.1/../../../../arm-none-eabi/lib/thumb/v7-m/nofp\libc_nano.a(lib_a-nano-vfprintf_float.o) (_printf_common)
c:/program files (x86)/gnu arm embedded toolchain/10 2020-q4-major/bin/../lib/gcc/arm-none-eabi/10.2.1/../../../../arm-none-eabi/lib/thumb/v7-m/nofp\libc_nano.a(lib_a-setvbuf.o)
                              build/retarget.o (setvbuf)
c:/program files (x86)/gnu arm embedded toolchain/10 2020-q4-major/bin/../lib/gcc/arm-none-eabi/10.2.1/../../../../arm-none-eabi/lib/thumb/v7-m/nofp\libc_nano.a(lib_a-strlen.o)
                              c:/program files (x86)/gnu arm embedded toolchain/10 2020-q4-major/bin/../lib/gcc/arm-none-eabi/10.2.1/../../../../arm-none-eabi/lib/thumb/v7-m/nofp\libc_nano.a(lib_a-nano-vfprintf_float.o) (strlen)
c:/program files (x86)/gnu arm embedded toolchain/10 2020-q4-major/bin/../lib/gcc/arm-none-eabi/10.2.1/../../../../arm-none-eabi/lib/thumb/v7-m/nofp\libc_nano.a(lib_a-dtoa.o)
                              c:/program files (x86)/gnu arm embedded toolchain/10 2020-q4-major/bin/../lib/gcc/arm-none-eabi/10.2.1/../../../../arm-none-eabi/lib/thumb/v7-m/nofp\libc_nano.a(lib_a-nano-vfprintf_float.o) (_dtoa_r)
c:/program files (x86)/gnu arm embedded toolchain/10 2020-q4-major/bin/../lib/gcc/arm-none-eabi/10.2.1/../../../../arm-none-eabi/lib/thumb/v7-m/nofp\libc_nano.a(lib_a-fflush.o)
                              c:/program files (x86)/gnu arm embedded toolchain/10 2020-q4-major/bin/../lib/gcc/arm-none-eabi/10.2.1/../../../../arm-none-eabi/lib/thumb/v7-m/nofp\libc_nano.a(lib_a-setvbuf.o) (_fflush_r)
c:/program files (x86)/gnu arm embedded toolchain/10 2020-q4-major/bin/../lib/gcc/arm-none-eabi/10.2.1/../../../../arm-none-eabi/lib/thumb/v7-m/nofp\libc_nano.a(lib_a-findfp.o)
                              c:/program files (x86)/gnu arm embedded toolchain/10 2020-q4-major/bin/../lib/gcc/arm-none-eabi/10.2.1/../../../../arm-none-eabi/lib/thumb/v7-m/nofp\libc_nano.a(lib_a-setvbuf.o) (__sinit)
c:/program files (x86)/gnu arm embedded toolchain/10 2020-q4-major/bin/../lib/gcc/arm-none-eabi/10.2.1/../../../../arm-none-eabi/lib/thumb/v7-m/nofp\libc_nano.a(lib_a-fwalk.o)
                              c:/program files (x86)/gnu arm embedded toolchain/10 2020-q4-major/bin/../lib/gcc/arm-none-eabi/10.2.1/../../../../arm-none-eabi/lib/thumb/v7-m/nofp\libc_nano.a(lib_a-findfp.o) (_fwalk)
c:/program files (x86)/gnu arm embedded toolchain/10 2020-q4-major/bin/../lib/gcc/arm-none-eabi/10.2.1/../../../../arm-none-eabi/lib/thumb/v7-m/nofp\libc_nano.a(lib_a-localeconv.o)
[...]
Memory Configuration

Name             Origin             Length             Attributes
RAM              0x20000000         0x00005000         xrw
FLASH            0x08000000         0x00010000         xr
*default*        0x00000000         0xffffffff

Linker script and memory map

LOAD c:/program files (x86)/gnu arm embedded toolchain/10 2020-q4-major/bin/../lib/gcc/arm-none-eabi/10.2.1/thumb/v7-m/nofp/crti.o
LOAD c:/program files (x86)/gnu arm embedded toolchain/10 2020-q4-major/bin/../lib/gcc/arm-none-eabi/10.2.1/thumb/v7-m/nofp/crtbegin.o
LOAD c:/program files (x86)/gnu arm embedded toolchain/10 2020-q4-major/bin/../lib/gcc/arm-none-eabi/10.2.1/../../../../arm-none-eabi/lib/thumb/v7-m/nofp/crt0.o
LOAD build/main.o
LOAD build/gpio.o
LOAD build/dma.o
LOAD build/tim.o
LOAD build/usart.o
LOAD build/stm32f1xx_it.o
LOAD build/stm32f1xx_hal_msp.o
LOAD build/stm32f1xx_hal_gpio_ex.o
LOAD build/stm32f1xx_hal_tim.o
LOAD build/stm32f1xx_hal_tim_ex.o
LOAD build/stm32f1xx_hal.o
LOAD build/stm32f1xx_hal_rcc.o
LOAD build/stm32f1xx_hal_rcc_ex.o
LOAD build/stm32f1xx_hal_gpio.o
LOAD build/stm32f1xx_hal_dma.o
LOAD build/stm32f1xx_hal_cortex.o
LOAD build/stm32f1xx_hal_pwr.o
LOAD build/stm32f1xx_hal_flash.o
LOAD build/stm32f1xx_hal_flash_ex.o
LOAD build/stm32f1xx_hal_exti.o
LOAD build/stm32f1xx_hal_uart.o
LOAD build/system_stm32f1xx.o
LOAD build/PID.o
LOAD build/frame_resolve.o
LOAD build/retarget.o
LOAD build/startup_stm32f103xb.o
LOAD c:/program files (x86)/gnu arm embedded toolchain/10 2020-q4-major/bin/../lib/gcc/arm-none-eabi/10.2.1/../../../../arm-none-eabi/lib/thumb/v7-m/nofp\libc_nano.a
LOAD c:/program files (x86)/gnu arm embedded toolchain/10 2020-q4-major/bin/../lib/gcc/arm-none-eabi/10.2.1/../../../../arm-none-eabi/lib/thumb/v7-m/nofp\libm.a
LOAD c:/program files (x86)/gnu arm embedded toolchain/10 2020-q4-major/bin/../lib/gcc/arm-none-eabi/10.2.1/../../../../arm-none-eabi/lib/thumb/v7-m/nofp\libnosys.a
START GROUP
LOAD c:/program files (x86)/gnu arm embedded toolchain/10 2020-q4-major/bin/../lib/gcc/arm-none-eabi/10.2.1/thumb/v7-m/nofp\libgcc.a
LOAD c:/program files (x86)/gnu arm embedded toolchain/10 2020-q4-major/bin/../lib/gcc/arm-none-eabi/10.2.1/../../../../arm-none-eabi/lib/thumb/v7-m/nofp\libc_nano.a
END GROUP
START GROUP
LOAD c:/program files (x86)/gnu arm embedded toolchain/10 2020-q4-major/bin/../lib/gcc/arm-none-eabi/10.2.1/thumb/v7-m/nofp\libgcc.a
LOAD c:/program files (x86)/gnu arm embedded toolchain/10 2020-q4-major/bin/../lib/gcc/arm-none-eabi/10.2.1/../../../../arm-none-eabi/lib/thumb/v7-m/nofp\libc_nano.a
END GROUP
LOAD c:/program files (x86)/gnu arm embedded toolchain/10 2020-q4-major/bin/../lib/gcc/arm-none-eabi/10.2.1/thumb/v7-m/nofp/crtend.o
LOAD c:/program files (x86)/gnu arm embedded toolchain/10 2020-q4-major/bin/../lib/gcc/arm-none-eabi/10.2.1/thumb/v7-m/nofp/crtn.o
                0x20005000                _estack = 0x20005000
                0x00000200                _Min_Heap_Size = 0x200
                0x00000400                _Min_Stack_Size = 0x400

.isr_vector     0x08000000      0x10c
                0x08000000                . = ALIGN (0x4)
 *(.isr_vector)
 .isr_vector    0x08000000      0x10c build/startup_stm32f103xb.o
                0x08000000                g_pfnVectors
                0x0800010c                . = ALIGN (0x4)

.text           0x08000110     0x6bc0
                0x08000110                . = ALIGN (0x4)
 *(.text)
 .text          0x08000110       0x40 c:/program files (x86)/gnu arm embedded toolchain/10 2020-q4-major/bin/../lib/gcc/arm-none-eabi/10.2.1/thumb/v7-m/nofp/crtbegin.o
 .text          0x08000150       0x10 c:/program files (x86)/gnu arm embedded toolchain/10 2020-q4-major/bin/../lib/gcc/arm-none-eabi/10.2.1/../../../../arm-none-eabi/lib/thumb/v7-m/nofp\libc_nano.a(lib_a-strlen.o)
                0x08000150                strlen
 .text          0x08000160      0x378 c:/program files (x86)/gnu arm embedded toolchain/10 2020-q4-major/bin/../lib/gcc/arm-none-eabi/10.2.1/thumb/v7-m/nofp\libgcc.a(_arm_addsubdf3.o)
                0x08000160                __aeabi_drsub
                0x08000168                __aeabi_dsub
                0x08000168                __subdf3
                0x0800016c                __aeabi_dadd
                0x0800016c                __adddf3
                0x080003e4                __floatunsidf
                0x080003e4                __aeabi_ui2d
                0x08000404                __floatsidf
                0x08000404                __aeabi_i2d
                0x08000428                __aeabi_f2d
                0x08000428                __extendsfdf2
                0x0800046c                __floatundidf
                0x0800046c                __aeabi_ul2d
                0x0800047c                __floatdidf
                0x0800047c                __aeabi_l2d
 .text          0x080004d8      0x424 c:/program files (x86)/gnu arm embedded toolchain/10 2020-q4-major/bin/../lib/gcc/arm-none-eabi/10.2.1/thumb/v7-m/nofp\libgcc.a(_arm_muldivdf3.o)
                0x080004d8                __aeabi_dmul
                0x080004d8                __muldf3
                0x0800072c                __divdf3
                0x0800072c                __aeabi_ddiv
 .text          0x080008fc      0x110 c:/program files (x86)/gnu arm embedded toolchain/10 2020-q4-major/bin/../lib/gcc/arm-none-eabi/10.2.1/thumb/v7-m/nofp\libgcc.a(_arm_cmpdf2.o)
                0x080008fc                __gtdf2
                0x080008fc                __gedf2
                0x08000904                __ltdf2
                0x08000904                __ledf2
                0x0800090c                __nedf2
                0x0800090c                __eqdf2
                0x0800090c                __cmpdf2
                0x08000988                __aeabi_cdrcmple
                0x08000998                __aeabi_cdcmpeq
                0x08000998                __aeabi_cdcmple
                0x080009a8                __aeabi_dcmpeq
                0x080009bc                __aeabi_dcmplt
                0x080009d0                __aeabi_dcmple
                0x080009e4                __aeabi_dcmpge
                0x080009f8                __aeabi_dcmpgt
 .text          0x08000a0c       0x2c c:/program files (x86)/gnu arm embedded toolchain/10 2020-q4-major/bin/../lib/gcc/arm-none-eabi/10.2.1/thumb/v7-m/nofp\libgcc.a(_arm_unorddf2.o)
                0x08000a0c                __unorddf2
                0x08000a0c                __aeabi_dcmpun
 .text          0x08000a38       0x50 c:/program files (x86)/gnu arm embedded toolchain/10 2020-q4-major/bin/../lib/gcc/arm-none-eabi/10.2.1/thumb/v7-m/nofp\libgcc.a(_arm_fixdfsi.o)
                0x08000a38                __aeabi_d2iz
                0x08000a38                __fixdfsi
 .text          0x08000a88       0x40 c:/program files (x86)/gnu arm embedded toolchain/10 2020-q4-major/bin/../lib/gcc/arm-none-eabi/10.2.1/thumb/v7-m/nofp\libgcc.a(_arm_fixunsdfsi.o)
                0x08000a88                __aeabi_d2uiz
                0x08000a88                __fixunsdfsi
 .text          0x08000ac8       0xa0 c:/program files (x86)/gnu arm embedded toolchain/10 2020-q4-major/bin/../lib/gcc/arm-none-eabi/10.2.1/thumb/v7-m/nofp\libgcc.a(_arm_truncdfsf2.o)
                0x08000ac8                __truncdfsf2
                0x08000ac8                __aeabi_d2f
 .text          0x08000b68      0x21c c:/program files (x86)/gnu arm embedded toolchain/10 2020-q4-major/bin/../lib/gcc/arm-none-eabi/10.2.1/thumb/v7-m/nofp\libgcc.a(_arm_addsubsf3.o)
                0x08000b68                __aeabi_frsub
                0x08000b70                __subsf3
                0x08000b70                __aeabi_fsub
                0x08000b74                __aeabi_fadd
                0x08000b74                __addsf3
                0x08000cd4                __aeabi_ui2f
                0x08000cd4                __floatunsisf
                0x08000cdc                __aeabi_i2f
                0x08000cdc                __floatsisf
                0x08000cf8                __aeabi_ul2f
                0x08000cf8                __floatundisf
                0x08000d08                __aeabi_l2f
                0x08000d08                __floatdisf
 .text          0x08000d84      0x2a0 c:/program files (x86)/gnu arm embedded toolchain/10 2020-q4-major/bin/../lib/gcc/arm-none-eabi/10.2.1/thumb/v7-m/nofp\libgcc.a(_arm_muldivsf3.o)
                0x08000d84                __mulsf3
                0x08000d84                __aeabi_fmul
                0x08000eec                __aeabi_fdiv
                0x08000eec                __divsf3
 .text          0x08001024       0xec c:/program files (x86)/gnu arm embedded toolchain/10 2020-q4-major/bin/../lib/gcc/arm-none-eabi/10.2.1/thumb/v7-m/nofp\libgcc.a(_arm_cmpsf2.o)
                0x08001024                __gesf2
                0x08001024                __gtsf2
                0x0800102c                __lesf2
                0x0800102c                __ltsf2
                0x08001034                __nesf2
                0x08001034                __eqsf2
                0x08001034                __cmpsf2
                0x08001094                __aeabi_cfrcmple
                0x0800109c                __aeabi_cfcmpeq
                0x0800109c                __aeabi_cfcmple
                0x080010ac                __aeabi_fcmpeq
                0x080010c0                __aeabi_fcmplt
                0x080010d4                __aeabi_fcmple
                0x080010e8                __aeabi_fcmpge
                0x080010fc                __aeabi_fcmpgt
 *(.text*)
 .text.HAL_TIM_PeriodElapsedCallback
                0x08001110       0x54 build/main.o
                0x08001110                HAL_TIM_PeriodElapsedCallback
 .text.HAL_UART_RxCpltCallback
                0x08001164       0x88 build/main.o
                0x08001164                HAL_UART_RxCpltCallback
 .text.Error_Handler
                0x080011ec        0x4 build/main.o
                0x080011ec                Error_Handler
 .text.SystemClock_Config
                0x080011f0       0x64 build/main.o
                0x080011f0                SystemClock_Config
 *fill*         0x08001254        0x4 
 .text.main     0x08001258      0x288 build/main.o
                0x08001258                main
 .text.MX_GPIO_Init
                0x080014e0       0xb4 build/gpio.o
                0x080014e0                MX_GPIO_Init
 .text.MX_DMA_Init
                0x08001594       0x44 build/dma.o
                0x08001594                MX_DMA_Init
 .text.MX_TIM1_Init
                0x080015d8       0x70 build/tim.o
                0x080015d8                MX_TIM1_Init
 .text.MX_TIM2_Init
                0x08001648       0x64 build/tim.o
                0x08001648                MX_TIM2_Init
 .text.MX_TIM3_Init
                0x080016ac       0x68 build/tim.o
                0x080016ac                MX_TIM3_Init
 .text.HAL_TIM_Base_MspInit
                0x08001714       0x50 build/tim.o
                0x08001714                HAL_TIM_Base_MspInit
 .text.HAL_TIM_Encoder_MspInit
                0x08001764       0xa4 build/tim.o
                0x08001764                HAL_TIM_Encoder_MspInit
 .text.HAL_TIM_PWM_MspInit
                0x08001808       0x2c build/tim.o
                0x08001808                HAL_TIM_PWM_MspInit
 .text.HAL_TIM_MspPostInit
                0x08001834       0x50 build/tim.o
                0x08001834                HAL_TIM_MspPostInit
 .text.MX_TIM4_Init
                0x08001884       0x94 build/tim.o
                0x08001884                MX_TIM4_Init
 .text.MX_USART1_UART_Init
                0x08001918       0x34 build/usart.o
                0x08001918                MX_USART1_UART_Init
 .text.HAL_UART_MspInit
                0x0800194c       0xf0 build/usart.o
                0x0800194c                HAL_UART_MspInit
 .text.NMI_Handler
                0x08001a3c        0x2 build/stm32f1xx_it.o
                0x08001a3c                NMI_Handler
 .text.HardFault_Handler
                0x08001a3e        0x2 build/stm32f1xx_it.o
                0x08001a3e                HardFault_Handler
 .text.MemManage_Handler
                0x08001a40        0x2 build/stm32f1xx_it.o
                0x08001a40                MemManage_Handler
 .text.BusFault_Handler
                0x08001a42        0x2 build/stm32f1xx_it.o
                0x08001a42                BusFault_Handler
 .text.UsageFault_Handler
                0x08001a44        0x2 build/stm32f1xx_it.o
                0x08001a44                UsageFault_Handler
 .text.SVC_Handler
                0x08001a46        0x2 build/stm32f1xx_it.o
                0x08001a46                SVC_Handler
 .text.DebugMon_Handler
                0x08001a48        0x2 build/stm32f1xx_it.o
                0x08001a48                DebugMon_Handler
 .text.PendSV_Handler
                0x08001a4a        0x2 build/stm32f1xx_it.o
                0x08001a4a                PendSV_Handler
 .text.SysTick_Handler
                0x08001a4c        0x8 build/stm32f1xx_it.o
                0x08001a4c                SysTick_Handler
 .text.DMA1_Channel4_IRQHandler
                0x08001a54       0x10 build/stm32f1xx_it.o
                0x08001a54                DMA1_Channel4_IRQHandler
 .text.DMA1_Channel5_IRQHandler
                0x08001a64       0x10 build/stm32f1xx_it.o
                0x08001a64                DMA1_Channel5_IRQHandler
 .text.TIM1_BRK_IRQHandler
                0x08001a74       0x10 build/stm32f1xx_it.o
                0x08001a74                TIM1_BRK_IRQHandler
 .text.TIM1_UP_IRQHandler
                0x08001a84       0x10 build/stm32f1xx_it.o
                0x08001a84                TIM1_UP_IRQHandler
 .text.USART1_IRQHandler
                0x08001a94       0x10 build/stm32f1xx_it.o
                0x08001a94                USART1_IRQHandler
 .text.HAL_MspInit
                0x08001aa4       0x44 build/stm32f1xx_hal_msp.o
                0x08001aa4                HAL_MspInit
 .text.TIM_OC1_SetConfig
                0x08001ae8       0x5c build/stm32f1xx_hal_tim.o
 .text.TIM_OC3_SetConfig
                0x08001b44       0x64 build/stm32f1xx_hal_tim.o
 .text.TIM_OC4_SetConfig
                0x08001ba8       0x48 build/stm32f1xx_hal_tim.o
 .text.TIM_TI1_ConfigInputStage
                0x08001bf0       0x24 build/stm32f1xx_hal_tim.o
 .text.TIM_TI2_ConfigInputStage
                0x08001c14       0x26 build/stm32f1xx_hal_tim.o
 .text.TIM_ITRx_SetConfig
                0x08001c3a       0x10 build/stm32f1xx_hal_tim.o
 *fill*         0x08001c4a        0x2 
 .text.HAL_TIM_Base_Start_IT
                0x08001c4c       0x68 build/stm32f1xx_hal_tim.o
                0x08001c4c                HAL_TIM_Base_Start_IT
 .text.HAL_TIM_OC_DelayElapsedCallback
                0x08001cb4        0x2 build/stm32f1xx_hal_tim.o
                0x08001cb4                HAL_TIM_OC_DelayElapsedCallback
 .text.HAL_TIM_IC_CaptureCallback
                0x08001cb6        0x2 build/stm32f1xx_hal_tim.o
                0x08001cb6                HAL_TIM_IC_CaptureCallback
 .text.HAL_TIM_PWM_PulseFinishedCallback
                0x08001cb8        0x2 build/stm32f1xx_hal_tim.o
                0x08001cb8                HAL_TIM_PWM_PulseFinishedCallback
 .text.HAL_TIM_TriggerCallback
                0x08001cba        0x2 build/stm32f1xx_hal_tim.o
                0x08001cba                HAL_TIM_TriggerCallback
 .text.HAL_TIM_IRQHandler
                0x08001cbc      0x17a build/stm32f1xx_hal_tim.o
                0x08001cbc                HAL_TIM_IRQHandler
 *fill*         0x08001e36        0x2 
 .text.TIM_Base_SetConfig
                0x08001e38       0x74 build/stm32f1xx_hal_tim.o
                0x08001e38                TIM_Base_SetConfig
 .text.HAL_TIM_Base_Init
                0x08001eac       0x58 build/stm32f1xx_hal_tim.o
                0x08001eac                HAL_TIM_Base_Init
 .text.HAL_TIM_PWM_Init
                0x08001f04       0x58 build/stm32f1xx_hal_tim.o
                0x08001f04                HAL_TIM_PWM_Init
 .text.HAL_TIM_Encoder_Init
                0x08001f5c       0xb0 build/stm32f1xx_hal_tim.o
                0x08001f5c                HAL_TIM_Encoder_Init
 .text.TIM_OC2_SetConfig
                0x0800200c       0x64 build/stm32f1xx_hal_tim.o
                0x0800200c                TIM_OC2_SetConfig
 .text.HAL_TIM_PWM_ConfigChannel
                0x08002070       0xd0 build/stm32f1xx_hal_tim.o
                0x08002070                HAL_TIM_PWM_ConfigChannel
 .text.TIM_ETR_SetConfig
                0x08002140       0x16 build/stm32f1xx_hal_tim.o
                0x08002140                TIM_ETR_SetConfig
 .text.HAL_TIM_ConfigClockSource
                0x08002156       0xda build/stm32f1xx_hal_tim.o
                0x08002156                HAL_TIM_ConfigClockSource
 .text.TIM_CCxChannelCmd
                0x08002230       0x22 build/stm32f1xx_hal_tim.o
                0x08002230                TIM_CCxChannelCmd
 *fill*         0x08002252        0x2 
 .text.HAL_TIM_PWM_Start
                0x08002254       0xdc build/stm32f1xx_hal_tim.o
                0x08002254                HAL_TIM_PWM_Start
 .text.HAL_TIM_Encoder_Start
                0x08002330       0xc6 build/stm32f1xx_hal_tim.o
                0x08002330                HAL_TIM_Encoder_Start
 *fill*         0x080023f6        0x2 
 .text.HAL_TIMEx_MasterConfigSynchronization
                0x080023f8       0x68 build/stm32f1xx_hal_tim_ex.o
                0x080023f8                HAL_TIMEx_MasterConfigSynchronization
 .text.HAL_TIMEx_CommutCallback
                0x08002460        0x2 build/stm32f1xx_hal_tim_ex.o
                0x08002460                HAL_TIMEx_CommutCallback
 .text.HAL_TIMEx_BreakCallback
                0x08002462        0x2 build/stm32f1xx_hal_tim_ex.o
                0x08002462                HAL_TIMEx_BreakCallback
 .text.HAL_InitTick
                0x08002464       0x4c build/stm32f1xx_hal.o
                0x08002464                HAL_InitTick
 .text.HAL_Init
                0x080024b0       0x24 build/stm32f1xx_hal.o
                0x080024b0                HAL_Init
 .text.HAL_IncTick
                0x080024d4       0x18 build/stm32f1xx_hal.o
                0x080024d4                HAL_IncTick
 .text.HAL_GetTick
                0x080024ec        0xc build/stm32f1xx_hal.o
                0x080024ec                HAL_GetTick
 .text.RCC_Delay
                0x080024f8       0x2c build/stm32f1xx_hal_rcc.o
 .text.HAL_RCC_OscConfig
                0x08002524      0x410 build/stm32f1xx_hal_rcc.o
                0x08002524                HAL_RCC_OscConfig
 .text.HAL_RCC_GetSysClockFreq
                0x08002934       0x6c build/stm32f1xx_hal_rcc.o
                0x08002934                HAL_RCC_GetSysClockFreq
 .text.HAL_RCC_ClockConfig
                0x080029a0      0x16c build/stm32f1xx_hal_rcc.o
                0x080029a0                HAL_RCC_ClockConfig
 .text.HAL_RCC_GetHCLKFreq
                0x08002b0c        0xc build/stm32f1xx_hal_rcc.o
                0x08002b0c                HAL_RCC_GetHCLKFreq
 .text.HAL_RCC_GetPCLK1Freq
                0x08002b18       0x20 build/stm32f1xx_hal_rcc.o
                0x08002b18                HAL_RCC_GetPCLK1Freq
 .text.HAL_RCC_GetPCLK2Freq
                0x08002b38       0x20 build/stm32f1xx_hal_rcc.o
                0x08002b38                HAL_RCC_GetPCLK2Freq
 .text.HAL_GPIO_Init
                0x08002b58      0x220 build/stm32f1xx_hal_gpio.o
                0x08002b58                HAL_GPIO_Init
 .text.HAL_GPIO_WritePin
                0x08002d78        0xc build/stm32f1xx_hal_gpio.o
                0x08002d78                HAL_GPIO_WritePin
 .text.DMA_SetConfig
                0x08002d84       0x2c build/stm32f1xx_hal_dma.o
 .text.HAL_DMA_Init
                0x08002db0       0x6c build/stm32f1xx_hal_dma.o
                0x08002db0                HAL_DMA_Init
 .text.HAL_DMA_Start_IT
                0x08002e1c       0x74 build/stm32f1xx_hal_dma.o
                0x08002e1c                HAL_DMA_Start_IT
 .text.HAL_DMA_Abort
                0x08002e90       0x44 build/stm32f1xx_hal_dma.o
                0x08002e90                HAL_DMA_Abort
 .text.HAL_DMA_Abort_IT
                0x08002ed4       0x98 build/stm32f1xx_hal_dma.o
                0x08002ed4                HAL_DMA_Abort_IT
 .text.HAL_DMA_IRQHandler
                0x08002f6c      0x144 build/stm32f1xx_hal_dma.o
                0x08002f6c                HAL_DMA_IRQHandler
 .text.HAL_NVIC_SetPriorityGrouping
                0x080030b0       0x24 build/stm32f1xx_hal_cortex.o
                0x080030b0                HAL_NVIC_SetPriorityGrouping
 .text.HAL_NVIC_SetPriority
                0x080030d4       0x68 build/stm32f1xx_hal_cortex.o
                0x080030d4                HAL_NVIC_SetPriority
 .text.HAL_NVIC_EnableIRQ
                0x0800313c       0x1c build/stm32f1xx_hal_cortex.o
                0x0800313c                HAL_NVIC_EnableIRQ
 .text.HAL_SYSTICK_Config
                0x08003158       0x2c build/stm32f1xx_hal_cortex.o
                0x08003158                HAL_SYSTICK_Config
 .text.UART_EndTxTransfer
                0x08003184       0x12 build/stm32f1xx_hal_uart.o
 .text.UART_EndRxTransfer
                0x08003196       0x32 build/stm32f1xx_hal_uart.o
 .text.UART_Transmit_IT
                0x080031c8       0x60 build/stm32f1xx_hal_uart.o
 .text.UART_SetConfig
                0x08003228       0x90 build/stm32f1xx_hal_uart.o
 .text.UART_WaitOnFlagUntilTimeout
                0x080032b8       0x68 build/stm32f1xx_hal_uart.o
 .text.HAL_UART_Init
                0x08003320       0x5e build/stm32f1xx_hal_uart.o
                0x08003320                HAL_UART_Init
 .text.HAL_UART_Transmit
                0x0800337e       0xd8 build/stm32f1xx_hal_uart.o
                0x0800337e                HAL_UART_Transmit
 .text.HAL_UART_Receive
                0x08003456       0xe4 build/stm32f1xx_hal_uart.o
                0x08003456                HAL_UART_Receive
 *fill*         0x0800353a        0x2 
 .text.HAL_UART_Transmit_DMA
                0x0800353c       0x8c build/stm32f1xx_hal_uart.o
                0x0800353c                HAL_UART_Transmit_DMA
 .text.HAL_UART_TxCpltCallback
                0x080035c8        0x2 build/stm32f1xx_hal_uart.o
                0x080035c8                HAL_UART_TxCpltCallback
 .text.UART_DMATransmitCplt
                0x080035ca       0x30 build/stm32f1xx_hal_uart.o
 .text.UART_EndTransmit_IT
                0x080035fa       0x1a build/stm32f1xx_hal_uart.o
 .text.HAL_UART_TxHalfCpltCallback
                0x08003614        0x2 build/stm32f1xx_hal_uart.o
                0x08003614                HAL_UART_TxHalfCpltCallback
 .text.UART_DMATxHalfCplt
                0x08003616        0xa build/stm32f1xx_hal_uart.o
 .text.HAL_UART_RxHalfCpltCallback
                0x08003620        0x2 build/stm32f1xx_hal_uart.o
                0x08003620                HAL_UART_RxHalfCpltCallback
 .text.HAL_UART_ErrorCallback
                0x08003622        0x2 build/stm32f1xx_hal_uart.o
                0x08003622                HAL_UART_ErrorCallback
 .text.UART_DMAError
                0x08003624       0x58 build/stm32f1xx_hal_uart.o
 .text.UART_DMAAbortOnError
                0x0800367c       0x10 build/stm32f1xx_hal_uart.o
 .text.HAL_UARTEx_RxEventCallback
                0x0800368c        0x2 build/stm32f1xx_hal_uart.o
                0x0800368c                HAL_UARTEx_RxEventCallback
 .text.UART_Receive_IT
                0x0800368e       0xd4 build/stm32f1xx_hal_uart.o
 *fill*         0x08003762        0x2 
 .text.HAL_UART_IRQHandler
                0x08003764      0x204 build/stm32f1xx_hal_uart.o
                0x08003764                HAL_UART_IRQHandler
 .text.UART_DMARxHalfCplt
                0x08003968       0x1a build/stm32f1xx_hal_uart.o
 .text.UART_DMAReceiveCplt
                0x08003982       0x5e build/stm32f1xx_hal_uart.o
 .text.UART_Start_Receive_DMA
                0x080039e0       0x78 build/stm32f1xx_hal_uart.o
                0x080039e0                UART_Start_Receive_DMA
 .text.HAL_UART_Receive_DMA
                0x08003a58       0x38 build/stm32f1xx_hal_uart.o
                0x08003a58                HAL_UART_Receive_DMA
 .text.SystemInit
                0x08003a90        0x2 build/system_stm32f1xx.o
                0x08003a90                SystemInit
 *fill*         0x08003a92        0x6 
 .text.PID_ComputeSpeedRPM
                0x08003a98       0x44 build/PID.o
                0x08003a98                PID_ComputeSpeedRPM
 .text.PID_SetSpeedRPM
                0x08003adc       0x34 build/PID.o
                0x08003adc                PID_SetSpeedRPM
 .text.PID_ComputeError
                0x08003b10       0x1c build/PID.o
                0x08003b10                PID_ComputeError
 .text.PID_Limit
                0x08003b2c       0x30 build/PID.o
                0x08003b2c                PID_Limit
 .text.PID_ComputeOutput
                0x08003b5c      0x118 build/PID.o
                0x08003b5c                PID_ComputeOutput
 .text.PID_SetDuty
                0x08003c74       0x5e build/PID.o
                0x08003c74                PID_SetDuty
 .text.PID_SetTunings
                0x08003cd2       0x16 build/PID.o
                0x08003cd2                PID_SetTunings
 .text.PID_MotorInit
                0x08003ce8       0x66 build/PID.o
                0x08003ce8                PID_MotorInit
 *fill*         0x08003d4e        0x2 
 .text.PID_FirstOrderFilter
                0x08003d50       0x40 build/PID.o
                0x08003d50                PID_FirstOrderFilter
 .text.PID_PreProcess
                0x08003d90       0x9c build/PID.o
                0x08003d90                PID_PreProcess
 .text.double2byte
                0x08003e2c       0x28 build/frame_resolve.o
                0x08003e2c                double2byte
 .text.checksum
                0x08003e54       0x16 build/frame_resolve.o
                0x08003e54                checksum
 .text.parseTxStateFrame
                0x08003e6a       0x58 build/frame_resolve.o
                0x08003e6a                parseTxStateFrame
 .text.resolveRxFrame
                0x08003ec2       0x64 build/frame_resolve.o
                0x08003ec2                resolveRxFrame
 *fill*         0x08003f26        0x2 
 .text.RetargetInit
                0x08003f28       0x20 build/retarget.o
                0x08003f28                RetargetInit
 .text._isatty  0x08003f48       0x16 build/retarget.o
                0x08003f48                _isatty
 *fill*         0x08003f5e        0x2 
 .text._write   0x08003f60       0x34 build/retarget.o
                0x08003f60                _write
 .text._close   0x08003f94       0x18 build/retarget.o
                0x08003f94                _close
 .text._lseek   0x08003fac       0x10 build/retarget.o
                0x08003fac                _lseek
 .text._read    0x08003fbc       0x30 build/retarget.o
                0x08003fbc                _read
 .text._fstat   0x08003fec       0x1a build/retarget.o
                0x08003fec                _fstat
 *fill*         0x08004006        0x2 
 .text.Reset_Handler
                0x08004008       0x48 build/startup_stm32f103xb.o
                0x08004008                Reset_Handler
 .text.Default_Handler
                0x08004050        0x2 build/startup_stm32f103xb.o
                0x08004050                RTC_Alarm_IRQHandler
                0x08004050                EXTI2_IRQHandler
                0x08004050                TIM1_CC_IRQHandler
                0x08004050                PVD_IRQHandler
                0x08004050                EXTI3_IRQHandler
                0x08004050                EXTI0_IRQHandler
                0x08004050                I2C2_EV_IRQHandler
                0x08004050                ADC1_2_IRQHandler
                0x08004050                SPI1_IRQHandler
                0x08004050                TAMPER_IRQHandler
                0x08004050                USART3_IRQHandler
                0x08004050                RTC_IRQHandler
                0x08004050                DMA1_Channel7_IRQHandler
                0x08004050                CAN1_RX1_IRQHandler
                0x08004050                TIM4_IRQHandler
                0x08004050                I2C1_EV_IRQHandler
                0x08004050                DMA1_Channel6_IRQHandler
                0x08004050                TIM3_IRQHandler
                0x08004050                RCC_IRQHandler
                0x08004050                TIM1_TRG_COM_IRQHandler
                0x08004050                DMA1_Channel1_IRQHandler
                0x08004050                Default_Handler
                0x08004050                EXTI15_10_IRQHandler
                0x08004050                EXTI9_5_IRQHandler
                0x08004050                SPI2_IRQHandler
                0x08004050                EXTI4_IRQHandler
                0x08004050                USB_LP_CAN1_RX0_IRQHandler
                0x08004050                USB_HP_CAN1_TX_IRQHandler
                0x08004050                DMA1_Channel3_IRQHandler
                0x08004050                WWDG_IRQHandler
                0x08004050                TIM2_IRQHandler
                0x08004050                EXTI1_IRQHandler
                0x08004050                USART2_IRQHandler
                0x08004050                I2C2_ER_IRQHandler
                0x08004050                DMA1_Channel2_IRQHandler
                0x08004050                CAN1_SCE_IRQHandler
                0x08004050                FLASH_IRQHandler
                0x08004050                I2C1_ER_IRQHandler
                0x08004050                USBWakeUp_IRQHandler
 *fill*         0x08004052        0x2 
 .text.__errno  0x08004054        0xc c:/program files (x86)/gnu arm embedded toolchain/10 2020-q4-major/bin/../lib/gcc/arm-none-eabi/10.2.1/../../../../arm-none-eabi/lib/thumb/v7-m/nofp\libc_nano.a(lib_a-errno.o)
                0x08004054                __errno
 .text.__libc_init_array
                0x08004060       0x48 c:/program files (x86)/gnu arm embedded toolchain/10 2020-q4-major/bin/../lib/gcc/arm-none-eabi/10.2.1/../../../../arm-none-eabi/lib/thumb/v7-m/nofp\libc_nano.a(lib_a-init.o)
                0x08004060                __libc_init_array
 .text.memset   0x080040a8       0x10 c:/program files (x86)/gnu arm embedded toolchain/10 2020-q4-major/bin/../lib/gcc/arm-none-eabi/10.2.1/../../../../arm-none-eabi/lib/thumb/v7-m/nofp\libc_nano.a(lib_a-memset.o)
                0x080040a8                memset
 .text.__cvt    0x080040b8       0xbe c:/program files (x86)/gnu arm embedded toolchain/10 2020-q4-major/bin/../lib/gcc/arm-none-eabi/10.2.1/../../../../arm-none-eabi/lib/thumb/v7-m/nofp\libc_nano.a(lib_a-nano-vfprintf_float.o)
                0x080040b8                __cvt
 .text.__exponent
                0x08004176       0x7c c:/program files (x86)/gnu arm embedded toolchain/10 2020-q4-major/bin/../lib/gcc/arm-none-eabi/10.2.1/../../../../arm-none-eabi/lib/thumb/v7-m/nofp\libc_nano.a(lib_a-nano-vfprintf_float.o)
                0x08004176                __exponent
 *fill*         0x080041f2        0x2 
 .text._printf_float
                0x080041f4      0x458 c:/program files (x86)/gnu arm embedded toolchain/10 2020-q4-major/bin/../lib/gcc/arm-none-eabi/10.2.1/../../../../arm-none-eabi/lib/thumb/v7-m/nofp\libc_nano.a(lib_a-nano-vfprintf_float.o)
                0x080041f4                _printf_float
 .text._printf_common
                0x0800464c       0xde c:/program files (x86)/gnu arm embedded toolchain/10 2020-q4-major/bin/../lib/gcc/arm-none-eabi/10.2.1/../../../../arm-none-eabi/lib/thumb/v7-m/nofp\libc_nano.a(lib_a-nano-vfprintf_i.o)
                0x0800464c                _printf_common
 *fill*         0x0800472a        0x2 
 .text._printf_i
                0x0800472c      0x24c c:/program files (x86)/gnu arm embedded toolchain/10 2020-q4-major/bin/../lib/gcc/arm-none-eabi/10.2.1/../../../../arm-none-eabi/lib/thumb/v7-m/nofp\libc_nano.a(lib_a-nano-vfprintf_i.o)
                0x0800472c                _printf_i
 .text.setvbuf  0x08004978      0x18c c:/program files (x86)/gnu arm embedded toolchain/10 2020-q4-major/bin/../lib/gcc/arm-none-eabi/10.2.1/../../../../arm-none-eabi/lib/thumb/v7-m/nofp\libc_nano.a(lib_a-setvbuf.o)
                0x08004978                setvbuf
 .text.quorem   0x08004b04      0x118 c:/program files (x86)/gnu arm embedded toolchain/10 2020-q4-major/bin/../lib/gcc/arm-none-eabi/10.2.1/../../../../arm-none-eabi/lib/thumb/v7-m/nofp\libc_nano.a(lib_a-dtoa.o)
 *fill*         0x08004c1c        0x4 
 .text._dtoa_r  0x08004c20      0xbdc c:/program files (x86)/gnu arm embedded toolchain/10 2020-q4-major/bin/../lib/gcc/arm-none-eabi/10.2.1/../../../../arm-none-eabi/lib/thumb/v7-m/nofp\libc_nano.a(lib_a-dtoa.o)
                0x08004c20                _dtoa_r
 .text.__sflush_r
                0x080057fc      0x104 c:/program files (x86)/gnu arm embedded toolchain/10 2020-q4-major/bin/../lib/gcc/arm-none-eabi/10.2.1/../../../../arm-none-eabi/lib/thumb/v7-m/nofp\libc_nano.a(lib_a-fflush.o)
                0x080057fc                __sflush_r
 .text._fflush_r
                0x08005900       0x78 c:/program files (x86)/gnu arm embedded toolchain/10 2020-q4-major/bin/../lib/gcc/arm-none-eabi/10.2.1/../../../../arm-none-eabi/lib/thumb/v7-m/nofp\libc_nano.a(lib_a-fflush.o)
                0x08005900                _fflush_r
 .text.std      0x08005978       0x48 c:/program files (x86)/gnu arm embedded toolchain/10 2020-q4-major/bin/../lib/gcc/arm-none-eabi/10.2.1/../../../../arm-none-eabi/lib/thumb/v7-m/nofp\libc_nano.a(lib_a-findfp.o)
 .text._cleanup_r
                0x080059c0        0xc c:/program files (x86)/gnu arm embedded toolchain/10 2020-q4-major/bin/../lib/gcc/arm-none-eabi/10.2.1/../../../../arm-none-eabi/lib/thumb/v7-m/nofp\libc_nano.a(lib_a-findfp.o)
                0x080059c0                _cleanup_r
 .text.__sfmoreglue
                0x080059cc       0x2c c:/program files (x86)/gnu arm embedded toolchain/10 2020-q4-major/bin/../lib/gcc/arm-none-eabi/10.2.1/../../../../arm-none-eabi/lib/thumb/v7-m/nofp\libc_nano.a(lib_a-findfp.o)
                0x080059cc                __sfmoreglue
 .text.__sfp_lock_acquire
                0x080059f8        0xc c:/program files (x86)/gnu arm embedded toolchain/10 2020-q4-major/bin/../lib/gcc/arm-none-eabi/10.2.1/../../../../arm-none-eabi/lib/thumb/v7-m/nofp\libc_nano.a(lib_a-findfp.o)
                0x080059f8                __sfp_lock_acquire
 .text.__sfp_lock_release
                0x08005a04        0xc c:/program files (x86)/gnu arm embedded toolchain/10 2020-q4-major/bin/../lib/gcc/arm-none-eabi/10.2.1/../../../../arm-none-eabi/lib/thumb/v7-m/nofp\libc_nano.a(lib_a-findfp.o)
                0x08005a04                __sfp_lock_release
 .text.__sinit_lock_acquire
                0x08005a10        0xc c:/program files (x86)/gnu arm embedded toolchain/10 2020-q4-major/bin/../lib/gcc/arm-none-eabi/10.2.1/../../../../arm-none-eabi/lib/thumb/v7-m/nofp\libc_nano.a(lib_a-findfp.o)
                0x08005a10                __sinit_lock_acquire
 .text.__sinit_lock_release
                0x08005a1c        0xc c:/program files (x86)/gnu arm embedded toolchain/10 2020-q4-major/bin/../lib/gcc/arm-none-eabi/10.2.1/../../../../arm-none-eabi/lib/thumb/v7-m/nofp\libc_nano.a(lib_a-findfp.o)
                0x08005a1c                __sinit_lock_release
 .text.__sinit  0x08005a28       0x70 c:/program files (x86)/gnu arm embedded toolchain/10 2020-q4-major/bin/../lib/gcc/arm-none-eabi/10.2.1/../../../../arm-none-eabi/lib/thumb/v7-m/nofp\libc_nano.a(lib_a-findfp.o)
                0x08005a28                __sinit
 .text.__sfp    0x08005a98       0x8c c:/program files (x86)/gnu arm embedded toolchain/10 2020-q4-major/bin/../lib/gcc/arm-none-eabi/10.2.1/../../../../arm-none-eabi/lib/thumb/v7-m/nofp\libc_nano.a(lib_a-findfp.o)
                0x08005a98                __sfp
 .text._fwalk_reent
                0x08005b24       0x3e c:/program files (x86)/gnu arm embedded toolchain/10 2020-q4-major/bin/../lib/gcc/arm-none-eabi/10.2.1/../../../../arm-none-eabi/lib/thumb/v7-m/nofp\libc_nano.a(lib_a-fwalk.o)
                0x08005b24                _fwalk_reent
 *fill*         0x08005b62        0x2 
 .text._localeconv_r
                0x08005b64        0x8 c:/program files (x86)/gnu arm embedded toolchain/10 2020-q4-major/bin/../lib/gcc/arm-none-eabi/10.2.1/../../../../arm-none-eabi/lib/thumb/v7-m/nofp\libc_nano.a(lib_a-localeconv.o)
                0x08005b64                _localeconv_r
 .text.__retarget_lock_init_recursive
                0x08005b6c        0x2 c:/program files (x86)/gnu arm embedded toolchain/10 2020-q4-major/bin/../lib/gcc/arm-none-eabi/10.2.1/../../../../arm-none-eabi/lib/thumb/v7-m/nofp\libc_nano.a(lib_a-lock.o)
                0x08005b6c                __retarget_lock_init_recursive
 .text.__retarget_lock_acquire_recursive
                0x08005b6e        0x2 c:/program files (x86)/gnu arm embedded toolchain/10 2020-q4-major/bin/../lib/gcc/arm-none-eabi/10.2.1/../../../../arm-none-eabi/lib/thumb/v7-m/nofp\libc_nano.a(lib_a-lock.o)
                0x08005b6e                __retarget_lock_acquire_recursive
 .text.__retarget_lock_release_recursive
                0x08005b70        0x2 c:/program files (x86)/gnu arm embedded toolchain/10 2020-q4-major/bin/../lib/gcc/arm-none-eabi/10.2.1/../../../../arm-none-eabi/lib/thumb/v7-m/nofp\libc_nano.a(lib_a-lock.o)
                0x08005b70                __retarget_lock_release_recursive
 .text.__swhatbuf_r
                0x08005b72       0x4a c:/program files (x86)/gnu arm embedded toolchain/10 2020-q4-major/bin/../lib/gcc/arm-none-eabi/10.2.1/../../../../arm-none-eabi/lib/thumb/v7-m/nofp\libc_nano.a(lib_a-makebuf.o)
                0x08005b72                __swhatbuf_r
 .text.__smakebuf_r
                0x08005bbc       0x80 c:/program files (x86)/gnu arm embedded toolchain/10 2020-q4-major/bin/../lib/gcc/arm-none-eabi/10.2.1/../../../../arm-none-eabi/lib/thumb/v7-m/nofp\libc_nano.a(lib_a-makebuf.o)
                0x08005bbc                __smakebuf_r
 .text.malloc   0x08005c3c       0x10 c:/program files (x86)/gnu arm embedded toolchain/10 2020-q4-major/bin/../lib/gcc/arm-none-eabi/10.2.1/../../../../arm-none-eabi/lib/thumb/v7-m/nofp\libc_nano.a(lib_a-malloc.o)
                0x08005c3c                malloc
 .text.memchr   0x08005c4c       0x1c c:/program files (x86)/gnu arm embedded toolchain/10 2020-q4-major/bin/../lib/gcc/arm-none-eabi/10.2.1/../../../../arm-none-eabi/lib/thumb/v7-m/nofp\libc_nano.a(lib_a-memchr-stub.o)
                0x08005c4c                memchr
 .text.memcpy   0x08005c68       0x1c c:/program files (x86)/gnu arm embedded toolchain/10 2020-q4-major/bin/../lib/gcc/arm-none-eabi/10.2.1/../../../../arm-none-eabi/lib/thumb/v7-m/nofp\libc_nano.a(lib_a-memcpy-stub.o)
                0x08005c68                memcpy
 .text._Balloc  0x08005c84       0x80 c:/program files (x86)/gnu arm embedded toolchain/10 2020-q4-major/bin/../lib/gcc/arm-none-eabi/10.2.1/../../../../arm-none-eabi/lib/thumb/v7-m/nofp\libc_nano.a(lib_a-mprec.o)
                0x08005c84                _Balloc
 .text._Bfree   0x08005d04       0x44 c:/program files (x86)/gnu arm embedded toolchain/10 2020-q4-major/bin/../lib/gcc/arm-none-eabi/10.2.1/../../../../arm-none-eabi/lib/thumb/v7-m/nofp\libc_nano.a(lib_a-mprec.o)
                0x08005d04                _Bfree
 .text.__multadd
                0x08005d48       0x8c c:/program files (x86)/gnu arm embedded toolchain/10 2020-q4-major/bin/../lib/gcc/arm-none-eabi/10.2.1/../../../../arm-none-eabi/lib/thumb/v7-m/nofp\libc_nano.a(lib_a-mprec.o)
                0x08005d48                __multadd
 .text.__hi0bits
                0x08005dd4       0x40 c:/program files (x86)/gnu arm embedded toolchain/10 2020-q4-major/bin/../lib/gcc/arm-none-eabi/10.2.1/../../../../arm-none-eabi/lib/thumb/v7-m/nofp\libc_nano.a(lib_a-mprec.o)
                0x08005dd4                __hi0bits
 .text.__lo0bits
                0x08005e14       0x5a c:/program files (x86)/gnu arm embedded toolchain/10 2020-q4-major/bin/../lib/gcc/arm-none-eabi/10.2.1/../../../../arm-none-eabi/lib/thumb/v7-m/nofp\libc_nano.a(lib_a-mprec.o)
                0x08005e14                __lo0bits
 *fill*         0x08005e6e        0x2 
 .text.__i2b    0x08005e70       0x2c c:/program files (x86)/gnu arm embedded toolchain/10 2020-q4-major/bin/../lib/gcc/arm-none-eabi/10.2.1/../../../../arm-none-eabi/lib/thumb/v7-m/nofp\libc_nano.a(lib_a-mprec.o)
                0x08005e70                __i2b
 .text.__multiply
                0x08005e9c      0x150 c:/program files (x86)/gnu arm embedded toolchain/10 2020-q4-major/bin/../lib/gcc/arm-none-eabi/10.2.1/../../../../arm-none-eabi/lib/thumb/v7-m/nofp\libc_nano.a(lib_a-mprec.o)
                0x08005e9c                __multiply
 .text.__pow5mult
                0x08005fec       0xb4 c:/program files (x86)/gnu arm embedded toolchain/10 2020-q4-major/bin/../lib/gcc/arm-none-eabi/10.2.1/../../../../arm-none-eabi/lib/thumb/v7-m/nofp\libc_nano.a(lib_a-mprec.o)
                0x08005fec                __pow5mult
 .text.__lshift
                0x080060a0       0xe0 c:/program files (x86)/gnu arm embedded toolchain/10 2020-q4-major/bin/../lib/gcc/arm-none-eabi/10.2.1/../../../../arm-none-eabi/lib/thumb/v7-m/nofp\libc_nano.a(lib_a-mprec.o)
                0x080060a0                __lshift
 .text.__mcmp   0x08006180       0x36 c:/program files (x86)/gnu arm embedded toolchain/10 2020-q4-major/bin/../lib/gcc/arm-none-eabi/10.2.1/../../../../arm-none-eabi/lib/thumb/v7-m/nofp\libc_nano.a(lib_a-mprec.o)
                0x08006180                __mcmp
 *fill*         0x080061b6        0x2 
 .text.__mdiff  0x080061b8      0x118 c:/program files (x86)/gnu arm embedded toolchain/10 2020-q4-major/bin/../lib/gcc/arm-none-eabi/10.2.1/../../../../arm-none-eabi/lib/thumb/v7-m/nofp\libc_nano.a(lib_a-mprec.o)
                0x080061b8                __mdiff
 .text.__d2b    0x080062d0       0xb8 c:/program files (x86)/gnu arm embedded toolchain/10 2020-q4-major/bin/../lib/gcc/arm-none-eabi/10.2.1/../../../../arm-none-eabi/lib/thumb/v7-m/nofp\libc_nano.a(lib_a-mprec.o)
                0x080062d0                __d2b
 .text._calloc_r
                0x08006388       0x1c c:/program files (x86)/gnu arm embedded toolchain/10 2020-q4-major/bin/../lib/gcc/arm-none-eabi/10.2.1/../../../../arm-none-eabi/lib/thumb/v7-m/nofp\libc_nano.a(lib_a-nano-callocr.o)
                0x08006388                _calloc_r
 .text._free_r  0x080063a4       0x90 c:/program files (x86)/gnu arm embedded toolchain/10 2020-q4-major/bin/../lib/gcc/arm-none-eabi/10.2.1/../../../../arm-none-eabi/lib/thumb/v7-m/nofp\libc_nano.a(lib_a-nano-freer.o)
                0x080063a4                _free_r
 .text._malloc_r
                0x08006434       0xb4 c:/program files (x86)/gnu arm embedded toolchain/10 2020-q4-major/bin/../lib/gcc/arm-none-eabi/10.2.1/../../../../arm-none-eabi/lib/thumb/v7-m/nofp\libc_nano.a(lib_a-nano-mallocr.o)
                0x08006434                _malloc_r
 .text._sbrk_r  0x080064e8       0x20 c:/program files (x86)/gnu arm embedded toolchain/10 2020-q4-major/bin/../lib/gcc/arm-none-eabi/10.2.1/../../../../arm-none-eabi/lib/thumb/v7-m/nofp\libc_nano.a(lib_a-sbrkr.o)
                0x080064e8                _sbrk_r
 .text.__sread  0x08006508       0x22 c:/program files (x86)/gnu arm embedded toolchain/10 2020-q4-major/bin/../lib/gcc/arm-none-eabi/10.2.1/../../../../arm-none-eabi/lib/thumb/v7-m/nofp\libc_nano.a(lib_a-stdio.o)
                0x08006508                __sread
 .text.__swrite
                0x0800652a       0x38 c:/program files (x86)/gnu arm embedded toolchain/10 2020-q4-major/bin/../lib/gcc/arm-none-eabi/10.2.1/../../../../arm-none-eabi/lib/thumb/v7-m/nofp\libc_nano.a(lib_a-stdio.o)
                0x0800652a                __swrite
 .text.__sseek  0x08006562       0x24 c:/program files (x86)/gnu arm embedded toolchain/10 2020-q4-major/bin/../lib/gcc/arm-none-eabi/10.2.1/../../../../arm-none-eabi/lib/thumb/v7-m/nofp\libc_nano.a(lib_a-stdio.o)
                0x08006562                __sseek
 .text.__sclose
                0x08006586        0x8 c:/program files (x86)/gnu arm embedded toolchain/10 2020-q4-major/bin/../lib/gcc/arm-none-eabi/10.2.1/../../../../arm-none-eabi/lib/thumb/v7-m/nofp\libc_nano.a(lib_a-stdio.o)
                0x08006586                __sclose
 *fill*         0x0800658e        0x2 
 .text._write_r
                0x08006590       0x24 c:/program files (x86)/gnu arm embedded toolchain/10 2020-q4-major/bin/../lib/gcc/arm-none-eabi/10.2.1/../../../../arm-none-eabi/lib/thumb/v7-m/nofp\libc_nano.a(lib_a-writer.o)
                0x08006590                _write_r
 .text.__assert_func
                0x080065b4       0x3c c:/program files (x86)/gnu arm embedded toolchain/10 2020-q4-major/bin/../lib/gcc/arm-none-eabi/10.2.1/../../../../arm-none-eabi/lib/thumb/v7-m/nofp\libc_nano.a(lib_a-assert.o)
                0x080065b4                __assert_func
 .text._close_r
                0x080065f0       0x20 c:/program files (x86)/gnu arm embedded toolchain/10 2020-q4-major/bin/../lib/gcc/arm-none-eabi/10.2.1/../../../../arm-none-eabi/lib/thumb/v7-m/nofp\libc_nano.a(lib_a-closer.o)
                0x080065f0                _close_r
 .text.fprintf  0x08006610       0x24 c:/program files (x86)/gnu arm embedded toolchain/10 2020-q4-major/bin/../lib/gcc/arm-none-eabi/10.2.1/../../../../arm-none-eabi/lib/thumb/v7-m/nofp\libc_nano.a(lib_a-fprintf.o)
                0x08006610                fiprintf
                0x08006610                fprintf
 .text._fstat_r
                0x08006634       0x24 c:/program files (x86)/gnu arm embedded toolchain/10 2020-q4-major/bin/../lib/gcc/arm-none-eabi/10.2.1/../../../../arm-none-eabi/lib/thumb/v7-m/nofp\libc_nano.a(lib_a-fstatr.o)
                0x08006634                _fstat_r
 .text._isatty_r
                0x08006658       0x20 c:/program files (x86)/gnu arm embedded toolchain/10 2020-q4-major/bin/../lib/gcc/arm-none-eabi/10.2.1/../../../../arm-none-eabi/lib/thumb/v7-m/nofp\libc_nano.a(lib_a-isattyr.o)
                0x08006658                _isatty_r
 .text._lseek_r
                0x08006678       0x24 c:/program files (x86)/gnu arm embedded toolchain/10 2020-q4-major/bin/../lib/gcc/arm-none-eabi/10.2.1/../../../../arm-none-eabi/lib/thumb/v7-m/nofp\libc_nano.a(lib_a-lseekr.o)
                0x08006678                _lseek_r
 .text.__ascii_mbtowc
                0x0800669c       0x24 c:/program files (x86)/gnu arm embedded toolchain/10 2020-q4-major/bin/../lib/gcc/arm-none-eabi/10.2.1/../../../../arm-none-eabi/lib/thumb/v7-m/nofp\libc_nano.a(lib_a-mbtowc_r.o)
                0x0800669c                __ascii_mbtowc
 .text.__malloc_lock
                0x080066c0        0xc c:/program files (x86)/gnu arm embedded toolchain/10 2020-q4-major/bin/../lib/gcc/arm-none-eabi/10.2.1/../../../../arm-none-eabi/lib/thumb/v7-m/nofp\libc_nano.a(lib_a-mlock.o)
                0x080066c0                __malloc_lock
 .text.__malloc_unlock
                0x080066cc        0xc c:/program files (x86)/gnu arm embedded toolchain/10 2020-q4-major/bin/../lib/gcc/arm-none-eabi/10.2.1/../../../../arm-none-eabi/lib/thumb/v7-m/nofp\libc_nano.a(lib_a-mlock.o)
                0x080066cc                __malloc_unlock
 .text.__sfputc_r
                0x080066d8       0x2a c:/program files (x86)/gnu arm embedded toolchain/10 2020-q4-major/bin/../lib/gcc/arm-none-eabi/10.2.1/../../../../arm-none-eabi/lib/thumb/v7-m/nofp\libc_nano.a(lib_a-nano-vfprintf.o)
 .text.__sfputs_r
                0x08006702       0x24 c:/program files (x86)/gnu arm embedded toolchain/10 2020-q4-major/bin/../lib/gcc/arm-none-eabi/10.2.1/../../../../arm-none-eabi/lib/thumb/v7-m/nofp\libc_nano.a(lib_a-nano-vfprintf.o)
                0x08006702                __sfputs_r
 *fill*         0x08006726        0x2 
 .text._vfprintf_r
                0x08006728      0x260 c:/program files (x86)/gnu arm embedded toolchain/10 2020-q4-major/bin/../lib/gcc/arm-none-eabi/10.2.1/../../../../arm-none-eabi/lib/thumb/v7-m/nofp\libc_nano.a(lib_a-nano-vfprintf.o)
                0x08006728                _vfprintf_r
                0x08006728                _vfiprintf_r
 .text._read_r  0x08006988       0x24 c:/program files (x86)/gnu arm embedded toolchain/10 2020-q4-major/bin/../lib/gcc/arm-none-eabi/10.2.1/../../../../arm-none-eabi/lib/thumb/v7-m/nofp\libc_nano.a(lib_a-readr.o)
                0x08006988                _read_r
 .text.__swbuf_r
                0x080069ac       0xa4 c:/program files (x86)/gnu arm embedded toolchain/10 2020-q4-major/bin/../lib/gcc/arm-none-eabi/10.2.1/../../../../arm-none-eabi/lib/thumb/v7-m/nofp\libc_nano.a(lib_a-wbuf.o)
                0x080069ac                __swbuf_r
 .text.__ascii_wctomb
                0x08006a50       0x1a c:/program files (x86)/gnu arm embedded toolchain/10 2020-q4-major/bin/../lib/gcc/arm-none-eabi/10.2.1/../../../../arm-none-eabi/lib/thumb/v7-m/nofp\libc_nano.a(lib_a-wctomb_r.o)
                0x08006a50                __ascii_wctomb
 *fill*         0x08006a6a        0x2 
 .text.__swsetup_r
                0x08006a6c       0xdc c:/program files (x86)/gnu arm embedded toolchain/10 2020-q4-major/bin/../lib/gcc/arm-none-eabi/10.2.1/../../../../arm-none-eabi/lib/thumb/v7-m/nofp\libc_nano.a(lib_a-wsetup.o)
                0x08006a6c                __swsetup_r
 .text.abort    0x08006b48        0xe c:/program files (x86)/gnu arm embedded toolchain/10 2020-q4-major/bin/../lib/gcc/arm-none-eabi/10.2.1/../../../../arm-none-eabi/lib/thumb/v7-m/nofp\libc_nano.a(lib_a-abort.o)
                0x08006b48                abort
 .text._raise_r
                0x08006b56       0x50 c:/program files (x86)/gnu arm embedded toolchain/10 2020-q4-major/bin/../lib/gcc/arm-none-eabi/10.2.1/../../../../arm-none-eabi/lib/thumb/v7-m/nofp\libc_nano.a(lib_a-signal.o)
                0x08006b56                _raise_r
 *fill*         0x08006ba6        0x2 
 .text.raise    0x08006ba8       0x10 c:/program files (x86)/gnu arm embedded toolchain/10 2020-q4-major/bin/../lib/gcc/arm-none-eabi/10.2.1/../../../../arm-none-eabi/lib/thumb/v7-m/nofp\libc_nano.a(lib_a-signal.o)
                0x08006ba8                raise
 .text._kill_r  0x08006bb8       0x24 c:/program files (x86)/gnu arm embedded toolchain/10 2020-q4-major/bin/../lib/gcc/arm-none-eabi/10.2.1/../../../../arm-none-eabi/lib/thumb/v7-m/nofp\libc_nano.a(lib_a-signalr.o)
                0x08006bb8                _kill_r
 .text._getpid_r
                0x08006bdc        0x4 c:/program files (x86)/gnu arm embedded toolchain/10 2020-q4-major/bin/../lib/gcc/arm-none-eabi/10.2.1/../../../../arm-none-eabi/lib/thumb/v7-m/nofp\libc_nano.a(lib_a-signalr.o)
                0x08006bdc                _getpid_r
 .text.round    0x08006be0       0x98 c:/program files (x86)/gnu arm embedded toolchain/10 2020-q4-major/bin/../lib/gcc/arm-none-eabi/10.2.1/../../../../arm-none-eabi/lib/thumb/v7-m/nofp\libm.a(lib_a-s_round.o)
                0x08006be0                round
 .text._getpid  0x08006c78       0x10 c:/program files (x86)/gnu arm embedded toolchain/10 2020-q4-major/bin/../lib/gcc/arm-none-eabi/10.2.1/../../../../arm-none-eabi/lib/thumb/v7-m/nofp\libnosys.a(getpid.o)
                0x08006c78                _getpid
 .text._kill    0x08006c88       0x10 c:/program files (x86)/gnu arm embedded toolchain/10 2020-q4-major/bin/../lib/gcc/arm-none-eabi/10.2.1/../../../../arm-none-eabi/lib/thumb/v7-m/nofp\libnosys.a(kill.o)
                0x08006c88                _kill
 .text._sbrk    0x08006c98       0x1c c:/program files (x86)/gnu arm embedded toolchain/10 2020-q4-major/bin/../lib/gcc/arm-none-eabi/10.2.1/../../../../arm-none-eabi/lib/thumb/v7-m/nofp\libnosys.a(sbrk.o)
                0x08006c98                _sbrk
 .text._exit    0x08006cb4        0x4 c:/program files (x86)/gnu arm embedded toolchain/10 2020-q4-major/bin/../lib/gcc/arm-none-eabi/10.2.1/../../../../arm-none-eabi/lib/thumb/v7-m/nofp\libnosys.a(_exit.o)
                0x08006cb4                _exit
 *(.glue_7)
 .glue_7        0x08006cb8        0x0 linker stubs
 *(.glue_7t)
 .glue_7t       0x08006cb8        0x0 linker stubs
 *(.eh_frame)
 .eh_frame      0x08006cb8        0x0 c:/program files (x86)/gnu arm embedded toolchain/10 2020-q4-major/bin/../lib/gcc/arm-none-eabi/10.2.1/thumb/v7-m/nofp/crtbegin.o
 *(.init)
 .init          0x08006cb8        0x4 c:/program files (x86)/gnu arm embedded toolchain/10 2020-q4-major/bin/../lib/gcc/arm-none-eabi/10.2.1/thumb/v7-m/nofp/crti.o
                0x08006cb8                _init
 .init          0x08006cbc        0x8 c:/program files (x86)/gnu arm embedded toolchain/10 2020-q4-major/bin/../lib/gcc/arm-none-eabi/10.2.1/thumb/v7-m/nofp/crtn.o
 *(.fini)
 .fini          0x08006cc4        0x4 c:/program files (x86)/gnu arm embedded toolchain/10 2020-q4-major/bin/../lib/gcc/arm-none-eabi/10.2.1/thumb/v7-m/nofp/crti.o
                0x08006cc4                _fini
 .fini          0x08006cc8        0x8 c:/program files (x86)/gnu arm embedded toolchain/10 2020-q4-major/bin/../lib/gcc/arm-none-eabi/10.2.1/thumb/v7-m/nofp/crtn.o
                0x08006cd0                . = ALIGN (0x4)
                0x08006cd0                _etext = .

.vfp11_veneer   0x08006cd0        0x0
 .vfp11_veneer  0x08006cd0        0x0 linker stubs

.v4_bx          0x08006cd0        0x0
 .v4_bx         0x08006cd0        0x0 linker stubs

.iplt           0x08006cd0        0x0
 .iplt          0x08006cd0        0x0 c:/program files (x86)/gnu arm embedded toolchain/10 2020-q4-major/bin/../lib/gcc/arm-none-eabi/10.2.1/thumb/v7-m/nofp/crtbegin.o

.rodata         0x08006cd0      0x44c
                0x08006cd0                . = ALIGN (0x4)
 *(.rodata)
 *(.rodata*)
 .rodata.HAL_RCC_GetSysClockFreq.str1.4
                0x08006cd0       0x11 build/stm32f1xx_hal_rcc.o
 *fill*         0x08006ce1        0x3 
 .rodata.AHBPrescTable
                0x08006ce4       0x10 build/system_stm32f1xx.o
                0x08006ce4                AHBPrescTable
 .rodata.APBPrescTable
                0x08006cf4        0x8 build/system_stm32f1xx.o
                0x08006cf4                APBPrescTable
 .rodata._global_impure_ptr
                0x08006cfc        0x4 c:/program files (x86)/gnu arm embedded toolchain/10 2020-q4-major/bin/../lib/gcc/arm-none-eabi/10.2.1/../../../../arm-none-eabi/lib/thumb/v7-m/nofp\libc_nano.a(lib_a-impure.o)
                0x08006cfc                _global_impure_ptr
 .rodata._printf_float.str1.1
                0x08006d00       0x12 c:/program files (x86)/gnu arm embedded toolchain/10 2020-q4-major/bin/../lib/gcc/arm-none-eabi/10.2.1/../../../../arm-none-eabi/lib/thumb/v7-m/nofp\libc_nano.a(lib_a-nano-vfprintf_float.o)
 .rodata._printf_i.str1.1
                0x08006d12       0x22 c:/program files (x86)/gnu arm embedded toolchain/10 2020-q4-major/bin/../lib/gcc/arm-none-eabi/10.2.1/../../../../arm-none-eabi/lib/thumb/v7-m/nofp\libc_nano.a(lib_a-nano-vfprintf_i.o)
 .rodata._dtoa_r.str1.1
                0x08006d34       0xb2 c:/program files (x86)/gnu arm embedded toolchain/10 2020-q4-major/bin/../lib/gcc/arm-none-eabi/10.2.1/../../../../arm-none-eabi/lib/thumb/v7-m/nofp\libc_nano.a(lib_a-dtoa.o)
                                 0xb4 (size before relaxing)
 *fill*         0x08006de6        0x2 
 .rodata.__sf_fake_stderr
                0x08006de8       0x20 c:/program files (x86)/gnu arm embedded toolchain/10 2020-q4-major/bin/../lib/gcc/arm-none-eabi/10.2.1/../../../../arm-none-eabi/lib/thumb/v7-m/nofp\libc_nano.a(lib_a-findfp.o)
                0x08006de8                __sf_fake_stderr
 .rodata.__sf_fake_stdin
                0x08006e08       0x20 c:/program files (x86)/gnu arm embedded toolchain/10 2020-q4-major/bin/../lib/gcc/arm-none-eabi/10.2.1/../../../../arm-none-eabi/lib/thumb/v7-m/nofp\libc_nano.a(lib_a-findfp.o)
                0x08006e08                __sf_fake_stdin
 .rodata.__sf_fake_stdout
                0x08006e28       0x20 c:/program files (x86)/gnu arm embedded toolchain/10 2020-q4-major/bin/../lib/gcc/arm-none-eabi/10.2.1/../../../../arm-none-eabi/lib/thumb/v7-m/nofp\libc_nano.a(lib_a-findfp.o)
                0x08006e28                __sf_fake_stdout
 .rodata._Balloc.str1.1
                0x08006e48       0x7e c:/program files (x86)/gnu arm embedded toolchain/10 2020-q4-major/bin/../lib/gcc/arm-none-eabi/10.2.1/../../../../arm-none-eabi/lib/thumb/v7-m/nofp\libc_nano.a(lib_a-mprec.o)
                                 0x95 (size before relaxing)
 .rodata.__multadd.str1.1
                0x08006ec6       0x11 c:/program files (x86)/gnu arm embedded toolchain/10 2020-q4-major/bin/../lib/gcc/arm-none-eabi/10.2.1/../../../../arm-none-eabi/lib/thumb/v7-m/nofp\libc_nano.a(lib_a-mprec.o)
 *fill*         0x08006ec6        0x2 
 .rodata.__mprec_bigtens
                0x08006ec8       0x28 c:/program files (x86)/gnu arm embedded toolchain/10 2020-q4-major/bin/../lib/gcc/arm-none-eabi/10.2.1/../../../../arm-none-eabi/lib/thumb/v7-m/nofp\libc_nano.a(lib_a-mprec.o)
                0x08006ec8                __mprec_bigtens
 .rodata.__mprec_tens
                0x08006ef0       0xc8 c:/program files (x86)/gnu arm embedded toolchain/10 2020-q4-major/bin/../lib/gcc/arm-none-eabi/10.2.1/../../../../arm-none-eabi/lib/thumb/v7-m/nofp\libc_nano.a(lib_a-mprec.o)
                0x08006ef0                __mprec_tens
 .rodata.p05.0  0x08006fb8        0xc c:/program files (x86)/gnu arm embedded toolchain/10 2020-q4-major/bin/../lib/gcc/arm-none-eabi/10.2.1/../../../../arm-none-eabi/lib/thumb/v7-m/nofp\libc_nano.a(lib_a-mprec.o)
 .rodata.__assert_func.str1.1
                0x08006fc4       0x3c c:/program files (x86)/gnu arm embedded toolchain/10 2020-q4-major/bin/../lib/gcc/arm-none-eabi/10.2.1/../../../../arm-none-eabi/lib/thumb/v7-m/nofp\libc_nano.a(lib_a-assert.o)
                                 0x3d (size before relaxing)
 .rodata._setlocale_r.str1.1
                0x08007000        0x8 c:/program files (x86)/gnu arm embedded toolchain/10 2020-q4-major/bin/../lib/gcc/arm-none-eabi/10.2.1/../../../../arm-none-eabi/lib/thumb/v7-m/nofp\libc_nano.a(lib_a-locale.o)
                                  0x9 (size before relaxing)
 .rodata.str1.1
                0x08007008        0x2 c:/program files (x86)/gnu arm embedded toolchain/10 2020-q4-major/bin/../lib/gcc/arm-none-eabi/10.2.1/../../../../arm-none-eabi/lib/thumb/v7-m/nofp\libc_nano.a(lib_a-locale.o)
 .rodata._vfprintf_r.str1.1
                0x0800700a       0x11 c:/program files (x86)/gnu arm embedded toolchain/10 2020-q4-major/bin/../lib/gcc/arm-none-eabi/10.2.1/../../../../arm-none-eabi/lib/thumb/v7-m/nofp\libc_nano.a(lib_a-nano-vfprintf.o)
 .rodata._ctype_
                0x0800701b      0x101 c:/program files (x86)/gnu arm embedded toolchain/10 2020-q4-major/bin/../lib/gcc/arm-none-eabi/10.2.1/../../../../arm-none-eabi/lib/thumb/v7-m/nofp\libc_nano.a(lib_a-ctype_.o)
                0x0800701b                _ctype_
                0x0800711c                . = ALIGN (0x4)

.rel.dyn        0x0800711c        0x0
 .rel.iplt      0x0800711c        0x0 c:/program files (x86)/gnu arm embedded toolchain/10 2020-q4-major/bin/../lib/gcc/arm-none-eabi/10.2.1/thumb/v7-m/nofp/crtbegin.o

.ARM.extab
 *(.ARM.extab* .gnu.linkonce.armextab.*)

.ARM            0x0800711c        0x0
                0x0800711c                __exidx_start = .
 *(.ARM.exidx*)
                0x0800711c                __exidx_end = .

.preinit_array  0x0800711c        0x0
                0x0800711c                PROVIDE (__preinit_array_start = .)
 *(.preinit_array*)
                0x0800711c                PROVIDE (__preinit_array_end = .)

.init_array     0x0800711c        0x4
                0x0800711c                PROVIDE (__init_array_start = .)
 *(SORT_BY_NAME(.init_array.*))
 *(.init_array*)
 .init_array    0x0800711c        0x4 c:/program files (x86)/gnu arm embedded toolchain/10 2020-q4-major/bin/../lib/gcc/arm-none-eabi/10.2.1/thumb/v7-m/nofp/crtbegin.o
                0x08007120                PROVIDE (__init_array_end = .)

.fini_array     0x08007120        0x4
                [!provide]                PROVIDE (__fini_array_start = .)
 *(SORT_BY_NAME(.fini_array.*))
 *(.fini_array*)
 .fini_array    0x08007120        0x4 c:/program files (x86)/gnu arm embedded toolchain/10 2020-q4-major/bin/../lib/gcc/arm-none-eabi/10.2.1/thumb/v7-m/nofp/crtbegin.o
                [!provide]                PROVIDE (__fini_array_end = .)
                0x08007124                _sidata = LOADADDR (.data)

.data           0x20000000      0x20c load address 0x08007124
                0x20000000                . = ALIGN (0x4)
                0x20000000                _sdata = .
 *(.data)
 *(.data*)
 .data.left_pid_params
                0x20000000       0x18 build/main.o
                0x20000000                left_pid_params
 .data.right_pid_params
                0x20000018       0x18 build/main.o
                0x20000018                right_pid_params
 .data.uwTickFreq
                0x20000030        0x1 build/stm32f1xx_hal.o
                0x20000030                uwTickFreq
 *fill*         0x20000031        0x3 
 .data.uwTickPrio
                0x20000034        0x4 build/stm32f1xx_hal.o
                0x20000034                uwTickPrio
 .data.SystemCoreClock
                0x20000038        0x4 build/system_stm32f1xx.o
                0x20000038                SystemCoreClock
 .data._impure_ptr
                0x2000003c        0x4 c:/program files (x86)/gnu arm embedded toolchain/10 2020-q4-major/bin/../lib/gcc/arm-none-eabi/10.2.1/../../../../arm-none-eabi/lib/thumb/v7-m/nofp\libc_nano.a(lib_a-impure.o)
                0x2000003c                _impure_ptr
 .data.impure_data
                0x20000040       0x60 c:/program files (x86)/gnu arm embedded toolchain/10 2020-q4-major/bin/../lib/gcc/arm-none-eabi/10.2.1/../../../../arm-none-eabi/lib/thumb/v7-m/nofp\libc_nano.a(lib_a-impure.o)
 .data.__global_locale
                0x200000a0      0x16c c:/program files (x86)/gnu arm embedded toolchain/10 2020-q4-major/bin/../lib/gcc/arm-none-eabi/10.2.1/../../../../arm-none-eabi/lib/thumb/v7-m/nofp\libc_nano.a(lib_a-locale.o)
                0x200000a0                __global_locale
                0x2000020c                . = ALIGN (0x4)
                0x2000020c                _edata = .

.igot.plt       0x2000020c        0x0 load address 0x08007330
 .igot.plt      0x2000020c        0x0 c:/program files (x86)/gnu arm embedded toolchain/10 2020-q4-major/bin/../lib/gcc/arm-none-eabi/10.2.1/thumb/v7-m/nofp/crtbegin.o
                0x2000020c                . = ALIGN (0x4)

.bss            0x20000210      0x3a4 load address 0x08007330
                0x20000210                _sbss = .
                0x20000210                __bss_start__ = _sbss
 *(.bss)
 .bss           0x20000210       0x1c c:/program files (x86)/gnu arm embedded toolchain/10 2020-q4-major/bin/../lib/gcc/arm-none-eabi/10.2.1/thumb/v7-m/nofp/crtbegin.o
 *(.bss*)
 .bss.angular_vel
                0x2000022c        0x4 build/main.o
                0x2000022c                angular_vel
 .bss.last_a_vel
                0x20000230        0x4 build/main.o
                0x20000230                last_a_vel
 .bss.last_l_vel
                0x20000234        0x4 build/main.o
                0x20000234                last_l_vel
 .bss.last_rx   0x20000238        0x1 build/main.o
                0x20000238                last_rx
 *fill*         0x20000239        0x3 
 .bss.last_tick
                0x2000023c        0x4 build/main.o
                0x2000023c                last_tick
 .bss.left_set_speed
                0x20000240        0x8 build/main.o
                0x20000240                left_set_speed
 .bss.linear_vel
                0x20000248        0x4 build/main.o
                0x20000248                linear_vel
 .bss.prev_rx   0x2000024c        0x1 build/main.o
                0x2000024c                prev_rx
 .bss.ready_flag
                0x2000024d        0x1 build/main.o
                0x2000024d                ready_flag
 *fill*         0x2000024e        0x2 
 .bss.right_set_speed
                0x20000250        0x8 build/main.o
                0x20000250                right_set_speed
 .bss.rx_buffer
                0x20000258       0x10 build/main.o
                0x20000258                rx_buffer
 .bss.str_left_motor
                0x20000268       0x40 build/main.o
                0x20000268                str_left_motor
 .bss.str_left_pid
                0x200002a8       0x50 build/main.o
                0x200002a8                str_left_pid
 .bss.str_right_motor
                0x200002f8       0x40 build/main.o
                0x200002f8                str_right_motor
 .bss.str_right_pid
                0x20000338       0x50 build/main.o
                0x20000338                str_right_pid
 .bss.tick      0x20000388        0x4 build/main.o
                0x20000388                tick
 .bss.tx_state_frame
                0x2000038c       0x20 build/main.o
                0x2000038c                tx_state_frame
 .bss.vel_update_flag
                0x200003ac        0x1 build/main.o
                0x200003ac                vel_update_flag
 .bss.__lock___malloc_recursive_mutex
                0x200003ad        0x1 c:/program files (x86)/gnu arm embedded toolchain/10 2020-q4-major/bin/../lib/gcc/arm-none-eabi/10.2.1/../../../../arm-none-eabi/lib/thumb/v7-m/nofp\libc_nano.a(lib_a-lock.o)
                0x200003ad                __lock___malloc_recursive_mutex
 .bss.__lock___sfp_recursive_mutex
                0x200003ae        0x1 c:/program files (x86)/gnu arm embedded toolchain/10 2020-q4-major/bin/../lib/gcc/arm-none-eabi/10.2.1/../../../../arm-none-eabi/lib/thumb/v7-m/nofp\libc_nano.a(lib_a-lock.o)
                0x200003ae                __lock___sfp_recursive_mutex
 .bss.__lock___sinit_recursive_mutex
                0x200003af        0x1 c:/program files (x86)/gnu arm embedded toolchain/10 2020-q4-major/bin/../lib/gcc/arm-none-eabi/10.2.1/../../../../arm-none-eabi/lib/thumb/v7-m/nofp\libc_nano.a(lib_a-lock.o)
                0x200003af                __lock___sinit_recursive_mutex
 .bss.__malloc_free_list
                0x200003b0        0x4 c:/program files (x86)/gnu arm embedded toolchain/10 2020-q4-major/bin/../lib/gcc/arm-none-eabi/10.2.1/../../../../arm-none-eabi/lib/thumb/v7-m/nofp\libc_nano.a(lib_a-nano-mallocr.o)
                0x200003b0                __malloc_free_list
 .bss.__malloc_sbrk_start
                0x200003b4        0x4 c:/program files (x86)/gnu arm embedded toolchain/10 2020-q4-major/bin/../lib/gcc/arm-none-eabi/10.2.1/../../../../arm-none-eabi/lib/thumb/v7-m/nofp\libc_nano.a(lib_a-nano-mallocr.o)
                0x200003b4                __malloc_sbrk_start
 .bss.errno     0x200003b8        0x4 c:/program files (x86)/gnu arm embedded toolchain/10 2020-q4-major/bin/../lib/gcc/arm-none-eabi/10.2.1/../../../../arm-none-eabi/lib/thumb/v7-m/nofp\libc_nano.a(lib_a-reent.o)
                0x200003b8                errno
 .bss.heap_end.0
                0x200003bc        0x4 c:/program files (x86)/gnu arm embedded toolchain/10 2020-q4-major/bin/../lib/gcc/arm-none-eabi/10.2.1/../../../../arm-none-eabi/lib/thumb/v7-m/nofp\libnosys.a(sbrk.o)
 *(COMMON)
 COMMON         0x200003c0      0x120 build/tim.o
                0x200003c0                htim4
                0x20000408                htim3
                0x20000450                htim1
                0x20000498                htim2
 COMMON         0x200004e0       0xcc build/usart.o
                0x200004e0                hdma_usart1_tx
                0x20000524                hdma_usart1_rx
                0x20000568                huart1
 COMMON         0x200005ac        0x4 build/stm32f1xx_hal.o
                0x200005ac                uwTick
 COMMON         0x200005b0        0x4 build/retarget.o
                0x200005b0                gHuart
                0x200005b4                . = ALIGN (0x4)
                0x200005b4                _ebss = .
                0x200005b4                __bss_end__ = _ebss

._user_heap_stack
                0x200005b4      0x604 load address 0x08007330
                0x200005b8                . = ALIGN (0x8)
 *fill*         0x200005b4        0x4 
                0x200005b8                PROVIDE (end = .)
                [!provide]                PROVIDE (_end = .)
                0x200007b8                . = (. + _Min_Heap_Size)
 *fill*         0x200005b8      0x200 
                0x20000bb8                . = (. + _Min_Stack_Size)
 *fill*         0x200007b8      0x400 
                0x20000bb8                . = ALIGN (0x8)

/DISCARD/
 libc.a(*)
 libm.a(*)
 libgcc.a(*)

.ARM.attributes
                0x00000000       0x29
 *(.ARM.attributes)
 .ARM.attributes
                0x00000000       0x1d c:/program files (x86)/gnu arm embedded toolchain/10 2020-q4-major/bin/../lib/gcc/arm-none-eabi/10.2.1/thumb/v7-m/nofp/crti.o
 .ARM.attributes
                0x0000001d       0x2d c:/program files (x86)/gnu arm embedded toolchain/10 2020-q4-major/bin/../lib/gcc/arm-none-eabi/10.2.1/thumb/v7-m/nofp/crtbegin.o
 .ARM.attributes
                0x0000004a       0x2d build/main.o
 .ARM.attributes
                0x00000077       0x2d build/gpio.o
 .ARM.attributes
                0x000000a4       0x2d build/dma.o
 .ARM.attributes
                0x000000d1       0x2d build/tim.o
 .ARM.attributes
                0x000000fe       0x2d build/usart.o
 .ARM.attributes
                0x0000012b       0x2d build/stm32f1xx_it.o
 .ARM.attributes
                0x00000158       0x2d build/stm32f1xx_hal_msp.o
 .ARM.attributes
                0x00000185       0x2d build/stm32f1xx_hal_tim.o
 .ARM.attributes
                0x000001b2       0x2d build/stm32f1xx_hal_tim_ex.o
 .ARM.attributes
                0x000001df       0x2d build/stm32f1xx_hal.o
 .ARM.attributes
                0x0000020c       0x2d build/stm32f1xx_hal_rcc.o
 .ARM.attributes
                0x00000239       0x2d build/stm32f1xx_hal_gpio.o
 .ARM.attributes
                0x00000266       0x2d build/stm32f1xx_hal_dma.o
 .ARM.attributes
                0x00000293       0x2d build/stm32f1xx_hal_cortex.o
 .ARM.attributes
                0x000002c0       0x2d build/stm32f1xx_hal_uart.o
 .ARM.attributes
                0x000002ed       0x2d build/system_stm32f1xx.o
 .ARM.attributes
                0x0000031a       0x2d build/PID.o
 .ARM.attributes
                0x00000347       0x2d build/frame_resolve.o
 .ARM.attributes
                0x00000374       0x2d build/retarget.o
 .ARM.attributes
                0x000003a1       0x21 build/startup_stm32f103xb.o
 .ARM.attributes
                0x000003c2       0x2d c:/program files (x86)/gnu arm embedded toolchain/10 2020-q4-major/bin/../lib/gcc/arm-none-eabi/10.2.1/../../../../arm-none-eabi/lib/thumb/v7-m/nofp\libc_nano.a(lib_a-errno.o)
 .ARM.attributes
                0x000003ef       0x2d c:/program files (x86)/gnu arm embedded toolchain/10 2020-q4-major/bin/../lib/gcc/arm-none-eabi/10.2.1/../../../../arm-none-eabi/lib/thumb/v7-m/nofp\libc_nano.a(lib_a-impure.o)
 .ARM.attributes
                0x0000041c       0x2d c:/program files (x86)/gnu arm embedded toolchain/10 2020-q4-major/bin/../lib/gcc/arm-none-eabi/10.2.1/../../../../arm-none-eabi/lib/thumb/v7-m/nofp\libc_nano.a(lib_a-init.o)
 .ARM.attributes
                0x00000449       0x2d c:/program files (x86)/gnu arm embedded toolchain/10 2020-q4-major/bin/../lib/gcc/arm-none-eabi/10.2.1/../../../../arm-none-eabi/lib/thumb/v7-m/nofp\libc_nano.a(lib_a-memset.o)
 .ARM.attributes
                0x00000476       0x2d c:/program files (x86)/gnu arm embedded toolchain/10 2020-q4-major/bin/../lib/gcc/arm-none-eabi/10.2.1/../../../../arm-none-eabi/lib/thumb/v7-m/nofp\libc_nano.a(lib_a-nano-vfprintf_float.o)
 .ARM.attributes
                0x000004a3       0x2d c:/program files (x86)/gnu arm embedded toolchain/10 2020-q4-major/bin/../lib/gcc/arm-none-eabi/10.2.1/../../../../arm-none-eabi/lib/thumb/v7-m/nofp\libc_nano.a(lib_a-nano-vfprintf_i.o)
 .ARM.attributes
                0x000004d0       0x2d c:/program files (x86)/gnu arm embedded toolchain/10 2020-q4-major/bin/../lib/gcc/arm-none-eabi/10.2.1/../../../../arm-none-eabi/lib/thumb/v7-m/nofp\libc_nano.a(lib_a-setvbuf.o)
 .ARM.attributes
                0x000004fd       0x17 c:/program files (x86)/gnu arm embedded toolchain/10 2020-q4-major/bin/../lib/gcc/arm-none-eabi/10.2.1/../../../../arm-none-eabi/lib/thumb/v7-m/nofp\libc_nano.a(lib_a-strlen.o)
 .ARM.attributes
                0x00000514       0x2d c:/program files (x86)/gnu arm embedded toolchain/10 2020-q4-major/bin/../lib/gcc/arm-none-eabi/10.2.1/../../../../arm-none-eabi/lib/thumb/v7-m/nofp\libc_nano.a(lib_a-dtoa.o)
 .ARM.attributes
                0x00000541       0x2d c:/program files (x86)/gnu arm embedded toolchain/10 2020-q4-major/bin/../lib/gcc/arm-none-eabi/10.2.1/../../../../arm-none-eabi/lib/thumb/v7-m/nofp\libc_nano.a(lib_a-fflush.o)
 .ARM.attributes
                0x0000056e       0x2d c:/program files (x86)/gnu arm embedded toolchain/10 2020-q4-major/bin/../lib/gcc/arm-none-eabi/10.2.1/../../../../arm-none-eabi/lib/thumb/v7-m/nofp\libc_nano.a(lib_a-findfp.o)
 .ARM.attributes
                0x0000059b       0x2d c:/program files (x86)/gnu arm embedded toolchain/10 2020-q4-major/bin/../lib/gcc/arm-none-eabi/10.2.1/../../../../arm-none-eabi/lib/thumb/v7-m/nofp\libc_nano.a(lib_a-fwalk.o)
 .ARM.attributes
                0x000005c8       0x2d c:/program files (x86)/gnu arm embedded toolchain/10 2020-q4-major/bin/../lib/gcc/arm-none-eabi/10.2.1/../../../../arm-none-eabi/lib/thumb/v7-m/nofp\libc_nano.a(lib_a-localeconv.o)
 .ARM.attributes
                0x000005f5       0x2d c:/program files (x86)/gnu arm embedded toolchain/10 2020-q4-major/bin/../lib/gcc/arm-none-eabi/10.2.1/../../../../arm-none-eabi/lib/thumb/v7-m/nofp\libc_nano.a(lib_a-lock.o)
 .ARM.attributes
                0x00000622       0x2d c:/program files (x86)/gnu arm embedded toolchain/10 2020-q4-major/bin/../lib/gcc/arm-none-eabi/10.2.1/../../../../arm-none-eabi/lib/thumb/v7-m/nofp\libc_nano.a(lib_a-makebuf.o)
 .ARM.attributes
                0x0000064f       0x2d c:/program files (x86)/gnu arm embedded toolchain/10 2020-q4-major/bin/../lib/gcc/arm-none-eabi/10.2.1/../../../../arm-none-eabi/lib/thumb/v7-m/nofp\libc_nano.a(lib_a-malloc.o)
 .ARM.attributes
                0x0000067c       0x2d c:/program files (x86)/gnu arm embedded toolchain/10 2020-q4-major/bin/../lib/gcc/arm-none-eabi/10.2.1/../../../../arm-none-eabi/lib/thumb/v7-m/nofp\libc_nano.a(lib_a-memchr-stub.o)
 .ARM.attributes
                0x000006a9       0x2d c:/program files (x86)/gnu arm embedded toolchain/10 2020-q4-major/bin/../lib/gcc/arm-none-eabi/10.2.1/../../../../arm-none-eabi/lib/thumb/v7-m/nofp\libc_nano.a(lib_a-memcpy-stub.o)
 .ARM.attributes
                0x000006d6       0x2d c:/program files (x86)/gnu arm embedded toolchain/10 2020-q4-major/bin/../lib/gcc/arm-none-eabi/10.2.1/../../../../arm-none-eabi/lib/thumb/v7-m/nofp\libc_nano.a(lib_a-mprec.o)
 .ARM.attributes
                0x00000703       0x2d c:/program files (x86)/gnu arm embedded toolchain/10 2020-q4-major/bin/../lib/gcc/arm-none-eabi/10.2.1/../../../../arm-none-eabi/lib/thumb/v7-m/nofp\libc_nano.a(lib_a-nano-callocr.o)
 .ARM.attributes
                0x00000730       0x2d c:/program files (x86)/gnu arm embedded toolchain/10 2020-q4-major/bin/../lib/gcc/arm-none-eabi/10.2.1/../../../../arm-none-eabi/lib/thumb/v7-m/nofp\libc_nano.a(lib_a-nano-freer.o)
 .ARM.attributes
                0x0000075d       0x2d c:/program files (x86)/gnu arm embedded toolchain/10 2020-q4-major/bin/../lib/gcc/arm-none-eabi/10.2.1/../../../../arm-none-eabi/lib/thumb/v7-m/nofp\libc_nano.a(lib_a-nano-mallocr.o)
 .ARM.attributes
                0x0000078a       0x2d c:/program files (x86)/gnu arm embedded toolchain/10 2020-q4-major/bin/../lib/gcc/arm-none-eabi/10.2.1/../../../../arm-none-eabi/lib/thumb/v7-m/nofp\libc_nano.a(lib_a-sbrkr.o)
 .ARM.attributes
                0x000007b7       0x2d c:/program files (x86)/gnu arm embedded toolchain/10 2020-q4-major/bin/../lib/gcc/arm-none-eabi/10.2.1/../../../../arm-none-eabi/lib/thumb/v7-m/nofp\libc_nano.a(lib_a-stdio.o)
 .ARM.attributes
                0x000007e4       0x2d c:/program files (x86)/gnu arm embedded toolchain/10 2020-q4-major/bin/../lib/gcc/arm-none-eabi/10.2.1/../../../../arm-none-eabi/lib/thumb/v7-m/nofp\libc_nano.a(lib_a-writer.o)
 .ARM.attributes
                0x00000811       0x2d c:/program files (x86)/gnu arm embedded toolchain/10 2020-q4-major/bin/../lib/gcc/arm-none-eabi/10.2.1/../../../../arm-none-eabi/lib/thumb/v7-m/nofp\libc_nano.a(lib_a-assert.o)
 .ARM.attributes
                0x0000083e       0x2d c:/program files (x86)/gnu arm embedded toolchain/10 2020-q4-major/bin/../lib/gcc/arm-none-eabi/10.2.1/../../../../arm-none-eabi/lib/thumb/v7-m/nofp\libc_nano.a(lib_a-closer.o)
 .ARM.attributes
                0x0000086b       0x2d c:/program files (x86)/gnu arm embedded toolchain/10 2020-q4-major/bin/../lib/gcc/arm-none-eabi/10.2.1/../../../../arm-none-eabi/lib/thumb/v7-m/nofp\libc_nano.a(lib_a-fprintf.o)
 .ARM.attributes
                0x00000898       0x2d c:/program files (x86)/gnu arm embedded toolchain/10 2020-q4-major/bin/../lib/gcc/arm-none-eabi/10.2.1/../../../../arm-none-eabi/lib/thumb/v7-m/nofp\libc_nano.a(lib_a-fstatr.o)
 .ARM.attributes
                0x000008c5       0x2d c:/program files (x86)/gnu arm embedded toolchain/10 2020-q4-major/bin/../lib/gcc/arm-none-eabi/10.2.1/../../../../arm-none-eabi/lib/thumb/v7-m/nofp\libc_nano.a(lib_a-isattyr.o)
 .ARM.attributes
                0x000008f2       0x2d c:/program files (x86)/gnu arm embedded toolchain/10 2020-q4-major/bin/../lib/gcc/arm-none-eabi/10.2.1/../../../../arm-none-eabi/lib/thumb/v7-m/nofp\libc_nano.a(lib_a-locale.o)
 .ARM.attributes
                0x0000091f       0x2d c:/program files (x86)/gnu arm embedded toolchain/10 2020-q4-major/bin/../lib/gcc/arm-none-eabi/10.2.1/../../../../arm-none-eabi/lib/thumb/v7-m/nofp\libc_nano.a(lib_a-lseekr.o)
 .ARM.attributes
                0x0000094c       0x2d c:/program files (x86)/gnu arm embedded toolchain/10 2020-q4-major/bin/../lib/gcc/arm-none-eabi/10.2.1/../../../../arm-none-eabi/lib/thumb/v7-m/nofp\libc_nano.a(lib_a-mbtowc_r.o)
 .ARM.attributes
                0x00000979       0x2d c:/program files (x86)/gnu arm embedded toolchain/10 2020-q4-major/bin/../lib/gcc/arm-none-eabi/10.2.1/../../../../arm-none-eabi/lib/thumb/v7-m/nofp\libc_nano.a(lib_a-mlock.o)
 .ARM.attributes
                0x000009a6       0x2d c:/program files (x86)/gnu arm embedded toolchain/10 2020-q4-major/bin/../lib/gcc/arm-none-eabi/10.2.1/../../../../arm-none-eabi/lib/thumb/v7-m/nofp\libc_nano.a(lib_a-nano-vfprintf.o)
 .ARM.attributes
                0x000009d3       0x2d c:/program files (x86)/gnu arm embedded toolchain/10 2020-q4-major/bin/../lib/gcc/arm-none-eabi/10.2.1/../../../../arm-none-eabi/lib/thumb/v7-m/nofp\libc_nano.a(lib_a-readr.o)
 .ARM.attributes
                0x00000a00       0x2d c:/program files (x86)/gnu arm embedded toolchain/10 2020-q4-major/bin/../lib/gcc/arm-none-eabi/10.2.1/../../../../arm-none-eabi/lib/thumb/v7-m/nofp\libc_nano.a(lib_a-reent.o)
 .ARM.attributes
                0x00000a2d       0x2d c:/program files (x86)/gnu arm embedded toolchain/10 2020-q4-major/bin/../lib/gcc/arm-none-eabi/10.2.1/../../../../arm-none-eabi/lib/thumb/v7-m/nofp\libc_nano.a(lib_a-wbuf.o)
 .ARM.attributes
                0x00000a5a       0x2d c:/program files (x86)/gnu arm embedded toolchain/10 2020-q4-major/bin/../lib/gcc/arm-none-eabi/10.2.1/../../../../arm-none-eabi/lib/thumb/v7-m/nofp\libc_nano.a(lib_a-wctomb_r.o)
 .ARM.attributes
                0x00000a87       0x2d c:/program files (x86)/gnu arm embedded toolchain/10 2020-q4-major/bin/../lib/gcc/arm-none-eabi/10.2.1/../../../../arm-none-eabi/lib/thumb/v7-m/nofp\libc_nano.a(lib_a-wsetup.o)
 .ARM.attributes
                0x00000ab4       0x2d c:/program files (x86)/gnu arm embedded toolchain/10 2020-q4-major/bin/../lib/gcc/arm-none-eabi/10.2.1/../../../../arm-none-eabi/lib/thumb/v7-m/nofp\libc_nano.a(lib_a-abort.o)
 .ARM.attributes
                0x00000ae1       0x2d c:/program files (x86)/gnu arm embedded toolchain/10 2020-q4-major/bin/../lib/gcc/arm-none-eabi/10.2.1/../../../../arm-none-eabi/lib/thumb/v7-m/nofp\libc_nano.a(lib_a-ctype_.o)
 .ARM.attributes
                0x00000b0e       0x2d c:/program files (x86)/gnu arm embedded toolchain/10 2020-q4-major/bin/../lib/gcc/arm-none-eabi/10.2.1/../../../../arm-none-eabi/lib/thumb/v7-m/nofp\libc_nano.a(lib_a-signal.o)
 .ARM.attributes
                0x00000b3b       0x2d c:/program files (x86)/gnu arm embedded toolchain/10 2020-q4-major/bin/../lib/gcc/arm-none-eabi/10.2.1/../../../../arm-none-eabi/lib/thumb/v7-m/nofp\libc_nano.a(lib_a-signalr.o)
 .ARM.attributes
                0x00000b68       0x2d c:/program files (x86)/gnu arm embedded toolchain/10 2020-q4-major/bin/../lib/gcc/arm-none-eabi/10.2.1/../../../../arm-none-eabi/lib/thumb/v7-m/nofp\libm.a(lib_a-s_round.o)
 .ARM.attributes
                0x00000b95       0x2d c:/program files (x86)/gnu arm embedded toolchain/10 2020-q4-major/bin/../lib/gcc/arm-none-eabi/10.2.1/../../../../arm-none-eabi/lib/thumb/v7-m/nofp\libnosys.a(getpid.o)
 .ARM.attributes
                0x00000bc2       0x2d c:/program files (x86)/gnu arm embedded toolchain/10 2020-q4-major/bin/../lib/gcc/arm-none-eabi/10.2.1/../../../../arm-none-eabi/lib/thumb/v7-m/nofp\libnosys.a(kill.o)
 .ARM.attributes
                0x00000bef       0x2d c:/program files (x86)/gnu arm embedded toolchain/10 2020-q4-major/bin/../lib/gcc/arm-none-eabi/10.2.1/../../../../arm-none-eabi/lib/thumb/v7-m/nofp\libnosys.a(sbrk.o)
 .ARM.attributes
                0x00000c1c       0x2d c:/program files (x86)/gnu arm embedded toolchain/10 2020-q4-major/bin/../lib/gcc/arm-none-eabi/10.2.1/../../../../arm-none-eabi/lib/thumb/v7-m/nofp\libnosys.a(_exit.o)
 .ARM.attributes
                0x00000c49       0x1d c:/program files (x86)/gnu arm embedded toolchain/10 2020-q4-major/bin/../lib/gcc/arm-none-eabi/10.2.1/thumb/v7-m/nofp\libgcc.a(_arm_addsubdf3.o)
 .ARM.attributes
                0x00000c66       0x1d c:/program files (x86)/gnu arm embedded toolchain/10 2020-q4-major/bin/../lib/gcc/arm-none-eabi/10.2.1/thumb/v7-m/nofp\libgcc.a(_arm_muldivdf3.o)
 .ARM.attributes
                0x00000c83       0x1d c:/program files (x86)/gnu arm embedded toolchain/10 2020-q4-major/bin/../lib/gcc/arm-none-eabi/10.2.1/thumb/v7-m/nofp\libgcc.a(_arm_cmpdf2.o)
 .ARM.attributes
                0x00000ca0       0x1d c:/program files (x86)/gnu arm embedded toolchain/10 2020-q4-major/bin/../lib/gcc/arm-none-eabi/10.2.1/thumb/v7-m/nofp\libgcc.a(_arm_unorddf2.o)
 .ARM.attributes
                0x00000cbd       0x1d c:/program files (x86)/gnu arm embedded toolchain/10 2020-q4-major/bin/../lib/gcc/arm-none-eabi/10.2.1/thumb/v7-m/nofp\libgcc.a(_arm_fixdfsi.o)
 .ARM.attributes
                0x00000cda       0x1d c:/program files (x86)/gnu arm embedded toolchain/10 2020-q4-major/bin/../lib/gcc/arm-none-eabi/10.2.1/thumb/v7-m/nofp\libgcc.a(_arm_fixunsdfsi.o)
 .ARM.attributes
                0x00000cf7       0x1d c:/program files (x86)/gnu arm embedded toolchain/10 2020-q4-major/bin/../lib/gcc/arm-none-eabi/10.2.1/thumb/v7-m/nofp\libgcc.a(_arm_truncdfsf2.o)
 .ARM.attributes
                0x00000d14       0x1d c:/program files (x86)/gnu arm embedded toolchain/10 2020-q4-major/bin/../lib/gcc/arm-none-eabi/10.2.1/thumb/v7-m/nofp\libgcc.a(_arm_addsubsf3.o)
 .ARM.attributes
                0x00000d31       0x1d c:/program files (x86)/gnu arm embedded toolchain/10 2020-q4-major/bin/../lib/gcc/arm-none-eabi/10.2.1/thumb/v7-m/nofp\libgcc.a(_arm_muldivsf3.o)
 .ARM.attributes
                0x00000d4e       0x1d c:/program files (x86)/gnu arm embedded toolchain/10 2020-q4-major/bin/../lib/gcc/arm-none-eabi/10.2.1/thumb/v7-m/nofp\libgcc.a(_arm_cmpsf2.o)
 .ARM.attributes
                0x00000d6b       0x1d c:/program files (x86)/gnu arm embedded toolchain/10 2020-q4-major/bin/../lib/gcc/arm-none-eabi/10.2.1/thumb/v7-m/nofp/crtn.o
OUTPUT(build/base_control_f103.elf elf32-littlearm)
LOAD linker stubs
LOAD c:/program files (x86)/gnu arm embedded toolchain/10 2020-q4-major/bin/../lib/gcc/arm-none-eabi/10.2.1/../../../../arm-none-eabi/lib/thumb/v7-m/nofp\libc.a
LOAD c:/program files (x86)/gnu arm embedded toolchain/10 2020-q4-major/bin/../lib/gcc/arm-none-eabi/10.2.1/../../../../arm-none-eabi/lib/thumb/v7-m/nofp\libm.a
LOAD c:/program files (x86)/gnu arm embedded toolchain/10 2020-q4-major/bin/../lib/gcc/arm-none-eabi/10.2.1/thumb/v7-m/nofp\libgcc.a

.debug_info     0x00000000    0x12b6a
 .debug_info    0x00000000     0x16fb build/main.o
 .debug_info    0x000016fb      0x44e build/gpio.o
 .debug_info    0x00001b49      0x41b build/dma.o
 .debug_info    0x00001f64     0x1304 build/tim.o
 .debug_info    0x00003268      0xbe3 build/usart.o
 .debug_info    0x00003e4b      0xbda build/stm32f1xx_it.o
 .debug_info    0x00004a25      0x30e build/stm32f1xx_hal_msp.o
 .debug_info    0x00004d33     0x3eb7 build/stm32f1xx_hal_tim.o
 .debug_info    0x00008bea     0x1c30 build/stm32f1xx_hal_tim_ex.o
 .debug_info    0x0000a81a      0x8c0 build/stm32f1xx_hal.o
 .debug_info    0x0000b0da      0xb37 build/stm32f1xx_hal_rcc.o
 .debug_info    0x0000bc11      0x7a1 build/stm32f1xx_hal_gpio.o
 .debug_info    0x0000c3b2      0x991 build/stm32f1xx_hal_dma.o
 .debug_info    0x0000cd43      0xed3 build/stm32f1xx_hal_cortex.o
 .debug_info    0x0000dc16     0x1ec4 build/stm32f1xx_hal_uart.o
 .debug_info    0x0000fada      0x2d3 build/system_stm32f1xx.o
 .debug_info    0x0000fdad     0x1336 build/PID.o
 .debug_info    0x000110e3      0x4ce build/frame_resolve.o
 .debug_info    0x000115b1     0x1597 build/retarget.o
 .debug_info    0x00012b48       0x22 build/startup_stm32f103xb.o

.debug_abbrev   0x00000000     0x2b17
 .debug_abbrev  0x00000000      0x2c4 build/main.o
 .debug_abbrev  0x000002c4      0x17e build/gpio.o
 .debug_abbrev  0x00000442      0x156 build/dma.o
 .debug_abbrev  0x00000598      0x284 build/tim.o
 .debug_abbrev  0x0000081c      0x20d build/usart.o
 .debug_abbrev  0x00000a29      0x1b2 build/stm32f1xx_it.o
 .debug_abbrev  0x00000bdb      0x130 build/stm32f1xx_hal_msp.o
 .debug_abbrev  0x00000d0b      0x2c3 build/stm32f1xx_hal_tim.o
 .debug_abbrev  0x00000fce      0x2ab build/stm32f1xx_hal_tim_ex.o
 .debug_abbrev  0x00001279      0x21c build/stm32f1xx_hal.o
 .debug_abbrev  0x00001495      0x2ad build/stm32f1xx_hal_rcc.o
 .debug_abbrev  0x00001742      0x24f build/stm32f1xx_hal_gpio.o
 .debug_abbrev  0x00001991      0x283 build/stm32f1xx_hal_dma.o
 .debug_abbrev  0x00001c14      0x37f build/stm32f1xx_hal_cortex.o
 .debug_abbrev  0x00001f93      0x2ea build/stm32f1xx_hal_uart.o
 .debug_abbrev  0x0000227d      0x153 build/system_stm32f1xx.o
 .debug_abbrev  0x000023d0      0x323 build/PID.o
 .debug_abbrev  0x000026f3      0x164 build/frame_resolve.o
 .debug_abbrev  0x00002857      0x2ae build/retarget.o
 .debug_abbrev  0x00002b05       0x12 build/startup_stm32f103xb.o

.debug_loc      0x00000000     0xd131
 .debug_loc     0x00000000      0x21b build/main.o
 .debug_loc     0x0000021b       0x38 build/gpio.o
 .debug_loc     0x00000253       0x38 build/dma.o
 .debug_loc     0x0000028b      0x3a3 build/tim.o
 .debug_loc     0x0000062e       0xf5 build/usart.o
 .debug_loc     0x00000723       0xc0 build/stm32f1xx_it.o
 .debug_loc     0x000007e3       0x41 build/stm32f1xx_hal_msp.o
 .debug_loc     0x00000824     0x5266 build/stm32f1xx_hal_tim.o
 .debug_loc     0x00005a8a     0x1f17 build/stm32f1xx_hal_tim_ex.o
 .debug_loc     0x000079a1      0x1e1 build/stm32f1xx_hal.o
 .debug_loc     0x00007b82      0x7c0 build/stm32f1xx_hal_rcc.o
 .debug_loc     0x00008342      0x548 build/stm32f1xx_hal_gpio.o
 .debug_loc     0x0000888a      0x901 build/stm32f1xx_hal_dma.o
 .debug_loc     0x0000918b      0x7af build/stm32f1xx_hal_cortex.o
 .debug_loc     0x0000993a     0x267b build/stm32f1xx_hal_uart.o
 .debug_loc     0x0000bfb5       0xff build/system_stm32f1xx.o
 .debug_loc     0x0000c0b4      0x7cc build/PID.o
 .debug_loc     0x0000c880      0x448 build/frame_resolve.o
 .debug_loc     0x0000ccc8      0x469 build/retarget.o

.debug_aranges  0x00000000      0xd38
 .debug_aranges
                0x00000000       0x48 build/main.o
 .debug_aranges
                0x00000048       0x20 build/gpio.o
 .debug_aranges
                0x00000068       0x20 build/dma.o
 .debug_aranges
                0x00000088       0x70 build/tim.o
 .debug_aranges
                0x000000f8       0x30 build/usart.o
 .debug_aranges
                0x00000128       0x88 build/stm32f1xx_it.o
 .debug_aranges
                0x000001b0       0x20 build/stm32f1xx_hal_msp.o
 .debug_aranges
                0x000001d0      0x3d0 build/stm32f1xx_hal_tim.o
 .debug_aranges
                0x000005a0      0x168 build/stm32f1xx_hal_tim_ex.o
 .debug_aranges
                0x00000708       0xe0 build/stm32f1xx_hal.o
 .debug_aranges
                0x000007e8       0x90 build/stm32f1xx_hal_rcc.o
 .debug_aranges
                0x00000878       0x58 build/stm32f1xx_hal_gpio.o
 .debug_aranges
                0x000008d0       0x80 build/stm32f1xx_hal_dma.o
 .debug_aranges
                0x00000950       0x90 build/stm32f1xx_hal_cortex.o
 .debug_aranges
                0x000009e0      0x200 build/stm32f1xx_hal_uart.o
 .debug_aranges
                0x00000be0       0x28 build/system_stm32f1xx.o
 .debug_aranges
                0x00000c08       0x70 build/PID.o
 .debug_aranges
                0x00000c78       0x48 build/frame_resolve.o
 .debug_aranges
                0x00000cc0       0x50 build/retarget.o
 .debug_aranges
                0x00000d10       0x28 build/startup_stm32f103xb.o

.debug_ranges   0x00000000      0xc80
 .debug_ranges  0x00000000       0x38 build/main.o
 .debug_ranges  0x00000038       0x10 build/gpio.o
 .debug_ranges  0x00000048       0x10 build/dma.o
 .debug_ranges  0x00000058       0x60 build/tim.o
 .debug_ranges  0x000000b8       0x20 build/usart.o
 .debug_ranges  0x000000d8       0x78 build/stm32f1xx_it.o
 .debug_ranges  0x00000150       0x10 build/stm32f1xx_hal_msp.o
 .debug_ranges  0x00000160      0x3c0 build/stm32f1xx_hal_tim.o
 .debug_ranges  0x00000520      0x158 build/stm32f1xx_hal_tim_ex.o
 .debug_ranges  0x00000678       0xd0 build/stm32f1xx_hal.o
 .debug_ranges  0x00000748       0xa0 build/stm32f1xx_hal_rcc.o
 .debug_ranges  0x000007e8       0x48 build/stm32f1xx_hal_gpio.o
 .debug_ranges  0x00000830       0x70 build/stm32f1xx_hal_dma.o
 .debug_ranges  0x000008a0       0xe0 build/stm32f1xx_hal_cortex.o
 .debug_ranges  0x00000980      0x1f0 build/stm32f1xx_hal_uart.o
 .debug_ranges  0x00000b70       0x18 build/system_stm32f1xx.o
 .debug_ranges  0x00000b88       0x60 build/PID.o
 .debug_ranges  0x00000be8       0x38 build/frame_resolve.o
 .debug_ranges  0x00000c20       0x40 build/retarget.o
 .debug_ranges  0x00000c60       0x20 build/startup_stm32f103xb.o

.debug_line     0x00000000     0xcc8e
 .debug_line    0x00000000      0x53d build/main.o
 .debug_line    0x0000053d      0x1a1 build/gpio.o
 .debug_line    0x000006de      0x148 build/dma.o
 .debug_line    0x00000826      0x684 build/tim.o
 .debug_line    0x00000eaa      0x35d build/usart.o
 .debug_line    0x00001207      0x2fb build/stm32f1xx_it.o
 .debug_line    0x00001502      0x145 build/stm32f1xx_hal_msp.o
 .debug_line    0x00001647     0x4611 build/stm32f1xx_hal_tim.o
 .debug_line    0x00005c58     0x1b0c build/stm32f1xx_hal_tim_ex.o
 .debug_line    0x00007764      0x488 build/stm32f1xx_hal.o
 .debug_line    0x00007bec      0xba5 build/stm32f1xx_hal_rcc.o
 .debug_line    0x00008791      0x58a build/stm32f1xx_hal_gpio.o
 .debug_line    0x00008d1b      0x9fd build/stm32f1xx_hal_dma.o
 .debug_line    0x00009718      0x5de build/stm32f1xx_hal_cortex.o
 .debug_line    0x00009cf6     0x204d build/stm32f1xx_hal_uart.o
 .debug_line    0x0000bd43      0x1f8 build/system_stm32f1xx.o
 .debug_line    0x0000bf3b      0x557 build/PID.o
 .debug_line    0x0000c492      0x3c8 build/frame_resolve.o
 .debug_line    0x0000c85a      0x3bf build/retarget.o
 .debug_line    0x0000cc19       0x75 build/startup_stm32f103xb.o

.debug_str      0x00000000     0x41cb
 .debug_str     0x00000000      0xd0b build/main.o
                                0xe41 (size before relaxing)
 .debug_str     0x00000d0b      0x257 build/gpio.o
                                0x332 (size before relaxing)
 .debug_str     0x00000f62      0x30c build/dma.o
                                0x5a0 (size before relaxing)
 .debug_str     0x0000126e      0x328 build/tim.o
                                0xe47 (size before relaxing)
 .debug_str     0x00001596       0x88 build/usart.o
                                0xa86 (size before relaxing)
 .debug_str     0x0000161e      0x159 build/stm32f1xx_it.o
                                0xa58 (size before relaxing)
 .debug_str     0x00001777       0x57 build/stm32f1xx_hal_msp.o
                                0x2df (size before relaxing)
 .debug_str     0x000017ce      0xcae build/stm32f1xx_hal_tim.o
                               0x16ed (size before relaxing)
 .debug_str     0x0000247c      0x521 build/stm32f1xx_hal_tim_ex.o
                                0xeee (size before relaxing)
 .debug_str     0x0000299d      0x26c build/stm32f1xx_hal.o
                                0x853 (size before relaxing)
 .debug_str     0x00002c09      0x1e2 build/stm32f1xx_hal_rcc.o
                                0x697 (size before relaxing)
 .debug_str     0x00002deb      0x117 build/stm32f1xx_hal_gpio.o
                                0x4b5 (size before relaxing)
 .debug_str     0x00002f02      0x1db build/stm32f1xx_hal_dma.o
                                0x6bd (size before relaxing)
 .debug_str     0x000030dd      0x391 build/stm32f1xx_hal_cortex.o
                                0x96f (size before relaxing)
 .debug_str     0x0000346e      0x585 build/stm32f1xx_hal_uart.o
                                0xd31 (size before relaxing)
 .debug_str     0x000039f3       0x4f build/system_stm32f1xx.o