Archive member included to satisfy reference by file (symbol)

c:/program files (x86)/gnu arm embedded toolchain/10 2020-q4-major/bin/../lib/gcc/arm-none-eabi/10.2.1/../../../../arm-none-eabi/lib/thumb/v7-m/nofp\libc_nano.a(lib_a-errno.o)
                              build/retarget.o (__errno)
c:/program files (x86)/gnu arm embedded toolchain/10 2020-q4-major/bin/../lib/gcc/arm-none-eabi/10.2.1/../../../../arm-none-eabi/lib/thumb/v7-m/nofp\libc_nano.a(lib_a-exit.o)
                              c:/program files (x86)/gnu arm embedded toolchain/10 2020-q4-major/bin/../lib/gcc/arm-none-eabi/10.2.1/../../../../arm-none-eabi/lib/thumb/v7-m/nofp/crt0.o (exit)
c:/program files (x86)/gnu arm embedded toolchain/10 2020-q4-major/bin/../lib/gcc/arm-none-eabi/10.2.1/../../../../arm-none-eabi/lib/thumb/v7-m/nofp\libc_nano.a(lib_a-impure.o)
                              c:/program files (x86)/gnu arm embedded toolchain/10 2020-q4-major/bin/../lib/gcc/arm-none-eabi/10.2.1/../../../../arm-none-eabi/lib/thumb/v7-m/nofp\libc_nano.a(lib_a-exit.o) (_global_impure_ptr)
c:/program files (x86)/gnu arm embedded toolchain/10 2020-q4-major/bin/../lib/gcc/arm-none-eabi/10.2.1/../../../../arm-none-eabi/lib/thumb/v7-m/nofp\libc_nano.a(lib_a-init.o)
                              c:/program files (x86)/gnu arm embedded toolchain/10 2020-q4-major/bin/../lib/gcc/arm-none-eabi/10.2.1/../../../../arm-none-eabi/lib/thumb/v7-m/nofp/crt0.o (__libc_init_array)
c:/program files (x86)/gnu arm embedded toolchain/10 2020-q4-major/bin/../lib/gcc/arm-none-eabi/10.2.1/../../../../arm-none-eabi/lib/thumb/v7-m/nofp\libc_nano.a(lib_a-memset.o)
                              c:/program files (x86)/gnu arm embedded toolchain/10 2020-q4-major/bin/../lib/gcc/arm-none-eabi/10.2.1/../../../../arm-none-eabi/lib/thumb/v7-m/nofp/crt0.o (memset)
c:/program files (x86)/gnu arm embedded toolchain/10 2020-q4-major/bin/../lib/gcc/arm-none-eabi/10.2.1/../../../../arm-none-eabi/lib/thumb/v7-m/nofp\libc_nano.a(lib_a-nano-vfprintf_float.o)
                              (_printf_float)
c:/program files (x86)/gnu arm embedded toolchain/10 2020-q4-major/bin/../lib/gcc/arm-none-eabi/10.2.1/../../../../arm-none-eabi/lib/thumb/v7-m/nofp\libc_nano.a(lib_a-nano-vfprintf_i.o)
                              c:/program files (x86)/gnu arm embedded toolchain/10 2020-q4-major/bin/../lib/gcc/arm-none-eabi/10.2.1/../../../../arm-none-eabi/lib/thumb/v7-m/nofp\libc_nano.a(lib_a-nano-vfprintf_float.o) (_printf_common)
c:/program files (x86)/gnu arm embedded toolchain/10 2020-q4-major/bin/../lib/gcc/arm-none-eabi/10.2.1/../../../../arm-none-eabi/lib/thumb/v7-m/nofp\libc_nano.a(lib_a-setvbuf.o)
                              build/retarget.o (setvbuf)
c:/program files (x86)/gnu arm embedded toolchain/10 2020-q4-major/bin/../lib/gcc/arm-none-eabi/10.2.1/../../../../arm-none-eabi/lib/thumb/v7-m/nofp\libc_nano.a(lib_a-strlen.o)
                              c:/program files (x86)/gnu arm embedded toolchain/10 2020-q4-major/bin/../lib/gcc/arm-none-eabi/10.2.1/../../../../arm-none-eabi/lib/thumb/v7-m/nofp\libc_nano.a(lib_a-nano-vfprintf_float.o) (strlen)
c:/program files (x86)/gnu arm embedded toolchain/10 2020-q4-major/bin/../lib/gcc/arm-none-eabi/10.2.1/../../../../arm-none-eabi/lib/thumb/v7-m/nofp\libc_nano.a(lib_a-dtoa.o)
                              c:/program files (x86)/gnu arm embedded toolchain/10 2020-q4-major/bin/../lib/gcc/arm-none-eabi/10.2.1/../../../../arm-none-eabi/lib/thumb/v7-m/nofp\libc_nano.a(lib_a-nano-vfprintf_float.o) (_dtoa_r)
c:/program files (x86)/gnu arm embedded toolchain/10 2020-q4-major/bin/../lib/gcc/arm-none-eabi/10.2.1/../../../../arm-none-eabi/lib/thumb/v7-m/nofp\libc_nano.a(lib_a-fflush.o)
                              c:/program files (x86)/gnu arm embedded toolchain/10 2020-q4-major/bin/../lib/gcc/arm-none-eabi/10.2.1/../../../../arm-none-eabi/lib/thumb/v7-m/nofp\libc_nano.a(lib_a-setvbuf.o) (_fflush_r)
c:/program files (x86)/gnu arm embedded toolchain/10 2020-q4-major/bin/../lib/gcc/arm-none-eabi/10.2.1/../../../../arm-none-eabi/lib/thumb/v7-m/nofp\libc_nano.a(lib_a-findfp.o)
                              c:/program files (x86)/gnu arm embedded toolchain/10 2020-q4-major/bin/../lib/gcc/arm-none-eabi/10.2.1/../../../../arm-none-eabi/lib/thumb/v7-m/nofp\libc_nano.a(lib_a-setvbuf.o) (__sinit)
c:/program files (x86)/gnu arm embedded toolchain/10 2020-q4-major/bin/../lib/gcc/arm-none-eabi/10.2.1/../../../../arm-none-eabi/lib/thumb/v7-m/nofp\libc_nano.a(lib_a-fwalk.o)
                              c:/program files (x86)/gnu arm embedded toolchain/10 2020-q4-major/bin/../lib/gcc/arm-none-eabi/10.2.1/../../../../arm-none-eabi/lib/thumb/v7-m/nofp\libc_nano.a(lib_a-findfp.o) (_fwalk)
c:/program files (x86)/gnu arm embedded toolchain/10 2020-q4-major/bin/../lib/gcc/arm-none-eabi/10.2.1/../../../../arm-none-eabi/lib/thumb/v7-m/nofp\libc_nano.a(lib_a-localeconv.o)
[...]
Memory Configuration

Name             Origin             Length             Attributes
RAM              0x20000000         0x00005000         xrw
FLASH            0x08000000         0x00010000         xr
*default*        0x00000000         0xffffffff

Linker script and memory map

LOAD c:/program files (x86)/gnu arm embedded toolchain/10 2020-q4-major/bin/../lib/gcc/arm-none-eabi/10.2.1/thumb/v7-m/nofp/crti.o
LOAD c:/program files (x86)/gnu arm embedded toolchain/10 2020-q4-major/bin/../lib/gcc/arm-none-eabi/10.2.1/thumb/v7-m/nofp/crtbegin.o
LOAD c:/program files (x86)/gnu arm embedded toolchain/10 2020-q4-major/bin/../lib/gcc/arm-none-eabi/10.2.1/../../../../arm-none-eabi/lib/thumb/v7-m/nofp/crt0.o
LOAD build/main.o
LOAD build/gpio.o
LOAD build/dma.o
LOAD build/tim.o
LOAD build/usart.o
LOAD build/stm32f1xx_it.o
LOAD build/stm32f1xx_hal_msp.o
LOAD build/stm32f1xx_hal_gpio_ex.o
LOAD build/stm32f1xx_hal_tim.o
LOAD build/stm32f1xx_hal_tim_ex.o
LOAD build/stm32f1xx_hal.o
LOAD build/stm32f1xx_hal_rcc.o
LOAD build/stm32f1xx_hal_rcc_ex.o
LOAD build/stm32f1xx_hal_gpio.o
LOAD build/stm32f1xx_hal_dma.o
LOAD build/stm32f1xx_hal_cortex.o
LOAD build/stm32f1xx_hal_pwr.o
LOAD build/stm32f1xx_hal_flash.o
LOAD build/stm32f1xx_hal_flash_ex.o
LOAD build/stm32f1xx_hal_exti.o
LOAD build/stm32f1xx_hal_uart.o
LOAD build/PID.o
LOAD build/frame_resolve.o
LOAD build/retarget.o
LOAD build/system_stm32f1xx.o
LOAD build/startup_stm32f103xb.o
LOAD c:/program files (x86)/gnu arm embedded toolchain/10 2020-q4-major/bin/../lib/gcc/arm-none-eabi/10.2.1/../../../../arm-none-eabi/lib/thumb/v7-m/nofp\libc_nano.a
LOAD c:/program files (x86)/gnu arm embedded toolchain/10 2020-q4-major/bin/../lib/gcc/arm-none-eabi/10.2.1/../../../../arm-none-eabi/lib/thumb/v7-m/nofp\libm.a
LOAD c:/program files (x86)/gnu arm embedded toolchain/10 2020-q4-major/bin/../lib/gcc/arm-none-eabi/10.2.1/../../../../arm-none-eabi/lib/thumb/v7-m/nofp\libnosys.a
START GROUP
LOAD c:/program files (x86)/gnu arm embedded toolchain/10 2020-q4-major/bin/../lib/gcc/arm-none-eabi/10.2.1/thumb/v7-m/nofp\libgcc.a
LOAD c:/program files (x86)/gnu arm embedded toolchain/10 2020-q4-major/bin/../lib/gcc/arm-none-eabi/10.2.1/../../../../arm-none-eabi/lib/thumb/v7-m/nofp\libc_nano.a
END GROUP
START GROUP
LOAD c:/program files (x86)/gnu arm embedded toolchain/10 2020-q4-major/bin/../lib/gcc/arm-none-eabi/10.2.1/thumb/v7-m/nofp\libgcc.a
LOAD c:/program files (x86)/gnu arm embedded toolchain/10 2020-q4-major/bin/../lib/gcc/arm-none-eabi/10.2.1/../../../../arm-none-eabi/lib/thumb/v7-m/nofp\libc_nano.a
END GROUP
LOAD c:/program files (x86)/gnu arm embedded toolchain/10 2020-q4-major/bin/../lib/gcc/arm-none-eabi/10.2.1/thumb/v7-m/nofp/crtend.o
LOAD c:/program files (x86)/gnu arm embedded toolchain/10 2020-q4-major/bin/../lib/gcc/arm-none-eabi/10.2.1/thumb/v7-m/nofp/crtn.o
                0x20005000                _estack = 0x20005000
                0x00000200                _Min_Heap_Size = 0x200
                0x00000400                _Min_Stack_Size = 0x400

.isr_vector     0x08000000      0x10c
                0x08000000                . = ALIGN (0x4)
 *(.isr_vector)
 .isr_vector    0x08000000      0x10c build/startup_stm32f103xb.o
                0x08000000                g_pfnVectors
                0x0800010c                . = ALIGN (0x4)

.text           0x08000110     0x6778
                0x08000110                . = ALIGN (0x4)
 *(.text)
 .text          0x08000110       0x40 c:/program files (x86)/gnu arm embedded toolchain/10 2020-q4-major/bin/../lib/gcc/arm-none-eabi/10.2.1/thumb/v7-m/nofp/crtbegin.o
 .text          0x08000150       0x10 c:/program files (x86)/gnu arm embedded toolchain/10 2020-q4-major/bin/../lib/gcc/arm-none-eabi/10.2.1/../../../../arm-none-eabi/lib/thumb/v7-m/nofp\libc_nano.a(lib_a-strlen.o)
                0x08000150                strlen
 .text          0x08000160      0x168 c:/program files (x86)/gnu arm embedded toolchain/10 2020-q4-major/bin/../lib/gcc/arm-none-eabi/10.2.1/thumb/v7-m/nofp\libgcc.a(_arm_mulsf3.o)
                0x08000160                __aeabi_fmul
                0x08000160                __mulsf3
 .text          0x080002c8      0x378 c:/program files (x86)/gnu arm embedded toolchain/10 2020-q4-major/bin/../lib/gcc/arm-none-eabi/10.2.1/thumb/v7-m/nofp\libgcc.a(_arm_addsubdf3.o)
                0x080002c8                __aeabi_drsub
                0x080002d0                __aeabi_dsub
                0x080002d0                __subdf3
                0x080002d4                __aeabi_dadd
                0x080002d4                __adddf3
                0x0800054c                __floatunsidf
                0x0800054c                __aeabi_ui2d
                0x0800056c                __floatsidf
                0x0800056c                __aeabi_i2d
                0x08000590                __aeabi_f2d
                0x08000590                __extendsfdf2
                0x080005d4                __floatundidf
                0x080005d4                __aeabi_ul2d
                0x080005e4                __floatdidf
                0x080005e4                __aeabi_l2d
 .text          0x08000640      0x424 c:/program files (x86)/gnu arm embedded toolchain/10 2020-q4-major/bin/../lib/gcc/arm-none-eabi/10.2.1/thumb/v7-m/nofp\libgcc.a(_arm_muldivdf3.o)
                0x08000640                __aeabi_dmul
                0x08000640                __muldf3
                0x08000894                __divdf3
                0x08000894                __aeabi_ddiv
 .text          0x08000a64      0x110 c:/program files (x86)/gnu arm embedded toolchain/10 2020-q4-major/bin/../lib/gcc/arm-none-eabi/10.2.1/thumb/v7-m/nofp\libgcc.a(_arm_cmpdf2.o)
                0x08000a64                __gtdf2
                0x08000a64                __gedf2
                0x08000a6c                __ltdf2
                0x08000a6c                __ledf2
                0x08000a74                __nedf2
                0x08000a74                __eqdf2
                0x08000a74                __cmpdf2
                0x08000af0                __aeabi_cdrcmple
                0x08000b00                __aeabi_cdcmpeq
                0x08000b00                __aeabi_cdcmple
                0x08000b10                __aeabi_dcmpeq
                0x08000b24                __aeabi_dcmplt
                0x08000b38                __aeabi_dcmple
                0x08000b4c                __aeabi_dcmpge
                0x08000b60                __aeabi_dcmpgt
 .text          0x08000b74       0x2c c:/program files (x86)/gnu arm embedded toolchain/10 2020-q4-major/bin/../lib/gcc/arm-none-eabi/10.2.1/thumb/v7-m/nofp\libgcc.a(_arm_unorddf2.o)
                0x08000b74                __unorddf2
                0x08000b74                __aeabi_dcmpun
 .text          0x08000ba0       0x50 c:/program files (x86)/gnu arm embedded toolchain/10 2020-q4-major/bin/../lib/gcc/arm-none-eabi/10.2.1/thumb/v7-m/nofp\libgcc.a(_arm_fixdfsi.o)
                0x08000ba0                __aeabi_d2iz
                0x08000ba0                __fixdfsi
 .text          0x08000bf0       0x40 c:/program files (x86)/gnu arm embedded toolchain/10 2020-q4-major/bin/../lib/gcc/arm-none-eabi/10.2.1/thumb/v7-m/nofp\libgcc.a(_arm_fixunsdfsi.o)
                0x08000bf0                __aeabi_d2uiz
                0x08000bf0                __fixunsdfsi
 .text          0x08000c30      0x21c c:/program files (x86)/gnu arm embedded toolchain/10 2020-q4-major/bin/../lib/gcc/arm-none-eabi/10.2.1/thumb/v7-m/nofp\libgcc.a(_arm_addsubsf3.o)
                0x08000c30                __aeabi_frsub
                0x08000c38                __subsf3
                0x08000c38                __aeabi_fsub
                0x08000c3c                __aeabi_fadd
                0x08000c3c                __addsf3
                0x08000d9c                __aeabi_ui2f
                0x08000d9c                __floatunsisf
                0x08000da4                __aeabi_i2f
                0x08000da4                __floatsisf
                0x08000dc0                __aeabi_ul2f
                0x08000dc0                __floatundisf
                0x08000dd0                __aeabi_l2f
                0x08000dd0                __floatdisf
 .text          0x08000e4c       0xec c:/program files (x86)/gnu arm embedded toolchain/10 2020-q4-major/bin/../lib/gcc/arm-none-eabi/10.2.1/thumb/v7-m/nofp\libgcc.a(_arm_cmpsf2.o)
                0x08000e4c                __gesf2
                0x08000e4c                __gtsf2
                0x08000e54                __lesf2
                0x08000e54                __ltsf2
                0x08000e5c                __nesf2
                0x08000e5c                __eqsf2
                0x08000e5c                __cmpsf2
                0x08000ebc                __aeabi_cfrcmple
                0x08000ec4                __aeabi_cfcmpeq
                0x08000ec4                __aeabi_cfcmple
                0x08000ed4                __aeabi_fcmpeq
                0x08000ee8                __aeabi_fcmplt
                0x08000efc                __aeabi_fcmple
                0x08000f10                __aeabi_fcmpge
                0x08000f24                __aeabi_fcmpgt
 *(.text*)
 .text.HAL_TIM_PeriodElapsedCallback
                0x08000f38       0x54 build/main.o
                0x08000f38                HAL_TIM_PeriodElapsedCallback
 .text.HAL_UART_RxCpltCallback
                0x08000f8c       0x88 build/main.o
                0x08000f8c                HAL_UART_RxCpltCallback
 .text.Error_Handler
                0x08001014        0x4 build/main.o
                0x08001014                Error_Handler
 .text.SystemClock_Config
                0x08001018       0x64 build/main.o
                0x08001018                SystemClock_Config
 *fill*         0x0800107c        0x4 
 .text.main     0x08001080      0x1e0 build/main.o
                0x08001080                main
 .text.MX_GPIO_Init
                0x08001260       0xb4 build/gpio.o
                0x08001260                MX_GPIO_Init
 .text.MX_DMA_Init
                0x08001314       0x44 build/dma.o
                0x08001314                MX_DMA_Init
 .text.MX_TIM1_Init
                0x08001358       0x70 build/tim.o
                0x08001358                MX_TIM1_Init
 .text.MX_TIM2_Init
                0x080013c8       0x64 build/tim.o
                0x080013c8                MX_TIM2_Init
 .text.MX_TIM3_Init
                0x0800142c       0x64 build/tim.o
                0x0800142c                MX_TIM3_Init
 .text.HAL_TIM_Base_MspInit
                0x08001490       0x50 build/tim.o
                0x08001490                HAL_TIM_Base_MspInit
 .text.HAL_TIM_Encoder_MspInit
                0x080014e0       0x98 build/tim.o
                0x080014e0                HAL_TIM_Encoder_MspInit
 .text.HAL_TIM_PWM_MspInit
                0x08001578       0x2c build/tim.o
                0x08001578                HAL_TIM_PWM_MspInit
 .text.HAL_TIM_MspPostInit
                0x080015a4       0x50 build/tim.o
                0x080015a4                HAL_TIM_MspPostInit
 .text.MX_TIM4_Init
                0x080015f4       0x94 build/tim.o
                0x080015f4                MX_TIM4_Init
 .text.MX_USART1_UART_Init
                0x08001688       0x34 build/usart.o
                0x08001688                MX_USART1_UART_Init
 .text.HAL_UART_MspInit
                0x080016bc       0xf0 build/usart.o
                0x080016bc                HAL_UART_MspInit
 .text.NMI_Handler
                0x080017ac        0x2 build/stm32f1xx_it.o
                0x080017ac                NMI_Handler
 .text.HardFault_Handler
                0x080017ae        0x2 build/stm32f1xx_it.o
                0x080017ae                HardFault_Handler
 .text.MemManage_Handler
                0x080017b0        0x2 build/stm32f1xx_it.o
                0x080017b0                MemManage_Handler
 .text.BusFault_Handler
                0x080017b2        0x2 build/stm32f1xx_it.o
                0x080017b2                BusFault_Handler
 .text.UsageFault_Handler
                0x080017b4        0x2 build/stm32f1xx_it.o
                0x080017b4                UsageFault_Handler
 .text.SVC_Handler
                0x080017b6        0x2 build/stm32f1xx_it.o
                0x080017b6                SVC_Handler
 .text.DebugMon_Handler
                0x080017b8        0x2 build/stm32f1xx_it.o
                0x080017b8                DebugMon_Handler
 .text.PendSV_Handler
                0x080017ba        0x2 build/stm32f1xx_it.o
                0x080017ba                PendSV_Handler
 .text.SysTick_Handler
                0x080017bc        0x8 build/stm32f1xx_it.o
                0x080017bc                SysTick_Handler
 .text.DMA1_Channel4_IRQHandler
                0x080017c4       0x10 build/stm32f1xx_it.o
                0x080017c4                DMA1_Channel4_IRQHandler
 .text.DMA1_Channel5_IRQHandler
                0x080017d4       0x10 build/stm32f1xx_it.o
                0x080017d4                DMA1_Channel5_IRQHandler
 .text.TIM1_BRK_IRQHandler
                0x080017e4       0x10 build/stm32f1xx_it.o
                0x080017e4                TIM1_BRK_IRQHandler
 .text.TIM1_UP_IRQHandler
                0x080017f4       0x10 build/stm32f1xx_it.o
                0x080017f4                TIM1_UP_IRQHandler
 .text.USART1_IRQHandler
                0x08001804       0x10 build/stm32f1xx_it.o
                0x08001804                USART1_IRQHandler
 .text.HAL_MspInit
                0x08001814       0x44 build/stm32f1xx_hal_msp.o
                0x08001814                HAL_MspInit
 .text.TIM_OC1_SetConfig
                0x08001858       0x5c build/stm32f1xx_hal_tim.o
 .text.TIM_OC3_SetConfig
                0x080018b4       0x64 build/stm32f1xx_hal_tim.o
 .text.TIM_OC4_SetConfig
                0x08001918       0x48 build/stm32f1xx_hal_tim.o
 .text.TIM_TI1_ConfigInputStage
                0x08001960       0x24 build/stm32f1xx_hal_tim.o
 .text.TIM_TI2_ConfigInputStage
                0x08001984       0x26 build/stm32f1xx_hal_tim.o
 .text.TIM_ITRx_SetConfig
                0x080019aa       0x10 build/stm32f1xx_hal_tim.o
 *fill*         0x080019ba        0x2 
 .text.HAL_TIM_Base_Start_IT
                0x080019bc       0x68 build/stm32f1xx_hal_tim.o
                0x080019bc                HAL_TIM_Base_Start_IT
 .text.HAL_TIM_OC_DelayElapsedCallback
                0x08001a24        0x2 build/stm32f1xx_hal_tim.o
                0x08001a24                HAL_TIM_OC_DelayElapsedCallback
 .text.HAL_TIM_IC_CaptureCallback
                0x08001a26        0x2 build/stm32f1xx_hal_tim.o
                0x08001a26                HAL_TIM_IC_CaptureCallback
 .text.HAL_TIM_PWM_PulseFinishedCallback
                0x08001a28        0x2 build/stm32f1xx_hal_tim.o
                0x08001a28                HAL_TIM_PWM_PulseFinishedCallback
 .text.HAL_TIM_TriggerCallback
                0x08001a2a        0x2 build/stm32f1xx_hal_tim.o
                0x08001a2a                HAL_TIM_TriggerCallback
 .text.HAL_TIM_IRQHandler
                0x08001a2c      0x17a build/stm32f1xx_hal_tim.o
                0x08001a2c                HAL_TIM_IRQHandler
 *fill*         0x08001ba6        0x2 
 .text.TIM_Base_SetConfig
                0x08001ba8       0x74 build/stm32f1xx_hal_tim.o
                0x08001ba8                TIM_Base_SetConfig
 .text.HAL_TIM_Base_Init
                0x08001c1c       0x58 build/stm32f1xx_hal_tim.o
                0x08001c1c                HAL_TIM_Base_Init
 .text.HAL_TIM_PWM_Init
                0x08001c74       0x58 build/stm32f1xx_hal_tim.o
                0x08001c74                HAL_TIM_PWM_Init
 .text.HAL_TIM_Encoder_Init
                0x08001ccc       0xb8 build/stm32f1xx_hal_tim.o
                0x08001ccc                HAL_TIM_Encoder_Init
 .text.TIM_OC2_SetConfig
                0x08001d84       0x64 build/stm32f1xx_hal_tim.o
                0x08001d84                TIM_OC2_SetConfig
 .text.HAL_TIM_PWM_ConfigChannel
                0x08001de8       0xd0 build/stm32f1xx_hal_tim.o
                0x08001de8                HAL_TIM_PWM_ConfigChannel
 .text.TIM_ETR_SetConfig
                0x08001eb8       0x18 build/stm32f1xx_hal_tim.o
                0x08001eb8                TIM_ETR_SetConfig
 .text.HAL_TIM_ConfigClockSource
                0x08001ed0       0xda build/stm32f1xx_hal_tim.o
                0x08001ed0                HAL_TIM_ConfigClockSource
 .text.TIM_CCxChannelCmd
                0x08001faa       0x1e build/stm32f1xx_hal_tim.o
                0x08001faa                TIM_CCxChannelCmd
 .text.HAL_TIM_PWM_Start
                0x08001fc8       0xdc build/stm32f1xx_hal_tim.o
                0x08001fc8                HAL_TIM_PWM_Start
 .text.HAL_TIM_Encoder_Start
                0x080020a4       0xcc build/stm32f1xx_hal_tim.o
                0x080020a4                HAL_TIM_Encoder_Start
 .text.HAL_TIMEx_MasterConfigSynchronization
                0x08002170       0x6c build/stm32f1xx_hal_tim_ex.o
                0x08002170                HAL_TIMEx_MasterConfigSynchronization
 .text.HAL_TIMEx_CommutCallback
                0x080021dc        0x2 build/stm32f1xx_hal_tim_ex.o
                0x080021dc                HAL_TIMEx_CommutCallback
 .text.HAL_TIMEx_BreakCallback
                0x080021de        0x2 build/stm32f1xx_hal_tim_ex.o
                0x080021de                HAL_TIMEx_BreakCallback
 .text.HAL_InitTick
                0x080021e0       0x4c build/stm32f1xx_hal.o
                0x080021e0                HAL_InitTick
 .text.HAL_Init
                0x0800222c       0x24 build/stm32f1xx_hal.o
                0x0800222c                HAL_Init
 .text.HAL_IncTick
                0x08002250       0x18 build/stm32f1xx_hal.o
                0x08002250                HAL_IncTick
 .text.HAL_GetTick
                0x08002268        0xc build/stm32f1xx_hal.o
                0x08002268                HAL_GetTick
 .text.RCC_Delay
                0x08002274       0x2c build/stm32f1xx_hal_rcc.o
 .text.HAL_RCC_OscConfig
                0x080022a0      0x410 build/stm32f1xx_hal_rcc.o
                0x080022a0                HAL_RCC_OscConfig
 .text.HAL_RCC_GetSysClockFreq
                0x080026b0       0x6c build/stm32f1xx_hal_rcc.o
                0x080026b0                HAL_RCC_GetSysClockFreq
 .text.HAL_RCC_ClockConfig
                0x0800271c      0x16c build/stm32f1xx_hal_rcc.o
                0x0800271c                HAL_RCC_ClockConfig
 .text.HAL_RCC_GetHCLKFreq
                0x08002888        0xc build/stm32f1xx_hal_rcc.o
                0x08002888                HAL_RCC_GetHCLKFreq
 .text.HAL_RCC_GetPCLK1Freq
                0x08002894       0x20 build/stm32f1xx_hal_rcc.o
                0x08002894                HAL_RCC_GetPCLK1Freq
 .text.HAL_RCC_GetPCLK2Freq
                0x080028b4       0x20 build/stm32f1xx_hal_rcc.o
                0x080028b4                HAL_RCC_GetPCLK2Freq
 .text.HAL_GPIO_Init
                0x080028d4      0x224 build/stm32f1xx_hal_gpio.o
                0x080028d4                HAL_GPIO_Init
 .text.HAL_GPIO_WritePin
                0x08002af8        0xc build/stm32f1xx_hal_gpio.o
                0x08002af8                HAL_GPIO_WritePin
 .text.DMA_SetConfig
                0x08002b04       0x2c build/stm32f1xx_hal_dma.o
 .text.HAL_DMA_Init
                0x08002b30       0x6c build/stm32f1xx_hal_dma.o
                0x08002b30                HAL_DMA_Init
 .text.HAL_DMA_Start_IT
                0x08002b9c       0x74 build/stm32f1xx_hal_dma.o
                0x08002b9c                HAL_DMA_Start_IT
 .text.HAL_DMA_Abort
                0x08002c10       0x44 build/stm32f1xx_hal_dma.o
                0x08002c10                HAL_DMA_Abort
 .text.HAL_DMA_Abort_IT
                0x08002c54       0x98 build/stm32f1xx_hal_dma.o
                0x08002c54                HAL_DMA_Abort_IT
 .text.HAL_DMA_IRQHandler
                0x08002cec      0x144 build/stm32f1xx_hal_dma.o
                0x08002cec                HAL_DMA_IRQHandler
 .text.HAL_NVIC_SetPriorityGrouping
                0x08002e30       0x24 build/stm32f1xx_hal_cortex.o
                0x08002e30                HAL_NVIC_SetPriorityGrouping
 .text.HAL_NVIC_SetPriority
                0x08002e54       0x70 build/stm32f1xx_hal_cortex.o
                0x08002e54                HAL_NVIC_SetPriority
 .text.HAL_NVIC_EnableIRQ
                0x08002ec4       0x1c build/stm32f1xx_hal_cortex.o
                0x08002ec4                HAL_NVIC_EnableIRQ
 .text.HAL_SYSTICK_Config
                0x08002ee0       0x28 build/stm32f1xx_hal_cortex.o
                0x08002ee0                HAL_SYSTICK_Config
 .text.UART_EndTxTransfer
                0x08002f08       0x12 build/stm32f1xx_hal_uart.o
 .text.UART_EndRxTransfer
                0x08002f1a       0x32 build/stm32f1xx_hal_uart.o
 .text.UART_Transmit_IT
                0x08002f4c       0x60 build/stm32f1xx_hal_uart.o
 .text.UART_SetConfig
                0x08002fac       0x94 build/stm32f1xx_hal_uart.o
 .text.UART_WaitOnFlagUntilTimeout
                0x08003040       0x6c build/stm32f1xx_hal_uart.o
 .text.HAL_UART_Init
                0x080030ac       0x5e build/stm32f1xx_hal_uart.o
                0x080030ac                HAL_UART_Init
 .text.HAL_UART_Transmit
                0x0800310a       0xd8 build/stm32f1xx_hal_uart.o
                0x0800310a                HAL_UART_Transmit
 .text.HAL_UART_Receive
                0x080031e2       0xe4 build/stm32f1xx_hal_uart.o
                0x080031e2                HAL_UART_Receive
 .text.HAL_UART_TxCpltCallback
                0x080032c6        0x2 build/stm32f1xx_hal_uart.o
                0x080032c6                HAL_UART_TxCpltCallback
 .text.UART_EndTransmit_IT
                0x080032c8       0x1a build/stm32f1xx_hal_uart.o
 .text.HAL_UART_RxHalfCpltCallback
                0x080032e2        0x2 build/stm32f1xx_hal_uart.o
                0x080032e2                HAL_UART_RxHalfCpltCallback
 .text.HAL_UART_ErrorCallback
                0x080032e4        0x2 build/stm32f1xx_hal_uart.o
                0x080032e4                HAL_UART_ErrorCallback
 .text.UART_DMAError
                0x080032e6       0x58 build/stm32f1xx_hal_uart.o
 .text.UART_DMAAbortOnError
                0x0800333e       0x10 build/stm32f1xx_hal_uart.o
 .text.HAL_UARTEx_RxEventCallback
                0x0800334e        0x2 build/stm32f1xx_hal_uart.o
                0x0800334e                HAL_UARTEx_RxEventCallback
 .text.UART_Receive_IT
                0x08003350       0xd4 build/stm32f1xx_hal_uart.o
 .text.HAL_UART_IRQHandler
                0x08003424      0x204 build/stm32f1xx_hal_uart.o
                0x08003424                HAL_UART_IRQHandler
 .text.UART_DMARxHalfCplt
                0x08003628       0x1a build/stm32f1xx_hal_uart.o
 .text.UART_DMAReceiveCplt
                0x08003642       0x5e build/stm32f1xx_hal_uart.o
 .text.UART_Start_Receive_DMA
                0x080036a0       0x78 build/stm32f1xx_hal_uart.o
                0x080036a0                UART_Start_Receive_DMA
 .text.HAL_UART_Receive_DMA
                0x08003718       0x38 build/stm32f1xx_hal_uart.o
                0x08003718                HAL_UART_Receive_DMA
 .text.PID_ComputeSpeedRPM
                0x08003750       0x44 build/PID.o
                0x08003750                PID_ComputeSpeedRPM
 .text.PID_SetSpeedRPM
                0x08003794       0x34 build/PID.o
                0x08003794                PID_SetSpeedRPM
 .text.PID_ComputeError
                0x080037c8       0x1c build/PID.o
                0x080037c8                PID_ComputeError
 .text.PID_Limit
                0x080037e4       0x30 build/PID.o
                0x080037e4                PID_Limit
 .text.PID_ComputeOutput
                0x08003814       0xa0 build/PID.o
                0x08003814                PID_ComputeOutput
 .text.PID_SetDuty
                0x080038b4       0x5e build/PID.o
                0x080038b4                PID_SetDuty
 .text.PID_SetTunings
                0x08003912       0x16 build/PID.o
                0x08003912                PID_SetTunings
 .text.PID_MotorInit
                0x08003928       0x66 build/PID.o
                0x08003928                PID_MotorInit
 *fill*         0x0800398e        0x2 
 .text.PID_FirstOrderFilter
                0x08003990       0x40 build/PID.o
                0x08003990                PID_FirstOrderFilter
 .text.PID_PreProcess
                0x080039d0       0x9c build/PID.o
                0x080039d0                PID_PreProcess
 .text.checksum
                0x08003a6c       0x16 build/frame_resolve.o
                0x08003a6c                checksum
 .text.resolveRxFrame
                0x08003a82       0x60 build/frame_resolve.o
                0x08003a82                resolveRxFrame
 *fill*         0x08003ae2        0x2 
 .text.RetargetInit
                0x08003ae4       0x20 build/retarget.o
                0x08003ae4                RetargetInit
 .text._isatty  0x08003b04       0x16 build/retarget.o
                0x08003b04                _isatty
 *fill*         0x08003b1a        0x2 
 .text._write   0x08003b1c       0x34 build/retarget.o
                0x08003b1c                _write
 .text._close   0x08003b50       0x18 build/retarget.o
                0x08003b50                _close
 .text._lseek   0x08003b68       0x10 build/retarget.o
                0x08003b68                _lseek
 .text._read    0x08003b78       0x30 build/retarget.o
                0x08003b78                _read
 .text._fstat   0x08003ba8       0x1a build/retarget.o
                0x08003ba8                _fstat
 .text.SystemInit
                0x08003bc2        0x2 build/system_stm32f1xx.o
                0x08003bc2                SystemInit
 .text.Reset_Handler
                0x08003bc4       0x48 build/startup_stm32f103xb.o
                0x08003bc4                Reset_Handler
 .text.Default_Handler
                0x08003c0c        0x2 build/startup_stm32f103xb.o
                0x08003c0c                RTC_Alarm_IRQHandler
                0x08003c0c                EXTI2_IRQHandler
                0x08003c0c                TIM1_CC_IRQHandler
                0x08003c0c                PVD_IRQHandler
                0x08003c0c                EXTI3_IRQHandler
                0x08003c0c                EXTI0_IRQHandler
                0x08003c0c                I2C2_EV_IRQHandler
                0x08003c0c                ADC1_2_IRQHandler
                0x08003c0c                SPI1_IRQHandler
                0x08003c0c                TAMPER_IRQHandler
                0x08003c0c                USART3_IRQHandler
                0x08003c0c                RTC_IRQHandler
                0x08003c0c                DMA1_Channel7_IRQHandler
                0x08003c0c                CAN1_RX1_IRQHandler
                0x08003c0c                TIM4_IRQHandler
                0x08003c0c                I2C1_EV_IRQHandler
                0x08003c0c                DMA1_Channel6_IRQHandler
                0x08003c0c                TIM3_IRQHandler
                0x08003c0c                RCC_IRQHandler
                0x08003c0c                TIM1_TRG_COM_IRQHandler
                0x08003c0c                DMA1_Channel1_IRQHandler
                0x08003c0c                Default_Handler
                0x08003c0c                EXTI15_10_IRQHandler
                0x08003c0c                EXTI9_5_IRQHandler
                0x08003c0c                SPI2_IRQHandler
                0x08003c0c                EXTI4_IRQHandler
                0x08003c0c                USB_LP_CAN1_RX0_IRQHandler
                0x08003c0c                USB_HP_CAN1_TX_IRQHandler
                0x08003c0c                DMA1_Channel3_IRQHandler
                0x08003c0c                WWDG_IRQHandler
                0x08003c0c                TIM2_IRQHandler
                0x08003c0c                EXTI1_IRQHandler
                0x08003c0c                USART2_IRQHandler
                0x08003c0c                I2C2_ER_IRQHandler
                0x08003c0c                DMA1_Channel2_IRQHandler
                0x08003c0c                CAN1_SCE_IRQHandler
                0x08003c0c                FLASH_IRQHandler
                0x08003c0c                I2C1_ER_IRQHandler
                0x08003c0c                USBWakeUp_IRQHandler
 *fill*         0x08003c0e        0x2 
 .text.__errno  0x08003c10        0xc c:/program files (x86)/gnu arm embedded toolchain/10 2020-q4-major/bin/../lib/gcc/arm-none-eabi/10.2.1/../../../../arm-none-eabi/lib/thumb/v7-m/nofp\libc_nano.a(lib_a-errno.o)
                0x08003c10                __errno
 .text.__libc_init_array
                0x08003c1c       0x48 c:/program files (x86)/gnu arm embedded toolchain/10 2020-q4-major/bin/../lib/gcc/arm-none-eabi/10.2.1/../../../../arm-none-eabi/lib/thumb/v7-m/nofp\libc_nano.a(lib_a-init.o)
                0x08003c1c                __libc_init_array
 .text.memset   0x08003c64       0x10 c:/program files (x86)/gnu arm embedded toolchain/10 2020-q4-major/bin/../lib/gcc/arm-none-eabi/10.2.1/../../../../arm-none-eabi/lib/thumb/v7-m/nofp\libc_nano.a(lib_a-memset.o)
                0x08003c64                memset
 .text.__cvt    0x08003c74       0xbe c:/program files (x86)/gnu arm embedded toolchain/10 2020-q4-major/bin/../lib/gcc/arm-none-eabi/10.2.1/../../../../arm-none-eabi/lib/thumb/v7-m/nofp\libc_nano.a(lib_a-nano-vfprintf_float.o)
                0x08003c74                __cvt
 .text.__exponent
                0x08003d32       0x7c c:/program files (x86)/gnu arm embedded toolchain/10 2020-q4-major/bin/../lib/gcc/arm-none-eabi/10.2.1/../../../../arm-none-eabi/lib/thumb/v7-m/nofp\libc_nano.a(lib_a-nano-vfprintf_float.o)
                0x08003d32                __exponent
 *fill*         0x08003dae        0x2 
 .text._printf_float
                0x08003db0      0x458 c:/program files (x86)/gnu arm embedded toolchain/10 2020-q4-major/bin/../lib/gcc/arm-none-eabi/10.2.1/../../../../arm-none-eabi/lib/thumb/v7-m/nofp\libc_nano.a(lib_a-nano-vfprintf_float.o)
                0x08003db0                _printf_float
 .text._printf_common
                0x08004208       0xde c:/program files (x86)/gnu arm embedded toolchain/10 2020-q4-major/bin/../lib/gcc/arm-none-eabi/10.2.1/../../../../arm-none-eabi/lib/thumb/v7-m/nofp\libc_nano.a(lib_a-nano-vfprintf_i.o)
                0x08004208                _printf_common
 *fill*         0x080042e6        0x2 
 .text._printf_i
                0x080042e8      0x24c c:/program files (x86)/gnu arm embedded toolchain/10 2020-q4-major/bin/../lib/gcc/arm-none-eabi/10.2.1/../../../../arm-none-eabi/lib/thumb/v7-m/nofp\libc_nano.a(lib_a-nano-vfprintf_i.o)
                0x080042e8                _printf_i
 .text.setvbuf  0x08004534      0x18c c:/program files (x86)/gnu arm embedded toolchain/10 2020-q4-major/bin/../lib/gcc/arm-none-eabi/10.2.1/../../../../arm-none-eabi/lib/thumb/v7-m/nofp\libc_nano.a(lib_a-setvbuf.o)
                0x08004534                setvbuf
 .text.quorem   0x080046c0      0x118 c:/program files (x86)/gnu arm embedded toolchain/10 2020-q4-major/bin/../lib/gcc/arm-none-eabi/10.2.1/../../../../arm-none-eabi/lib/thumb/v7-m/nofp\libc_nano.a(lib_a-dtoa.o)
 .text._dtoa_r  0x080047d8      0xbdc c:/program files (x86)/gnu arm embedded toolchain/10 2020-q4-major/bin/../lib/gcc/arm-none-eabi/10.2.1/../../../../arm-none-eabi/lib/thumb/v7-m/nofp\libc_nano.a(lib_a-dtoa.o)
                0x080047d8                _dtoa_r
 .text.__sflush_r
                0x080053b4      0x104 c:/program files (x86)/gnu arm embedded toolchain/10 2020-q4-major/bin/../lib/gcc/arm-none-eabi/10.2.1/../../../../arm-none-eabi/lib/thumb/v7-m/nofp\libc_nano.a(lib_a-fflush.o)
                0x080053b4                __sflush_r
 .text._fflush_r
                0x080054b8       0x78 c:/program files (x86)/gnu arm embedded toolchain/10 2020-q4-major/bin/../lib/gcc/arm-none-eabi/10.2.1/../../../../arm-none-eabi/lib/thumb/v7-m/nofp\libc_nano.a(lib_a-fflush.o)
                0x080054b8                _fflush_r
 .text.std      0x08005530       0x48 c:/program files (x86)/gnu arm embedded toolchain/10 2020-q4-major/bin/../lib/gcc/arm-none-eabi/10.2.1/../../../../arm-none-eabi/lib/thumb/v7-m/nofp\libc_nano.a(lib_a-findfp.o)
 .text._cleanup_r
                0x08005578        0xc c:/program files (x86)/gnu arm embedded toolchain/10 2020-q4-major/bin/../lib/gcc/arm-none-eabi/10.2.1/../../../../arm-none-eabi/lib/thumb/v7-m/nofp\libc_nano.a(lib_a-findfp.o)
                0x08005578                _cleanup_r
 .text.__sfmoreglue
                0x08005584       0x2c c:/program files (x86)/gnu arm embedded toolchain/10 2020-q4-major/bin/../lib/gcc/arm-none-eabi/10.2.1/../../../../arm-none-eabi/lib/thumb/v7-m/nofp\libc_nano.a(lib_a-findfp.o)
                0x08005584                __sfmoreglue
 .text.__sfp_lock_acquire
                0x080055b0        0xc c:/program files (x86)/gnu arm embedded toolchain/10 2020-q4-major/bin/../lib/gcc/arm-none-eabi/10.2.1/../../../../arm-none-eabi/lib/thumb/v7-m/nofp\libc_nano.a(lib_a-findfp.o)
                0x080055b0                __sfp_lock_acquire
 .text.__sfp_lock_release
                0x080055bc        0xc c:/program files (x86)/gnu arm embedded toolchain/10 2020-q4-major/bin/../lib/gcc/arm-none-eabi/10.2.1/../../../../arm-none-eabi/lib/thumb/v7-m/nofp\libc_nano.a(lib_a-findfp.o)
                0x080055bc                __sfp_lock_release
 .text.__sinit_lock_acquire
                0x080055c8        0xc c:/program files (x86)/gnu arm embedded toolchain/10 2020-q4-major/bin/../lib/gcc/arm-none-eabi/10.2.1/../../../../arm-none-eabi/lib/thumb/v7-m/nofp\libc_nano.a(lib_a-findfp.o)
                0x080055c8                __sinit_lock_acquire
 .text.__sinit_lock_release
                0x080055d4        0xc c:/program files (x86)/gnu arm embedded toolchain/10 2020-q4-major/bin/../lib/gcc/arm-none-eabi/10.2.1/../../../../arm-none-eabi/lib/thumb/v7-m/nofp\libc_nano.a(lib_a-findfp.o)
                0x080055d4                __sinit_lock_release
 .text.__sinit  0x080055e0       0x70 c:/program files (x86)/gnu arm embedded toolchain/10 2020-q4-major/bin/../lib/gcc/arm-none-eabi/10.2.1/../../../../arm-none-eabi/lib/thumb/v7-m/nofp\libc_nano.a(lib_a-findfp.o)
                0x080055e0                __sinit
 .text.__sfp    0x08005650       0x8c c:/program files (x86)/gnu arm embedded toolchain/10 2020-q4-major/bin/../lib/gcc/arm-none-eabi/10.2.1/../../../../arm-none-eabi/lib/thumb/v7-m/nofp\libc_nano.a(lib_a-findfp.o)
                0x08005650                __sfp
 .text._fwalk_reent
                0x080056dc       0x3e c:/program files (x86)/gnu arm embedded toolchain/10 2020-q4-major/bin/../lib/gcc/arm-none-eabi/10.2.1/../../../../arm-none-eabi/lib/thumb/v7-m/nofp\libc_nano.a(lib_a-fwalk.o)
                0x080056dc                _fwalk_reent
 *fill*         0x0800571a        0x2 
 .text._localeconv_r
                0x0800571c        0x8 c:/program files (x86)/gnu arm embedded toolchain/10 2020-q4-major/bin/../lib/gcc/arm-none-eabi/10.2.1/../../../../arm-none-eabi/lib/thumb/v7-m/nofp\libc_nano.a(lib_a-localeconv.o)
                0x0800571c                _localeconv_r
 .text.__retarget_lock_init_recursive
                0x08005724        0x2 c:/program files (x86)/gnu arm embedded toolchain/10 2020-q4-major/bin/../lib/gcc/arm-none-eabi/10.2.1/../../../../arm-none-eabi/lib/thumb/v7-m/nofp\libc_nano.a(lib_a-lock.o)
                0x08005724                __retarget_lock_init_recursive
 .text.__retarget_lock_acquire_recursive
                0x08005726        0x2 c:/program files (x86)/gnu arm embedded toolchain/10 2020-q4-major/bin/../lib/gcc/arm-none-eabi/10.2.1/../../../../arm-none-eabi/lib/thumb/v7-m/nofp\libc_nano.a(lib_a-lock.o)
                0x08005726                __retarget_lock_acquire_recursive
 .text.__retarget_lock_release_recursive
                0x08005728        0x2 c:/program files (x86)/gnu arm embedded toolchain/10 2020-q4-major/bin/../lib/gcc/arm-none-eabi/10.2.1/../../../../arm-none-eabi/lib/thumb/v7-m/nofp\libc_nano.a(lib_a-lock.o)
                0x08005728                __retarget_lock_release_recursive
 .text.__swhatbuf_r
                0x0800572a       0x4a c:/program files (x86)/gnu arm embedded toolchain/10 2020-q4-major/bin/../lib/gcc/arm-none-eabi/10.2.1/../../../../arm-none-eabi/lib/thumb/v7-m/nofp\libc_nano.a(lib_a-makebuf.o)
                0x0800572a                __swhatbuf_r
 .text.__smakebuf_r
                0x08005774       0x80 c:/program files (x86)/gnu arm embedded toolchain/10 2020-q4-major/bin/../lib/gcc/arm-none-eabi/10.2.1/../../../../arm-none-eabi/lib/thumb/v7-m/nofp\libc_nano.a(lib_a-makebuf.o)
                0x08005774                __smakebuf_r
 .text.malloc   0x080057f4       0x10 c:/program files (x86)/gnu arm embedded toolchain/10 2020-q4-major/bin/../lib/gcc/arm-none-eabi/10.2.1/../../../../arm-none-eabi/lib/thumb/v7-m/nofp\libc_nano.a(lib_a-malloc.o)
                0x080057f4                malloc
 .text.memchr   0x08005804       0x1c c:/program files (x86)/gnu arm embedded toolchain/10 2020-q4-major/bin/../lib/gcc/arm-none-eabi/10.2.1/../../../../arm-none-eabi/lib/thumb/v7-m/nofp\libc_nano.a(lib_a-memchr-stub.o)
                0x08005804                memchr
 .text.memcpy   0x08005820       0x1c c:/program files (x86)/gnu arm embedded toolchain/10 2020-q4-major/bin/../lib/gcc/arm-none-eabi/10.2.1/../../../../arm-none-eabi/lib/thumb/v7-m/nofp\libc_nano.a(lib_a-memcpy-stub.o)
                0x08005820                memcpy
 .text._Balloc  0x0800583c       0x80 c:/program files (x86)/gnu arm embedded toolchain/10 2020-q4-major/bin/../lib/gcc/arm-none-eabi/10.2.1/../../../../arm-none-eabi/lib/thumb/v7-m/nofp\libc_nano.a(lib_a-mprec.o)
                0x0800583c                _Balloc
 .text._Bfree   0x080058bc       0x44 c:/program files (x86)/gnu arm embedded toolchain/10 2020-q4-major/bin/../lib/gcc/arm-none-eabi/10.2.1/../../../../arm-none-eabi/lib/thumb/v7-m/nofp\libc_nano.a(lib_a-mprec.o)
                0x080058bc                _Bfree
 .text.__multadd
                0x08005900       0x8c c:/program files (x86)/gnu arm embedded toolchain/10 2020-q4-major/bin/../lib/gcc/arm-none-eabi/10.2.1/../../../../arm-none-eabi/lib/thumb/v7-m/nofp\libc_nano.a(lib_a-mprec.o)
                0x08005900                __multadd
 .text.__hi0bits
                0x0800598c       0x40 c:/program files (x86)/gnu arm embedded toolchain/10 2020-q4-major/bin/../lib/gcc/arm-none-eabi/10.2.1/../../../../arm-none-eabi/lib/thumb/v7-m/nofp\libc_nano.a(lib_a-mprec.o)
                0x0800598c                __hi0bits
 .text.__lo0bits
                0x080059cc       0x5a c:/program files (x86)/gnu arm embedded toolchain/10 2020-q4-major/bin/../lib/gcc/arm-none-eabi/10.2.1/../../../../arm-none-eabi/lib/thumb/v7-m/nofp\libc_nano.a(lib_a-mprec.o)
                0x080059cc                __lo0bits
 *fill*         0x08005a26        0x2 
 .text.__i2b    0x08005a28       0x2c c:/program files (x86)/gnu arm embedded toolchain/10 2020-q4-major/bin/../lib/gcc/arm-none-eabi/10.2.1/../../../../arm-none-eabi/lib/thumb/v7-m/nofp\libc_nano.a(lib_a-mprec.o)
                0x08005a28                __i2b
 .text.__multiply
                0x08005a54      0x150 c:/program files (x86)/gnu arm embedded toolchain/10 2020-q4-major/bin/../lib/gcc/arm-none-eabi/10.2.1/../../../../arm-none-eabi/lib/thumb/v7-m/nofp\libc_nano.a(lib_a-mprec.o)
                0x08005a54                __multiply
 .text.__pow5mult
                0x08005ba4       0xb4 c:/program files (x86)/gnu arm embedded toolchain/10 2020-q4-major/bin/../lib/gcc/arm-none-eabi/10.2.1/../../../../arm-none-eabi/lib/thumb/v7-m/nofp\libc_nano.a(lib_a-mprec.o)
                0x08005ba4                __pow5mult
 .text.__lshift
                0x08005c58       0xe0 c:/program files (x86)/gnu arm embedded toolchain/10 2020-q4-major/bin/../lib/gcc/arm-none-eabi/10.2.1/../../../../arm-none-eabi/lib/thumb/v7-m/nofp\libc_nano.a(lib_a-mprec.o)
                0x08005c58                __lshift
 .text.__mcmp   0x08005d38       0x36 c:/program files (x86)/gnu arm embedded toolchain/10 2020-q4-major/bin/../lib/gcc/arm-none-eabi/10.2.1/../../../../arm-none-eabi/lib/thumb/v7-m/nofp\libc_nano.a(lib_a-mprec.o)
                0x08005d38                __mcmp
 *fill*         0x08005d6e        0x2 
 .text.__mdiff  0x08005d70      0x118 c:/program files (x86)/gnu arm embedded toolchain/10 2020-q4-major/bin/../lib/gcc/arm-none-eabi/10.2.1/../../../../arm-none-eabi/lib/thumb/v7-m/nofp\libc_nano.a(lib_a-mprec.o)
                0x08005d70                __mdiff
 .text.__d2b    0x08005e88       0xb8 c:/program files (x86)/gnu arm embedded toolchain/10 2020-q4-major/bin/../lib/gcc/arm-none-eabi/10.2.1/../../../../arm-none-eabi/lib/thumb/v7-m/nofp\libc_nano.a(lib_a-mprec.o)
                0x08005e88                __d2b
 .text._calloc_r
                0x08005f40       0x1c c:/program files (x86)/gnu arm embedded toolchain/10 2020-q4-major/bin/../lib/gcc/arm-none-eabi/10.2.1/../../../../arm-none-eabi/lib/thumb/v7-m/nofp\libc_nano.a(lib_a-nano-callocr.o)
                0x08005f40                _calloc_r
 .text._free_r  0x08005f5c       0x90 c:/program files (x86)/gnu arm embedded toolchain/10 2020-q4-major/bin/../lib/gcc/arm-none-eabi/10.2.1/../../../../arm-none-eabi/lib/thumb/v7-m/nofp\libc_nano.a(lib_a-nano-freer.o)
                0x08005f5c                _free_r
 .text._malloc_r
                0x08005fec       0xb4 c:/program files (x86)/gnu arm embedded toolchain/10 2020-q4-major/bin/../lib/gcc/arm-none-eabi/10.2.1/../../../../arm-none-eabi/lib/thumb/v7-m/nofp\libc_nano.a(lib_a-nano-mallocr.o)
                0x08005fec                _malloc_r
 .text._sbrk_r  0x080060a0       0x20 c:/program files (x86)/gnu arm embedded toolchain/10 2020-q4-major/bin/../lib/gcc/arm-none-eabi/10.2.1/../../../../arm-none-eabi/lib/thumb/v7-m/nofp\libc_nano.a(lib_a-sbrkr.o)
                0x080060a0                _sbrk_r
 .text.__sread  0x080060c0       0x22 c:/program files (x86)/gnu arm embedded toolchain/10 2020-q4-major/bin/../lib/gcc/arm-none-eabi/10.2.1/../../../../arm-none-eabi/lib/thumb/v7-m/nofp\libc_nano.a(lib_a-stdio.o)
                0x080060c0                __sread
 .text.__swrite
                0x080060e2       0x38 c:/program files (x86)/gnu arm embedded toolchain/10 2020-q4-major/bin/../lib/gcc/arm-none-eabi/10.2.1/../../../../arm-none-eabi/lib/thumb/v7-m/nofp\libc_nano.a(lib_a-stdio.o)
                0x080060e2                __swrite
 .text.__sseek  0x0800611a       0x24 c:/program files (x86)/gnu arm embedded toolchain/10 2020-q4-major/bin/../lib/gcc/arm-none-eabi/10.2.1/../../../../arm-none-eabi/lib/thumb/v7-m/nofp\libc_nano.a(lib_a-stdio.o)
                0x0800611a                __sseek
 .text.__sclose
                0x0800613e        0x8 c:/program files (x86)/gnu arm embedded toolchain/10 2020-q4-major/bin/../lib/gcc/arm-none-eabi/10.2.1/../../../../arm-none-eabi/lib/thumb/v7-m/nofp\libc_nano.a(lib_a-stdio.o)
                0x0800613e                __sclose
 *fill*         0x08006146        0x2 
 .text._write_r
                0x08006148       0x24 c:/program files (x86)/gnu arm embedded toolchain/10 2020-q4-major/bin/../lib/gcc/arm-none-eabi/10.2.1/../../../../arm-none-eabi/lib/thumb/v7-m/nofp\libc_nano.a(lib_a-writer.o)
                0x08006148                _write_r
 .text.__assert_func
                0x0800616c       0x3c c:/program files (x86)/gnu arm embedded toolchain/10 2020-q4-major/bin/../lib/gcc/arm-none-eabi/10.2.1/../../../../arm-none-eabi/lib/thumb/v7-m/nofp\libc_nano.a(lib_a-assert.o)
                0x0800616c                __assert_func
 .text._close_r
                0x080061a8       0x20 c:/program files (x86)/gnu arm embedded toolchain/10 2020-q4-major/bin/../lib/gcc/arm-none-eabi/10.2.1/../../../../arm-none-eabi/lib/thumb/v7-m/nofp\libc_nano.a(lib_a-closer.o)
                0x080061a8                _close_r
 .text.fprintf  0x080061c8       0x24 c:/program files (x86)/gnu arm embedded toolchain/10 2020-q4-major/bin/../lib/gcc/arm-none-eabi/10.2.1/../../../../arm-none-eabi/lib/thumb/v7-m/nofp\libc_nano.a(lib_a-fprintf.o)
                0x080061c8                fiprintf
                0x080061c8                fprintf
 .text._fstat_r
                0x080061ec       0x24 c:/program files (x86)/gnu arm embedded toolchain/10 2020-q4-major/bin/../lib/gcc/arm-none-eabi/10.2.1/../../../../arm-none-eabi/lib/thumb/v7-m/nofp\libc_nano.a(lib_a-fstatr.o)
                0x080061ec                _fstat_r
 .text._isatty_r
                0x08006210       0x20 c:/program files (x86)/gnu arm embedded toolchain/10 2020-q4-major/bin/../lib/gcc/arm-none-eabi/10.2.1/../../../../arm-none-eabi/lib/thumb/v7-m/nofp\libc_nano.a(lib_a-isattyr.o)
                0x08006210                _isatty_r
 .text._lseek_r
                0x08006230       0x24 c:/program files (x86)/gnu arm embedded toolchain/10 2020-q4-major/bin/../lib/gcc/arm-none-eabi/10.2.1/../../../../arm-none-eabi/lib/thumb/v7-m/nofp\libc_nano.a(lib_a-lseekr.o)
                0x08006230                _lseek_r
 .text.__ascii_mbtowc
                0x08006254       0x24 c:/program files (x86)/gnu arm embedded toolchain/10 2020-q4-major/bin/../lib/gcc/arm-none-eabi/10.2.1/../../../../arm-none-eabi/lib/thumb/v7-m/nofp\libc_nano.a(lib_a-mbtowc_r.o)
                0x08006254                __ascii_mbtowc
 .text.__malloc_lock
                0x08006278        0xc c:/program files (x86)/gnu arm embedded toolchain/10 2020-q4-major/bin/../lib/gcc/arm-none-eabi/10.2.1/../../../../arm-none-eabi/lib/thumb/v7-m/nofp\libc_nano.a(lib_a-mlock.o)
                0x08006278                __malloc_lock
 .text.__malloc_unlock
                0x08006284        0xc c:/program files (x86)/gnu arm embedded toolchain/10 2020-q4-major/bin/../lib/gcc/arm-none-eabi/10.2.1/../../../../arm-none-eabi/lib/thumb/v7-m/nofp\libc_nano.a(lib_a-mlock.o)
                0x08006284                __malloc_unlock
 .text.__sfputc_r
                0x08006290       0x2a c:/program files (x86)/gnu arm embedded toolchain/10 2020-q4-major/bin/../lib/gcc/arm-none-eabi/10.2.1/../../../../arm-none-eabi/lib/thumb/v7-m/nofp\libc_nano.a(lib_a-nano-vfprintf.o)
 .text.__sfputs_r
                0x080062ba       0x24 c:/program files (x86)/gnu arm embedded toolchain/10 2020-q4-major/bin/../lib/gcc/arm-none-eabi/10.2.1/../../../../arm-none-eabi/lib/thumb/v7-m/nofp\libc_nano.a(lib_a-nano-vfprintf.o)
                0x080062ba                __sfputs_r
 *fill*         0x080062de        0x2 
 .text._vfprintf_r
                0x080062e0      0x260 c:/program files (x86)/gnu arm embedded toolchain/10 2020-q4-major/bin/../lib/gcc/arm-none-eabi/10.2.1/../../../../arm-none-eabi/lib/thumb/v7-m/nofp\libc_nano.a(lib_a-nano-vfprintf.o)
                0x080062e0                _vfprintf_r
                0x080062e0                _vfiprintf_r
 .text._read_r  0x08006540       0x24 c:/program files (x86)/gnu arm embedded toolchain/10 2020-q4-major/bin/../lib/gcc/arm-none-eabi/10.2.1/../../../../arm-none-eabi/lib/thumb/v7-m/nofp\libc_nano.a(lib_a-readr.o)
                0x08006540                _read_r
 .text.__swbuf_r
                0x08006564       0xa4 c:/program files (x86)/gnu arm embedded toolchain/10 2020-q4-major/bin/../lib/gcc/arm-none-eabi/10.2.1/../../../../arm-none-eabi/lib/thumb/v7-m/nofp\libc_nano.a(lib_a-wbuf.o)
                0x08006564                __swbuf_r
 .text.__ascii_wctomb
                0x08006608       0x1a c:/program files (x86)/gnu arm embedded toolchain/10 2020-q4-major/bin/../lib/gcc/arm-none-eabi/10.2.1/../../../../arm-none-eabi/lib/thumb/v7-m/nofp\libc_nano.a(lib_a-wctomb_r.o)
                0x08006608                __ascii_wctomb
 *fill*         0x08006622        0x2 
 .text.__swsetup_r
                0x08006624       0xdc c:/program files (x86)/gnu arm embedded toolchain/10 2020-q4-major/bin/../lib/gcc/arm-none-eabi/10.2.1/../../../../arm-none-eabi/lib/thumb/v7-m/nofp\libc_nano.a(lib_a-wsetup.o)
                0x08006624                __swsetup_r
 .text.abort    0x08006700        0xe c:/program files (x86)/gnu arm embedded toolchain/10 2020-q4-major/bin/../lib/gcc/arm-none-eabi/10.2.1/../../../../arm-none-eabi/lib/thumb/v7-m/nofp\libc_nano.a(lib_a-abort.o)
                0x08006700                abort
 .text._raise_r
                0x0800670e       0x50 c:/program files (x86)/gnu arm embedded toolchain/10 2020-q4-major/bin/../lib/gcc/arm-none-eabi/10.2.1/../../../../arm-none-eabi/lib/thumb/v7-m/nofp\libc_nano.a(lib_a-signal.o)
                0x0800670e                _raise_r
 *fill*         0x0800675e        0x2 
 .text.raise    0x08006760       0x10 c:/program files (x86)/gnu arm embedded toolchain/10 2020-q4-major/bin/../lib/gcc/arm-none-eabi/10.2.1/../../../../arm-none-eabi/lib/thumb/v7-m/nofp\libc_nano.a(lib_a-signal.o)
                0x08006760                raise
 .text._kill_r  0x08006770       0x24 c:/program files (x86)/gnu arm embedded toolchain/10 2020-q4-major/bin/../lib/gcc/arm-none-eabi/10.2.1/../../../../arm-none-eabi/lib/thumb/v7-m/nofp\libc_nano.a(lib_a-signalr.o)
                0x08006770                _kill_r
 .text._getpid_r
                0x08006794        0x4 c:/program files (x86)/gnu arm embedded toolchain/10 2020-q4-major/bin/../lib/gcc/arm-none-eabi/10.2.1/../../../../arm-none-eabi/lib/thumb/v7-m/nofp\libc_nano.a(lib_a-signalr.o)
                0x08006794                _getpid_r
 .text.round    0x08006798       0x98 c:/program files (x86)/gnu arm embedded toolchain/10 2020-q4-major/bin/../lib/gcc/arm-none-eabi/10.2.1/../../../../arm-none-eabi/lib/thumb/v7-m/nofp\libm.a(lib_a-s_round.o)
                0x08006798                round
 .text._getpid  0x08006830       0x10 c:/program files (x86)/gnu arm embedded toolchain/10 2020-q4-major/bin/../lib/gcc/arm-none-eabi/10.2.1/../../../../arm-none-eabi/lib/thumb/v7-m/nofp\libnosys.a(getpid.o)
                0x08006830                _getpid
 .text._kill    0x08006840       0x10 c:/program files (x86)/gnu arm embedded toolchain/10 2020-q4-major/bin/../lib/gcc/arm-none-eabi/10.2.1/../../../../arm-none-eabi/lib/thumb/v7-m/nofp\libnosys.a(kill.o)
                0x08006840                _kill
 .text._sbrk    0x08006850       0x1c c:/program files (x86)/gnu arm embedded toolchain/10 2020-q4-major/bin/../lib/gcc/arm-none-eabi/10.2.1/../../../../arm-none-eabi/lib/thumb/v7-m/nofp\libnosys.a(sbrk.o)
                0x08006850                _sbrk
 .text._exit    0x0800686c        0x4 c:/program files (x86)/gnu arm embedded toolchain/10 2020-q4-major/bin/../lib/gcc/arm-none-eabi/10.2.1/../../../../arm-none-eabi/lib/thumb/v7-m/nofp\libnosys.a(_exit.o)
                0x0800686c                _exit
 *(.glue_7)
 .glue_7        0x08006870        0x0 linker stubs
 *(.glue_7t)
 .glue_7t       0x08006870        0x0 linker stubs
 *(.eh_frame)
 .eh_frame      0x08006870        0x0 c:/program files (x86)/gnu arm embedded toolchain/10 2020-q4-major/bin/../lib/gcc/arm-none-eabi/10.2.1/thumb/v7-m/nofp/crtbegin.o
 *(.init)
 .init          0x08006870        0x4 c:/program files (x86)/gnu arm embedded toolchain/10 2020-q4-major/bin/../lib/gcc/arm-none-eabi/10.2.1/thumb/v7-m/nofp/crti.o
                0x08006870                _init
 .init          0x08006874        0x8 c:/program files (x86)/gnu arm embedded toolchain/10 2020-q4-major/bin/../lib/gcc/arm-none-eabi/10.2.1/thumb/v7-m/nofp/crtn.o
 *(.fini)
 .fini          0x0800687c        0x4 c:/program files (x86)/gnu arm embedded toolchain/10 2020-q4-major/bin/../lib/gcc/arm-none-eabi/10.2.1/thumb/v7-m/nofp/crti.o
                0x0800687c                _fini
 .fini          0x08006880        0x8 c:/program files (x86)/gnu arm embedded toolchain/10 2020-q4-major/bin/../lib/gcc/arm-none-eabi/10.2.1/thumb/v7-m/nofp/crtn.o
                0x08006888                . = ALIGN (0x4)
                0x08006888                _etext = .

.vfp11_veneer   0x08006888        0x0
 .vfp11_veneer  0x08006888        0x0 linker stubs

.v4_bx          0x08006888        0x0
 .v4_bx         0x08006888        0x0 linker stubs

.iplt           0x08006888        0x0
 .iplt          0x08006888        0x0 c:/program files (x86)/gnu arm embedded toolchain/10 2020-q4-major/bin/../lib/gcc/arm-none-eabi/10.2.1/thumb/v7-m/nofp/crtbegin.o

.rodata         0x08006888      0x44c
                0x08006888                . = ALIGN (0x4)
 *(.rodata)
 *(.rodata*)
 .rodata.HAL_RCC_GetSysClockFreq.str1.4
                0x08006888       0x11 build/stm32f1xx_hal_rcc.o
 *fill*         0x08006899        0x3 
 .rodata.AHBPrescTable
                0x0800689c       0x10 build/system_stm32f1xx.o
                0x0800689c                AHBPrescTable
 .rodata.APBPrescTable
                0x080068ac        0x8 build/system_stm32f1xx.o
                0x080068ac                APBPrescTable
 .rodata._global_impure_ptr
                0x080068b4        0x4 c:/program files (x86)/gnu arm embedded toolchain/10 2020-q4-major/bin/../lib/gcc/arm-none-eabi/10.2.1/../../../../arm-none-eabi/lib/thumb/v7-m/nofp\libc_nano.a(lib_a-impure.o)
                0x080068b4                _global_impure_ptr
 .rodata._printf_float.str1.1
                0x080068b8       0x12 c:/program files (x86)/gnu arm embedded toolchain/10 2020-q4-major/bin/../lib/gcc/arm-none-eabi/10.2.1/../../../../arm-none-eabi/lib/thumb/v7-m/nofp\libc_nano.a(lib_a-nano-vfprintf_float.o)
 .rodata._printf_i.str1.1
                0x080068ca       0x22 c:/program files (x86)/gnu arm embedded toolchain/10 2020-q4-major/bin/../lib/gcc/arm-none-eabi/10.2.1/../../../../arm-none-eabi/lib/thumb/v7-m/nofp\libc_nano.a(lib_a-nano-vfprintf_i.o)
 .rodata._dtoa_r.str1.1
                0x080068ec       0xb2 c:/program files (x86)/gnu arm embedded toolchain/10 2020-q4-major/bin/../lib/gcc/arm-none-eabi/10.2.1/../../../../arm-none-eabi/lib/thumb/v7-m/nofp\libc_nano.a(lib_a-dtoa.o)
                                 0xb4 (size before relaxing)
 *fill*         0x0800699e        0x2 
 .rodata.__sf_fake_stderr
                0x080069a0       0x20 c:/program files (x86)/gnu arm embedded toolchain/10 2020-q4-major/bin/../lib/gcc/arm-none-eabi/10.2.1/../../../../arm-none-eabi/lib/thumb/v7-m/nofp\libc_nano.a(lib_a-findfp.o)
                0x080069a0                __sf_fake_stderr
 .rodata.__sf_fake_stdin
                0x080069c0       0x20 c:/program files (x86)/gnu arm embedded toolchain/10 2020-q4-major/bin/../lib/gcc/arm-none-eabi/10.2.1/../../../../arm-none-eabi/lib/thumb/v7-m/nofp\libc_nano.a(lib_a-findfp.o)
                0x080069c0                __sf_fake_stdin
 .rodata.__sf_fake_stdout
                0x080069e0       0x20 c:/program files (x86)/gnu arm embedded toolchain/10 2020-q4-major/bin/../lib/gcc/arm-none-eabi/10.2.1/../../../../arm-none-eabi/lib/thumb/v7-m/nofp\libc_nano.a(lib_a-findfp.o)
                0x080069e0                __sf_fake_stdout
 .rodata._Balloc.str1.1
                0x08006a00       0x7e c:/program files (x86)/gnu arm embedded toolchain/10 2020-q4-major/bin/../lib/gcc/arm-none-eabi/10.2.1/../../../../arm-none-eabi/lib/thumb/v7-m/nofp\libc_nano.a(lib_a-mprec.o)
                                 0x95 (size before relaxing)
 .rodata.__multadd.str1.1
                0x08006a7e       0x11 c:/program files (x86)/gnu arm embedded toolchain/10 2020-q4-major/bin/../lib/gcc/arm-none-eabi/10.2.1/../../../../arm-none-eabi/lib/thumb/v7-m/nofp\libc_nano.a(lib_a-mprec.o)
 *fill*         0x08006a7e        0x2 
 .rodata.__mprec_bigtens
                0x08006a80       0x28 c:/program files (x86)/gnu arm embedded toolchain/10 2020-q4-major/bin/../lib/gcc/arm-none-eabi/10.2.1/../../../../arm-none-eabi/lib/thumb/v7-m/nofp\libc_nano.a(lib_a-mprec.o)
                0x08006a80                __mprec_bigtens
 .rodata.__mprec_tens
                0x08006aa8       0xc8 c:/program files (x86)/gnu arm embedded toolchain/10 2020-q4-major/bin/../lib/gcc/arm-none-eabi/10.2.1/../../../../arm-none-eabi/lib/thumb/v7-m/nofp\libc_nano.a(lib_a-mprec.o)
                0x08006aa8                __mprec_tens
 .rodata.p05.0  0x08006b70        0xc c:/program files (x86)/gnu arm embedded toolchain/10 2020-q4-major/bin/../lib/gcc/arm-none-eabi/10.2.1/../../../../arm-none-eabi/lib/thumb/v7-m/nofp\libc_nano.a(lib_a-mprec.o)
 .rodata.__assert_func.str1.1
                0x08006b7c       0x3c c:/program files (x86)/gnu arm embedded toolchain/10 2020-q4-major/bin/../lib/gcc/arm-none-eabi/10.2.1/../../../../arm-none-eabi/lib/thumb/v7-m/nofp\libc_nano.a(lib_a-assert.o)
                                 0x3d (size before relaxing)
 .rodata._setlocale_r.str1.1
                0x08006bb8        0x8 c:/program files (x86)/gnu arm embedded toolchain/10 2020-q4-major/bin/../lib/gcc/arm-none-eabi/10.2.1/../../../../arm-none-eabi/lib/thumb/v7-m/nofp\libc_nano.a(lib_a-locale.o)
                                  0x9 (size before relaxing)
 .rodata.str1.1
                0x08006bc0        0x2 c:/program files (x86)/gnu arm embedded toolchain/10 2020-q4-major/bin/../lib/gcc/arm-none-eabi/10.2.1/../../../../arm-none-eabi/lib/thumb/v7-m/nofp\libc_nano.a(lib_a-locale.o)
 .rodata._vfprintf_r.str1.1
                0x08006bc2       0x11 c:/program files (x86)/gnu arm embedded toolchain/10 2020-q4-major/bin/../lib/gcc/arm-none-eabi/10.2.1/../../../../arm-none-eabi/lib/thumb/v7-m/nofp\libc_nano.a(lib_a-nano-vfprintf.o)
 .rodata._ctype_
                0x08006bd3      0x101 c:/program files (x86)/gnu arm embedded toolchain/10 2020-q4-major/bin/../lib/gcc/arm-none-eabi/10.2.1/../../../../arm-none-eabi/lib/thumb/v7-m/nofp\libc_nano.a(lib_a-ctype_.o)
                0x08006bd3                _ctype_
                0x08006cd4                . = ALIGN (0x4)

.rel.dyn        0x08006cd4        0x0
 .rel.iplt      0x08006cd4        0x0 c:/program files (x86)/gnu arm embedded toolchain/10 2020-q4-major/bin/../lib/gcc/arm-none-eabi/10.2.1/thumb/v7-m/nofp/crtbegin.o

.ARM.extab
 *(.ARM.extab* .gnu.linkonce.armextab.*)

.ARM            0x08006cd4        0x0
                0x08006cd4                __exidx_start = .
 *(.ARM.exidx*)
                0x08006cd4                __exidx_end = .

.preinit_array  0x08006cd4        0x0
                0x08006cd4                PROVIDE (__preinit_array_start = .)
 *(.preinit_array*)
                0x08006cd4                PROVIDE (__preinit_array_end = .)

.init_array     0x08006cd4        0x4
                0x08006cd4                PROVIDE (__init_array_start = .)
 *(SORT_BY_NAME(.init_array.*))
 *(.init_array*)
 .init_array    0x08006cd4        0x4 c:/program files (x86)/gnu arm embedded toolchain/10 2020-q4-major/bin/../lib/gcc/arm-none-eabi/10.2.1/thumb/v7-m/nofp/crtbegin.o
                0x08006cd8                PROVIDE (__init_array_end = .)

.fini_array     0x08006cd8        0x4
                [!provide]                PROVIDE (__fini_array_start = .)
 *(SORT_BY_NAME(.fini_array.*))
 *(.fini_array*)
 .fini_array    0x08006cd8        0x4 c:/program files (x86)/gnu arm embedded toolchain/10 2020-q4-major/bin/../lib/gcc/arm-none-eabi/10.2.1/thumb/v7-m/nofp/crtbegin.o
                [!provide]                PROVIDE (__fini_array_end = .)
                0x08006cdc                _sidata = LOADADDR (.data)

.data           0x20000000      0x1f4 load address 0x08006cdc
                0x20000000                . = ALIGN (0x4)
                0x20000000                _sdata = .
 *(.data)
 *(.data*)
 .data.right_pid_params
                0x20000000       0x18 build/main.o
                0x20000000                right_pid_params
 .data.uwTickFreq
                0x20000018        0x1 build/stm32f1xx_hal.o
                0x20000018                uwTickFreq
 *fill*         0x20000019        0x3 
 .data.uwTickPrio
                0x2000001c        0x4 build/stm32f1xx_hal.o
                0x2000001c                uwTickPrio
 .data.SystemCoreClock
                0x20000020        0x4 build/system_stm32f1xx.o
                0x20000020                SystemCoreClock
 .data._impure_ptr
                0x20000024        0x4 c:/program files (x86)/gnu arm embedded toolchain/10 2020-q4-major/bin/../lib/gcc/arm-none-eabi/10.2.1/../../../../arm-none-eabi/lib/thumb/v7-m/nofp\libc_nano.a(lib_a-impure.o)
                0x20000024                _impure_ptr
 .data.impure_data
                0x20000028       0x60 c:/program files (x86)/gnu arm embedded toolchain/10 2020-q4-major/bin/../lib/gcc/arm-none-eabi/10.2.1/../../../../arm-none-eabi/lib/thumb/v7-m/nofp\libc_nano.a(lib_a-impure.o)
 .data.__global_locale
                0x20000088      0x16c c:/program files (x86)/gnu arm embedded toolchain/10 2020-q4-major/bin/../lib/gcc/arm-none-eabi/10.2.1/../../../../arm-none-eabi/lib/thumb/v7-m/nofp\libc_nano.a(lib_a-locale.o)
                0x20000088                __global_locale
                0x200001f4                . = ALIGN (0x4)
                0x200001f4                _edata = .

.igot.plt       0x200001f4        0x0 load address 0x08006ed0
 .igot.plt      0x200001f4        0x0 c:/program files (x86)/gnu arm embedded toolchain/10 2020-q4-major/bin/../lib/gcc/arm-none-eabi/10.2.1/thumb/v7-m/nofp/crtbegin.o
                0x200001f4                . = ALIGN (0x4)

.bss            0x200001f8      0x39c load address 0x08006ed0
                0x200001f8                _sbss = .
                0x200001f8                __bss_start__ = _sbss
 *(.bss)
 .bss           0x200001f8       0x1c c:/program files (x86)/gnu arm embedded toolchain/10 2020-q4-major/bin/../lib/gcc/arm-none-eabi/10.2.1/thumb/v7-m/nofp/crtbegin.o
 *(.bss*)
 .bss.angular_vel
                0x20000214        0x4 build/main.o
                0x20000214                angular_vel
 .bss.last_a_vel
                0x20000218        0x4 build/main.o
                0x20000218                last_a_vel
 .bss.last_l_vel
                0x2000021c        0x4 build/main.o
                0x2000021c                last_l_vel
 .bss.last_rx   0x20000220        0x1 build/main.o
                0x20000220                last_rx
 *fill*         0x20000221        0x7 
 .bss.left_pid_params
                0x20000228       0x18 build/main.o
                0x20000228                left_pid_params
 .bss.left_set_speed
                0x20000240        0x8 build/main.o
                0x20000240                left_set_speed
 .bss.linear_vel
                0x20000248        0x4 build/main.o
                0x20000248                linear_vel
 .bss.prev_rx   0x2000024c        0x1 build/main.o
                0x2000024c                prev_rx
 .bss.ready_flag
                0x2000024d        0x1 build/main.o
                0x2000024d                ready_flag
 *fill*         0x2000024e        0x2 
 .bss.right_set_speed
                0x20000250        0x8 build/main.o
                0x20000250                right_set_speed
 .bss.rx_buffer
                0x20000258       0x10 build/main.o
                0x20000258                rx_buffer
 .bss.str_left_motor
                0x20000268       0x40 build/main.o
                0x20000268                str_left_motor
 .bss.str_left_pid
                0x200002a8       0x50 build/main.o
                0x200002a8                str_left_pid
 .bss.str_right_motor
                0x200002f8       0x40 build/main.o
                0x200002f8                str_right_motor
 .bss.str_right_pid
                0x20000338       0x50 build/main.o
                0x20000338                str_right_pid
 .bss.vel_update_flag
                0x20000388        0x1 build/main.o
                0x20000388                vel_update_flag
 *fill*         0x20000389        0x3 
 .bss.htim1     0x2000038c       0x48 build/tim.o
                0x2000038c                htim1
 .bss.htim2     0x200003d4       0x48 build/tim.o
                0x200003d4                htim2
 .bss.htim3     0x2000041c       0x48 build/tim.o
                0x2000041c                htim3
 .bss.htim4     0x20000464       0x48 build/tim.o
                0x20000464                htim4
 .bss.hdma_usart1_rx
                0x200004ac       0x44 build/usart.o
                0x200004ac                hdma_usart1_rx
 .bss.hdma_usart1_tx
                0x200004f0       0x44 build/usart.o
                0x200004f0                hdma_usart1_tx
 .bss.huart1    0x20000534       0x44 build/usart.o
                0x20000534                huart1
 .bss.uwTick    0x20000578        0x4 build/stm32f1xx_hal.o
                0x20000578                uwTick
 .bss.gHuart    0x2000057c        0x4 build/retarget.o
                0x2000057c                gHuart
 .bss.__lock___malloc_recursive_mutex
                0x20000580        0x1 c:/program files (x86)/gnu arm embedded toolchain/10 2020-q4-major/bin/../lib/gcc/arm-none-eabi/10.2.1/../../../../arm-none-eabi/lib/thumb/v7-m/nofp\libc_nano.a(lib_a-lock.o)
                0x20000580                __lock___malloc_recursive_mutex
 .bss.__lock___sfp_recursive_mutex
                0x20000581        0x1 c:/program files (x86)/gnu arm embedded toolchain/10 2020-q4-major/bin/../lib/gcc/arm-none-eabi/10.2.1/../../../../arm-none-eabi/lib/thumb/v7-m/nofp\libc_nano.a(lib_a-lock.o)
                0x20000581                __lock___sfp_recursive_mutex
 .bss.__lock___sinit_recursive_mutex
                0x20000582        0x1 c:/program files (x86)/gnu arm embedded toolchain/10 2020-q4-major/bin/../lib/gcc/arm-none-eabi/10.2.1/../../../../arm-none-eabi/lib/thumb/v7-m/nofp\libc_nano.a(lib_a-lock.o)
                0x20000582                __lock___sinit_recursive_mutex
 *fill*         0x20000583        0x1 
 .bss.__malloc_free_list
                0x20000584        0x4 c:/program files (x86)/gnu arm embedded toolchain/10 2020-q4-major/bin/../lib/gcc/arm-none-eabi/10.2.1/../../../../arm-none-eabi/lib/thumb/v7-m/nofp\libc_nano.a(lib_a-nano-mallocr.o)
                0x20000584                __malloc_free_list
 .bss.__malloc_sbrk_start
                0x20000588        0x4 c:/program files (x86)/gnu arm embedded toolchain/10 2020-q4-major/bin/../lib/gcc/arm-none-eabi/10.2.1/../../../../arm-none-eabi/lib/thumb/v7-m/nofp\libc_nano.a(lib_a-nano-mallocr.o)
                0x20000588                __malloc_sbrk_start
 .bss.errno     0x2000058c        0x4 c:/program files (x86)/gnu arm embedded toolchain/10 2020-q4-major/bin/../lib/gcc/arm-none-eabi/10.2.1/../../../../arm-none-eabi/lib/thumb/v7-m/nofp\libc_nano.a(lib_a-reent.o)
                0x2000058c                errno
 .bss.heap_end.0
                0x20000590        0x4 c:/program files (x86)/gnu arm embedded toolchain/10 2020-q4-major/bin/../lib/gcc/arm-none-eabi/10.2.1/../../../../arm-none-eabi/lib/thumb/v7-m/nofp\libnosys.a(sbrk.o)
 *(COMMON)
                0x20000594                . = ALIGN (0x4)
                0x20000594                _ebss = .
                0x20000594                __bss_end__ = _ebss

._user_heap_stack
                0x20000594      0x604 load address 0x08006ed0
                0x20000598                . = ALIGN (0x8)
 *fill*         0x20000594        0x4 
                0x20000598                PROVIDE (end = .)
                [!provide]                PROVIDE (_end = .)
                0x20000798                . = (. + _Min_Heap_Size)
 *fill*         0x20000598      0x200 
                0x20000b98                . = (. + _Min_Stack_Size)
 *fill*         0x20000798      0x400 
                0x20000b98                . = ALIGN (0x8)

/DISCARD/
 libc.a(*)
 libm.a(*)
 libgcc.a(*)

.ARM.attributes
                0x00000000       0x29
 *(.ARM.attributes)
 .ARM.attributes
                0x00000000       0x1d c:/program files (x86)/gnu arm embedded toolchain/10 2020-q4-major/bin/../lib/gcc/arm-none-eabi/10.2.1/thumb/v7-m/nofp/crti.o
 .ARM.attributes
                0x0000001d       0x2d c:/program files (x86)/gnu arm embedded toolchain/10 2020-q4-major/bin/../lib/gcc/arm-none-eabi/10.2.1/thumb/v7-m/nofp/crtbegin.o
 .ARM.attributes
                0x0000004a       0x2d build/main.o
 .ARM.attributes
                0x00000077       0x2d build/gpio.o
 .ARM.attributes
                0x000000a4       0x2d build/dma.o
 .ARM.attributes
                0x000000d1       0x2d build/tim.o
 .ARM.attributes
                0x000000fe       0x2d build/usart.o
 .ARM.attributes
                0x0000012b       0x2d build/stm32f1xx_it.o
 .ARM.attributes
                0x00000158       0x2d build/stm32f1xx_hal_msp.o
 .ARM.attributes
                0x00000185       0x2d build/stm32f1xx_hal_tim.o
 .ARM.attributes
                0x000001b2       0x2d build/stm32f1xx_hal_tim_ex.o
 .ARM.attributes
                0x000001df       0x2d build/stm32f1xx_hal.o
 .ARM.attributes
                0x0000020c       0x2d build/stm32f1xx_hal_rcc.o
 .ARM.attributes
                0x00000239       0x2d build/stm32f1xx_hal_gpio.o
 .ARM.attributes
                0x00000266       0x2d build/stm32f1xx_hal_dma.o
 .ARM.attributes
                0x00000293       0x2d build/stm32f1xx_hal_cortex.o
 .ARM.attributes
                0x000002c0       0x2d build/stm32f1xx_hal_uart.o
 .ARM.attributes
                0x000002ed       0x2d build/PID.o
 .ARM.attributes
                0x0000031a       0x2d build/frame_resolve.o
 .ARM.attributes
                0x00000347       0x2d build/retarget.o
 .ARM.attributes
                0x00000374       0x2d build/system_stm32f1xx.o
 .ARM.attributes
                0x000003a1       0x21 build/startup_stm32f103xb.o
 .ARM.attributes
                0x000003c2       0x2d c:/program files (x86)/gnu arm embedded toolchain/10 2020-q4-major/bin/../lib/gcc/arm-none-eabi/10.2.1/../../../../arm-none-eabi/lib/thumb/v7-m/nofp\libc_nano.a(lib_a-errno.o)
 .ARM.attributes
                0x000003ef       0x2d c:/program files (x86)/gnu arm embedded toolchain/10 2020-q4-major/bin/../lib/gcc/arm-none-eabi/10.2.1/../../../../arm-none-eabi/lib/thumb/v7-m/nofp\libc_nano.a(lib_a-impure.o)
 .ARM.attributes
                0x0000041c       0x2d c:/program files (x86)/gnu arm embedded toolchain/10 2020-q4-major/bin/../lib/gcc/arm-none-eabi/10.2.1/../../../../arm-none-eabi/lib/thumb/v7-m/nofp\libc_nano.a(lib_a-init.o)
 .ARM.attributes
                0x00000449       0x2d c:/program files (x86)/gnu arm embedded toolchain/10 2020-q4-major/bin/../lib/gcc/arm-none-eabi/10.2.1/../../../../arm-none-eabi/lib/thumb/v7-m/nofp\libc_nano.a(lib_a-memset.o)
 .ARM.attributes
                0x00000476       0x2d c:/program files (x86)/gnu arm embedded toolchain/10 2020-q4-major/bin/../lib/gcc/arm-none-eabi/10.2.1/../../../../arm-none-eabi/lib/thumb/v7-m/nofp\libc_nano.a(lib_a-nano-vfprintf_float.o)
 .ARM.attributes
                0x000004a3       0x2d c:/program files (x86)/gnu arm embedded toolchain/10 2020-q4-major/bin/../lib/gcc/arm-none-eabi/10.2.1/../../../../arm-none-eabi/lib/thumb/v7-m/nofp\libc_nano.a(lib_a-nano-vfprintf_i.o)
 .ARM.attributes
                0x000004d0       0x2d c:/program files (x86)/gnu arm embedded toolchain/10 2020-q4-major/bin/../lib/gcc/arm-none-eabi/10.2.1/../../../../arm-none-eabi/lib/thumb/v7-m/nofp\libc_nano.a(lib_a-setvbuf.o)
 .ARM.attributes
                0x000004fd       0x17 c:/program files (x86)/gnu arm embedded toolchain/10 2020-q4-major/bin/../lib/gcc/arm-none-eabi/10.2.1/../../../../arm-none-eabi/lib/thumb/v7-m/nofp\libc_nano.a(lib_a-strlen.o)
 .ARM.attributes
                0x00000514       0x2d c:/program files (x86)/gnu arm embedded toolchain/10 2020-q4-major/bin/../lib/gcc/arm-none-eabi/10.2.1/../../../../arm-none-eabi/lib/thumb/v7-m/nofp\libc_nano.a(lib_a-dtoa.o)
 .ARM.attributes
                0x00000541       0x2d c:/program files (x86)/gnu arm embedded toolchain/10 2020-q4-major/bin/../lib/gcc/arm-none-eabi/10.2.1/../../../../arm-none-eabi/lib/thumb/v7-m/nofp\libc_nano.a(lib_a-fflush.o)
 .ARM.attributes
                0x0000056e       0x2d c:/program files (x86)/gnu arm embedded toolchain/10 2020-q4-major/bin/../lib/gcc/arm-none-eabi/10.2.1/../../../../arm-none-eabi/lib/thumb/v7-m/nofp\libc_nano.a(lib_a-findfp.o)
 .ARM.attributes
                0x0000059b       0x2d c:/program files (x86)/gnu arm embedded toolchain/10 2020-q4-major/bin/../lib/gcc/arm-none-eabi/10.2.1/../../../../arm-none-eabi/lib/thumb/v7-m/nofp\libc_nano.a(lib_a-fwalk.o)
 .ARM.attributes
                0x000005c8       0x2d c:/program files (x86)/gnu arm embedded toolchain/10 2020-q4-major/bin/../lib/gcc/arm-none-eabi/10.2.1/../../../../arm-none-eabi/lib/thumb/v7-m/nofp\libc_nano.a(lib_a-localeconv.o)
 .ARM.attributes
                0x000005f5       0x2d c:/program files (x86)/gnu arm embedded toolchain/10 2020-q4-major/bin/../lib/gcc/arm-none-eabi/10.2.1/../../../../arm-none-eabi/lib/thumb/v7-m/nofp\libc_nano.a(lib_a-lock.o)
 .ARM.attributes
                0x00000622       0x2d c:/program files (x86)/gnu arm embedded toolchain/10 2020-q4-major/bin/../lib/gcc/arm-none-eabi/10.2.1/../../../../arm-none-eabi/lib/thumb/v7-m/nofp\libc_nano.a(lib_a-makebuf.o)
 .ARM.attributes
                0x0000064f       0x2d c:/program files (x86)/gnu arm embedded toolchain/10 2020-q4-major/bin/../lib/gcc/arm-none-eabi/10.2.1/../../../../arm-none-eabi/lib/thumb/v7-m/nofp\libc_nano.a(lib_a-malloc.o)
 .ARM.attributes
                0x0000067c       0x2d c:/program files (x86)/gnu arm embedded toolchain/10 2020-q4-major/bin/../lib/gcc/arm-none-eabi/10.2.1/../../../../arm-none-eabi/lib/thumb/v7-m/nofp\libc_nano.a(lib_a-memchr-stub.o)
 .ARM.attributes
                0x000006a9       0x2d c:/program files (x86)/gnu arm embedded toolchain/10 2020-q4-major/bin/../lib/gcc/arm-none-eabi/10.2.1/../../../../arm-none-eabi/lib/thumb/v7-m/nofp\libc_nano.a(lib_a-memcpy-stub.o)
 .ARM.attributes
                0x000006d6       0x2d c:/program files (x86)/gnu arm embedded toolchain/10 2020-q4-major/bin/../lib/gcc/arm-none-eabi/10.2.1/../../../../arm-none-eabi/lib/thumb/v7-m/nofp\libc_nano.a(lib_a-mprec.o)
 .ARM.attributes
                0x00000703       0x2d c:/program files (x86)/gnu arm embedded toolchain/10 2020-q4-major/bin/../lib/gcc/arm-none-eabi/10.2.1/../../../../arm-none-eabi/lib/thumb/v7-m/nofp\libc_nano.a(lib_a-nano-callocr.o)
 .ARM.attributes
                0x00000730       0x2d c:/program files (x86)/gnu arm embedded toolchain/10 2020-q4-major/bin/../lib/gcc/arm-none-eabi/10.2.1/../../../../arm-none-eabi/lib/thumb/v7-m/nofp\libc_nano.a(lib_a-nano-freer.o)
 .ARM.attributes
                0x0000075d       0x2d c:/program files (x86)/gnu arm embedded toolchain/10 2020-q4-major/bin/../lib/gcc/arm-none-eabi/10.2.1/../../../../arm-none-eabi/lib/thumb/v7-m/nofp\libc_nano.a(lib_a-nano-mallocr.o)
 .ARM.attributes
                0x0000078a       0x2d c:/program files (x86)/gnu arm embedded toolchain/10 2020-q4-major/bin/../lib/gcc/arm-none-eabi/10.2.1/../../../../arm-none-eabi/lib/thumb/v7-m/nofp\libc_nano.a(lib_a-sbrkr.o)
 .ARM.attributes
                0x000007b7       0x2d c:/program files (x86)/gnu arm embedded toolchain/10 2020-q4-major/bin/../lib/gcc/arm-none-eabi/10.2.1/../../../../arm-none-eabi/lib/thumb/v7-m/nofp\libc_nano.a(lib_a-stdio.o)
 .ARM.attributes
                0x000007e4       0x2d c:/program files (x86)/gnu arm embedded toolchain/10 2020-q4-major/bin/../lib/gcc/arm-none-eabi/10.2.1/../../../../arm-none-eabi/lib/thumb/v7-m/nofp\libc_nano.a(lib_a-writer.o)
 .ARM.attributes
                0x00000811       0x2d c:/program files (x86)/gnu arm embedded toolchain/10 2020-q4-major/bin/../lib/gcc/arm-none-eabi/10.2.1/../../../../arm-none-eabi/lib/thumb/v7-m/nofp\libc_nano.a(lib_a-assert.o)
 .ARM.attributes
                0x0000083e       0x2d c:/program files (x86)/gnu arm embedded toolchain/10 2020-q4-major/bin/../lib/gcc/arm-none-eabi/10.2.1/../../../../arm-none-eabi/lib/thumb/v7-m/nofp\libc_nano.a(lib_a-closer.o)
 .ARM.attributes
                0x0000086b       0x2d c:/program files (x86)/gnu arm embedded toolchain/10 2020-q4-major/bin/../lib/gcc/arm-none-eabi/10.2.1/../../../../arm-none-eabi/lib/thumb/v7-m/nofp\libc_nano.a(lib_a-fprintf.o)
 .ARM.attributes
                0x00000898       0x2d c:/program files (x86)/gnu arm embedded toolchain/10 2020-q4-major/bin/../lib/gcc/arm-none-eabi/10.2.1/../../../../arm-none-eabi/lib/thumb/v7-m/nofp\libc_nano.a(lib_a-fstatr.o)
 .ARM.attributes
                0x000008c5       0x2d c:/program files (x86)/gnu arm embedded toolchain/10 2020-q4-major/bin/../lib/gcc/arm-none-eabi/10.2.1/../../../../arm-none-eabi/lib/thumb/v7-m/nofp\libc_nano.a(lib_a-isattyr.o)
 .ARM.attributes
                0x000008f2       0x2d c:/program files (x86)/gnu arm embedded toolchain/10 2020-q4-major/bin/../lib/gcc/arm-none-eabi/10.2.1/../../../../arm-none-eabi/lib/thumb/v7-m/nofp\libc_nano.a(lib_a-locale.o)
 .ARM.attributes
                0x0000091f       0x2d c:/program files (x86)/gnu arm embedded toolchain/10 2020-q4-major/bin/../lib/gcc/arm-none-eabi/10.2.1/../../../../arm-none-eabi/lib/thumb/v7-m/nofp\libc_nano.a(lib_a-lseekr.o)
 .ARM.attributes
                0x0000094c       0x2d c:/program files (x86)/gnu arm embedded toolchain/10 2020-q4-major/bin/../lib/gcc/arm-none-eabi/10.2.1/../../../../arm-none-eabi/lib/thumb/v7-m/nofp\libc_nano.a(lib_a-mbtowc_r.o)
 .ARM.attributes
                0x00000979       0x2d c:/program files (x86)/gnu arm embedded toolchain/10 2020-q4-major/bin/../lib/gcc/arm-none-eabi/10.2.1/../../../../arm-none-eabi/lib/thumb/v7-m/nofp\libc_nano.a(lib_a-mlock.o)
 .ARM.attributes
                0x000009a6       0x2d c:/program files (x86)/gnu arm embedded toolchain/10 2020-q4-major/bin/../lib/gcc/arm-none-eabi/10.2.1/../../../../arm-none-eabi/lib/thumb/v7-m/nofp\libc_nano.a(lib_a-nano-vfprintf.o)
 .ARM.attributes
                0x000009d3       0x2d c:/program files (x86)/gnu arm embedded toolchain/10 2020-q4-major/bin/../lib/gcc/arm-none-eabi/10.2.1/../../../../arm-none-eabi/lib/thumb/v7-m/nofp\libc_nano.a(lib_a-readr.o)
 .ARM.attributes
                0x00000a00       0x2d c:/program files (x86)/gnu arm embedded toolchain/10 2020-q4-major/bin/../lib/gcc/arm-none-eabi/10.2.1/../../../../arm-none-eabi/lib/thumb/v7-m/nofp\libc_nano.a(lib_a-reent.o)
 .ARM.attributes
                0x00000a2d       0x2d c:/program files (x86)/gnu arm embedded toolchain/10 2020-q4-major/bin/../lib/gcc/arm-none-eabi/10.2.1/../../../../arm-none-eabi/lib/thumb/v7-m/nofp\libc_nano.a(lib_a-wbuf.o)
 .ARM.attributes
                0x00000a5a       0x2d c:/program files (x86)/gnu arm embedded toolchain/10 2020-q4-major/bin/../lib/gcc/arm-none-eabi/10.2.1/../../../../arm-none-eabi/lib/thumb/v7-m/nofp\libc_nano.a(lib_a-wctomb_r.o)
 .ARM.attributes
                0x00000a87       0x2d c:/program files (x86)/gnu arm embedded toolchain/10 2020-q4-major/bin/../lib/gcc/arm-none-eabi/10.2.1/../../../../arm-none-eabi/lib/thumb/v7-m/nofp\libc_nano.a(lib_a-wsetup.o)
 .ARM.attributes
                0x00000ab4       0x2d c:/program files (x86)/gnu arm embedded toolchain/10 2020-q4-major/bin/../lib/gcc/arm-none-eabi/10.2.1/../../../../arm-none-eabi/lib/thumb/v7-m/nofp\libc_nano.a(lib_a-abort.o)
 .ARM.attributes
                0x00000ae1       0x2d c:/program files (x86)/gnu arm embedded toolchain/10 2020-q4-major/bin/../lib/gcc/arm-none-eabi/10.2.1/../../../../arm-none-eabi/lib/thumb/v7-m/nofp\libc_nano.a(lib_a-ctype_.o)
 .ARM.attributes
                0x00000b0e       0x2d c:/program files (x86)/gnu arm embedded toolchain/10 2020-q4-major/bin/../lib/gcc/arm-none-eabi/10.2.1/../../../../arm-none-eabi/lib/thumb/v7-m/nofp\libc_nano.a(lib_a-signal.o)
 .ARM.attributes
                0x00000b3b       0x2d c:/program files (x86)/gnu arm embedded toolchain/10 2020-q4-major/bin/../lib/gcc/arm-none-eabi/10.2.1/../../../../arm-none-eabi/lib/thumb/v7-m/nofp\libc_nano.a(lib_a-signalr.o)
 .ARM.attributes
                0x00000b68       0x2d c:/program files (x86)/gnu arm embedded toolchain/10 2020-q4-major/bin/../lib/gcc/arm-none-eabi/10.2.1/../../../../arm-none-eabi/lib/thumb/v7-m/nofp\libm.a(lib_a-s_round.o)
 .ARM.attributes
                0x00000b95       0x2d c:/program files (x86)/gnu arm embedded toolchain/10 2020-q4-major/bin/../lib/gcc/arm-none-eabi/10.2.1/../../../../arm-none-eabi/lib/thumb/v7-m/nofp\libnosys.a(getpid.o)
 .ARM.attributes
                0x00000bc2       0x2d c:/program files (x86)/gnu arm embedded toolchain/10 2020-q4-major/bin/../lib/gcc/arm-none-eabi/10.2.1/../../../../arm-none-eabi/lib/thumb/v7-m/nofp\libnosys.a(kill.o)
 .ARM.attributes
                0x00000bef       0x2d c:/program files (x86)/gnu arm embedded toolchain/10 2020-q4-major/bin/../lib/gcc/arm-none-eabi/10.2.1/../../../../arm-none-eabi/lib/thumb/v7-m/nofp\libnosys.a(sbrk.o)
 .ARM.attributes
                0x00000c1c       0x2d c:/program files (x86)/gnu arm embedded toolchain/10 2020-q4-major/bin/../lib/gcc/arm-none-eabi/10.2.1/../../../../arm-none-eabi/lib/thumb/v7-m/nofp\libnosys.a(_exit.o)
 .ARM.attributes
                0x00000c49       0x1d c:/program files (x86)/gnu arm embedded toolchain/10 2020-q4-major/bin/../lib/gcc/arm-none-eabi/10.2.1/thumb/v7-m/nofp\libgcc.a(_arm_mulsf3.o)
 .ARM.attributes
                0x00000c66       0x1d c:/program files (x86)/gnu arm embedded toolchain/10 2020-q4-major/bin/../lib/gcc/arm-none-eabi/10.2.1/thumb/v7-m/nofp\libgcc.a(_arm_addsubdf3.o)
 .ARM.attributes
                0x00000c83       0x1d c:/program files (x86)/gnu arm embedded toolchain/10 2020-q4-major/bin/../lib/gcc/arm-none-eabi/10.2.1/thumb/v7-m/nofp\libgcc.a(_arm_muldivdf3.o)
 .ARM.attributes
                0x00000ca0       0x1d c:/program files (x86)/gnu arm embedded toolchain/10 2020-q4-major/bin/../lib/gcc/arm-none-eabi/10.2.1/thumb/v7-m/nofp\libgcc.a(_arm_cmpdf2.o)
 .ARM.attributes
                0x00000cbd       0x1d c:/program files (x86)/gnu arm embedded toolchain/10 2020-q4-major/bin/../lib/gcc/arm-none-eabi/10.2.1/thumb/v7-m/nofp\libgcc.a(_arm_unorddf2.o)
 .ARM.attributes
                0x00000cda       0x1d c:/program files (x86)/gnu arm embedded toolchain/10 2020-q4-major/bin/../lib/gcc/arm-none-eabi/10.2.1/thumb/v7-m/nofp\libgcc.a(_arm_fixdfsi.o)
 .ARM.attributes
                0x00000cf7       0x1d c:/program files (x86)/gnu arm embedded toolchain/10 2020-q4-major/bin/../lib/gcc/arm-none-eabi/10.2.1/thumb/v7-m/nofp\libgcc.a(_arm_fixunsdfsi.o)
 .ARM.attributes
                0x00000d14       0x1d c:/program files (x86)/gnu arm embedded toolchain/10 2020-q4-major/bin/../lib/gcc/arm-none-eabi/10.2.1/thumb/v7-m/nofp\libgcc.a(_arm_addsubsf3.o)
 .ARM.attributes
                0x00000d31       0x1d c:/program files (x86)/gnu arm embedded toolchain/10 2020-q4-major/bin/../lib/gcc/arm-none-eabi/10.2.1/thumb/v7-m/nofp\libgcc.a(_arm_cmpsf2.o)
 .ARM.attributes
                0x00000d4e       0x1d c:/program files (x86)/gnu arm embedded toolchain/10 2020-q4-major/bin/../lib/gcc/arm-none-eabi/10.2.1/thumb/v7-m/nofp/crtn.o
OUTPUT(build/base_control_f103.elf elf32-littlearm)
LOAD linker stubs
LOAD c:/program files (x86)/gnu arm embedded toolchain/10 2020-q4-major/bin/../lib/gcc/arm-none-eabi/10.2.1/../../../../arm-none-eabi/lib/thumb/v7-m/nofp\libc.a
LOAD c:/program files (x86)/gnu arm embedded toolchain/10 2020-q4-major/bin/../lib/gcc/arm-none-eabi/10.2.1/../../../../arm-none-eabi/lib/thumb/v7-m/nofp\libm.a
LOAD c:/program files (x86)/gnu arm embedded toolchain/10 2020-q4-major/bin/../lib/gcc/arm-none-eabi/10.2.1/thumb/v7-m/nofp\libgcc.a

.debug_info     0x00000000    0x113cb
 .debug_info    0x00000000     0x1569 build/main.o
 .debug_info    0x00001569      0x384 build/gpio.o
 .debug_info    0x000018ed      0x345 build/dma.o
 .debug_info    0x00001c32     0x1285 build/tim.o
 .debug_info    0x00002eb7      0xb31 build/usart.o
 .debug_info    0x000039e8      0xb28 build/stm32f1xx_it.o
 .debug_info    0x00004510      0x238 build/stm32f1xx_hal_msp.o
 .debug_info    0x00004748     0x3df8 build/stm32f1xx_hal_tim.o
 .debug_info    0x00008540     0x1b67 build/stm32f1xx_hal_tim_ex.o
 .debug_info    0x0000a0a7      0x855 build/stm32f1xx_hal.o
 .debug_info    0x0000a8fc      0xaec build/stm32f1xx_hal_rcc.o
 .debug_info    0x0000b3e8      0x6d7 build/stm32f1xx_hal_gpio.o
 .debug_info    0x0000babf      0x8bb build/stm32f1xx_hal_dma.o
 .debug_info    0x0000c37a      0xe2d build/stm32f1xx_hal_cortex.o
 .debug_info    0x0000d1a7     0x1e12 build/stm32f1xx_hal_uart.o
 .debug_info    0x0000efb9      0xa4d build/PID.o
 .debug_info    0x0000fa06      0x2f3 build/frame_resolve.o
 .debug_info    0x0000fcf9     0x1442 build/retarget.o
 .debug_info    0x0001113b      0x26e build/system_stm32f1xx.o
 .debug_info    0x000113a9       0x22 build/startup_stm32f103xb.o

.debug_abbrev   0x00000000     0x26e4
 .debug_abbrev  0x00000000      0x2a5 build/main.o
 .debug_abbrev  0x000002a5      0x13f build/gpio.o
 .debug_abbrev  0x000003e4      0x117 build/dma.o
 .debug_abbrev  0x000004fb      0x27c build/tim.o
 .debug_abbrev  0x00000777      0x1e1 build/usart.o
 .debug_abbrev  0x00000958      0x198 build/stm32f1xx_it.o
 .debug_abbrev  0x00000af0       0xe7 build/stm32f1xx_hal_msp.o
 .debug_abbrev  0x00000bd7      0x296 build/stm32f1xx_hal_tim.o
 .debug_abbrev  0x00000e6d      0x298 build/stm32f1xx_hal_tim_ex.o
 .debug_abbrev  0x00001105      0x1f7 build/stm32f1xx_hal.o
 .debug_abbrev  0x000012fc      0x29a build/stm32f1xx_hal_rcc.o
 .debug_abbrev  0x00001596      0x222 build/stm32f1xx_hal_gpio.o
 .debug_abbrev  0x000017b8      0x244 build/stm32f1xx_hal_dma.o
 .debug_abbrev  0x000019fc      0x359 build/stm32f1xx_hal_cortex.o
 .debug_abbrev  0x00001d55      0x2ab build/stm32f1xx_hal_uart.o
 .debug_abbrev  0x00002000      0x1f9 build/PID.o
 .debug_abbrev  0x000021f9      0x103 build/frame_resolve.o
 .debug_abbrev  0x000022fc      0x296 build/retarget.o
 .debug_abbrev  0x00002592      0x140 build/system_stm32f1xx.o
 .debug_abbrev  0x000026d2       0x12 build/startup_stm32f103xb.o

.debug_loc      0x00000000     0xcf1c
 .debug_loc     0x00000000      0x16a build/main.o
 .debug_loc     0x0000016a       0x38 build/gpio.o
 .debug_loc     0x000001a2       0x38 build/dma.o
 .debug_loc     0x000001da      0x3a3 build/tim.o
 .debug_loc     0x0000057d       0xf5 build/usart.o
 .debug_loc     0x00000672       0xc0 build/stm32f1xx_it.o
 .debug_loc     0x00000732       0x41 build/stm32f1xx_hal_msp.o
 .debug_loc     0x00000773     0x530c build/stm32f1xx_hal_tim.o
 .debug_loc     0x00005a7f     0x1f3e build/stm32f1xx_hal_tim_ex.o
 .debug_loc     0x000079bd      0x1e1 build/stm32f1xx_hal.o
 .debug_loc     0x00007b9e      0x7ee build/stm32f1xx_hal_rcc.o
 .debug_loc     0x0000838c      0x551 build/stm32f1xx_hal_gpio.o
 .debug_loc     0x000088dd      0x901 build/stm32f1xx_hal_dma.o
 .debug_loc     0x000091de      0x77f build/stm32f1xx_hal_cortex.o
 .debug_loc     0x0000995d     0x267b build/stm32f1xx_hal_uart.o
 .debug_loc     0x0000bfd8      0x718 build/PID.o
 .debug_loc     0x0000c6f0      0x2c4 build/frame_resolve.o
 .debug_loc     0x0000c9b4      0x469 build/retarget.o
 .debug_loc     0x0000ce1d       0xff build/system_stm32f1xx.o

.debug_aranges  0x00000000      0xd28
 .debug_aranges
                0x00000000       0x48 build/main.o
 .debug_aranges
                0x00000048       0x20 build/gpio.o
 .debug_aranges
                0x00000068       0x20 build/dma.o
 .debug_aranges
                0x00000088       0x70 build/tim.o
 .debug_aranges
                0x000000f8       0x30 build/usart.o
 .debug_aranges
                0x00000128       0x88 build/stm32f1xx_it.o
 .debug_aranges
                0x000001b0       0x20 build/stm32f1xx_hal_msp.o
 .debug_aranges
                0x000001d0      0x3d0 build/stm32f1xx_hal_tim.o
 .debug_aranges
                0x000005a0      0x168 build/stm32f1xx_hal_tim_ex.o
 .debug_aranges
                0x00000708       0xe0 build/stm32f1xx_hal.o
 .debug_aranges
                0x000007e8       0x90 build/stm32f1xx_hal_rcc.o
 .debug_aranges
                0x00000878       0x58 build/stm32f1xx_hal_gpio.o
 .debug_aranges
                0x000008d0       0x80 build/stm32f1xx_hal_dma.o
 .debug_aranges
                0x00000950       0x90 build/stm32f1xx_hal_cortex.o
 .debug_aranges
                0x000009e0      0x200 build/stm32f1xx_hal_uart.o
 .debug_aranges
                0x00000be0       0x70 build/PID.o
 .debug_aranges
                0x00000c50       0x38 build/frame_resolve.o
 .debug_aranges
                0x00000c88       0x50 build/retarget.o
 .debug_aranges
                0x00000cd8       0x28 build/system_stm32f1xx.o
 .debug_aranges
                0x00000d00       0x28 build/startup_stm32f103xb.o

.debug_ranges   0x00000000      0xc70
 .debug_ranges  0x00000000       0x38 build/main.o
 .debug_ranges  0x00000038       0x10 build/gpio.o
 .debug_ranges  0x00000048       0x10 build/dma.o
 .debug_ranges  0x00000058       0x60 build/tim.o
 .debug_ranges  0x000000b8       0x20 build/usart.o
 .debug_ranges  0x000000d8       0x78 build/stm32f1xx_it.o
 .debug_ranges  0x00000150       0x10 build/stm32f1xx_hal_msp.o
 .debug_ranges  0x00000160      0x3c0 build/stm32f1xx_hal_tim.o
 .debug_ranges  0x00000520      0x158 build/stm32f1xx_hal_tim_ex.o
 .debug_ranges  0x00000678       0xd0 build/stm32f1xx_hal.o
 .debug_ranges  0x00000748       0xa0 build/stm32f1xx_hal_rcc.o
 .debug_ranges  0x000007e8       0x48 build/stm32f1xx_hal_gpio.o
 .debug_ranges  0x00000830       0x70 build/stm32f1xx_hal_dma.o
 .debug_ranges  0x000008a0       0xe0 build/stm32f1xx_hal_cortex.o
 .debug_ranges  0x00000980      0x1f0 build/stm32f1xx_hal_uart.o
 .debug_ranges  0x00000b70       0x60 build/PID.o
 .debug_ranges  0x00000bd0       0x28 build/frame_resolve.o
 .debug_ranges  0x00000bf8       0x40 build/retarget.o
 .debug_ranges  0x00000c38       0x18 build/system_stm32f1xx.o
 .debug_ranges  0x00000c50       0x20 build/startup_stm32f103xb.o

.debug_line     0x00000000     0xd1ca
 .debug_line    0x00000000      0x4e0 build/main.o
 .debug_line    0x000004e0      0x1fe build/gpio.o
 .debug_line    0x000006de      0x1a5 build/dma.o
 .debug_line    0x00000883      0x68d build/tim.o
 .debug_line    0x00000f10      0x3ba build/usart.o
 .debug_line    0x000012ca      0x36b build/stm32f1xx_it.o
 .debug_line    0x00001635      0x181 build/stm32f1xx_hal_msp.o
 .debug_line    0x000017b6     0x4664 build/stm32f1xx_hal_tim.o
 .debug_line    0x00005e1a     0x1b62 build/stm32f1xx_hal_tim_ex.o
 .debug_line    0x0000797c      0x532 build/stm32f1xx_hal.o
 .debug_line    0x00007eae      0xc30 build/stm32f1xx_hal_rcc.o
 .debug_line    0x00008ade      0x5e7 build/stm32f1xx_hal_gpio.o
 .debug_line    0x000090c5      0xa57 build/stm32f1xx_hal_dma.o
 .debug_line    0x00009b1c      0x63d build/stm32f1xx_hal_cortex.o
 .debug_line    0x0000a159     0x20bf build/stm32f1xx_hal_uart.o
 .debug_line    0x0000c218      0x593 build/PID.o
 .debug_line    0x0000c7ab      0x2ea build/frame_resolve.o
 .debug_line    0x0000ca95      0x476 build/retarget.o
 .debug_line    0x0000cf0b      0x24a build/system_stm32f1xx.o
 .debug_line    0x0000d155       0x75 build/startup_stm32f103xb.o

.debug_str      0x00000000     0x4085
 .debug_str     0x00000000      0xc9a build/main.o
                                0xdcb (size before relaxing)
 .debug_str     0x00000c9a       0xbe build/gpio.o
                                0x261 (size before relaxing)
 .debug_str     0x00000d58      0x30c build/dma.o
                                0x4c4 (size before relaxing)
 .debug_str     0x00001064      0x328 build/tim.o
                                0xd8e (size before relaxing)
 .debug_str     0x0000138c       0x88 build/usart.o
                                0x9c7 (size before relaxing)
 .debug_str     0x00001414      0x159 build/stm32f1xx_it.o
                                0x999 (size before relaxing)
 .debug_str     0x0000156d       0x57 build/stm32f1xx_hal_msp.o
                                0x203 (size before relaxing)
 .debug_str     0x000015c4      0xcae build/stm32f1xx_hal_tim.o
                               0x161c (size before relaxing)
 .debug_str     0x00002272      0x521 build/stm32f1xx_hal_tim_ex.o
                                0xe1d (size before relaxing)
 .debug_str     0x00002793      0x2fd build/stm32f1xx_hal.o
                                0x808 (size before relaxing)
 .debug_str     0x00002a90      0x1fe build/stm32f1xx_hal_rcc.o
                                0x60f (size before relaxing)
 .debug_str     0x00002c8e      0x117 build/stm32f1xx_hal_gpio.o
                                0x3e4 (size before relaxing)
 .debug_str     0x00002da5      0x1db build/stm32f1xx_hal_dma.o
                                0x5e1 (size before relaxing)
 .debug_str     0x00002f80      0x39b build/stm32f1xx_hal_cortex.o
                                0x8b7 (size before relaxing)
 .debug_str     0x0000331b      0x59b build/stm32f1xx_hal_uart.o
                                0xc72 (size before relaxing)
 .debug_str     0x000038b6      0x218 build/PID.o
                                0x55a (size before relaxing)
 .debug_str     0x00003ace       0x6c build/frame_resolve.o
                                0x212 (size before relaxing)
 .debug_str     0x00003b3a      0x4d8 build/retarget.o
                                0xaf7 (size before relaxing)
 .debug_str     0x00004012       0x4f build/system_stm32f1xx.o
                                0x238 (size before relaxing)
 .debug_str     0x00004061       0x24 build/startup_stm32f103xb.o
                                 0x57 (size before relaxing)

.comment        0x00000000       0x4d
 .comment       0x00000000       0x4d build/main.o
                                 0x4e (size before relaxing)
 .comment       0x0000004d       0x4e build/gpio.o
 .comment       0x0000004d       0x4e build/dma.o
 .comment       0x0000004d       0x4e build/tim.o
 .comment       0x0000004d       0x4e build/usart.o
 .comment       0x0000004d       0x4e build/stm32f1xx_it.o
 .comment       0x0000004d       0x4e build/stm32f1xx_hal_msp.o
 .comment       0x0000004d       0x4e build/stm32f1xx_hal_tim.o
 .comment       0x0000004d       0x4e build/stm32f1xx_hal_tim_ex.o
 .comment       0x0000004d       0x4e build/stm32f1xx_hal.o
 .comment       0x0000004d       0x4e build/stm32f1xx_hal_rcc.o
 .comment       0x0000004d       0x4e build/stm32f1xx_hal_gpio.o
 .comment       0x0000004d       0x4e build/stm32f1xx_hal_dma.o
 .comment       0x0000004d       0x4e build/stm32f1xx_hal_cortex.o
 .comment       0x0000004d       0x4e build/stm32f1xx_hal_uart.o
 .comment       0x0000004d       0x4e build/PID.o
 .comment       0x0000004d       0x4e build/frame_resolve.o