Archive member included to satisfy reference by file (symbol)

c:/program files (x86)/gnu arm embedded toolchain/10 2020-q4-major/bin/../lib/gcc/arm-none-eabi/10.2.1/../../../../arm-none-eabi/lib/thumb/v7e-m+fp/hard\libc_nano.a(lib_a-exit.o)
                              c:/program files (x86)/gnu arm embedded toolchain/10 2020-q4-major/bin/../lib/gcc/arm-none-eabi/10.2.1/../../../../arm-none-eabi/lib/thumb/v7e-m+fp/hard/crt0.o (exit)
c:/program files (x86)/gnu arm embedded toolchain/10 2020-q4-major/bin/../lib/gcc/arm-none-eabi/10.2.1/../../../../arm-none-eabi/lib/thumb/v7e-m+fp/hard\libc_nano.a(lib_a-impure.o)
                              c:/program files (x86)/gnu arm embedded toolchain/10 2020-q4-major/bin/../lib/gcc/arm-none-eabi/10.2.1/../../../../arm-none-eabi/lib/thumb/v7e-m+fp/hard\libc_nano.a(lib_a-exit.o) (_global_impure_ptr)
c:/program files (x86)/gnu arm embedded toolchain/10 2020-q4-major/bin/../lib/gcc/arm-none-eabi/10.2.1/../../../../arm-none-eabi/lib/thumb/v7e-m+fp/hard\libc_nano.a(lib_a-init.o)
                              c:/program files (x86)/gnu arm embedded toolchain/10 2020-q4-major/bin/../lib/gcc/arm-none-eabi/10.2.1/../../../../arm-none-eabi/lib/thumb/v7e-m+fp/hard/crt0.o (__libc_init_array)
c:/program files (x86)/gnu arm embedded toolchain/10 2020-q4-major/bin/../lib/gcc/arm-none-eabi/10.2.1/../../../../arm-none-eabi/lib/thumb/v7e-m+fp/hard\libc_nano.a(lib_a-memset.o)
                              c:/program files (x86)/gnu arm embedded toolchain/10 2020-q4-major/bin/../lib/gcc/arm-none-eabi/10.2.1/../../../../arm-none-eabi/lib/thumb/v7e-m+fp/hard/crt0.o (memset)
c:/program files (x86)/gnu arm embedded toolchain/10 2020-q4-major/bin/../lib/gcc/arm-none-eabi/10.2.1/../../../../arm-none-eabi/lib/thumb/v7e-m+fp/hard\libc_nano.a(lib_a-sprintf.o)
                              build/main.o (sprintf)
c:/program files (x86)/gnu arm embedded toolchain/10 2020-q4-major/bin/../lib/gcc/arm-none-eabi/10.2.1/../../../../arm-none-eabi/lib/thumb/v7e-m+fp/hard\libc_nano.a(lib_a-nano-svfprintf.o)
                              c:/program files (x86)/gnu arm embedded toolchain/10 2020-q4-major/bin/../lib/gcc/arm-none-eabi/10.2.1/../../../../arm-none-eabi/lib/thumb/v7e-m+fp/hard\libc_nano.a(lib_a-sprintf.o) (_svfprintf_r)
c:/program files (x86)/gnu arm embedded toolchain/10 2020-q4-major/bin/../lib/gcc/arm-none-eabi/10.2.1/../../../../arm-none-eabi/lib/thumb/v7e-m+fp/hard\libc_nano.a(lib_a-nano-vfprintf_i.o)
                              c:/program files (x86)/gnu arm embedded toolchain/10 2020-q4-major/bin/../lib/gcc/arm-none-eabi/10.2.1/../../../../arm-none-eabi/lib/thumb/v7e-m+fp/hard\libc_nano.a(lib_a-nano-svfprintf.o) (_printf_i)
c:/program files (x86)/gnu arm embedded toolchain/10 2020-q4-major/bin/../lib/gcc/arm-none-eabi/10.2.1/../../../../arm-none-eabi/lib/thumb/v7e-m+fp/hard\libc_nano.a(lib_a-memchr.o)
                              c:/program files (x86)/gnu arm embedded toolchain/10 2020-q4-major/bin/../lib/gcc/arm-none-eabi/10.2.1/../../../../arm-none-eabi/lib/thumb/v7e-m+fp/hard\libc_nano.a(lib_a-nano-svfprintf.o) (memchr)
c:/program files (x86)/gnu arm embedded toolchain/10 2020-q4-major/bin/../lib/gcc/arm-none-eabi/10.2.1/../../../../arm-none-eabi/lib/thumb/v7e-m+fp/hard\libc_nano.a(lib_a-memcpy-stub.o)
                              c:/program files (x86)/gnu arm embedded toolchain/10 2020-q4-major/bin/../lib/gcc/arm-none-eabi/10.2.1/../../../../arm-none-eabi/lib/thumb/v7e-m+fp/hard\libc_nano.a(lib_a-nano-svfprintf.o) (memcpy)
c:/program files (x86)/gnu arm embedded toolchain/10 2020-q4-major/bin/../lib/gcc/arm-none-eabi/10.2.1/../../../../arm-none-eabi/lib/thumb/v7e-m+fp/hard\libc_nano.a(lib_a-memmove.o)
                              c:/program files (x86)/gnu arm embedded toolchain/10 2020-q4-major/bin/../lib/gcc/arm-none-eabi/10.2.1/../../../../arm-none-eabi/lib/thumb/v7e-m+fp/hard\libc_nano.a(lib_a-nano-svfprintf.o) (memmove)
c:/program files (x86)/gnu arm embedded toolchain/10 2020-q4-major/bin/../lib/gcc/arm-none-eabi/10.2.1/../../../../arm-none-eabi/lib/thumb/v7e-m+fp/hard\libc_nano.a(lib_a-nano-freer.o)
                              c:/program files (x86)/gnu arm embedded toolchain/10 2020-q4-major/bin/../lib/gcc/arm-none-eabi/10.2.1/../../../../arm-none-eabi/lib/thumb/v7e-m+fp/hard\libc_nano.a(lib_a-nano-svfprintf.o) (_free_r)
c:/program files (x86)/gnu arm embedded toolchain/10 2020-q4-major/bin/../lib/gcc/arm-none-eabi/10.2.1/../../../../arm-none-eabi/lib/thumb/v7e-m+fp/hard\libc_nano.a(lib_a-nano-mallocr.o)
                              c:/program files (x86)/gnu arm embedded toolchain/10 2020-q4-major/bin/../lib/gcc/arm-none-eabi/10.2.1/../../../../arm-none-eabi/lib/thumb/v7e-m+fp/hard\libc_nano.a(lib_a-nano-svfprintf.o) (_malloc_r)
c:/program files (x86)/gnu arm embedded toolchain/10 2020-q4-major/bin/../lib/gcc/arm-none-eabi/10.2.1/../../../../arm-none-eabi/lib/thumb/v7e-m+fp/hard\libc_nano.a(lib_a-nano-reallocr.o)
[...]
Memory Configuration

Name             Origin             Length             Attributes
RAM              0x20000000         0x00020000         xrw
CCMRAM           0x10000000         0x00010000         xrw
FLASH            0x08000000         0x00080000         xr
*default*        0x00000000         0xffffffff

Linker script and memory map

LOAD c:/program files (x86)/gnu arm embedded toolchain/10 2020-q4-major/bin/../lib/gcc/arm-none-eabi/10.2.1/thumb/v7e-m+fp/hard/crti.o
LOAD c:/program files (x86)/gnu arm embedded toolchain/10 2020-q4-major/bin/../lib/gcc/arm-none-eabi/10.2.1/thumb/v7e-m+fp/hard/crtbegin.o
LOAD c:/program files (x86)/gnu arm embedded toolchain/10 2020-q4-major/bin/../lib/gcc/arm-none-eabi/10.2.1/../../../../arm-none-eabi/lib/thumb/v7e-m+fp/hard/crt0.o
LOAD build/main.o
LOAD build/stm32f4xx_it.o
LOAD build/stm32f4xx_hal_msp.o
LOAD build/stm32f4xx_hal_tim.o
LOAD build/stm32f4xx_hal_tim_ex.o
LOAD build/stm32f4xx_hal_uart.o
LOAD build/stm32f4xx_hal_rcc.o
LOAD build/stm32f4xx_hal_rcc_ex.o
LOAD build/stm32f4xx_hal_flash.o
LOAD build/stm32f4xx_hal_flash_ex.o
LOAD build/stm32f4xx_hal_flash_ramfunc.o
LOAD build/stm32f4xx_hal_gpio.o
LOAD build/stm32f4xx_hal_dma_ex.o
LOAD build/stm32f4xx_hal_dma.o
LOAD build/stm32f4xx_hal_pwr.o
LOAD build/stm32f4xx_hal_pwr_ex.o
LOAD build/stm32f4xx_hal_cortex.o
LOAD build/stm32f4xx_hal.o
LOAD build/stm32f4xx_hal_exti.o
LOAD build/system_stm32f4xx.o
LOAD build/gpio.o
LOAD build/dma.o
LOAD build/usart.o
LOAD build/tim.o
LOAD build/PID.o
LOAD build/frame_resolve.o
LOAD build/startup_stm32f407xx.o
LOAD c:/program files (x86)/gnu arm embedded toolchain/10 2020-q4-major/bin/../lib/gcc/arm-none-eabi/10.2.1/../../../../arm-none-eabi/lib/thumb/v7e-m+fp/hard\libc_nano.a
LOAD c:/program files (x86)/gnu arm embedded toolchain/10 2020-q4-major/bin/../lib/gcc/arm-none-eabi/10.2.1/../../../../arm-none-eabi/lib/thumb/v7e-m+fp/hard\libm.a
LOAD c:/program files (x86)/gnu arm embedded toolchain/10 2020-q4-major/bin/../lib/gcc/arm-none-eabi/10.2.1/../../../../arm-none-eabi/lib/thumb/v7e-m+fp/hard\libnosys.a
START GROUP
LOAD c:/program files (x86)/gnu arm embedded toolchain/10 2020-q4-major/bin/../lib/gcc/arm-none-eabi/10.2.1/thumb/v7e-m+fp/hard\libgcc.a
LOAD c:/program files (x86)/gnu arm embedded toolchain/10 2020-q4-major/bin/../lib/gcc/arm-none-eabi/10.2.1/../../../../arm-none-eabi/lib/thumb/v7e-m+fp/hard\libc_nano.a
END GROUP
START GROUP
LOAD c:/program files (x86)/gnu arm embedded toolchain/10 2020-q4-major/bin/../lib/gcc/arm-none-eabi/10.2.1/thumb/v7e-m+fp/hard\libgcc.a
LOAD c:/program files (x86)/gnu arm embedded toolchain/10 2020-q4-major/bin/../lib/gcc/arm-none-eabi/10.2.1/../../../../arm-none-eabi/lib/thumb/v7e-m+fp/hard\libc_nano.a
END GROUP
LOAD c:/program files (x86)/gnu arm embedded toolchain/10 2020-q4-major/bin/../lib/gcc/arm-none-eabi/10.2.1/thumb/v7e-m+fp/hard/crtend.o
LOAD c:/program files (x86)/gnu arm embedded toolchain/10 2020-q4-major/bin/../lib/gcc/arm-none-eabi/10.2.1/thumb/v7e-m+fp/hard/crtn.o
                0x20020000                _estack = 0x20020000
                0x00000200                _Min_Heap_Size = 0x200
                0x00000400                _Min_Stack_Size = 0x400

.isr_vector     0x08000000      0x188
                0x08000000                . = ALIGN (0x4)
 *(.isr_vector)
 .isr_vector    0x08000000      0x188 build/startup_stm32f407xx.o
                0x08000000                g_pfnVectors
                0x08000188                . = ALIGN (0x4)

.text           0x08000190     0x37bc
                0x08000190                . = ALIGN (0x4)
 *(.text)
 .text          0x08000190       0x40 c:/program files (x86)/gnu arm embedded toolchain/10 2020-q4-major/bin/../lib/gcc/arm-none-eabi/10.2.1/thumb/v7e-m+fp/hard/crtbegin.o
 .text          0x080001d0       0xa0 c:/program files (x86)/gnu arm embedded toolchain/10 2020-q4-major/bin/../lib/gcc/arm-none-eabi/10.2.1/../../../../arm-none-eabi/lib/thumb/v7e-m+fp/hard\libc_nano.a(lib_a-memchr.o)
                0x080001d0                memchr
 .text          0x08000270      0x378 c:/program files (x86)/gnu arm embedded toolchain/10 2020-q4-major/bin/../lib/gcc/arm-none-eabi/10.2.1/thumb/v7e-m+fp/hard\libgcc.a(_arm_addsubdf3.o)
                0x08000270                __aeabi_drsub
                0x08000278                __aeabi_dsub
                0x08000278                __subdf3
                0x0800027c                __aeabi_dadd
                0x0800027c                __adddf3
                0x080004f4                __floatunsidf
                0x080004f4                __aeabi_ui2d
                0x08000514                __floatsidf
                0x08000514                __aeabi_i2d
                0x08000538                __aeabi_f2d
                0x08000538                __extendsfdf2
                0x0800057c                __floatundidf
                0x0800057c                __aeabi_ul2d
                0x0800058c                __floatdidf
                0x0800058c                __aeabi_l2d
 .text          0x080005e8       0x30 c:/program files (x86)/gnu arm embedded toolchain/10 2020-q4-major/bin/../lib/gcc/arm-none-eabi/10.2.1/thumb/v7e-m+fp/hard\libgcc.a(_aeabi_uldivmod.o)
                0x080005e8                __aeabi_uldivmod
 .text          0x08000618      0x2d0 c:/program files (x86)/gnu arm embedded toolchain/10 2020-q4-major/bin/../lib/gcc/arm-none-eabi/10.2.1/thumb/v7e-m+fp/hard\libgcc.a(_udivmoddi4.o)
                0x08000618                __udivmoddi4
 .text          0x080008e8        0x4 c:/program files (x86)/gnu arm embedded toolchain/10 2020-q4-major/bin/../lib/gcc/arm-none-eabi/10.2.1/thumb/v7e-m+fp/hard\libgcc.a(_dvmd_tls.o)
                0x080008e8                __aeabi_idiv0
                0x080008e8                __aeabi_ldiv0
 *(.text*)
 .text.HAL_TIM_PeriodElapsedCallback
                0x080008ec       0x10 build/main.o
                0x080008ec                HAL_TIM_PeriodElapsedCallback
 .text.HAL_UART_RxCpltCallback
                0x080008fc       0xa0 build/main.o
                0x080008fc                HAL_UART_RxCpltCallback
 .text.Error_Handler
                0x0800099c        0x4 build/main.o
                0x0800099c                Error_Handler
 .text.SystemClock_Config
                0x080009a0       0xa8 build/main.o
                0x080009a0                SystemClock_Config
 .text.main     0x08000a48       0xe4 build/main.o
                0x08000a48                main
 .text.NMI_Handler
                0x08000b2c        0x2 build/stm32f4xx_it.o
                0x08000b2c                NMI_Handler
 .text.HardFault_Handler
                0x08000b2e        0x2 build/stm32f4xx_it.o
                0x08000b2e                HardFault_Handler
 .text.MemManage_Handler
                0x08000b30        0x2 build/stm32f4xx_it.o
                0x08000b30                MemManage_Handler
 .text.BusFault_Handler
                0x08000b32        0x2 build/stm32f4xx_it.o
                0x08000b32                BusFault_Handler
 .text.UsageFault_Handler
                0x08000b34        0x2 build/stm32f4xx_it.o
                0x08000b34                UsageFault_Handler
 .text.SVC_Handler
                0x08000b36        0x2 build/stm32f4xx_it.o
                0x08000b36                SVC_Handler
 .text.DebugMon_Handler
                0x08000b38        0x2 build/stm32f4xx_it.o
                0x08000b38                DebugMon_Handler
 .text.PendSV_Handler
                0x08000b3a        0x2 build/stm32f4xx_it.o
                0x08000b3a                PendSV_Handler
 .text.SysTick_Handler
                0x08000b3c        0x8 build/stm32f4xx_it.o
                0x08000b3c                SysTick_Handler
 .text.TIM4_IRQHandler
                0x08000b44       0x10 build/stm32f4xx_it.o
                0x08000b44                TIM4_IRQHandler
 .text.USART1_IRQHandler
                0x08000b54       0x10 build/stm32f4xx_it.o
                0x08000b54                USART1_IRQHandler
 .text.TIM5_IRQHandler
                0x08000b64       0x10 build/stm32f4xx_it.o
                0x08000b64                TIM5_IRQHandler
 .text.DMA2_Stream2_IRQHandler
                0x08000b74       0x10 build/stm32f4xx_it.o
                0x08000b74                DMA2_Stream2_IRQHandler
 .text.DMA2_Stream7_IRQHandler
                0x08000b84       0x10 build/stm32f4xx_it.o
                0x08000b84                DMA2_Stream7_IRQHandler
 .text.HAL_MspInit
                0x08000b94       0x38 build/stm32f4xx_hal_msp.o
                0x08000b94                HAL_MspInit
 .text.TIM_OC1_SetConfig
                0x08000bcc       0x68 build/stm32f4xx_hal_tim.o
 .text.TIM_OC3_SetConfig
                0x08000c34       0x70 build/stm32f4xx_hal_tim.o
 .text.TIM_OC4_SetConfig
                0x08000ca4       0x50 build/stm32f4xx_hal_tim.o
 .text.TIM_TI1_ConfigInputStage
                0x08000cf4       0x24 build/stm32f4xx_hal_tim.o
 .text.TIM_TI2_ConfigInputStage
                0x08000d18       0x26 build/stm32f4xx_hal_tim.o
 .text.TIM_ITRx_SetConfig
                0x08000d3e       0x10 build/stm32f4xx_hal_tim.o
 .text.HAL_TIM_PWM_MspInit
                0x08000d4e        0x2 build/stm32f4xx_hal_tim.o
                0x08000d4e                HAL_TIM_PWM_MspInit
 .text.HAL_TIM_OC_DelayElapsedCallback
                0x08000d50        0x2 build/stm32f4xx_hal_tim.o
                0x08000d50                HAL_TIM_OC_DelayElapsedCallback
 .text.HAL_TIM_IC_CaptureCallback
                0x08000d52        0x2 build/stm32f4xx_hal_tim.o
                0x08000d52                HAL_TIM_IC_CaptureCallback
 .text.HAL_TIM_PWM_PulseFinishedCallback
                0x08000d54        0x2 build/stm32f4xx_hal_tim.o
                0x08000d54                HAL_TIM_PWM_PulseFinishedCallback
 .text.HAL_TIM_TriggerCallback
                0x08000d56        0x2 build/stm32f4xx_hal_tim.o
                0x08000d56                HAL_TIM_TriggerCallback
 .text.HAL_TIM_IRQHandler
                0x08000d58      0x17a build/stm32f4xx_hal_tim.o
                0x08000d58                HAL_TIM_IRQHandler
 *fill*         0x08000ed2        0x2 
 .text.TIM_Base_SetConfig
                0x08000ed4       0xc8 build/stm32f4xx_hal_tim.o
                0x08000ed4                TIM_Base_SetConfig
 .text.HAL_TIM_Base_Init
                0x08000f9c       0x58 build/stm32f4xx_hal_tim.o
                0x08000f9c                HAL_TIM_Base_Init
 .text.HAL_TIM_PWM_Init
                0x08000ff4       0x58 build/stm32f4xx_hal_tim.o
                0x08000ff4                HAL_TIM_PWM_Init
 .text.HAL_TIM_Encoder_Init
                0x0800104c       0xb0 build/stm32f4xx_hal_tim.o
                0x0800104c                HAL_TIM_Encoder_Init
 .text.TIM_OC2_SetConfig
                0x080010fc       0x70 build/stm32f4xx_hal_tim.o
                0x080010fc                TIM_OC2_SetConfig
 .text.HAL_TIM_PWM_ConfigChannel
                0x0800116c       0xd0 build/stm32f4xx_hal_tim.o
                0x0800116c                HAL_TIM_PWM_ConfigChannel
 .text.TIM_ETR_SetConfig
                0x0800123c       0x18 build/stm32f4xx_hal_tim.o
                0x0800123c                TIM_ETR_SetConfig
 .text.HAL_TIM_ConfigClockSource
                0x08001254       0xda build/stm32f4xx_hal_tim.o
                0x08001254                HAL_TIM_ConfigClockSource
 *fill*         0x0800132e        0x2 
 .text.HAL_TIMEx_MasterConfigSynchronization
                0x08001330       0x88 build/stm32f4xx_hal_tim_ex.o
                0x08001330                HAL_TIMEx_MasterConfigSynchronization
 .text.HAL_TIMEx_CommutCallback
                0x080013b8        0x2 build/stm32f4xx_hal_tim_ex.o
                0x080013b8                HAL_TIMEx_CommutCallback
 .text.HAL_TIMEx_BreakCallback
                0x080013ba        0x2 build/stm32f4xx_hal_tim_ex.o
                0x080013ba                HAL_TIMEx_BreakCallback
 .text.UART_EndTxTransfer
                0x080013bc       0x12 build/stm32f4xx_hal_uart.o
 .text.UART_EndRxTransfer
                0x080013ce       0x32 build/stm32f4xx_hal_uart.o
 .text.UART_Transmit_IT
                0x08001400       0x60 build/stm32f4xx_hal_uart.o
 .text.UART_SetConfig
                0x08001460      0x11c build/stm32f4xx_hal_uart.o
 .text.HAL_UART_Init
                0x0800157c       0x5e build/stm32f4xx_hal_uart.o
                0x0800157c                HAL_UART_Init
 *fill*         0x080015da        0x2 
 .text.HAL_UART_Transmit_DMA
                0x080015dc       0x8c build/stm32f4xx_hal_uart.o
                0x080015dc                HAL_UART_Transmit_DMA
 .text.HAL_UART_TxCpltCallback
                0x08001668        0x2 build/stm32f4xx_hal_uart.o
                0x08001668                HAL_UART_TxCpltCallback
 .text.UART_DMATransmitCplt
                0x0800166a       0x30 build/stm32f4xx_hal_uart.o
 .text.UART_EndTransmit_IT
                0x0800169a       0x1a build/stm32f4xx_hal_uart.o
 .text.HAL_UART_TxHalfCpltCallback
                0x080016b4        0x2 build/stm32f4xx_hal_uart.o
                0x080016b4                HAL_UART_TxHalfCpltCallback
 .text.UART_DMATxHalfCplt
                0x080016b6        0xa build/stm32f4xx_hal_uart.o
 .text.HAL_UART_RxHalfCpltCallback
                0x080016c0        0x2 build/stm32f4xx_hal_uart.o
                0x080016c0                HAL_UART_RxHalfCpltCallback
 .text.HAL_UART_ErrorCallback
                0x080016c2        0x2 build/stm32f4xx_hal_uart.o
                0x080016c2                HAL_UART_ErrorCallback
 .text.UART_DMAError
                0x080016c4       0x58 build/stm32f4xx_hal_uart.o
 .text.UART_DMAAbortOnError
                0x0800171c       0x10 build/stm32f4xx_hal_uart.o
 .text.HAL_UARTEx_RxEventCallback
                0x0800172c        0x2 build/stm32f4xx_hal_uart.o
                0x0800172c                HAL_UARTEx_RxEventCallback
 .text.UART_Receive_IT
                0x0800172e       0xba build/stm32f4xx_hal_uart.o
 .text.HAL_UART_IRQHandler
                0x080017e8      0x208 build/stm32f4xx_hal_uart.o
                0x080017e8                HAL_UART_IRQHandler
 .text.UART_DMARxHalfCplt
                0x080019f0       0x1a build/stm32f4xx_hal_uart.o
 .text.UART_DMAReceiveCplt
                0x08001a0a       0x5e build/stm32f4xx_hal_uart.o
 .text.UART_Start_Receive_DMA
                0x08001a68       0x78 build/stm32f4xx_hal_uart.o
                0x08001a68                UART_Start_Receive_DMA
 .text.HAL_UART_Receive_DMA
                0x08001ae0       0x38 build/stm32f4xx_hal_uart.o
                0x08001ae0                HAL_UART_Receive_DMA
 .text.HAL_RCC_OscConfig
                0x08001b18      0x3f8 build/stm32f4xx_hal_rcc.o
                0x08001b18                HAL_RCC_OscConfig
 .text.HAL_RCC_GetSysClockFreq
                0x08001f10       0xcc build/stm32f4xx_hal_rcc.o
                0x08001f10                HAL_RCC_GetSysClockFreq
 .text.HAL_RCC_ClockConfig
                0x08001fdc      0x160 build/stm32f4xx_hal_rcc.o
                0x08001fdc                HAL_RCC_ClockConfig
 .text.HAL_RCC_GetHCLKFreq
                0x0800213c        0xc build/stm32f4xx_hal_rcc.o
                0x0800213c                HAL_RCC_GetHCLKFreq
 .text.HAL_RCC_GetPCLK1Freq
                0x08002148       0x20 build/stm32f4xx_hal_rcc.o
                0x08002148                HAL_RCC_GetPCLK1Freq
 .text.HAL_RCC_GetPCLK2Freq
                0x08002168       0x20 build/stm32f4xx_hal_rcc.o
                0x08002168                HAL_RCC_GetPCLK2Freq
 .text.HAL_GPIO_Init
                0x08002188      0x1d4 build/stm32f4xx_hal_gpio.o
                0x08002188                HAL_GPIO_Init
 .text.HAL_GPIO_WritePin
                0x0800235c        0xc build/stm32f4xx_hal_gpio.o
                0x0800235c                HAL_GPIO_WritePin
 .text.DMA_SetConfig
                0x08002368       0x2c build/stm32f4xx_hal_dma.o
 .text.DMA_CalcBaseAndBitshift
                0x08002394       0x44 build/stm32f4xx_hal_dma.o
 .text.DMA_CheckFifoParam
                0x080023d8       0x8e build/stm32f4xx_hal_dma.o
 *fill*         0x08002466        0x2 
 .text.HAL_DMA_Init
                0x08002468       0xcc build/stm32f4xx_hal_dma.o
                0x08002468                HAL_DMA_Init
 .text.HAL_DMA_Start_IT
                0x08002534       0x6a build/stm32f4xx_hal_dma.o
                0x08002534                HAL_DMA_Start_IT
 .text.HAL_DMA_Abort
                0x0800259e       0x94 build/stm32f4xx_hal_dma.o
                0x0800259e                HAL_DMA_Abort
 .text.HAL_DMA_Abort_IT
                0x08002632       0x26 build/stm32f4xx_hal_dma.o
                0x08002632                HAL_DMA_Abort_IT
 .text.HAL_DMA_IRQHandler
                0x08002658      0x1dc build/stm32f4xx_hal_dma.o
                0x08002658                HAL_DMA_IRQHandler
 .text.HAL_NVIC_SetPriorityGrouping
                0x08002834       0x24 build/stm32f4xx_hal_cortex.o
                0x08002834                HAL_NVIC_SetPriorityGrouping
 .text.HAL_NVIC_SetPriority
                0x08002858       0x68 build/stm32f4xx_hal_cortex.o
                0x08002858                HAL_NVIC_SetPriority
 .text.HAL_NVIC_EnableIRQ
                0x080028c0       0x1c build/stm32f4xx_hal_cortex.o
                0x080028c0                HAL_NVIC_EnableIRQ
 .text.HAL_SYSTICK_Config
                0x080028dc       0x2c build/stm32f4xx_hal_cortex.o
                0x080028dc                HAL_SYSTICK_Config
 .text.HAL_InitTick
                0x08002908       0x4c build/stm32f4xx_hal.o
                0x08002908                HAL_InitTick
 .text.HAL_Init
                0x08002954       0x34 build/stm32f4xx_hal.o
                0x08002954                HAL_Init
 .text.HAL_IncTick
                0x08002988       0x18 build/stm32f4xx_hal.o
                0x08002988                HAL_IncTick
 .text.HAL_GetTick
                0x080029a0        0xc build/stm32f4xx_hal.o
                0x080029a0                HAL_GetTick
 .text.HAL_Delay
                0x080029ac       0x28 build/stm32f4xx_hal.o
                0x080029ac                HAL_Delay
 .text.SystemInit
                0x080029d4       0x14 build/system_stm32f4xx.o
                0x080029d4                SystemInit
 .text.MX_GPIO_Init
                0x080029e8       0xb4 build/gpio.o
                0x080029e8                MX_GPIO_Init
 .text.MX_DMA_Init
                0x08002a9c       0x44 build/dma.o
                0x08002a9c                MX_DMA_Init
 .text.MX_USART1_UART_Init
                0x08002ae0       0x34 build/usart.o
                0x08002ae0                MX_USART1_UART_Init
 .text.HAL_UART_MspInit
                0x08002b14       0xfc build/usart.o
                0x08002b14                HAL_UART_MspInit
 .text.MX_TIM2_Init
                0x08002c10       0x64 build/tim.o
                0x08002c10                MX_TIM2_Init
 .text.MX_TIM3_Init
                0x08002c74       0x68 build/tim.o
                0x08002c74                MX_TIM3_Init
 .text.MX_TIM5_Init
                0x08002cdc       0x70 build/tim.o
                0x08002cdc                MX_TIM5_Init
 .text.HAL_TIM_Encoder_MspInit
                0x08002d4c       0xc4 build/tim.o
                0x08002d4c                HAL_TIM_Encoder_MspInit
 .text.HAL_TIM_Base_MspInit
                0x08002e10       0x74 build/tim.o
                0x08002e10                HAL_TIM_Base_MspInit
 .text.HAL_TIM_MspPostInit
                0x08002e84       0x5c build/tim.o
                0x08002e84                HAL_TIM_MspPostInit
 .text.MX_TIM4_Init
                0x08002ee0       0xc0 build/tim.o
                0x08002ee0                MX_TIM4_Init
 .text.checksum
                0x08002fa0       0x16 build/frame_resolve.o
                0x08002fa0                checksum
 .text.resolveRxFrame
                0x08002fb6       0x60 build/frame_resolve.o
                0x08002fb6                resolveRxFrame
 *fill*         0x08003016        0x2 
 .text.Reset_Handler
                0x08003018       0x50 build/startup_stm32f407xx.o
                0x08003018                Reset_Handler
 .text.Default_Handler
                0x08003068        0x2 build/startup_stm32f407xx.o
                0x08003068                RTC_Alarm_IRQHandler
                0x08003068                HASH_RNG_IRQHandler
                0x08003068                EXTI2_IRQHandler
                0x08003068                TIM8_CC_IRQHandler
                0x08003068                TIM1_CC_IRQHandler
                0x08003068                DMA2_Stream5_IRQHandler
                0x08003068                DMA1_Stream5_IRQHandler
                0x08003068                PVD_IRQHandler
                0x08003068                SDIO_IRQHandler
                0x08003068                TAMP_STAMP_IRQHandler
                0x08003068                CAN2_RX1_IRQHandler
                0x08003068                EXTI3_IRQHandler
                0x08003068                TIM8_TRG_COM_TIM14_IRQHandler
                0x08003068                TIM1_UP_TIM10_IRQHandler
                0x08003068                TIM8_UP_TIM13_IRQHandler
                0x08003068                I2C3_ER_IRQHandler
                0x08003068                EXTI0_IRQHandler
                0x08003068                I2C2_EV_IRQHandler
                0x08003068                DMA1_Stream2_IRQHandler
                0x08003068                CAN1_RX0_IRQHandler
                0x08003068                FPU_IRQHandler
                0x08003068                OTG_HS_WKUP_IRQHandler
                0x08003068                CAN2_SCE_IRQHandler
                0x08003068                SPI1_IRQHandler
                0x08003068                TIM6_DAC_IRQHandler
                0x08003068                TIM1_BRK_TIM9_IRQHandler
                0x08003068                DCMI_IRQHandler
                0x08003068                CAN2_RX0_IRQHandler
                0x08003068                DMA2_Stream3_IRQHandler
                0x08003068                USART6_IRQHandler
                0x08003068                USART3_IRQHandler
                0x08003068                CAN1_RX1_IRQHandler
                0x08003068                UART5_IRQHandler
                0x08003068                DMA2_Stream0_IRQHandler
                0x08003068                I2C1_EV_IRQHandler
                0x08003068                DMA1_Stream6_IRQHandler
                0x08003068                DMA1_Stream1_IRQHandler
                0x08003068                UART4_IRQHandler
                0x08003068                TIM3_IRQHandler
                0x08003068                RCC_IRQHandler
                0x08003068                TIM8_BRK_TIM12_IRQHandler
                0x08003068                Default_Handler
                0x08003068                EXTI15_10_IRQHandler
                0x08003068                ADC_IRQHandler
                0x08003068                DMA1_Stream7_IRQHandler
                0x08003068                TIM7_IRQHandler
                0x08003068                CAN2_TX_IRQHandler
                0x08003068                I2C3_EV_IRQHandler
                0x08003068                EXTI9_5_IRQHandler
                0x08003068                RTC_WKUP_IRQHandler
                0x08003068                ETH_WKUP_IRQHandler
                0x08003068                SPI2_IRQHandler
                0x08003068                OTG_HS_EP1_IN_IRQHandler
                0x08003068                DMA1_Stream0_IRQHandler
                0x08003068                CAN1_TX_IRQHandler
                0x08003068                EXTI4_IRQHandler
                0x08003068                FSMC_IRQHandler
                0x08003068                ETH_IRQHandler
                0x08003068                OTG_HS_EP1_OUT_IRQHandler
                0x08003068                WWDG_IRQHandler
                0x08003068                TIM2_IRQHandler
                0x08003068                OTG_FS_WKUP_IRQHandler
                0x08003068                TIM1_TRG_COM_TIM11_IRQHandler
                0x08003068                OTG_HS_IRQHandler
                0x08003068                EXTI1_IRQHandler
                0x08003068                USART2_IRQHandler
                0x08003068                I2C2_ER_IRQHandler
                0x08003068                DMA2_Stream1_IRQHandler
                0x08003068                CAN1_SCE_IRQHandler
                0x08003068                FLASH_IRQHandler
                0x08003068                DMA2_Stream4_IRQHandler
                0x08003068                OTG_FS_IRQHandler
                0x08003068                SPI3_IRQHandler
                0x08003068                DMA1_Stream4_IRQHandler
                0x08003068                I2C1_ER_IRQHandler
                0x08003068                DMA2_Stream6_IRQHandler
                0x08003068                DMA1_Stream3_IRQHandler
 *fill*         0x0800306a        0x2 
 .text.__libc_init_array
                0x0800306c       0x48 c:/program files (x86)/gnu arm embedded toolchain/10 2020-q4-major/bin/../lib/gcc/arm-none-eabi/10.2.1/../../../../arm-none-eabi/lib/thumb/v7e-m+fp/hard\libc_nano.a(lib_a-init.o)
                0x0800306c                __libc_init_array
 .text.memset   0x080030b4       0x10 c:/program files (x86)/gnu arm embedded toolchain/10 2020-q4-major/bin/../lib/gcc/arm-none-eabi/10.2.1/../../../../arm-none-eabi/lib/thumb/v7e-m+fp/hard\libc_nano.a(lib_a-memset.o)
                0x080030b4                memset
 .text.sprintf  0x080030c4       0x40 c:/program files (x86)/gnu arm embedded toolchain/10 2020-q4-major/bin/../lib/gcc/arm-none-eabi/10.2.1/../../../../arm-none-eabi/lib/thumb/v7e-m+fp/hard\libc_nano.a(lib_a-sprintf.o)
                0x080030c4                siprintf
                0x080030c4                sprintf
 .text.__ssputs_r
                0x08003104       0xb6 c:/program files (x86)/gnu arm embedded toolchain/10 2020-q4-major/bin/../lib/gcc/arm-none-eabi/10.2.1/../../../../arm-none-eabi/lib/thumb/v7e-m+fp/hard\libc_nano.a(lib_a-nano-svfprintf.o)
                0x08003104                __ssputs_r
 *fill*         0x080031ba        0x2 
 .text._svfprintf_r
                0x080031bc      0x200 c:/program files (x86)/gnu arm embedded toolchain/10 2020-q4-major/bin/../lib/gcc/arm-none-eabi/10.2.1/../../../../arm-none-eabi/lib/thumb/v7e-m+fp/hard\libc_nano.a(lib_a-nano-svfprintf.o)
                0x080031bc                _svfiprintf_r
                0x080031bc                _svfprintf_r
 .text._printf_common
                0x080033bc       0xda c:/program files (x86)/gnu arm embedded toolchain/10 2020-q4-major/bin/../lib/gcc/arm-none-eabi/10.2.1/../../../../arm-none-eabi/lib/thumb/v7e-m+fp/hard\libc_nano.a(lib_a-nano-vfprintf_i.o)
                0x080033bc                _printf_common
 *fill*         0x08003496        0x2 
 .text._printf_i
                0x08003498      0x24c c:/program files (x86)/gnu arm embedded toolchain/10 2020-q4-major/bin/../lib/gcc/arm-none-eabi/10.2.1/../../../../arm-none-eabi/lib/thumb/v7e-m+fp/hard\libc_nano.a(lib_a-nano-vfprintf_i.o)
                0x08003498                _printf_i
 .text.memcpy   0x080036e4       0x1c c:/program files (x86)/gnu arm embedded toolchain/10 2020-q4-major/bin/../lib/gcc/arm-none-eabi/10.2.1/../../../../arm-none-eabi/lib/thumb/v7e-m+fp/hard\libc_nano.a(lib_a-memcpy-stub.o)
                0x080036e4                memcpy
 .text.memmove  0x08003700       0x34 c:/program files (x86)/gnu arm embedded toolchain/10 2020-q4-major/bin/../lib/gcc/arm-none-eabi/10.2.1/../../../../arm-none-eabi/lib/thumb/v7e-m+fp/hard\libc_nano.a(lib_a-memmove.o)
                0x08003700                memmove
 .text._free_r  0x08003734       0x98 c:/program files (x86)/gnu arm embedded toolchain/10 2020-q4-major/bin/../lib/gcc/arm-none-eabi/10.2.1/../../../../arm-none-eabi/lib/thumb/v7e-m+fp/hard\libc_nano.a(lib_a-nano-freer.o)
                0x08003734                _free_r
 .text._malloc_r
                0x080037cc       0xb4 c:/program files (x86)/gnu arm embedded toolchain/10 2020-q4-major/bin/../lib/gcc/arm-none-eabi/10.2.1/../../../../arm-none-eabi/lib/thumb/v7e-m+fp/hard\libc_nano.a(lib_a-nano-mallocr.o)
                0x080037cc                _malloc_r
 .text._realloc_r
                0x08003880       0x4c c:/program files (x86)/gnu arm embedded toolchain/10 2020-q4-major/bin/../lib/gcc/arm-none-eabi/10.2.1/../../../../arm-none-eabi/lib/thumb/v7e-m+fp/hard\libc_nano.a(lib_a-nano-reallocr.o)
                0x08003880                _realloc_r
 .text._sbrk_r  0x080038cc       0x20 c:/program files (x86)/gnu arm embedded toolchain/10 2020-q4-major/bin/../lib/gcc/arm-none-eabi/10.2.1/../../../../arm-none-eabi/lib/thumb/v7e-m+fp/hard\libc_nano.a(lib_a-sbrkr.o)
                0x080038cc                _sbrk_r
 .text.__malloc_lock
                0x080038ec        0xc c:/program files (x86)/gnu arm embedded toolchain/10 2020-q4-major/bin/../lib/gcc/arm-none-eabi/10.2.1/../../../../arm-none-eabi/lib/thumb/v7e-m+fp/hard\libc_nano.a(lib_a-mlock.o)
                0x080038ec                __malloc_lock
 .text.__malloc_unlock
                0x080038f8        0xc c:/program files (x86)/gnu arm embedded toolchain/10 2020-q4-major/bin/../lib/gcc/arm-none-eabi/10.2.1/../../../../arm-none-eabi/lib/thumb/v7e-m+fp/hard\libc_nano.a(lib_a-mlock.o)
                0x080038f8                __malloc_unlock
 .text._malloc_usable_size_r
                0x08003904       0x10 c:/program files (x86)/gnu arm embedded toolchain/10 2020-q4-major/bin/../lib/gcc/arm-none-eabi/10.2.1/../../../../arm-none-eabi/lib/thumb/v7e-m+fp/hard\libc_nano.a(lib_a-nano-msizer.o)
                0x08003904                _malloc_usable_size_r
 .text.__retarget_lock_acquire_recursive
                0x08003914        0x2 c:/program files (x86)/gnu arm embedded toolchain/10 2020-q4-major/bin/../lib/gcc/arm-none-eabi/10.2.1/../../../../arm-none-eabi/lib/thumb/v7e-m+fp/hard\libc_nano.a(lib_a-lock.o)
                0x08003914                __retarget_lock_acquire_recursive
 .text.__retarget_lock_release_recursive
                0x08003916        0x2 c:/program files (x86)/gnu arm embedded toolchain/10 2020-q4-major/bin/../lib/gcc/arm-none-eabi/10.2.1/../../../../arm-none-eabi/lib/thumb/v7e-m+fp/hard\libc_nano.a(lib_a-lock.o)
                0x08003916                __retarget_lock_release_recursive
 .text._sbrk    0x08003918       0x1c c:/program files (x86)/gnu arm embedded toolchain/10 2020-q4-major/bin/../lib/gcc/arm-none-eabi/10.2.1/../../../../arm-none-eabi/lib/thumb/v7e-m+fp/hard\libnosys.a(sbrk.o)
                0x08003918                _sbrk
 *(.glue_7)
 .glue_7        0x08003934        0x0 linker stubs
 *(.glue_7t)
 .glue_7t       0x08003934        0x0 linker stubs
 *(.eh_frame)
 .eh_frame      0x08003934        0x0 c:/program files (x86)/gnu arm embedded toolchain/10 2020-q4-major/bin/../lib/gcc/arm-none-eabi/10.2.1/thumb/v7e-m+fp/hard/crtbegin.o
 *(.init)
 .init          0x08003934        0x4 c:/program files (x86)/gnu arm embedded toolchain/10 2020-q4-major/bin/../lib/gcc/arm-none-eabi/10.2.1/thumb/v7e-m+fp/hard/crti.o
                0x08003934                _init
 .init          0x08003938        0x8 c:/program files (x86)/gnu arm embedded toolchain/10 2020-q4-major/bin/../lib/gcc/arm-none-eabi/10.2.1/thumb/v7e-m+fp/hard/crtn.o
 *(.fini)
 .fini          0x08003940        0x4 c:/program files (x86)/gnu arm embedded toolchain/10 2020-q4-major/bin/../lib/gcc/arm-none-eabi/10.2.1/thumb/v7e-m+fp/hard/crti.o
                0x08003940                _fini
 .fini          0x08003944        0x8 c:/program files (x86)/gnu arm embedded toolchain/10 2020-q4-major/bin/../lib/gcc/arm-none-eabi/10.2.1/thumb/v7e-m+fp/hard/crtn.o
                0x0800394c                . = ALIGN (0x4)
                0x0800394c                _etext = .

.vfp11_veneer   0x0800394c        0x0
 .vfp11_veneer  0x0800394c        0x0 linker stubs

.v4_bx          0x0800394c        0x0
 .v4_bx         0x0800394c        0x0 linker stubs

.iplt           0x0800394c        0x0
 .iplt          0x0800394c        0x0 c:/program files (x86)/gnu arm embedded toolchain/10 2020-q4-major/bin/../lib/gcc/arm-none-eabi/10.2.1/thumb/v7e-m+fp/hard/crtbegin.o

.rodata         0x0800394c       0x70
                0x0800394c                . = ALIGN (0x4)
 *(.rodata)
 *(.rodata*)
 .rodata.main.str1.4
                0x0800394c       0x1b build/main.o
 *fill*         0x08003967        0x1 
 .rodata.flagBitshiftOffset.8289
                0x08003968        0x8 build/stm32f4xx_hal_dma.o
 .rodata.AHBPrescTable
                0x08003970       0x10 build/system_stm32f4xx.o
                0x08003970                AHBPrescTable
 .rodata.APBPrescTable
                0x08003980        0x8 build/system_stm32f4xx.o
                0x08003980                APBPrescTable
 .rodata._svfprintf_r.str1.1
                0x08003988       0x11 c:/program files (x86)/gnu arm embedded toolchain/10 2020-q4-major/bin/../lib/gcc/arm-none-eabi/10.2.1/../../../../arm-none-eabi/lib/thumb/v7e-m+fp/hard\libc_nano.a(lib_a-nano-svfprintf.o)
 .rodata._printf_i.str1.1
                0x08003999       0x22 c:/program files (x86)/gnu arm embedded toolchain/10 2020-q4-major/bin/../lib/gcc/arm-none-eabi/10.2.1/../../../../arm-none-eabi/lib/thumb/v7e-m+fp/hard\libc_nano.a(lib_a-nano-vfprintf_i.o)
                0x080039bc                . = ALIGN (0x4)
 *fill*         0x080039bb        0x1 

.ARM.extab
 *(.ARM.extab* .gnu.linkonce.armextab.*)

.ARM            0x080039bc        0x8
                0x080039bc                __exidx_start = .
 *(.ARM.exidx*)
 .ARM.exidx     0x080039bc        0x8 c:/program files (x86)/gnu arm embedded toolchain/10 2020-q4-major/bin/../lib/gcc/arm-none-eabi/10.2.1/thumb/v7e-m+fp/hard\libgcc.a(_udivmoddi4.o)
                0x080039c4                __exidx_end = .

.rel.dyn        0x080039c4        0x0
 .rel.iplt      0x080039c4        0x0 c:/program files (x86)/gnu arm embedded toolchain/10 2020-q4-major/bin/../lib/gcc/arm-none-eabi/10.2.1/thumb/v7e-m+fp/hard/crtbegin.o

.preinit_array  0x080039c4        0x0
                0x080039c4                PROVIDE (__preinit_array_start = .)
 *(.preinit_array*)
                0x080039c4                PROVIDE (__preinit_array_end = .)

.init_array     0x080039c4        0x4
                0x080039c4                PROVIDE (__init_array_start = .)
 *(SORT_BY_NAME(.init_array.*))
 *(.init_array*)
 .init_array    0x080039c4        0x4 c:/program files (x86)/gnu arm embedded toolchain/10 2020-q4-major/bin/../lib/gcc/arm-none-eabi/10.2.1/thumb/v7e-m+fp/hard/crtbegin.o
                0x080039c8                PROVIDE (__init_array_end = .)

.fini_array     0x080039c8        0x4
                [!provide]                PROVIDE (__fini_array_start = .)
 *(SORT_BY_NAME(.fini_array.*))
 *(.fini_array*)
 .fini_array    0x080039c8        0x4 c:/program files (x86)/gnu arm embedded toolchain/10 2020-q4-major/bin/../lib/gcc/arm-none-eabi/10.2.1/thumb/v7e-m+fp/hard/crtbegin.o
                [!provide]                PROVIDE (__fini_array_end = .)
                0x080039cc                _sidata = LOADADDR (.data)

.data           0x20000000       0xa0 load address 0x080039cc
                0x20000000                . = ALIGN (0x4)
                0x20000000                _sdata = .
 *(.data)
 *(.data*)
 .data.MSG      0x20000000       0x32 build/main.o
                0x20000000                MSG
 .data.uwTickFreq
                0x20000032        0x1 build/stm32f4xx_hal.o
                0x20000032                uwTickFreq
 *fill*         0x20000033        0x1 
 .data.uwTickPrio
                0x20000034        0x4 build/stm32f4xx_hal.o
                0x20000034                uwTickPrio
 .data.SystemCoreClock
                0x20000038        0x4 build/system_stm32f4xx.o
                0x20000038                SystemCoreClock
 .data._impure_ptr
                0x2000003c        0x4 c:/program files (x86)/gnu arm embedded toolchain/10 2020-q4-major/bin/../lib/gcc/arm-none-eabi/10.2.1/../../../../arm-none-eabi/lib/thumb/v7e-m+fp/hard\libc_nano.a(lib_a-impure.o)
                0x2000003c                _impure_ptr
 .data.impure_data
                0x20000040       0x60 c:/program files (x86)/gnu arm embedded toolchain/10 2020-q4-major/bin/../lib/gcc/arm-none-eabi/10.2.1/../../../../arm-none-eabi/lib/thumb/v7e-m+fp/hard\libc_nano.a(lib_a-impure.o)
                0x200000a0                . = ALIGN (0x4)
                0x200000a0                _edata = .
                0x08003a6c                _siccmram = LOADADDR (.ccmram)

.igot.plt       0x200000a0        0x0 load address 0x08003a6c
 .igot.plt      0x200000a0        0x0 c:/program files (x86)/gnu arm embedded toolchain/10 2020-q4-major/bin/../lib/gcc/arm-none-eabi/10.2.1/thumb/v7e-m+fp/hard/crtbegin.o

.ccmram         0x10000000        0x0 load address 0x08003a6c
                0x10000000                . = ALIGN (0x4)
                0x10000000                _sccmram = .
 *(.ccmram)
 *(.ccmram*)
                0x10000000                . = ALIGN (0x4)
                0x10000000                _eccmram = .
                0x10000000                . = ALIGN (0x4)

.bss            0x200000a0      0x284
                0x200000a0                _sbss = .
                0x200000a0                __bss_start__ = _sbss
 *(.bss)
 .bss           0x200000a0       0x1c c:/program files (x86)/gnu arm embedded toolchain/10 2020-q4-major/bin/../lib/gcc/arm-none-eabi/10.2.1/thumb/v7e-m+fp/hard/crtbegin.o
 *(.bss*)
 .bss.angular_vel
                0x200000bc        0x4 build/main.o
                0x200000bc                angular_vel
 .bss.last_a_vel
                0x200000c0        0x4 build/main.o
                0x200000c0                last_a_vel
 .bss.last_l_vel
                0x200000c4        0x4 build/main.o
                0x200000c4                last_l_vel
 .bss.last_rx.0
                0x200000c8        0x1 build/main.o
 *fill*         0x200000c9        0x3 
 .bss.linear_vel
                0x200000cc        0x4 build/main.o
                0x200000cc                linear_vel
 .bss.prev_rx.1
                0x200000d0        0x1 build/main.o
 .bss.ready_flag
                0x200000d1        0x1 build/main.o
                0x200000d1                ready_flag
 *fill*         0x200000d2        0x2 
 .bss.rx_buffer
                0x200000d4       0x10 build/main.o
                0x200000d4                rx_buffer
 .bss.vel_update_flag
                0x200000e4        0x1 build/main.o
                0x200000e4                vel_update_flag
 *fill*         0x200000e5        0x3 
 .bss.__malloc_free_list
                0x200000e8        0x4 c:/program files (x86)/gnu arm embedded toolchain/10 2020-q4-major/bin/../lib/gcc/arm-none-eabi/10.2.1/../../../../arm-none-eabi/lib/thumb/v7e-m+fp/hard\libc_nano.a(lib_a-nano-mallocr.o)
                0x200000e8                __malloc_free_list
 .bss.__malloc_sbrk_start
                0x200000ec        0x4 c:/program files (x86)/gnu arm embedded toolchain/10 2020-q4-major/bin/../lib/gcc/arm-none-eabi/10.2.1/../../../../arm-none-eabi/lib/thumb/v7e-m+fp/hard\libc_nano.a(lib_a-nano-mallocr.o)
                0x200000ec                __malloc_sbrk_start
 .bss.errno     0x200000f0        0x4 c:/program files (x86)/gnu arm embedded toolchain/10 2020-q4-major/bin/../lib/gcc/arm-none-eabi/10.2.1/../../../../arm-none-eabi/lib/thumb/v7e-m+fp/hard\libc_nano.a(lib_a-reent.o)
                0x200000f0                errno
 .bss.__lock___malloc_recursive_mutex
                0x200000f4        0x1 c:/program files (x86)/gnu arm embedded toolchain/10 2020-q4-major/bin/../lib/gcc/arm-none-eabi/10.2.1/../../../../arm-none-eabi/lib/thumb/v7e-m+fp/hard\libc_nano.a(lib_a-lock.o)
                0x200000f4                __lock___malloc_recursive_mutex
 *fill*         0x200000f5        0x3 
 .bss.heap_end.0
                0x200000f8        0x4 c:/program files (x86)/gnu arm embedded toolchain/10 2020-q4-major/bin/../lib/gcc/arm-none-eabi/10.2.1/../../../../arm-none-eabi/lib/thumb/v7e-m+fp/hard\libnosys.a(sbrk.o)
 *(COMMON)
 COMMON         0x200000fc        0x4 build/stm32f4xx_hal.o
                0x200000fc                uwTick
 COMMON         0x20000100      0x104 build/usart.o
                0x20000100                hdma_usart1_tx
                0x20000160                hdma_usart1_rx
                0x200001c0                huart1
 COMMON         0x20000204      0x120 build/tim.o
                0x20000204                htim4
                0x2000024c                htim5
                0x20000294                htim3
                0x200002dc                htim2
                0x20000324                . = ALIGN (0x4)
                0x20000324                _ebss = .
                0x20000324                __bss_end__ = _ebss

._user_heap_stack
                0x20000324      0x604
                0x20000328                . = ALIGN (0x8)
 *fill*         0x20000324        0x4 
                0x20000328                PROVIDE (end = .)
                [!provide]                PROVIDE (_end = .)
                0x20000528                . = (. + _Min_Heap_Size)
 *fill*         0x20000328      0x200 
                0x20000928                . = (. + _Min_Stack_Size)
 *fill*         0x20000528      0x400 
                0x20000928                . = ALIGN (0x8)

/DISCARD/
 libc.a(*)
 libm.a(*)
 libgcc.a(*)

.ARM.attributes
                0x00000000       0x30
 *(.ARM.attributes)
 .ARM.attributes
                0x00000000       0x1e c:/program files (x86)/gnu arm embedded toolchain/10 2020-q4-major/bin/../lib/gcc/arm-none-eabi/10.2.1/thumb/v7e-m+fp/hard/crti.o
 .ARM.attributes
                0x0000001e       0x34 c:/program files (x86)/gnu arm embedded toolchain/10 2020-q4-major/bin/../lib/gcc/arm-none-eabi/10.2.1/thumb/v7e-m+fp/hard/crtbegin.o
 .ARM.attributes
                0x00000052       0x34 build/main.o
 .ARM.attributes
                0x00000086       0x34 build/stm32f4xx_it.o
 .ARM.attributes
                0x000000ba       0x34 build/stm32f4xx_hal_msp.o
 .ARM.attributes
                0x000000ee       0x34 build/stm32f4xx_hal_tim.o
 .ARM.attributes
                0x00000122       0x34 build/stm32f4xx_hal_tim_ex.o
 .ARM.attributes
                0x00000156       0x34 build/stm32f4xx_hal_uart.o
 .ARM.attributes
                0x0000018a       0x34 build/stm32f4xx_hal_rcc.o
 .ARM.attributes
                0x000001be       0x34 build/stm32f4xx_hal_gpio.o
 .ARM.attributes
                0x000001f2       0x34 build/stm32f4xx_hal_dma.o
 .ARM.attributes
                0x00000226       0x34 build/stm32f4xx_hal_cortex.o
 .ARM.attributes
                0x0000025a       0x34 build/stm32f4xx_hal.o
 .ARM.attributes
                0x0000028e       0x34 build/system_stm32f4xx.o
 .ARM.attributes
                0x000002c2       0x34 build/gpio.o
 .ARM.attributes
                0x000002f6       0x34 build/dma.o
 .ARM.attributes
                0x0000032a       0x34 build/usart.o
 .ARM.attributes
                0x0000035e       0x34 build/tim.o
 .ARM.attributes
                0x00000392       0x34 build/frame_resolve.o
 .ARM.attributes
                0x000003c6       0x21 build/startup_stm32f407xx.o
 .ARM.attributes
                0x000003e7       0x32 c:/program files (x86)/gnu arm embedded toolchain/10 2020-q4-major/bin/../lib/gcc/arm-none-eabi/10.2.1/../../../../arm-none-eabi/lib/thumb/v7e-m+fp/hard\libc_nano.a(lib_a-impure.o)
 .ARM.attributes
                0x00000419       0x34 c:/program files (x86)/gnu arm embedded toolchain/10 2020-q4-major/bin/../lib/gcc/arm-none-eabi/10.2.1/../../../../arm-none-eabi/lib/thumb/v7e-m+fp/hard\libc_nano.a(lib_a-init.o)
 .ARM.attributes
                0x0000044d       0x34 c:/program files (x86)/gnu arm embedded toolchain/10 2020-q4-major/bin/../lib/gcc/arm-none-eabi/10.2.1/../../../../arm-none-eabi/lib/thumb/v7e-m+fp/hard\libc_nano.a(lib_a-memset.o)
 .ARM.attributes
                0x00000481       0x34 c:/program files (x86)/gnu arm embedded toolchain/10 2020-q4-major/bin/../lib/gcc/arm-none-eabi/10.2.1/../../../../arm-none-eabi/lib/thumb/v7e-m+fp/hard\libc_nano.a(lib_a-sprintf.o)
 .ARM.attributes
                0x000004b5       0x34 c:/program files (x86)/gnu arm embedded toolchain/10 2020-q4-major/bin/../lib/gcc/arm-none-eabi/10.2.1/../../../../arm-none-eabi/lib/thumb/v7e-m+fp/hard\libc_nano.a(lib_a-nano-svfprintf.o)
 .ARM.attributes
                0x000004e9       0x34 c:/program files (x86)/gnu arm embedded toolchain/10 2020-q4-major/bin/../lib/gcc/arm-none-eabi/10.2.1/../../../../arm-none-eabi/lib/thumb/v7e-m+fp/hard\libc_nano.a(lib_a-nano-vfprintf_i.o)
 .ARM.attributes
                0x0000051d       0x1c c:/program files (x86)/gnu arm embedded toolchain/10 2020-q4-major/bin/../lib/gcc/arm-none-eabi/10.2.1/../../../../arm-none-eabi/lib/thumb/v7e-m+fp/hard\libc_nano.a(lib_a-memchr.o)
 .ARM.attributes
                0x00000539       0x34 c:/program files (x86)/gnu arm embedded toolchain/10 2020-q4-major/bin/../lib/gcc/arm-none-eabi/10.2.1/../../../../arm-none-eabi/lib/thumb/v7e-m+fp/hard\libc_nano.a(lib_a-memcpy-stub.o)
 .ARM.attributes
                0x0000056d       0x34 c:/program files (x86)/gnu arm embedded toolchain/10 2020-q4-major/bin/../lib/gcc/arm-none-eabi/10.2.1/../../../../arm-none-eabi/lib/thumb/v7e-m+fp/hard\libc_nano.a(lib_a-memmove.o)
 .ARM.attributes
                0x000005a1       0x34 c:/program files (x86)/gnu arm embedded toolchain/10 2020-q4-major/bin/../lib/gcc/arm-none-eabi/10.2.1/../../../../arm-none-eabi/lib/thumb/v7e-m+fp/hard\libc_nano.a(lib_a-nano-freer.o)
 .ARM.attributes
                0x000005d5       0x34 c:/program files (x86)/gnu arm embedded toolchain/10 2020-q4-major/bin/../lib/gcc/arm-none-eabi/10.2.1/../../../../arm-none-eabi/lib/thumb/v7e-m+fp/hard\libc_nano.a(lib_a-nano-mallocr.o)
 .ARM.attributes
                0x00000609       0x34 c:/program files (x86)/gnu arm embedded toolchain/10 2020-q4-major/bin/../lib/gcc/arm-none-eabi/10.2.1/../../../../arm-none-eabi/lib/thumb/v7e-m+fp/hard\libc_nano.a(lib_a-nano-reallocr.o)
 .ARM.attributes
                0x0000063d       0x34 c:/program files (x86)/gnu arm embedded toolchain/10 2020-q4-major/bin/../lib/gcc/arm-none-eabi/10.2.1/../../../../arm-none-eabi/lib/thumb/v7e-m+fp/hard\libc_nano.a(lib_a-sbrkr.o)
 .ARM.attributes
                0x00000671       0x34 c:/program files (x86)/gnu arm embedded toolchain/10 2020-q4-major/bin/../lib/gcc/arm-none-eabi/10.2.1/../../../../arm-none-eabi/lib/thumb/v7e-m+fp/hard\libc_nano.a(lib_a-mlock.o)
 .ARM.attributes
                0x000006a5       0x34 c:/program files (x86)/gnu arm embedded toolchain/10 2020-q4-major/bin/../lib/gcc/arm-none-eabi/10.2.1/../../../../arm-none-eabi/lib/thumb/v7e-m+fp/hard\libc_nano.a(lib_a-nano-msizer.o)
 .ARM.attributes
                0x000006d9       0x34 c:/program files (x86)/gnu arm embedded toolchain/10 2020-q4-major/bin/../lib/gcc/arm-none-eabi/10.2.1/../../../../arm-none-eabi/lib/thumb/v7e-m+fp/hard\libc_nano.a(lib_a-reent.o)
 .ARM.attributes
                0x0000070d       0x34 c:/program files (x86)/gnu arm embedded toolchain/10 2020-q4-major/bin/../lib/gcc/arm-none-eabi/10.2.1/../../../../arm-none-eabi/lib/thumb/v7e-m+fp/hard\libc_nano.a(lib_a-lock.o)
 .ARM.attributes
                0x00000741       0x34 c:/program files (x86)/gnu arm embedded toolchain/10 2020-q4-major/bin/../lib/gcc/arm-none-eabi/10.2.1/../../../../arm-none-eabi/lib/thumb/v7e-m+fp/hard\libnosys.a(sbrk.o)
 .ARM.attributes
                0x00000775       0x1e c:/program files (x86)/gnu arm embedded toolchain/10 2020-q4-major/bin/../lib/gcc/arm-none-eabi/10.2.1/thumb/v7e-m+fp/hard\libgcc.a(_arm_addsubdf3.o)
 .ARM.attributes
                0x00000793       0x1e c:/program files (x86)/gnu arm embedded toolchain/10 2020-q4-major/bin/../lib/gcc/arm-none-eabi/10.2.1/thumb/v7e-m+fp/hard\libgcc.a(_aeabi_uldivmod.o)
 .ARM.attributes
                0x000007b1       0x34 c:/program files (x86)/gnu arm embedded toolchain/10 2020-q4-major/bin/../lib/gcc/arm-none-eabi/10.2.1/thumb/v7e-m+fp/hard\libgcc.a(_udivmoddi4.o)
 .ARM.attributes
                0x000007e5       0x1e c:/program files (x86)/gnu arm embedded toolchain/10 2020-q4-major/bin/../lib/gcc/arm-none-eabi/10.2.1/thumb/v7e-m+fp/hard\libgcc.a(_dvmd_tls.o)
 .ARM.attributes
                0x00000803       0x1e c:/program files (x86)/gnu arm embedded toolchain/10 2020-q4-major/bin/../lib/gcc/arm-none-eabi/10.2.1/thumb/v7e-m+fp/hard/crtn.o
OUTPUT(build/base_control.elf elf32-littlearm)
LOAD linker stubs
LOAD c:/program files (x86)/gnu arm embedded toolchain/10 2020-q4-major/bin/../lib/gcc/arm-none-eabi/10.2.1/../../../../arm-none-eabi/lib/thumb/v7e-m+fp/hard\libc.a
LOAD c:/program files (x86)/gnu arm embedded toolchain/10 2020-q4-major/bin/../lib/gcc/arm-none-eabi/10.2.1/../../../../arm-none-eabi/lib/thumb/v7e-m+fp/hard\libm.a
LOAD c:/program files (x86)/gnu arm embedded toolchain/10 2020-q4-major/bin/../lib/gcc/arm-none-eabi/10.2.1/thumb/v7e-m+fp/hard\libgcc.a

.debug_info     0x00000000    0x11f6f
 .debug_info    0x00000000     0x12d6 build/main.o
 .debug_info    0x000012d6     0x15d4 build/stm32f4xx_it.o
 .debug_info    0x000028aa      0x3c1 build/stm32f4xx_hal_msp.o
 .debug_info    0x00002c6b     0x3ed2 build/stm32f4xx_hal_tim.o
 .debug_info    0x00006b3d     0x1c8b build/stm32f4xx_hal_tim_ex.o
 .debug_info    0x000087c8     0x1f12 build/stm32f4xx_hal_uart.o
 .debug_info    0x0000a6da      0xc08 build/stm32f4xx_hal_rcc.o
 .debug_info    0x0000b2e2      0x8fa build/stm32f4xx_hal_gpio.o
 .debug_info    0x0000bbdc      0xc67 build/stm32f4xx_hal_dma.o
 .debug_info    0x0000c843     0x121a build/stm32f4xx_hal_cortex.o
 .debug_info    0x0000da5d      0xb3a build/stm32f4xx_hal.o
 .debug_info    0x0000e597      0x618 build/system_stm32f4xx.o
 .debug_info    0x0000ebaf      0x5e3 build/gpio.o
 .debug_info    0x0000f192      0x653 build/dma.o
 .debug_info    0x0000f7e5      0xe9b build/usart.o
 .debug_info    0x00010680     0x15da build/tim.o
 .debug_info    0x00011c5a      0x2f3 build/frame_resolve.o
 .debug_info    0x00011f4d       0x22 build/startup_stm32f407xx.o

.debug_abbrev   0x00000000     0x2681
 .debug_abbrev  0x00000000      0x2f6 build/main.o
 .debug_abbrev  0x000002f6      0x274 build/stm32f4xx_it.o
 .debug_abbrev  0x0000056a      0x11c build/stm32f4xx_hal_msp.o
 .debug_abbrev  0x00000686      0x2af build/stm32f4xx_hal_tim.o
 .debug_abbrev  0x00000935      0x2ab build/stm32f4xx_hal_tim_ex.o
 .debug_abbrev  0x00000be0      0x318 build/stm32f4xx_hal_uart.o
 .debug_abbrev  0x00000ef8      0x2cd build/stm32f4xx_hal_rcc.o
 .debug_abbrev  0x000011c5      0x258 build/stm32f4xx_hal_gpio.o
 .debug_abbrev  0x0000141d      0x312 build/stm32f4xx_hal_dma.o
 .debug_abbrev  0x0000172f      0x3a8 build/stm32f4xx_hal_cortex.o
 .debug_abbrev  0x00001ad7      0x21c build/stm32f4xx_hal.o
 .debug_abbrev  0x00001cf3      0x14a build/system_stm32f4xx.o
 .debug_abbrev  0x00001e3d      0x17e build/gpio.o
 .debug_abbrev  0x00001fbb      0x156 build/dma.o
 .debug_abbrev  0x00002111      0x20d build/usart.o
 .debug_abbrev  0x0000231e      0x24e build/tim.o
 .debug_abbrev  0x0000256c      0x103 build/frame_resolve.o
 .debug_abbrev  0x0000266f       0x12 build/startup_stm32f407xx.o

.debug_loc      0x00000000     0xc77f
 .debug_loc     0x00000000       0xf1 build/main.o
 .debug_loc     0x000000f1       0xc0 build/stm32f4xx_it.o
 .debug_loc     0x000001b1       0x2c build/stm32f4xx_hal_msp.o
 .debug_loc     0x000001dd     0x52a7 build/stm32f4xx_hal_tim.o
 .debug_loc     0x00005484     0x1f68 build/stm32f4xx_hal_tim_ex.o
 .debug_loc     0x000073ec     0x265b build/stm32f4xx_hal_uart.o
 .debug_loc     0x00009a47      0x6c7 build/stm32f4xx_hal_rcc.o
 .debug_loc     0x0000a10e      0x5db build/stm32f4xx_hal_gpio.o
 .debug_loc     0x0000a6e9      0xd6d build/stm32f4xx_hal_dma.o
 .debug_loc     0x0000b456      0x7d4 build/stm32f4xx_hal_cortex.o
 .debug_loc     0x0000bc2a      0x1e1 build/stm32f4xx_hal.o
 .debug_loc     0x0000be0b      0x16c build/system_stm32f4xx.o
 .debug_loc     0x0000bf77       0x39 build/gpio.o
 .debug_loc     0x0000bfb0       0x38 build/dma.o
 .debug_loc     0x0000bfe8       0xf5 build/usart.o
 .debug_loc     0x0000c0dd      0x3dc build/tim.o
 .debug_loc     0x0000c4b9      0x2c6 build/frame_resolve.o

.debug_aranges  0x00000000      0xc90
 .debug_aranges
                0x00000000       0x50 build/main.o
 .debug_aranges
                0x00000050       0x88 build/stm32f4xx_it.o
 .debug_aranges
                0x000000d8       0x20 build/stm32f4xx_hal_msp.o
 .debug_aranges
                0x000000f8      0x3d0 build/stm32f4xx_hal_tim.o
 .debug_aranges
                0x000004c8      0x168 build/stm32f4xx_hal_tim_ex.o
 .debug_aranges
                0x00000630      0x200 build/stm32f4xx_hal_uart.o
 .debug_aranges
                0x00000830       0x88 build/stm32f4xx_hal_rcc.o
 .debug_aranges
                0x000008b8       0x58 build/stm32f4xx_hal_gpio.o
 .debug_aranges
                0x00000910       0x90 build/stm32f4xx_hal_dma.o
 .debug_aranges
                0x000009a0       0xa8 build/stm32f4xx_hal_cortex.o
 .debug_aranges
                0x00000a48       0xf0 build/stm32f4xx_hal.o
 .debug_aranges
                0x00000b38       0x28 build/system_stm32f4xx.o
 .debug_aranges
                0x00000b60       0x20 build/gpio.o
 .debug_aranges
                0x00000b80       0x20 build/dma.o
 .debug_aranges
                0x00000ba0       0x30 build/usart.o
 .debug_aranges
                0x00000bd0       0x60 build/tim.o
 .debug_aranges
                0x00000c30       0x38 build/frame_resolve.o
 .debug_aranges
                0x00000c68       0x28 build/startup_stm32f407xx.o

.debug_ranges   0x00000000      0xbf0
 .debug_ranges  0x00000000       0x40 build/main.o
 .debug_ranges  0x00000040       0x78 build/stm32f4xx_it.o
 .debug_ranges  0x000000b8       0x10 build/stm32f4xx_hal_msp.o
 .debug_ranges  0x000000c8      0x3c0 build/stm32f4xx_hal_tim.o
 .debug_ranges  0x00000488      0x158 build/stm32f4xx_hal_tim_ex.o
 .debug_ranges  0x000005e0      0x1f0 build/stm32f4xx_hal_uart.o
 .debug_ranges  0x000007d0       0x90 build/stm32f4xx_hal_rcc.o
 .debug_ranges  0x00000860       0x48 build/stm32f4xx_hal_gpio.o
 .debug_ranges  0x000008a8       0x80 build/stm32f4xx_hal_dma.o
 .debug_ranges  0x00000928       0xf8 build/stm32f4xx_hal_cortex.o
 .debug_ranges  0x00000a20       0xe0 build/stm32f4xx_hal.o
 .debug_ranges  0x00000b00       0x18 build/system_stm32f4xx.o
 .debug_ranges  0x00000b18       0x10 build/gpio.o
 .debug_ranges  0x00000b28       0x10 build/dma.o
 .debug_ranges  0x00000b38       0x20 build/usart.o
 .debug_ranges  0x00000b58       0x50 build/tim.o
 .debug_ranges  0x00000ba8       0x28 build/frame_resolve.o
 .debug_ranges  0x00000bd0       0x20 build/startup_stm32f407xx.o

.debug_line     0x00000000     0xcaed
 .debug_line    0x00000000      0x50b build/main.o
 .debug_line    0x0000050b      0x340 build/stm32f4xx_it.o
 .debug_line    0x0000084b      0x13f build/stm32f4xx_hal_msp.o
 .debug_line    0x0000098a     0x479f build/stm32f4xx_hal_tim.o
 .debug_line    0x00005129     0x1c13 build/stm32f4xx_hal_tim_ex.o
 .debug_line    0x00006d3c     0x206e build/stm32f4xx_hal_uart.o
 .debug_line    0x00008daa      0xaac build/stm32f4xx_hal_rcc.o
 .debug_line    0x00009856      0x6a5 build/stm32f4xx_hal_gpio.o
 .debug_line    0x00009efb      0xd9d build/stm32f4xx_hal_dma.o
 .debug_line    0x0000ac98      0x718 build/stm32f4xx_hal_cortex.o
 .debug_line    0x0000b3b0      0x4db build/stm32f4xx_hal.o
 .debug_line    0x0000b88b      0x1fc build/system_stm32f4xx.o
 .debug_line    0x0000ba87      0x1a1 build/gpio.o
 .debug_line    0x0000bc28      0x148 build/dma.o
 .debug_line    0x0000bd70      0x375 build/usart.o
 .debug_line    0x0000c0e5      0x6a9 build/tim.o
 .debug_line    0x0000c78e      0x2e9 build/frame_resolve.o
 .debug_line    0x0000ca77       0x76 build/startup_stm32f407xx.o

.debug_str      0x00000000     0x41af
 .debug_str     0x00000000      0xc35 build/main.o
                                0xd14 (size before relaxing)
 .debug_str     0x00000c35      0x6de build/stm32f4xx_it.o
                                0xeb7 (size before relaxing)
 .debug_str     0x00001313       0x29 build/stm32f4xx_hal_msp.o
                                0x37f (size before relaxing)
 .debug_str     0x0000133c      0xf1a build/stm32f4xx_hal_tim.o
                               0x176b (size before relaxing)
 .debug_str     0x00002256      0x591 build/stm32f4xx_hal_tim_ex.o
                                0xf6c (size before relaxing)
 .debug_str     0x000027e7      0x62a build/stm32f4xx_hal_uart.o
                                0xdc0 (size before relaxing)
 .debug_str     0x00002e11      0x207 build/stm32f4xx_hal_rcc.o
                                0x75a (size before relaxing)
 .debug_str     0x00003018      0x163 build/stm32f4xx_hal_gpio.o
                                0x587 (size before relaxing)
 .debug_str     0x0000317b      0x2ac build/stm32f4xx_hal_dma.o
                                0x818 (size before relaxing)
 .debug_str     0x00003427      0x9f5 build/stm32f4xx_hal_cortex.o
                                0xccc (size before relaxing)
 .debug_str     0x00003e1c      0x21f build/stm32f4xx_hal.o
                                0xb8d (size before relaxing)
 .debug_str     0x0000403b       0x47 build/system_stm32f4xx.o
                                0x3fb (size before relaxing)
 .debug_str     0x00004082       0x10 build/gpio.o
                                0x425 (size before relaxing)
 .debug_str     0x00004092        0xf build/dma.o
                                0x887 (size before relaxing)
 .debug_str     0x000040a1       0x1c build/usart.o
                                0xe07 (size before relaxing)
 .debug_str     0x000040bd       0x64 build/tim.o
                               0x1188 (size before relaxing)
 .debug_str     0x00004121       0x6c build/frame_resolve.o
                                0x223 (size before relaxing)
 .debug_str     0x0000418d       0x22 build/startup_stm32f407xx.o
                                 0x4b (size before relaxing)

.comment        0x00000000       0xa6
 .comment       0x00000000       0x4d build/main.o
                                 0x4e (size before relaxing)
 .comment       0x0000004d       0x59 build/stm32f4xx_it.o
                                 0x5a (size before relaxing)
 .comment       0x000000a6       0x5a build/stm32f4xx_hal_msp.o
 .comment       0x000000a6       0x5a build/stm32f4xx_hal_tim.o
 .comment       0x000000a6       0x5a build/stm32f4xx_hal_tim_ex.o
 .comment       0x000000a6       0x5a build/stm32f4xx_hal_uart.o
 .comment       0x000000a6       0x5a build/stm32f4xx_hal_rcc.o
 .comment       0x000000a6       0x5a build/stm32f4xx_hal_gpio.o
 .comment       0x000000a6       0x5a build/stm32f4xx_hal_dma.o
 .comment       0x000000a6       0x5a build/stm32f4xx_hal_cortex.o
 .comment       0x000000a6       0x5a build/stm32f4xx_hal.o
 .comment       0x000000a6       0x5a build/system_stm32f4xx.o
 .comment       0x000000a6       0x5a build/gpio.o
 .comment       0x000000a6       0x5a build/dma.o
 .comment       0x000000a6       0x5a build/usart.o
 .comment       0x000000a6       0x5a build/tim.o
 .comment       0x000000a6       0x4e build/frame_resolve.o

.debug_frame    0x00000000     0x25e8
 .debug_frame   0x00000000       0xa4 build/main.o
 .debug_frame   0x000000a4      0x120 build/stm32f4xx_it.o
 .debug_frame   0x000001c4       0x28 build/stm32f4xx_hal_msp.o
 .debug_frame   0x000001ec      0xb14 build/stm32f4xx_hal_tim.o
 .debug_frame   0x00000d00      0x420 build/stm32f4xx_hal_tim_ex.o
 .debug_frame   0x00001120      0x5c4 build/stm32f4xx_hal_uart.o
 .debug_frame   0x000016e4      0x174 build/stm32f4xx_hal_rcc.o
 .debug_frame   0x00001858       0xd8 build/stm32f4xx_hal_gpio.o
 .debug_frame   0x00001930      0x188 build/stm32f4xx_hal_dma.o
 .debug_frame   0x00001ab8      0x15c build/stm32f4xx_hal_cortex.o
 .debug_frame   0x00001c14      0x1ec build/stm32f4xx_hal.o
 .debug_frame   0x00001e00       0x30 build/system_stm32f4xx.o
 .debug_frame   0x00001e30       0x38 build/gpio.o
 .debug_frame   0x00001e68       0x30 build/dma.o
 .debug_frame   0x00001e98       0x64 build/usart.o
 .debug_frame   0x00001efc      0x120 build/tim.o
 .debug_frame   0x0000201c       0x7c build/frame_resolve.o
 .debug_frame   0x00002098       0x2c c:/program files (x86)/gnu arm embedded toolchain/10 2020-q4-major/bin/../lib/gcc/arm-none-eabi/10.2.1/../../../../arm-none-eabi/lib/thumb/v7e-m+fp/hard\libc_nano.a(lib_a-init.o)
 .debug_frame   0x000020c4       0x20 c:/program files (x86)/gnu arm embedded toolchain/10 2020-q4-major/bin/../lib/gcc/arm-none-eabi/10.2.1/../../../../arm-none-eabi/lib/thumb/v7e-m+fp/hard\libc_nano.a(lib_a-memset.o)
 .debug_frame   0x000020e4       0x6c c:/program files (x86)/gnu arm embedded toolchain/10 2020-q4-major/bin/../lib/gcc/arm-none-eabi/10.2.1/../../../../arm-none-eabi/lib/thumb/v7e-m+fp/hard\libc_nano.a(lib_a-sprintf.o)
 .debug_frame   0x00002150       0x90 c:/program files (x86)/gnu arm embedded toolchain/10 2020-q4-major/bin/../lib/gcc/arm-none-eabi/10.2.1/../../../../arm-none-eabi/lib/thumb/v7e-m+fp/hard\libc_nano.a(lib_a-nano-svfprintf.o)
 .debug_frame   0x000021e0       0x60 c:/program files (x86)/gnu arm embedded toolchain/10 2020-q4-major/bin/../lib/gcc/arm-none-eabi/10.2.1/../../../../arm-none-eabi/lib/thumb/v7e-m+fp/hard\libc_nano.a(lib_a-nano-vfprintf_i.o)
 .debug_frame   0x00002240       0x28 c:/program files (x86)/gnu arm embedded toolchain/10 2020-q4-major/bin/../lib/gcc/arm-none-eabi/10.2.1/../../../../arm-none-eabi/lib/thumb/v7e-m+fp/hard\libc_nano.a(lib_a-memcpy-stub.o)
 .debug_frame   0x00002268       0x28 c:/program files (x86)/gnu arm embedded toolchain/10 2020-q4-major/bin/../lib/gcc/arm-none-eabi/10.2.1/../../../../arm-none-eabi/lib/thumb/v7e-m+fp/hard\libc_nano.a(lib_a-memmove.o)
 .debug_frame   0x00002290       0x38 c:/program files (x86)/gnu arm embedded toolchain/10 2020-q4-major/bin/../lib/gcc/arm-none-eabi/10.2.1/../../../../arm-none-eabi/lib/thumb/v7e-m+fp/hard\libc_nano.a(lib_a-nano-freer.o)
 .debug_frame   0x000022c8       0x30 c:/program files (x86)/gnu arm embedded toolchain/10 2020-q4-major/bin/../lib/gcc/arm-none-eabi/10.2.1/../../../../arm-none-eabi/lib/thumb/v7e-m+fp/hard\libc_nano.a(lib_a-nano-mallocr.o)
 .debug_frame   0x000022f8       0x3c c:/program files (x86)/gnu arm embedded toolchain/10 2020-q4-major/bin/../lib/gcc/arm-none-eabi/10.2.1/../../../../arm-none-eabi/lib/thumb/v7e-m+fp/hard\libc_nano.a(lib_a-nano-reallocr.o)
 .debug_frame   0x00002334       0x2c c:/program files (x86)/gnu arm embedded toolchain/10 2020-q4-major/bin/../lib/gcc/arm-none-eabi/10.2.1/../../../../arm-none-eabi/lib/thumb/v7e-m+fp/hard\libc_nano.a(lib_a-sbrkr.o)
 .debug_frame   0x00002360       0x30 c:/program files (x86)/gnu arm embedded toolchain/10 2020-q4-major/bin/../lib/gcc/arm-none-eabi/10.2.1/../../../../arm-none-eabi/lib/thumb/v7e-m+fp/hard\libc_nano.a(lib_a-mlock.o)
 .debug_frame   0x00002390       0x20 c:/program files (x86)/gnu arm embedded toolchain/10 2020-q4-major/bin/../lib/gcc/arm-none-eabi/10.2.1/../../../../arm-none-eabi/lib/thumb/v7e-m+fp/hard\libc_nano.a(lib_a-nano-msizer.o)
 .debug_frame   0x000023b0       0x5c c:/program files (x86)/gnu arm embedded toolchain/10 2020-q4-major/bin/../lib/gcc/arm-none-eabi/10.2.1/../../../../arm-none-eabi/lib/thumb/v7e-m+fp/hard\libc_nano.a(lib_a-reent.o)
 .debug_frame   0x0000240c       0xb0 c:/program files (x86)/gnu arm embedded toolchain/10 2020-q4-major/bin/../lib/gcc/arm-none-eabi/10.2.1/../../../../arm-none-eabi/lib/thumb/v7e-m+fp/hard\libc_nano.a(lib_a-lock.o)
 .debug_frame   0x000024bc       0x20 c:/program files (x86)/gnu arm embedded toolchain/10 2020-q4-major/bin/../lib/gcc/arm-none-eabi/10.2.1/../../../../arm-none-eabi/lib/thumb/v7e-m+fp/hard\libnosys.a(sbrk.o)
 .debug_frame   0x000024dc       0xac c:/program files (x86)/gnu arm embedded toolchain/10 2020-q4-major/bin/../lib/gcc/arm-none-eabi/10.2.1/thumb/v7e-m+fp/hard\libgcc.a(_arm_addsubdf3.o)
 .debug_frame   0x00002588       0x2c c:/program files (x86)/gnu arm embedded toolchain/10 2020-q4-major/bin/../lib/gcc/arm-none-eabi/10.2.1/thumb/v7e-m+fp/hard\libgcc.a(_aeabi_uldivmod.o)
 .debug_frame   0x000025b4       0x34 c:/program files (x86)/gnu arm embedded toolchain/10 2020-q4-major/bin/../lib/gcc/arm-none-eabi/10.2.1/thumb/v7e-m+fp/hard\libgcc.a(_udivmoddi4.o)

Cross Reference Table

Symbol                                            File
ADC_IRQHandler                                    build/startup_stm32f407xx.o
AHBPrescTable                                     build/system_stm32f4xx.o
                                                  build/stm32f4xx_hal_rcc.o
APBPrescTable                                     build/system_stm32f4xx.o
                                                  build/stm32f4xx_hal_rcc.o
BusFault_Handler                                  build/stm32f4xx_it.o
CAN1_RX0_IRQHandler                               build/startup_stm32f407xx.o
CAN1_RX1_IRQHandler                               build/startup_stm32f407xx.o
CAN1_SCE_IRQHandler                               build/startup_stm32f407xx.o
CAN1_TX_IRQHandler                                build/startup_stm32f407xx.o
CAN2_RX0_IRQHandler                               build/startup_stm32f407xx.o
CAN2_RX1_IRQHandler                               build/startup_stm32f407xx.o
CAN2_SCE_IRQHandler                               build/startup_stm32f407xx.o
CAN2_TX_IRQHandler                                build/startup_stm32f407xx.o
DCMI_IRQHandler                                   build/startup_stm32f407xx.o
DMA1_Stream0_IRQHandler                           build/startup_stm32f407xx.o
DMA1_Stream1_IRQHandler                           build/startup_stm32f407xx.o
DMA1_Stream2_IRQHandler                           build/startup_stm32f407xx.o
DMA1_Stream3_IRQHandler                           build/startup_stm32f407xx.o
DMA1_Stream4_IRQHandler                           build/startup_stm32f407xx.o
DMA1_Stream5_IRQHandler                           build/startup_stm32f407xx.o
DMA1_Stream6_IRQHandler                           build/startup_stm32f407xx.o
DMA1_Stream7_IRQHandler                           build/startup_stm32f407xx.o
DMA2_Stream0_IRQHandler                           build/startup_stm32f407xx.o
DMA2_Stream1_IRQHandler                           build/startup_stm32f407xx.o
DMA2_Stream2_IRQHandler                           build/stm32f4xx_it.o
DMA2_Stream3_IRQHandler                           build/startup_stm32f407xx.o
DMA2_Stream4_IRQHandler                           build/startup_stm32f407xx.o
DMA2_Stream5_IRQHandler                           build/startup_stm32f407xx.o
DMA2_Stream6_IRQHandler                           build/startup_stm32f407xx.o
DMA2_Stream7_IRQHandler                           build/stm32f4xx_it.o
DebugMon_Handler                                  build/stm32f4xx_it.o
Default_Handler                                   build/startup_stm32f407xx.o
ETH_IRQHandler                                    build/startup_stm32f407xx.o
ETH_WKUP_IRQHandler                               build/startup_stm32f407xx.o
EXTI0_IRQHandler                                  build/startup_stm32f407xx.o
EXTI15_10_IRQHandler                              build/startup_stm32f407xx.o
EXTI1_IRQHandler                                  build/startup_stm32f407xx.o
EXTI2_IRQHandler                                  build/startup_stm32f407xx.o
EXTI3_IRQHandler                                  build/startup_stm32f407xx.o
EXTI4_IRQHandler                                  build/startup_stm32f407xx.o
EXTI9_5_IRQHandler                                build/startup_stm32f407xx.o
Error_Handler                                     build/main.o
                                                  build/tim.o
                                                  build/usart.o
FLASH_Erase_Sector                                build/stm32f4xx_hal_flash_ex.o
                                                  build/stm32f4xx_hal_flash.o
FLASH_FlushCaches                                 build/stm32f4xx_hal_flash_ex.o
                                                  build/stm32f4xx_hal_flash.o
FLASH_IRQHandler                                  build/startup_stm32f407xx.o
FLASH_WaitForLastOperation                        build/stm32f4xx_hal_flash.o
                                                  build/stm32f4xx_hal_flash_ex.o
FPU_IRQHandler                                    build/startup_stm32f407xx.o
FSMC_IRQHandler                                   build/startup_stm32f407xx.o
HAL_DBGMCU_DisableDBGSleepMode                    build/stm32f4xx_hal.o
HAL_DBGMCU_DisableDBGStandbyMode                  build/stm32f4xx_hal.o
HAL_DBGMCU_DisableDBGStopMode                     build/stm32f4xx_hal.o
HAL_DBGMCU_EnableDBGSleepMode                     build/stm32f4xx_hal.o
HAL_DBGMCU_EnableDBGStandbyMode                   build/stm32f4xx_hal.o
HAL_DBGMCU_EnableDBGStopMode                      build/stm32f4xx_hal.o
HAL_DMAEx_ChangeMemory                            build/stm32f4xx_hal_dma_ex.o
HAL_DMAEx_MultiBufferStart                        build/stm32f4xx_hal_dma_ex.o
HAL_DMAEx_MultiBufferStart_IT                     build/stm32f4xx_hal_dma_ex.o
HAL_DMA_Abort                                     build/stm32f4xx_hal_dma.o
                                                  build/stm32f4xx_hal_uart.o
HAL_DMA_Abort_IT                                  build/stm32f4xx_hal_dma.o
                                                  build/stm32f4xx_hal_uart.o
                                                  build/stm32f4xx_hal_tim_ex.o
                                                  build/stm32f4xx_hal_tim.o
HAL_DMA_DeInit                                    build/stm32f4xx_hal_dma.o
                                                  build/usart.o
HAL_DMA_GetError                                  build/stm32f4xx_hal_dma.o
                                                  build/stm32f4xx_hal_uart.o
HAL_DMA_GetState                                  build/stm32f4xx_hal_dma.o
HAL_DMA_IRQHandler                                build/stm32f4xx_hal_dma.o
                                                  build/stm32f4xx_it.o
HAL_DMA_Init                                      build/stm32f4xx_hal_dma.o
                                                  build/usart.o
HAL_DMA_PollForTransfer                           build/stm32f4xx_hal_dma.o
HAL_DMA_RegisterCallback                          build/stm32f4xx_hal_dma.o
HAL_DMA_Start                                     build/stm32f4xx_hal_dma.o
HAL_DMA_Start_IT                                  build/stm32f4xx_hal_dma.o
                                                  build/stm32f4xx_hal_uart.o
                                                  build/stm32f4xx_hal_tim_ex.o
                                                  build/stm32f4xx_hal_tim.o
HAL_DMA_UnRegisterCallback                        build/stm32f4xx_hal_dma.o
HAL_DeInit                                        build/stm32f4xx_hal.o
HAL_Delay                                         build/stm32f4xx_hal.o
                                                  build/main.o
HAL_DisableCompensationCell                       build/stm32f4xx_hal.o
HAL_EXTI_ClearConfigLine                          build/stm32f4xx_hal_exti.o
HAL_EXTI_ClearPending                             build/stm32f4xx_hal_exti.o
HAL_EXTI_GenerateSWI                              build/stm32f4xx_hal_exti.o
HAL_EXTI_GetConfigLine                            build/stm32f4xx_hal_exti.o
HAL_EXTI_GetHandle                                build/stm32f4xx_hal_exti.o
HAL_EXTI_GetPending                               build/stm32f4xx_hal_exti.o
HAL_EXTI_IRQHandler                               build/stm32f4xx_hal_exti.o
HAL_EXTI_RegisterCallback                         build/stm32f4xx_hal_exti.o
HAL_EXTI_SetConfigLine                            build/stm32f4xx_hal_exti.o
HAL_EnableCompensationCell                        build/stm32f4xx_hal.o
HAL_FLASHEx_Erase                                 build/stm32f4xx_hal_flash_ex.o
HAL_FLASHEx_Erase_IT                              build/stm32f4xx_hal_flash_ex.o
HAL_FLASHEx_OBGetConfig                           build/stm32f4xx_hal_flash_ex.o
HAL_FLASHEx_OBProgram                             build/stm32f4xx_hal_flash_ex.o
HAL_FLASH_EndOfOperationCallback                  build/stm32f4xx_hal_flash.o
HAL_FLASH_GetError                                build/stm32f4xx_hal_flash.o
HAL_FLASH_IRQHandler                              build/stm32f4xx_hal_flash.o
HAL_FLASH_Lock                                    build/stm32f4xx_hal_flash.o
HAL_FLASH_OB_Launch                               build/stm32f4xx_hal_flash.o
HAL_FLASH_OB_Lock                                 build/stm32f4xx_hal_flash.o
HAL_FLASH_OB_Unlock                               build/stm32f4xx_hal_flash.o
HAL_FLASH_OperationErrorCallback                  build/stm32f4xx_hal_flash.o
HAL_FLASH_Program                                 build/stm32f4xx_hal_flash.o
HAL_FLASH_Program_IT                              build/stm32f4xx_hal_flash.o
HAL_FLASH_Unlock                                  build/stm32f4xx_hal_flash.o
HAL_GPIO_DeInit                                   build/stm32f4xx_hal_gpio.o
                                                  build/tim.o
                                                  build/usart.o
HAL_GPIO_EXTI_Callback                            build/stm32f4xx_hal_gpio.o
HAL_GPIO_EXTI_IRQHandler                          build/stm32f4xx_hal_gpio.o
HAL_GPIO_Init                                     build/stm32f4xx_hal_gpio.o
                                                  build/tim.o
                                                  build/usart.o
                                                  build/gpio.o
                                                  build/stm32f4xx_hal_rcc.o
HAL_GPIO_LockPin                                  build/stm32f4xx_hal_gpio.o
HAL_GPIO_ReadPin                                  build/stm32f4xx_hal_gpio.o
HAL_GPIO_TogglePin                                build/stm32f4xx_hal_gpio.o
HAL_GPIO_WritePin                                 build/stm32f4xx_hal_gpio.o
                                                  build/gpio.o
HAL_GetDEVID                                      build/stm32f4xx_hal.o
HAL_GetHalVersion                                 build/stm32f4xx_hal.o
HAL_GetREVID                                      build/stm32f4xx_hal.o
HAL_GetTick                                       build/stm32f4xx_hal.o
                                                  build/stm32f4xx_hal_pwr_ex.o
                                                  build/stm32f4xx_hal_dma.o
                                                  build/stm32f4xx_hal_flash.o
                                                  build/stm32f4xx_hal_rcc_ex.o
                                                  build/stm32f4xx_hal_rcc.o
                                                  build/stm32f4xx_hal_uart.o
HAL_GetTickFreq                                   build/stm32f4xx_hal.o
HAL_GetTickPrio                                   build/stm32f4xx_hal.o
HAL_GetUIDw0                                      build/stm32f4xx_hal.o
HAL_GetUIDw1                                      build/stm32f4xx_hal.o
HAL_GetUIDw2                                      build/stm32f4xx_hal.o
HAL_HalfDuplex_EnableReceiver                     build/stm32f4xx_hal_uart.o
HAL_HalfDuplex_EnableTransmitter                  build/stm32f4xx_hal_uart.o
HAL_HalfDuplex_Init                               build/stm32f4xx_hal_uart.o
HAL_IncTick                                       build/stm32f4xx_hal.o
                                                  build/stm32f4xx_it.o
HAL_Init                                          build/stm32f4xx_hal.o
                                                  build/main.o
HAL_InitTick                                      build/stm32f4xx_hal.o
                                                  build/stm32f4xx_hal_rcc_ex.o
                                                  build/stm32f4xx_hal_rcc.o
HAL_LIN_Init                                      build/stm32f4xx_hal_uart.o
HAL_LIN_SendBreak                                 build/stm32f4xx_hal_uart.o
HAL_MPU_ConfigRegion                              build/stm32f4xx_hal_cortex.o
HAL_MPU_Disable                                   build/stm32f4xx_hal_cortex.o
HAL_MPU_Enable                                    build/stm32f4xx_hal_cortex.o
HAL_MspDeInit                                     build/stm32f4xx_hal.o
HAL_MspInit                                       build/stm32f4xx_hal_msp.o
HAL_MultiProcessor_EnterMuteMode                  build/stm32f4xx_hal_uart.o
HAL_MultiProcessor_ExitMuteMode                   build/stm32f4xx_hal_uart.o
HAL_MultiProcessor_Init                           build/stm32f4xx_hal_uart.o
HAL_NVIC_ClearPendingIRQ                          build/stm32f4xx_hal_cortex.o
HAL_NVIC_DisableIRQ                               build/stm32f4xx_hal_cortex.o
                                                  build/tim.o
                                                  build/usart.o
HAL_NVIC_EnableIRQ                                build/stm32f4xx_hal_cortex.o
                                                  build/tim.o
                                                  build/usart.o
                                                  build/dma.o
HAL_NVIC_GetActive                                build/stm32f4xx_hal_cortex.o
HAL_NVIC_GetPendingIRQ                            build/stm32f4xx_hal_cortex.o
HAL_NVIC_GetPriority                              build/stm32f4xx_hal_cortex.o
HAL_NVIC_GetPriorityGrouping                      build/stm32f4xx_hal_cortex.o
HAL_NVIC_SetPendingIRQ                            build/stm32f4xx_hal_cortex.o
HAL_NVIC_SetPriority                              build/stm32f4xx_hal_cortex.o
                                                  build/tim.o
                                                  build/usart.o
                                                  build/dma.o
                                                  build/stm32f4xx_hal.o
HAL_NVIC_SetPriorityGrouping                      build/stm32f4xx_hal_cortex.o
                                                  build/stm32f4xx_hal.o
HAL_NVIC_SystemReset                              build/stm32f4xx_hal_cortex.o
HAL_PWREx_ControlVoltageScaling                   build/stm32f4xx_hal_pwr_ex.o
HAL_PWREx_DisableBkUpReg                          build/stm32f4xx_hal_pwr_ex.o
HAL_PWREx_DisableFlashPowerDown                   build/stm32f4xx_hal_pwr_ex.o
HAL_PWREx_EnableBkUpReg                           build/stm32f4xx_hal_pwr_ex.o
HAL_PWREx_EnableFlashPowerDown                    build/stm32f4xx_hal_pwr_ex.o
HAL_PWREx_GetVoltageRange                         build/stm32f4xx_hal_pwr_ex.o
HAL_PWR_ConfigPVD                                 build/stm32f4xx_hal_pwr.o
HAL_PWR_DeInit                                    build/stm32f4xx_hal_pwr.o
HAL_PWR_DisableBkUpAccess                         build/stm32f4xx_hal_pwr.o
HAL_PWR_DisablePVD                                build/stm32f4xx_hal_pwr.o
HAL_PWR_DisableSEVOnPend                          build/stm32f4xx_hal_pwr.o
HAL_PWR_DisableSleepOnExit                        build/stm32f4xx_hal_pwr.o
HAL_PWR_DisableWakeUpPin                          build/stm32f4xx_hal_pwr.o
HAL_PWR_EnableBkUpAccess                          build/stm32f4xx_hal_pwr.o
HAL_PWR_EnablePVD                                 build/stm32f4xx_hal_pwr.o
HAL_PWR_EnableSEVOnPend                           build/stm32f4xx_hal_pwr.o
HAL_PWR_EnableSleepOnExit                         build/stm32f4xx_hal_pwr.o
HAL_PWR_EnableWakeUpPin                           build/stm32f4xx_hal_pwr.o
HAL_PWR_EnterSLEEPMode                            build/stm32f4xx_hal_pwr.o
HAL_PWR_EnterSTANDBYMode                          build/stm32f4xx_hal_pwr.o
HAL_PWR_EnterSTOPMode                             build/stm32f4xx_hal_pwr.o
HAL_PWR_PVDCallback                               build/stm32f4xx_hal_pwr.o
HAL_PWR_PVD_IRQHandler                            build/stm32f4xx_hal_pwr.o
HAL_RCCEx_DisablePLLI2S                           build/stm32f4xx_hal_rcc_ex.o
HAL_RCCEx_EnablePLLI2S                            build/stm32f4xx_hal_rcc_ex.o
HAL_RCCEx_GetPeriphCLKConfig                      build/stm32f4xx_hal_rcc_ex.o
HAL_RCCEx_GetPeriphCLKFreq                        build/stm32f4xx_hal_rcc_ex.o
HAL_RCCEx_PeriphCLKConfig                         build/stm32f4xx_hal_rcc_ex.o
HAL_RCC_CSSCallback                               build/stm32f4xx_hal_rcc.o
HAL_RCC_ClockConfig                               build/stm32f4xx_hal_rcc.o
                                                  build/main.o
HAL_RCC_DeInit                                    build/stm32f4xx_hal_rcc_ex.o
                                                  build/stm32f4xx_hal_rcc.o
HAL_RCC_DisableCSS                                build/stm32f4xx_hal_rcc.o
HAL_RCC_EnableCSS                                 build/stm32f4xx_hal_rcc.o
HAL_RCC_GetClockConfig                            build/stm32f4xx_hal_rcc.o
HAL_RCC_GetHCLKFreq                               build/stm32f4xx_hal_rcc.o
HAL_RCC_GetOscConfig                              build/stm32f4xx_hal_rcc.o
HAL_RCC_GetPCLK1Freq                              build/stm32f4xx_hal_rcc.o
                                                  build/stm32f4xx_hal_uart.o
HAL_RCC_GetPCLK2Freq                              build/stm32f4xx_hal_rcc.o
                                                  build/stm32f4xx_hal_uart.o
HAL_RCC_GetSysClockFreq                           build/stm32f4xx_hal_rcc.o
HAL_RCC_MCOConfig                                 build/stm32f4xx_hal_rcc.o
HAL_RCC_NMI_IRQHandler                            build/stm32f4xx_hal_rcc.o
HAL_RCC_OscConfig                                 build/stm32f4xx_hal_rcc.o
                                                  build/main.o
HAL_ResumeTick                                    build/stm32f4xx_hal.o
HAL_SYSTICK_CLKSourceConfig                       build/stm32f4xx_hal_cortex.o
HAL_SYSTICK_Callback                              build/stm32f4xx_hal_cortex.o
HAL_SYSTICK_Config                                build/stm32f4xx_hal_cortex.o
                                                  build/stm32f4xx_hal.o
HAL_SYSTICK_IRQHandler                            build/stm32f4xx_hal_cortex.o
HAL_SetTickFreq                                   build/stm32f4xx_hal.o
HAL_SuspendTick                                   build/stm32f4xx_hal.o
HAL_TIMEx_BreakCallback                           build/stm32f4xx_hal_tim_ex.o
                                                  build/stm32f4xx_hal_tim.o
HAL_TIMEx_CommutCallback                          build/stm32f4xx_hal_tim_ex.o
                                                  build/stm32f4xx_hal_tim.o
HAL_TIMEx_CommutHalfCpltCallback                  build/stm32f4xx_hal_tim_ex.o
HAL_TIMEx_ConfigBreakDeadTime                     build/stm32f4xx_hal_tim_ex.o
HAL_TIMEx_ConfigCommutEvent                       build/stm32f4xx_hal_tim_ex.o
HAL_TIMEx_ConfigCommutEvent_DMA                   build/stm32f4xx_hal_tim_ex.o
HAL_TIMEx_ConfigCommutEvent_IT                    build/stm32f4xx_hal_tim_ex.o
HAL_TIMEx_GetChannelNState                        build/stm32f4xx_hal_tim_ex.o
HAL_TIMEx_HallSensor_DeInit                       build/stm32f4xx_hal_tim_ex.o
HAL_TIMEx_HallSensor_GetState                     build/stm32f4xx_hal_tim_ex.o
HAL_TIMEx_HallSensor_Init                         build/stm32f4xx_hal_tim_ex.o
HAL_TIMEx_HallSensor_MspDeInit                    build/stm32f4xx_hal_tim_ex.o
HAL_TIMEx_HallSensor_MspInit                      build/stm32f4xx_hal_tim_ex.o
HAL_TIMEx_HallSensor_Start                        build/stm32f4xx_hal_tim_ex.o
HAL_TIMEx_HallSensor_Start_DMA                    build/stm32f4xx_hal_tim_ex.o
HAL_TIMEx_HallSensor_Start_IT                     build/stm32f4xx_hal_tim_ex.o
HAL_TIMEx_HallSensor_Stop                         build/stm32f4xx_hal_tim_ex.o
HAL_TIMEx_HallSensor_Stop_DMA                     build/stm32f4xx_hal_tim_ex.o
HAL_TIMEx_HallSensor_Stop_IT                      build/stm32f4xx_hal_tim_ex.o
HAL_TIMEx_MasterConfigSynchronization             build/stm32f4xx_hal_tim_ex.o
                                                  build/tim.o
HAL_TIMEx_OCN_Start                               build/stm32f4xx_hal_tim_ex.o
HAL_TIMEx_OCN_Start_DMA                           build/stm32f4xx_hal_tim_ex.o
HAL_TIMEx_OCN_Start_IT                            build/stm32f4xx_hal_tim_ex.o
HAL_TIMEx_OCN_Stop                                build/stm32f4xx_hal_tim_ex.o
HAL_TIMEx_OCN_Stop_DMA                            build/stm32f4xx_hal_tim_ex.o
HAL_TIMEx_OCN_Stop_IT                             build/stm32f4xx_hal_tim_ex.o
HAL_TIMEx_OnePulseN_Start                         build/stm32f4xx_hal_tim_ex.o
HAL_TIMEx_OnePulseN_Start_IT                      build/stm32f4xx_hal_tim_ex.o
HAL_TIMEx_OnePulseN_Stop                          build/stm32f4xx_hal_tim_ex.o
HAL_TIMEx_OnePulseN_Stop_IT                       build/stm32f4xx_hal_tim_ex.o
HAL_TIMEx_PWMN_Start                              build/stm32f4xx_hal_tim_ex.o
HAL_TIMEx_PWMN_Start_DMA                          build/stm32f4xx_hal_tim_ex.o
HAL_TIMEx_PWMN_Start_IT                           build/stm32f4xx_hal_tim_ex.o
HAL_TIMEx_PWMN_Stop                               build/stm32f4xx_hal_tim_ex.o
HAL_TIMEx_PWMN_Stop_DMA                           build/stm32f4xx_hal_tim_ex.o
HAL_TIMEx_PWMN_Stop_IT                            build/stm32f4xx_hal_tim_ex.o
HAL_TIMEx_RemapConfig                             build/stm32f4xx_hal_tim_ex.o
HAL_TIM_Base_DeInit                               build/stm32f4xx_hal_tim.o
HAL_TIM_Base_GetState                             build/stm32f4xx_hal_tim.o
HAL_TIM_Base_Init                                 build/stm32f4xx_hal_tim.o
                                                  build/tim.o
HAL_TIM_Base_MspDeInit                            build/tim.o
                                                  build/stm32f4xx_hal_tim.o
HAL_TIM_Base_MspInit                              build/tim.o
                                                  build/stm32f4xx_hal_tim.o
HAL_TIM_Base_Start                                build/stm32f4xx_hal_tim.o
HAL_TIM_Base_Start_DMA                            build/stm32f4xx_hal_tim.o
HAL_TIM_Base_Start_IT                             build/stm32f4xx_hal_tim.o
HAL_TIM_Base_Stop                                 build/stm32f4xx_hal_tim.o
HAL_TIM_Base_Stop_DMA                             build/stm32f4xx_hal_tim.o
HAL_TIM_Base_Stop_IT                              build/stm32f4xx_hal_tim.o
HAL_TIM_ConfigClockSource                         build/stm32f4xx_hal_tim.o
                                                  build/tim.o
HAL_TIM_ConfigOCrefClear                          build/stm32f4xx_hal_tim.o
HAL_TIM_ConfigTI1Input                            build/stm32f4xx_hal_tim.o
HAL_TIM_DMABurstState                             build/stm32f4xx_hal_tim.o
HAL_TIM_DMABurst_MultiReadStart                   build/stm32f4xx_hal_tim.o
HAL_TIM_DMABurst_MultiWriteStart                  build/stm32f4xx_hal_tim.o
HAL_TIM_DMABurst_ReadStart                        build/stm32f4xx_hal_tim.o
HAL_TIM_DMABurst_ReadStop                         build/stm32f4xx_hal_tim.o
HAL_TIM_DMABurst_WriteStart                       build/stm32f4xx_hal_tim.o
HAL_TIM_DMABurst_WriteStop                        build/stm32f4xx_hal_tim.o
HAL_TIM_Encoder_DeInit                            build/stm32f4xx_hal_tim.o
HAL_TIM_Encoder_GetState                          build/stm32f4xx_hal_tim.o
HAL_TIM_Encoder_Init                              build/stm32f4xx_hal_tim.o
                                                  build/tim.o
HAL_TIM_Encoder_MspDeInit                         build/tim.o
                                                  build/stm32f4xx_hal_tim.o
HAL_TIM_Encoder_MspInit                           build/tim.o
                                                  build/stm32f4xx_hal_tim.o
HAL_TIM_Encoder_Start                             build/stm32f4xx_hal_tim.o
HAL_TIM_Encoder_Start_DMA                         build/stm32f4xx_hal_tim.o
HAL_TIM_Encoder_Start_IT                          build/stm32f4xx_hal_tim.o
HAL_TIM_Encoder_Stop                              build/stm32f4xx_hal_tim.o
HAL_TIM_Encoder_Stop_DMA                          build/stm32f4xx_hal_tim.o
HAL_TIM_Encoder_Stop_IT                           build/stm32f4xx_hal_tim.o
HAL_TIM_ErrorCallback                             build/stm32f4xx_hal_tim.o
                                                  build/stm32f4xx_hal_tim_ex.o
HAL_TIM_GenerateEvent                             build/stm32f4xx_hal_tim.o
HAL_TIM_GetActiveChannel                          build/stm32f4xx_hal_tim.o
HAL_TIM_GetChannelState                           build/stm32f4xx_hal_tim.o
HAL_TIM_IC_CaptureCallback                        build/stm32f4xx_hal_tim.o
HAL_TIM_IC_CaptureHalfCpltCallback                build/stm32f4xx_hal_tim.o
HAL_TIM_IC_ConfigChannel                          build/stm32f4xx_hal_tim.o
HAL_TIM_IC_DeInit                                 build/stm32f4xx_hal_tim.o
HAL_TIM_IC_GetState                               build/stm32f4xx_hal_tim.o
HAL_TIM_IC_Init                                   build/stm32f4xx_hal_tim.o
HAL_TIM_IC_MspDeInit                              build/stm32f4xx_hal_tim.o
HAL_TIM_IC_MspInit                                build/stm32f4xx_hal_tim.o
HAL_TIM_IC_Start                                  build/stm32f4xx_hal_tim.o
HAL_TIM_IC_Start_DMA                              build/stm32f4xx_hal_tim.o
HAL_TIM_IC_Start_IT                               build/stm32f4xx_hal_tim.o
HAL_TIM_IC_Stop                                   build/stm32f4xx_hal_tim.o
HAL_TIM_IC_Stop_DMA                               build/stm32f4xx_hal_tim.o
HAL_TIM_IC_Stop_IT                                build/stm32f4xx_hal_tim.o
HAL_TIM_IRQHandler                                build/stm32f4xx_hal_tim.o
                                                  build/stm32f4xx_it.o
HAL_TIM_MspPostInit                               build/tim.o
HAL_TIM_OC_ConfigChannel                          build/stm32f4xx_hal_tim.o
HAL_TIM_OC_DeInit                                 build/stm32f4xx_hal_tim.o
HAL_TIM_OC_DelayElapsedCallback                   build/stm32f4xx_hal_tim.o
HAL_TIM_OC_GetState                               build/stm32f4xx_hal_tim.o
HAL_TIM_OC_Init                                   build/stm32f4xx_hal_tim.o
HAL_TIM_OC_MspDeInit                              build/stm32f4xx_hal_tim.o
HAL_TIM_OC_MspInit                                build/stm32f4xx_hal_tim.o
HAL_TIM_OC_Start                                  build/stm32f4xx_hal_tim.o
HAL_TIM_OC_Start_DMA                              build/stm32f4xx_hal_tim.o
HAL_TIM_OC_Start_IT                               build/stm32f4xx_hal_tim.o
HAL_TIM_OC_Stop                                   build/stm32f4xx_hal_tim.o
HAL_TIM_OC_Stop_DMA                               build/stm32f4xx_hal_tim.o
HAL_TIM_OC_Stop_IT                                build/stm32f4xx_hal_tim.o
HAL_TIM_OnePulse_ConfigChannel                    build/stm32f4xx_hal_tim.o
HAL_TIM_OnePulse_DeInit                           build/stm32f4xx_hal_tim.o
HAL_TIM_OnePulse_GetState                         build/stm32f4xx_hal_tim.o
HAL_TIM_OnePulse_Init                             build/stm32f4xx_hal_tim.o
HAL_TIM_OnePulse_MspDeInit                        build/stm32f4xx_hal_tim.o
HAL_TIM_OnePulse_MspInit                          build/stm32f4xx_hal_tim.o
HAL_TIM_OnePulse_Start                            build/stm32f4xx_hal_tim.o
HAL_TIM_OnePulse_Start_IT                         build/stm32f4xx_hal_tim.o
HAL_TIM_OnePulse_Stop                             build/stm32f4xx_hal_tim.o
HAL_TIM_OnePulse_Stop_IT                          build/stm32f4xx_hal_tim.o
HAL_TIM_PWM_ConfigChannel                         build/stm32f4xx_hal_tim.o
                                                  build/tim.o
HAL_TIM_PWM_DeInit                                build/stm32f4xx_hal_tim.o
HAL_TIM_PWM_GetState                              build/stm32f4xx_hal_tim.o
HAL_TIM_PWM_Init                                  build/stm32f4xx_hal_tim.o
                                                  build/tim.o
HAL_TIM_PWM_MspDeInit                             build/stm32f4xx_hal_tim.o
HAL_TIM_PWM_MspInit                               build/stm32f4xx_hal_tim.o
HAL_TIM_PWM_PulseFinishedCallback                 build/stm32f4xx_hal_tim.o
                                                  build/stm32f4xx_hal_tim_ex.o
HAL_TIM_PWM_PulseFinishedHalfCpltCallback         build/stm32f4xx_hal_tim.o
HAL_TIM_PWM_Start                                 build/stm32f4xx_hal_tim.o
HAL_TIM_PWM_Start_DMA                             build/stm32f4xx_hal_tim.o
HAL_TIM_PWM_Start_IT                              build/stm32f4xx_hal_tim.o
HAL_TIM_PWM_Stop                                  build/stm32f4xx_hal_tim.o
HAL_TIM_PWM_Stop_DMA                              build/stm32f4xx_hal_tim.o
HAL_TIM_PWM_Stop_IT                               build/stm32f4xx_hal_tim.o
HAL_TIM_PeriodElapsedCallback                     build/main.o
HAL_TIM_PeriodElapsedHalfCpltCallback             build/stm32f4xx_hal_tim.o
HAL_TIM_ReadCapturedValue                         build/stm32f4xx_hal_tim.o
HAL_TIM_SlaveConfigSynchro                        build/stm32f4xx_hal_tim.o
HAL_TIM_SlaveConfigSynchro_IT                     build/stm32f4xx_hal_tim.o
HAL_TIM_TriggerCallback                           build/stm32f4xx_hal_tim.o
HAL_TIM_TriggerHalfCpltCallback                   build/stm32f4xx_hal_tim.o
HAL_UARTEx_ReceiveToIdle                          build/stm32f4xx_hal_uart.o
HAL_UARTEx_ReceiveToIdle_DMA                      build/stm32f4xx_hal_uart.o
HAL_UARTEx_ReceiveToIdle_IT                       build/stm32f4xx_hal_uart.o
HAL_UARTEx_RxEventCallback                        build/stm32f4xx_hal_uart.o
HAL_UART_Abort                                    build/stm32f4xx_hal_uart.o
HAL_UART_AbortCpltCallback                        build/stm32f4xx_hal_uart.o
HAL_UART_AbortReceive                             build/stm32f4xx_hal_uart.o