Archive member included to satisfy reference by file (symbol)

/usr/lib/gcc/arm-none-eabi/9.2.1/../../../arm-none-eabi/lib/thumb/v7e-m+fp/hard/libc_nano.a(lib_a-atexit.o)
                              /usr/lib/gcc/arm-none-eabi/9.2.1/../../../arm-none-eabi/lib/thumb/v7e-m+fp/hard/crt0.o (atexit)
/usr/lib/gcc/arm-none-eabi/9.2.1/../../../arm-none-eabi/lib/thumb/v7e-m+fp/hard/libc_nano.a(lib_a-exit.o)
                              /usr/lib/gcc/arm-none-eabi/9.2.1/../../../arm-none-eabi/lib/thumb/v7e-m+fp/hard/crt0.o (exit)
/usr/lib/gcc/arm-none-eabi/9.2.1/../../../arm-none-eabi/lib/thumb/v7e-m+fp/hard/libc_nano.a(lib_a-fini.o)
                              /usr/lib/gcc/arm-none-eabi/9.2.1/../../../arm-none-eabi/lib/thumb/v7e-m+fp/hard/crt0.o (__libc_fini_array)
/usr/lib/gcc/arm-none-eabi/9.2.1/../../../arm-none-eabi/lib/thumb/v7e-m+fp/hard/libc_nano.a(lib_a-impure.o)
                              /usr/lib/gcc/arm-none-eabi/9.2.1/../../../arm-none-eabi/lib/thumb/v7e-m+fp/hard/libc_nano.a(lib_a-exit.o) (_global_impure_ptr)
/usr/lib/gcc/arm-none-eabi/9.2.1/../../../arm-none-eabi/lib/thumb/v7e-m+fp/hard/libc_nano.a(lib_a-init.o)
                              /usr/lib/gcc/arm-none-eabi/9.2.1/../../../arm-none-eabi/lib/thumb/v7e-m+fp/hard/crt0.o (__libc_init_array)
/usr/lib/gcc/arm-none-eabi/9.2.1/../../../arm-none-eabi/lib/thumb/v7e-m+fp/hard/libc_nano.a(lib_a-memset.o)
                              /usr/lib/gcc/arm-none-eabi/9.2.1/../../../arm-none-eabi/lib/thumb/v7e-m+fp/hard/crt0.o (memset)
/usr/lib/gcc/arm-none-eabi/9.2.1/../../../arm-none-eabi/lib/thumb/v7e-m+fp/hard/libc_nano.a(lib_a-sprintf.o)
                              build/main.o (sprintf)
/usr/lib/gcc/arm-none-eabi/9.2.1/../../../arm-none-eabi/lib/thumb/v7e-m+fp/hard/libc_nano.a(lib_a-__atexit.o)
                              /usr/lib/gcc/arm-none-eabi/9.2.1/../../../arm-none-eabi/lib/thumb/v7e-m+fp/hard/libc_nano.a(lib_a-atexit.o) (__register_exitproc)
/usr/lib/gcc/arm-none-eabi/9.2.1/../../../arm-none-eabi/lib/thumb/v7e-m+fp/hard/libc_nano.a(lib_a-__call_atexit.o)
                              /usr/lib/gcc/arm-none-eabi/9.2.1/../../../arm-none-eabi/lib/thumb/v7e-m+fp/hard/libc_nano.a(lib_a-__atexit.o) (__call_exitprocs)
/usr/lib/gcc/arm-none-eabi/9.2.1/../../../arm-none-eabi/lib/thumb/v7e-m+fp/hard/libc_nano.a(lib_a-nano-svfprintf.o)
                              /usr/lib/gcc/arm-none-eabi/9.2.1/../../../arm-none-eabi/lib/thumb/v7e-m+fp/hard/libc_nano.a(lib_a-sprintf.o) (_svfprintf_r)
/usr/lib/gcc/arm-none-eabi/9.2.1/../../../arm-none-eabi/lib/thumb/v7e-m+fp/hard/libc_nano.a(lib_a-nano-vfprintf_i.o)
                              /usr/lib/gcc/arm-none-eabi/9.2.1/../../../arm-none-eabi/lib/thumb/v7e-m+fp/hard/libc_nano.a(lib_a-nano-svfprintf.o) (_printf_i)
/usr/lib/gcc/arm-none-eabi/9.2.1/../../../arm-none-eabi/lib/thumb/v7e-m+fp/hard/libc_nano.a(lib_a-memchr.o)
                              /usr/lib/gcc/arm-none-eabi/9.2.1/../../../arm-none-eabi/lib/thumb/v7e-m+fp/hard/libc_nano.a(lib_a-nano-svfprintf.o) (memchr)
/usr/lib/gcc/arm-none-eabi/9.2.1/../../../arm-none-eabi/lib/thumb/v7e-m+fp/hard/libc_nano.a(lib_a-memcpy.o)
                              /usr/lib/gcc/arm-none-eabi/9.2.1/../../../arm-none-eabi/lib/thumb/v7e-m+fp/hard/libc_nano.a(lib_a-nano-svfprintf.o) (memcpy)
/usr/lib/gcc/arm-none-eabi/9.2.1/../../../arm-none-eabi/lib/thumb/v7e-m+fp/hard/libc_nano.a(lib_a-memmove.o)
                              /usr/lib/gcc/arm-none-eabi/9.2.1/../../../arm-none-eabi/lib/thumb/v7e-m+fp/hard/libc_nano.a(lib_a-nano-svfprintf.o) (memmove)
/usr/lib/gcc/arm-none-eabi/9.2.1/../../../arm-none-eabi/lib/thumb/v7e-m+fp/hard/libc_nano.a(lib_a-nano-freer.o)
                              /usr/lib/gcc/arm-none-eabi/9.2.1/../../../arm-none-eabi/lib/thumb/v7e-m+fp/hard/libc_nano.a(lib_a-nano-svfprintf.o) (_free_r)
/usr/lib/gcc/arm-none-eabi/9.2.1/../../../arm-none-eabi/lib/thumb/v7e-m+fp/hard/libc_nano.a(lib_a-nano-mallocr.o)
                              /usr/lib/gcc/arm-none-eabi/9.2.1/../../../arm-none-eabi/lib/thumb/v7e-m+fp/hard/libc_nano.a(lib_a-nano-svfprintf.o) (_malloc_r)
/usr/lib/gcc/arm-none-eabi/9.2.1/../../../arm-none-eabi/lib/thumb/v7e-m+fp/hard/libc_nano.a(lib_a-nano-reallocr.o)
                              /usr/lib/gcc/arm-none-eabi/9.2.1/../../../arm-none-eabi/lib/thumb/v7e-m+fp/hard/libc_nano.a(lib_a-nano-svfprintf.o) (_realloc_r)
/usr/lib/gcc/arm-none-eabi/9.2.1/../../../arm-none-eabi/lib/thumb/v7e-m+fp/hard/libc_nano.a(lib_a-sbrkr.o)
                              /usr/lib/gcc/arm-none-eabi/9.2.1/../../../arm-none-eabi/lib/thumb/v7e-m+fp/hard/libc_nano.a(lib_a-nano-mallocr.o) (_sbrk_r)
/usr/lib/gcc/arm-none-eabi/9.2.1/../../../arm-none-eabi/lib/thumb/v7e-m+fp/hard/libc_nano.a(lib_a-mlock.o)
                              /usr/lib/gcc/arm-none-eabi/9.2.1/../../../arm-none-eabi/lib/thumb/v7e-m+fp/hard/libc_nano.a(lib_a-nano-freer.o) (__malloc_lock)
[...]
Memory Configuration

Name             Origin             Length             Attributes
RAM              0x0000000020000000 0x0000000000020000 xrw
CCMRAM           0x0000000010000000 0x0000000000010000 xrw
FLASH            0x0000000008000000 0x0000000000080000 xr
*default*        0x0000000000000000 0xffffffffffffffff

Linker script and memory map

LOAD /usr/lib/gcc/arm-none-eabi/9.2.1/thumb/v7e-m+fp/hard/crti.o
LOAD /usr/lib/gcc/arm-none-eabi/9.2.1/thumb/v7e-m+fp/hard/crtbegin.o
LOAD /usr/lib/gcc/arm-none-eabi/9.2.1/../../../arm-none-eabi/lib/thumb/v7e-m+fp/hard/crt0.o
LOAD build/main.o
LOAD build/stm32f4xx_it.o
LOAD build/stm32f4xx_hal_msp.o
LOAD build/stm32f4xx_hal_tim.o
LOAD build/stm32f4xx_hal_tim_ex.o
LOAD build/stm32f4xx_hal_uart.o
LOAD build/stm32f4xx_hal_rcc.o
LOAD build/stm32f4xx_hal_rcc_ex.o
LOAD build/stm32f4xx_hal_flash.o
LOAD build/stm32f4xx_hal_flash_ex.o
LOAD build/stm32f4xx_hal_flash_ramfunc.o
LOAD build/stm32f4xx_hal_gpio.o
LOAD build/stm32f4xx_hal_dma_ex.o
LOAD build/stm32f4xx_hal_dma.o
LOAD build/stm32f4xx_hal_pwr.o
LOAD build/stm32f4xx_hal_pwr_ex.o
LOAD build/stm32f4xx_hal_cortex.o
LOAD build/stm32f4xx_hal.o
LOAD build/stm32f4xx_hal_exti.o
LOAD build/system_stm32f4xx.o
LOAD build/gpio.o
LOAD build/dma.o
LOAD build/usart.o
LOAD build/tim.o
LOAD build/PID.o
LOAD build/frame_resolve.o
LOAD build/startup_stm32f407xx.o
LOAD /usr/lib/gcc/arm-none-eabi/9.2.1/../../../arm-none-eabi/lib/thumb/v7e-m+fp/hard/libc_nano.a
LOAD /usr/lib/gcc/arm-none-eabi/9.2.1/../../../arm-none-eabi/lib/thumb/v7e-m+fp/hard/libm.a
LOAD /usr/lib/gcc/arm-none-eabi/9.2.1/../../../arm-none-eabi/lib/thumb/v7e-m+fp/hard/libnosys.a
START GROUP
LOAD /usr/lib/gcc/arm-none-eabi/9.2.1/thumb/v7e-m+fp/hard/libgcc.a
LOAD /usr/lib/gcc/arm-none-eabi/9.2.1/../../../arm-none-eabi/lib/thumb/v7e-m+fp/hard/libc_nano.a
END GROUP
START GROUP
LOAD /usr/lib/gcc/arm-none-eabi/9.2.1/thumb/v7e-m+fp/hard/libgcc.a
LOAD /usr/lib/gcc/arm-none-eabi/9.2.1/../../../arm-none-eabi/lib/thumb/v7e-m+fp/hard/libc_nano.a
END GROUP
LOAD /usr/lib/gcc/arm-none-eabi/9.2.1/thumb/v7e-m+fp/hard/crtend.o
LOAD /usr/lib/gcc/arm-none-eabi/9.2.1/thumb/v7e-m+fp/hard/crtn.o
                0x0000000020020000                _estack = 0x20020000
                0x0000000000000200                _Min_Heap_Size = 0x200
                0x0000000000000400                _Min_Stack_Size = 0x400

.isr_vector     0x0000000008000000      0x188
                0x0000000008000000                . = ALIGN (0x4)
 *(.isr_vector)
 .isr_vector    0x0000000008000000      0x188 build/startup_stm32f407xx.o
                0x0000000008000000                g_pfnVectors
                0x0000000008000188                . = ALIGN (0x4)

.text           0x0000000008000190     0x37e4
                0x0000000008000190                . = ALIGN (0x4)
 *(.text)
 .text          0x0000000008000190       0x88 /usr/lib/gcc/arm-none-eabi/9.2.1/thumb/v7e-m+fp/hard/crtbegin.o
 .text          0x0000000008000218       0x48 /usr/lib/gcc/arm-none-eabi/9.2.1/../../../arm-none-eabi/lib/thumb/v7e-m+fp/hard/libc_nano.a(lib_a-init.o)
                0x0000000008000218                __libc_init_array
 .text          0x0000000008000260       0xa0 /usr/lib/gcc/arm-none-eabi/9.2.1/../../../arm-none-eabi/lib/thumb/v7e-m+fp/hard/libc_nano.a(lib_a-memset.o)
                0x0000000008000260                memset
 .text          0x0000000008000300       0x80 /usr/lib/gcc/arm-none-eabi/9.2.1/../../../arm-none-eabi/lib/thumb/v7e-m+fp/hard/libc_nano.a(lib_a-sprintf.o)
                0x0000000008000300                _siprintf_r
                0x0000000008000300                _sprintf_r
                0x000000000800033c                sprintf
                0x000000000800033c                siprintf
 .text          0x0000000008000380      0x42c /usr/lib/gcc/arm-none-eabi/9.2.1/../../../arm-none-eabi/lib/thumb/v7e-m+fp/hard/libc_nano.a(lib_a-nano-svfprintf.o)
                0x0000000008000380                __ssputs_r
                0x0000000008000440                __ssprint_r
                0x0000000008000538                _svfprintf_r
                0x0000000008000538                _svfiprintf_r
 .text          0x00000000080007ac      0x3c4 /usr/lib/gcc/arm-none-eabi/9.2.1/../../../arm-none-eabi/lib/thumb/v7e-m+fp/hard/libc_nano.a(lib_a-nano-vfprintf_i.o)
                0x00000000080007ac                _printf_common
                0x00000000080008d8                _printf_i
 .text          0x0000000008000b70       0xa0 /usr/lib/gcc/arm-none-eabi/9.2.1/../../../arm-none-eabi/lib/thumb/v7e-m+fp/hard/libc_nano.a(lib_a-memchr.o)
                0x0000000008000b70                memchr
 .text          0x0000000008000c10      0x134 /usr/lib/gcc/arm-none-eabi/9.2.1/../../../arm-none-eabi/lib/thumb/v7e-m+fp/hard/libc_nano.a(lib_a-memcpy.o)
                0x0000000008000c10                memcpy
 .text          0x0000000008000d44       0xd0 /usr/lib/gcc/arm-none-eabi/9.2.1/../../../arm-none-eabi/lib/thumb/v7e-m+fp/hard/libc_nano.a(lib_a-memmove.o)
                0x0000000008000d44                memmove
 .text          0x0000000008000e14       0xac /usr/lib/gcc/arm-none-eabi/9.2.1/../../../arm-none-eabi/lib/thumb/v7e-m+fp/hard/libc_nano.a(lib_a-nano-freer.o)
                0x0000000008000e14                _free_r
 .text          0x0000000008000ec0       0xc8 /usr/lib/gcc/arm-none-eabi/9.2.1/../../../arm-none-eabi/lib/thumb/v7e-m+fp/hard/libc_nano.a(lib_a-nano-mallocr.o)
                0x0000000008000ec0                _malloc_r
 .text          0x0000000008000f88       0x4c /usr/lib/gcc/arm-none-eabi/9.2.1/../../../arm-none-eabi/lib/thumb/v7e-m+fp/hard/libc_nano.a(lib_a-nano-reallocr.o)
                0x0000000008000f88                _realloc_r
 .text          0x0000000008000fd4       0x24 /usr/lib/gcc/arm-none-eabi/9.2.1/../../../arm-none-eabi/lib/thumb/v7e-m+fp/hard/libc_nano.a(lib_a-sbrkr.o)
                0x0000000008000fd4                _sbrk_r
 .text          0x0000000008000ff8        0x8 /usr/lib/gcc/arm-none-eabi/9.2.1/../../../arm-none-eabi/lib/thumb/v7e-m+fp/hard/libc_nano.a(lib_a-mlock.o)
                0x0000000008000ff8                __malloc_lock
                0x0000000008000ffc                __malloc_unlock
 .text          0x0000000008001000       0x10 /usr/lib/gcc/arm-none-eabi/9.2.1/../../../arm-none-eabi/lib/thumb/v7e-m+fp/hard/libc_nano.a(lib_a-nano-msizer.o)
                0x0000000008001000                _malloc_usable_size_r
 .text          0x0000000008001010       0x1c /usr/lib/gcc/arm-none-eabi/9.2.1/../../../arm-none-eabi/lib/thumb/v7e-m+fp/hard/libnosys.a(sbrk.o)
                0x0000000008001010                _sbrk
 .text          0x000000000800102c       0x30 /usr/lib/gcc/arm-none-eabi/9.2.1/thumb/v7e-m+fp/hard/libgcc.a(_aeabi_uldivmod.o)
                0x000000000800102c                __aeabi_uldivmod
 .text          0x000000000800105c      0x2c4 /usr/lib/gcc/arm-none-eabi/9.2.1/thumb/v7e-m+fp/hard/libgcc.a(_udivmoddi4.o)
                0x000000000800105c                __udivmoddi4
 .text          0x0000000008001320        0x4 /usr/lib/gcc/arm-none-eabi/9.2.1/thumb/v7e-m+fp/hard/libgcc.a(_dvmd_tls.o)
                0x0000000008001320                __aeabi_ldiv0
                0x0000000008001320                __aeabi_idiv0
 *(.text*)
 .text.HAL_TIM_PeriodElapsedCallback
                0x0000000008001324       0x10 build/main.o
                0x0000000008001324                HAL_TIM_PeriodElapsedCallback
 .text.HAL_UART_RxCpltCallback
                0x0000000008001334       0x8c build/main.o
                0x0000000008001334                HAL_UART_RxCpltCallback
 .text.Error_Handler
                0x00000000080013c0        0x4 build/main.o
                0x00000000080013c0                Error_Handler
 .text.SystemClock_Config
                0x00000000080013c4       0xa8 build/main.o
                0x00000000080013c4                SystemClock_Config
 .text.main     0x000000000800146c       0x3c build/main.o
                0x000000000800146c                main
 .text.NMI_Handler
                0x00000000080014a8        0x2 build/stm32f4xx_it.o
                0x00000000080014a8                NMI_Handler
 .text.HardFault_Handler
                0x00000000080014aa        0x2 build/stm32f4xx_it.o
                0x00000000080014aa                HardFault_Handler
 .text.MemManage_Handler
                0x00000000080014ac        0x2 build/stm32f4xx_it.o
                0x00000000080014ac                MemManage_Handler
 .text.BusFault_Handler
                0x00000000080014ae        0x2 build/stm32f4xx_it.o
                0x00000000080014ae                BusFault_Handler
 .text.UsageFault_Handler
                0x00000000080014b0        0x2 build/stm32f4xx_it.o
                0x00000000080014b0                UsageFault_Handler
 .text.SVC_Handler
                0x00000000080014b2        0x2 build/stm32f4xx_it.o
                0x00000000080014b2                SVC_Handler
 .text.DebugMon_Handler
                0x00000000080014b4        0x2 build/stm32f4xx_it.o
                0x00000000080014b4                DebugMon_Handler
 .text.PendSV_Handler
                0x00000000080014b6        0x2 build/stm32f4xx_it.o
                0x00000000080014b6                PendSV_Handler
 .text.SysTick_Handler
                0x00000000080014b8        0x8 build/stm32f4xx_it.o
                0x00000000080014b8                SysTick_Handler
 .text.TIM4_IRQHandler
                0x00000000080014c0       0x10 build/stm32f4xx_it.o
                0x00000000080014c0                TIM4_IRQHandler
 .text.USART1_IRQHandler
                0x00000000080014d0       0x10 build/stm32f4xx_it.o
                0x00000000080014d0                USART1_IRQHandler
 .text.TIM5_IRQHandler
                0x00000000080014e0       0x10 build/stm32f4xx_it.o
                0x00000000080014e0                TIM5_IRQHandler
 .text.DMA2_Stream2_IRQHandler
                0x00000000080014f0       0x10 build/stm32f4xx_it.o
                0x00000000080014f0                DMA2_Stream2_IRQHandler
 .text.DMA2_Stream7_IRQHandler
                0x0000000008001500       0x10 build/stm32f4xx_it.o
                0x0000000008001500                DMA2_Stream7_IRQHandler
 .text.HAL_MspInit
                0x0000000008001510       0x38 build/stm32f4xx_hal_msp.o
                0x0000000008001510                HAL_MspInit
 .text.TIM_OC1_SetConfig
                0x0000000008001548       0x68 build/stm32f4xx_hal_tim.o
 .text.TIM_OC3_SetConfig
                0x00000000080015b0       0x70 build/stm32f4xx_hal_tim.o
 .text.TIM_OC4_SetConfig
                0x0000000008001620       0x50 build/stm32f4xx_hal_tim.o
 .text.TIM_TI1_ConfigInputStage
                0x0000000008001670       0x24 build/stm32f4xx_hal_tim.o
 .text.TIM_TI2_ConfigInputStage
                0x0000000008001694       0x26 build/stm32f4xx_hal_tim.o
 .text.TIM_ITRx_SetConfig
                0x00000000080016ba       0x10 build/stm32f4xx_hal_tim.o
 .text.HAL_TIM_PWM_MspInit
                0x00000000080016ca        0x2 build/stm32f4xx_hal_tim.o
                0x00000000080016ca                HAL_TIM_PWM_MspInit
 .text.HAL_TIM_OC_DelayElapsedCallback
                0x00000000080016cc        0x2 build/stm32f4xx_hal_tim.o
                0x00000000080016cc                HAL_TIM_OC_DelayElapsedCallback
 .text.HAL_TIM_IC_CaptureCallback
                0x00000000080016ce        0x2 build/stm32f4xx_hal_tim.o
                0x00000000080016ce                HAL_TIM_IC_CaptureCallback
 .text.HAL_TIM_PWM_PulseFinishedCallback
                0x00000000080016d0        0x2 build/stm32f4xx_hal_tim.o
                0x00000000080016d0                HAL_TIM_PWM_PulseFinishedCallback
 .text.HAL_TIM_TriggerCallback
                0x00000000080016d2        0x2 build/stm32f4xx_hal_tim.o
                0x00000000080016d2                HAL_TIM_TriggerCallback
 .text.HAL_TIM_IRQHandler
                0x00000000080016d4      0x17a build/stm32f4xx_hal_tim.o
                0x00000000080016d4                HAL_TIM_IRQHandler
 *fill*         0x000000000800184e        0x2 
 .text.TIM_Base_SetConfig
                0x0000000008001850       0xc8 build/stm32f4xx_hal_tim.o
                0x0000000008001850                TIM_Base_SetConfig
 .text.HAL_TIM_Base_Init
                0x0000000008001918       0x58 build/stm32f4xx_hal_tim.o
                0x0000000008001918                HAL_TIM_Base_Init
 .text.HAL_TIM_PWM_Init
                0x0000000008001970       0x58 build/stm32f4xx_hal_tim.o
                0x0000000008001970                HAL_TIM_PWM_Init
 .text.HAL_TIM_Encoder_Init
                0x00000000080019c8       0xb0 build/stm32f4xx_hal_tim.o
                0x00000000080019c8                HAL_TIM_Encoder_Init
 .text.TIM_OC2_SetConfig
                0x0000000008001a78       0x70 build/stm32f4xx_hal_tim.o
                0x0000000008001a78                TIM_OC2_SetConfig
 .text.HAL_TIM_PWM_ConfigChannel
                0x0000000008001ae8       0xd0 build/stm32f4xx_hal_tim.o
                0x0000000008001ae8                HAL_TIM_PWM_ConfigChannel
 .text.TIM_ETR_SetConfig
                0x0000000008001bb8       0x18 build/stm32f4xx_hal_tim.o
                0x0000000008001bb8                TIM_ETR_SetConfig
 .text.HAL_TIM_ConfigClockSource
                0x0000000008001bd0       0xda build/stm32f4xx_hal_tim.o
                0x0000000008001bd0                HAL_TIM_ConfigClockSource
 *fill*         0x0000000008001caa        0x2 
 .text.HAL_TIMEx_MasterConfigSynchronization
                0x0000000008001cac       0x88 build/stm32f4xx_hal_tim_ex.o
                0x0000000008001cac                HAL_TIMEx_MasterConfigSynchronization
 .text.HAL_TIMEx_CommutCallback
                0x0000000008001d34        0x2 build/stm32f4xx_hal_tim_ex.o
                0x0000000008001d34                HAL_TIMEx_CommutCallback
 .text.HAL_TIMEx_BreakCallback
                0x0000000008001d36        0x2 build/stm32f4xx_hal_tim_ex.o
                0x0000000008001d36                HAL_TIMEx_BreakCallback
 .text.UART_EndTxTransfer
                0x0000000008001d38       0x12 build/stm32f4xx_hal_uart.o
 .text.UART_EndRxTransfer
                0x0000000008001d4a       0x32 build/stm32f4xx_hal_uart.o
 .text.UART_Transmit_IT
                0x0000000008001d7c       0x60 build/stm32f4xx_hal_uart.o
 .text.UART_SetConfig
                0x0000000008001ddc      0x11c build/stm32f4xx_hal_uart.o
 .text.HAL_UART_Init
                0x0000000008001ef8       0x5e build/stm32f4xx_hal_uart.o
                0x0000000008001ef8                HAL_UART_Init
 *fill*         0x0000000008001f56        0x2 
 .text.HAL_UART_Transmit_DMA
                0x0000000008001f58       0x8c build/stm32f4xx_hal_uart.o
                0x0000000008001f58                HAL_UART_Transmit_DMA
 .text.HAL_UART_TxCpltCallback
                0x0000000008001fe4        0x2 build/stm32f4xx_hal_uart.o
                0x0000000008001fe4                HAL_UART_TxCpltCallback
 .text.UART_DMATransmitCplt
                0x0000000008001fe6       0x30 build/stm32f4xx_hal_uart.o
 .text.UART_EndTransmit_IT
                0x0000000008002016       0x1a build/stm32f4xx_hal_uart.o
 .text.HAL_UART_TxHalfCpltCallback
                0x0000000008002030        0x2 build/stm32f4xx_hal_uart.o
                0x0000000008002030                HAL_UART_TxHalfCpltCallback
 .text.UART_DMATxHalfCplt
                0x0000000008002032        0xa build/stm32f4xx_hal_uart.o
 .text.HAL_UART_RxHalfCpltCallback
                0x000000000800203c        0x2 build/stm32f4xx_hal_uart.o
                0x000000000800203c                HAL_UART_RxHalfCpltCallback
 .text.HAL_UART_ErrorCallback
                0x000000000800203e        0x2 build/stm32f4xx_hal_uart.o
                0x000000000800203e                HAL_UART_ErrorCallback
 .text.UART_DMAError
                0x0000000008002040       0x58 build/stm32f4xx_hal_uart.o
 .text.UART_DMAAbortOnError
                0x0000000008002098       0x10 build/stm32f4xx_hal_uart.o
 .text.HAL_UARTEx_RxEventCallback
                0x00000000080020a8        0x2 build/stm32f4xx_hal_uart.o
                0x00000000080020a8                HAL_UARTEx_RxEventCallback
 .text.UART_Receive_IT
                0x00000000080020aa       0xba build/stm32f4xx_hal_uart.o
 .text.HAL_UART_IRQHandler
                0x0000000008002164      0x208 build/stm32f4xx_hal_uart.o
                0x0000000008002164                HAL_UART_IRQHandler
 .text.UART_DMARxHalfCplt
                0x000000000800236c       0x1a build/stm32f4xx_hal_uart.o
 .text.UART_DMAReceiveCplt
                0x0000000008002386       0x5e build/stm32f4xx_hal_uart.o
 .text.UART_Start_Receive_DMA
                0x00000000080023e4       0x78 build/stm32f4xx_hal_uart.o
                0x00000000080023e4                UART_Start_Receive_DMA
 .text.HAL_UART_Receive_DMA
                0x000000000800245c       0x38 build/stm32f4xx_hal_uart.o
                0x000000000800245c                HAL_UART_Receive_DMA
 .text.HAL_RCC_OscConfig
                0x0000000008002494      0x3f8 build/stm32f4xx_hal_rcc.o
                0x0000000008002494                HAL_RCC_OscConfig
 .text.HAL_RCC_GetSysClockFreq
                0x000000000800288c       0xcc build/stm32f4xx_hal_rcc.o
                0x000000000800288c                HAL_RCC_GetSysClockFreq
 .text.HAL_RCC_ClockConfig
                0x0000000008002958      0x160 build/stm32f4xx_hal_rcc.o
                0x0000000008002958                HAL_RCC_ClockConfig
 .text.HAL_RCC_GetHCLKFreq
                0x0000000008002ab8        0xc build/stm32f4xx_hal_rcc.o
                0x0000000008002ab8                HAL_RCC_GetHCLKFreq
 .text.HAL_RCC_GetPCLK1Freq
                0x0000000008002ac4       0x20 build/stm32f4xx_hal_rcc.o
                0x0000000008002ac4                HAL_RCC_GetPCLK1Freq
 .text.HAL_RCC_GetPCLK2Freq
                0x0000000008002ae4       0x20 build/stm32f4xx_hal_rcc.o
                0x0000000008002ae4                HAL_RCC_GetPCLK2Freq
 .text.HAL_GPIO_Init
                0x0000000008002b04      0x1d4 build/stm32f4xx_hal_gpio.o
                0x0000000008002b04                HAL_GPIO_Init
 .text.HAL_GPIO_WritePin
                0x0000000008002cd8        0xc build/stm32f4xx_hal_gpio.o
                0x0000000008002cd8                HAL_GPIO_WritePin
 .text.HAL_GPIO_TogglePin
                0x0000000008002ce4       0x12 build/stm32f4xx_hal_gpio.o
                0x0000000008002ce4                HAL_GPIO_TogglePin
 .text.DMA_SetConfig
                0x0000000008002cf6       0x2c build/stm32f4xx_hal_dma.o
 *fill*         0x0000000008002d22        0x2 
 .text.DMA_CalcBaseAndBitshift
                0x0000000008002d24       0x44 build/stm32f4xx_hal_dma.o
 .text.DMA_CheckFifoParam
                0x0000000008002d68       0x8e build/stm32f4xx_hal_dma.o
 *fill*         0x0000000008002df6        0x2 
 .text.HAL_DMA_Init
                0x0000000008002df8       0xcc build/stm32f4xx_hal_dma.o
                0x0000000008002df8                HAL_DMA_Init
 .text.HAL_DMA_Start_IT
                0x0000000008002ec4       0x6a build/stm32f4xx_hal_dma.o
                0x0000000008002ec4                HAL_DMA_Start_IT
 .text.HAL_DMA_Abort
                0x0000000008002f2e       0x94 build/stm32f4xx_hal_dma.o
                0x0000000008002f2e                HAL_DMA_Abort
 .text.HAL_DMA_Abort_IT
                0x0000000008002fc2       0x26 build/stm32f4xx_hal_dma.o
                0x0000000008002fc2                HAL_DMA_Abort_IT
 .text.HAL_DMA_IRQHandler
                0x0000000008002fe8      0x1dc build/stm32f4xx_hal_dma.o
                0x0000000008002fe8                HAL_DMA_IRQHandler
 .text.HAL_NVIC_SetPriorityGrouping
                0x00000000080031c4       0x24 build/stm32f4xx_hal_cortex.o
                0x00000000080031c4                HAL_NVIC_SetPriorityGrouping
 .text.HAL_NVIC_SetPriority
                0x00000000080031e8       0x68 build/stm32f4xx_hal_cortex.o
                0x00000000080031e8                HAL_NVIC_SetPriority
 .text.HAL_NVIC_EnableIRQ
                0x0000000008003250       0x1c build/stm32f4xx_hal_cortex.o
                0x0000000008003250                HAL_NVIC_EnableIRQ
 .text.HAL_SYSTICK_Config
                0x000000000800326c       0x2c build/stm32f4xx_hal_cortex.o
                0x000000000800326c                HAL_SYSTICK_Config
 .text.HAL_InitTick
                0x0000000008003298       0x4c build/stm32f4xx_hal.o
                0x0000000008003298                HAL_InitTick
 .text.HAL_Init
                0x00000000080032e4       0x34 build/stm32f4xx_hal.o
                0x00000000080032e4                HAL_Init
 .text.HAL_IncTick
                0x0000000008003318       0x18 build/stm32f4xx_hal.o
                0x0000000008003318                HAL_IncTick
 .text.HAL_GetTick
                0x0000000008003330        0xc build/stm32f4xx_hal.o
                0x0000000008003330                HAL_GetTick
 .text.SystemInit
                0x000000000800333c       0x14 build/system_stm32f4xx.o
                0x000000000800333c                SystemInit
 .text.MX_GPIO_Init
                0x0000000008003350       0xb4 build/gpio.o
                0x0000000008003350                MX_GPIO_Init
 .text.MX_DMA_Init
                0x0000000008003404       0x44 build/dma.o
                0x0000000008003404                MX_DMA_Init
 .text.MX_USART1_UART_Init
                0x0000000008003448       0x34 build/usart.o
                0x0000000008003448                MX_USART1_UART_Init
 .text.HAL_UART_MspInit
                0x000000000800347c       0xfc build/usart.o
                0x000000000800347c                HAL_UART_MspInit
 .text.MX_TIM2_Init
                0x0000000008003578       0x64 build/tim.o
                0x0000000008003578                MX_TIM2_Init
 .text.MX_TIM3_Init
                0x00000000080035dc       0x68 build/tim.o
                0x00000000080035dc                MX_TIM3_Init
 .text.MX_TIM5_Init
                0x0000000008003644       0x70 build/tim.o
                0x0000000008003644                MX_TIM5_Init
 .text.HAL_TIM_Encoder_MspInit
                0x00000000080036b4       0xc4 build/tim.o
                0x00000000080036b4                HAL_TIM_Encoder_MspInit
 .text.HAL_TIM_Base_MspInit
                0x0000000008003778       0x74 build/tim.o
                0x0000000008003778                HAL_TIM_Base_MspInit
 .text.HAL_TIM_MspPostInit
                0x00000000080037ec       0x5c build/tim.o
                0x00000000080037ec                HAL_TIM_MspPostInit
 .text.MX_TIM4_Init
                0x0000000008003848       0xc0 build/tim.o
                0x0000000008003848                MX_TIM4_Init
 .text.Reset_Handler
                0x0000000008003908       0x50 build/startup_stm32f407xx.o
                0x0000000008003908                Reset_Handler
 .text.Default_Handler
                0x0000000008003958        0x2 build/startup_stm32f407xx.o
                0x0000000008003958                RTC_Alarm_IRQHandler
                0x0000000008003958                HASH_RNG_IRQHandler
                0x0000000008003958                EXTI2_IRQHandler
                0x0000000008003958                TIM8_CC_IRQHandler
                0x0000000008003958                TIM1_CC_IRQHandler
                0x0000000008003958                DMA2_Stream5_IRQHandler
                0x0000000008003958                DMA1_Stream5_IRQHandler
                0x0000000008003958                PVD_IRQHandler
                0x0000000008003958                SDIO_IRQHandler
                0x0000000008003958                TAMP_STAMP_IRQHandler
                0x0000000008003958                CAN2_RX1_IRQHandler
                0x0000000008003958                EXTI3_IRQHandler
                0x0000000008003958                TIM8_TRG_COM_TIM14_IRQHandler
                0x0000000008003958                TIM1_UP_TIM10_IRQHandler
                0x0000000008003958                TIM8_UP_TIM13_IRQHandler
                0x0000000008003958                I2C3_ER_IRQHandler
                0x0000000008003958                EXTI0_IRQHandler
                0x0000000008003958                I2C2_EV_IRQHandler
                0x0000000008003958                DMA1_Stream2_IRQHandler
                0x0000000008003958                CAN1_RX0_IRQHandler
                0x0000000008003958                FPU_IRQHandler
                0x0000000008003958                OTG_HS_WKUP_IRQHandler
                0x0000000008003958                CAN2_SCE_IRQHandler
                0x0000000008003958                SPI1_IRQHandler
                0x0000000008003958                TIM6_DAC_IRQHandler
                0x0000000008003958                TIM1_BRK_TIM9_IRQHandler
                0x0000000008003958                DCMI_IRQHandler
                0x0000000008003958                CAN2_RX0_IRQHandler
                0x0000000008003958                DMA2_Stream3_IRQHandler
                0x0000000008003958                USART6_IRQHandler
                0x0000000008003958                USART3_IRQHandler
                0x0000000008003958                CAN1_RX1_IRQHandler
                0x0000000008003958                UART5_IRQHandler
                0x0000000008003958                DMA2_Stream0_IRQHandler
                0x0000000008003958                I2C1_EV_IRQHandler
                0x0000000008003958                DMA1_Stream6_IRQHandler
                0x0000000008003958                DMA1_Stream1_IRQHandler
                0x0000000008003958                UART4_IRQHandler
                0x0000000008003958                TIM3_IRQHandler
                0x0000000008003958                RCC_IRQHandler
                0x0000000008003958                TIM8_BRK_TIM12_IRQHandler
                0x0000000008003958                Default_Handler
                0x0000000008003958                EXTI15_10_IRQHandler
                0x0000000008003958                ADC_IRQHandler
                0x0000000008003958                DMA1_Stream7_IRQHandler
                0x0000000008003958                TIM7_IRQHandler
                0x0000000008003958                CAN2_TX_IRQHandler
                0x0000000008003958                I2C3_EV_IRQHandler
                0x0000000008003958                EXTI9_5_IRQHandler
                0x0000000008003958                RTC_WKUP_IRQHandler
                0x0000000008003958                ETH_WKUP_IRQHandler
                0x0000000008003958                SPI2_IRQHandler
                0x0000000008003958                OTG_HS_EP1_IN_IRQHandler
                0x0000000008003958                DMA1_Stream0_IRQHandler
                0x0000000008003958                CAN1_TX_IRQHandler
                0x0000000008003958                EXTI4_IRQHandler
                0x0000000008003958                FSMC_IRQHandler
                0x0000000008003958                ETH_IRQHandler
                0x0000000008003958                OTG_HS_EP1_OUT_IRQHandler
                0x0000000008003958                WWDG_IRQHandler
                0x0000000008003958                TIM2_IRQHandler
                0x0000000008003958                OTG_FS_WKUP_IRQHandler
                0x0000000008003958                TIM1_TRG_COM_TIM11_IRQHandler
                0x0000000008003958                OTG_HS_IRQHandler
                0x0000000008003958                EXTI1_IRQHandler
                0x0000000008003958                USART2_IRQHandler
                0x0000000008003958                I2C2_ER_IRQHandler
                0x0000000008003958                DMA2_Stream1_IRQHandler
                0x0000000008003958                CAN1_SCE_IRQHandler
                0x0000000008003958                FLASH_IRQHandler
                0x0000000008003958                DMA2_Stream4_IRQHandler
                0x0000000008003958                OTG_FS_IRQHandler
                0x0000000008003958                SPI3_IRQHandler
                0x0000000008003958                DMA1_Stream4_IRQHandler
                0x0000000008003958                I2C1_ER_IRQHandler
                0x0000000008003958                DMA2_Stream6_IRQHandler
                0x0000000008003958                DMA1_Stream3_IRQHandler
 *(.glue_7)
 .glue_7        0x000000000800395a        0x0 linker stubs
 *(.glue_7t)
 .glue_7t       0x000000000800395a        0x0 linker stubs
 *(.eh_frame)
 *fill*         0x000000000800395a        0x2 
 .eh_frame      0x000000000800395c        0x0 /usr/lib/gcc/arm-none-eabi/9.2.1/thumb/v7e-m+fp/hard/crtbegin.o
 *(.init)
 .init          0x000000000800395c        0x4 /usr/lib/gcc/arm-none-eabi/9.2.1/thumb/v7e-m+fp/hard/crti.o
                0x000000000800395c                _init
 .init          0x0000000008003960        0x8 /usr/lib/gcc/arm-none-eabi/9.2.1/thumb/v7e-m+fp/hard/crtn.o
 *(.fini)
 .fini          0x0000000008003968        0x4 /usr/lib/gcc/arm-none-eabi/9.2.1/thumb/v7e-m+fp/hard/crti.o
                0x0000000008003968                _fini
 .fini          0x000000000800396c        0x8 /usr/lib/gcc/arm-none-eabi/9.2.1/thumb/v7e-m+fp/hard/crtn.o
                0x0000000008003974                . = ALIGN (0x4)
                0x0000000008003974                _etext = .

.vfp11_veneer   0x0000000008003974        0x0
 .vfp11_veneer  0x0000000008003974        0x0 linker stubs

.v4_bx          0x0000000008003974        0x0
 .v4_bx         0x0000000008003974        0x0 linker stubs

.iplt           0x0000000008003974        0x0
 .iplt          0x0000000008003974        0x0 /usr/lib/gcc/arm-none-eabi/9.2.1/thumb/v7e-m+fp/hard/crtbegin.o

.rodata         0x0000000008003974       0x5c
                0x0000000008003974                . = ALIGN (0x4)
 *(.rodata)
 *(.rodata*)
 .rodata.flagBitshiftOffset.8289
                0x0000000008003974        0x8 build/stm32f4xx_hal_dma.o
 .rodata.AHBPrescTable
                0x000000000800397c       0x10 build/system_stm32f4xx.o
                0x000000000800397c                AHBPrescTable
 .rodata.APBPrescTable
                0x000000000800398c        0x8 build/system_stm32f4xx.o
                0x000000000800398c                APBPrescTable
 .rodata.str1.4
                0x0000000008003994       0x13 /usr/lib/gcc/arm-none-eabi/9.2.1/../../../arm-none-eabi/lib/thumb/v7e-m+fp/hard/libc_nano.a(lib_a-nano-svfprintf.o)
 *fill*         0x00000000080039a7        0x1 
 .rodata.str1.4
                0x00000000080039a8       0x25 /usr/lib/gcc/arm-none-eabi/9.2.1/../../../arm-none-eabi/lib/thumb/v7e-m+fp/hard/libc_nano.a(lib_a-nano-vfprintf_i.o)
                0x00000000080039d0                . = ALIGN (0x4)
 *fill*         0x00000000080039cd        0x3 

.ARM.extab
 *(.ARM.extab* .gnu.linkonce.armextab.*)

.ARM            0x00000000080039d0        0x8
                0x00000000080039d0                __exidx_start = .
 *(.ARM.exidx*)
 .ARM.exidx     0x00000000080039d0        0x8 /usr/lib/gcc/arm-none-eabi/9.2.1/thumb/v7e-m+fp/hard/libgcc.a(_udivmoddi4.o)
                0x00000000080039d8                __exidx_end = .

.rel.dyn        0x00000000080039d8        0x0
 .rel.iplt      0x00000000080039d8        0x0 /usr/lib/gcc/arm-none-eabi/9.2.1/thumb/v7e-m+fp/hard/crtbegin.o

.preinit_array  0x00000000080039d8        0x0
                0x00000000080039d8                PROVIDE (__preinit_array_start = .)
 *(.preinit_array*)
                0x00000000080039d8                PROVIDE (__preinit_array_end = .)

.init_array     0x00000000080039d8        0x4
                0x00000000080039d8                PROVIDE (__init_array_start = .)
 *(SORT_BY_NAME(.init_array.*))
 *(.init_array*)
 .init_array    0x00000000080039d8        0x4 /usr/lib/gcc/arm-none-eabi/9.2.1/thumb/v7e-m+fp/hard/crtbegin.o
                0x00000000080039dc                PROVIDE (__init_array_end = .)

.fini_array     0x00000000080039dc        0x4
                0x00000000080039dc                PROVIDE (__fini_array_start = .)
 *(SORT_BY_NAME(.fini_array.*))
 *(.fini_array*)
 .fini_array    0x00000000080039dc        0x4 /usr/lib/gcc/arm-none-eabi/9.2.1/thumb/v7e-m+fp/hard/crtbegin.o
                0x00000000080039e0                PROVIDE (__fini_array_end = .)
                0x00000000080039e0                _sidata = LOADADDR (.data)

.data           0x0000000020000000       0xa0 load address 0x00000000080039e0
                0x0000000020000000                . = ALIGN (0x4)
                0x0000000020000000                _sdata = .
 *(.data)
 .data          0x0000000020000000       0x64 /usr/lib/gcc/arm-none-eabi/9.2.1/../../../arm-none-eabi/lib/thumb/v7e-m+fp/hard/libc_nano.a(lib_a-impure.o)
                0x0000000020000000                _impure_ptr
 *(.data*)
 .data.MSG      0x0000000020000064       0x32 build/main.o
                0x0000000020000064                MSG
 .data.uwTickFreq
                0x0000000020000096        0x1 build/stm32f4xx_hal.o
                0x0000000020000096                uwTickFreq
 *fill*         0x0000000020000097        0x1 
 .data.uwTickPrio
                0x0000000020000098        0x4 build/stm32f4xx_hal.o
                0x0000000020000098                uwTickPrio
 .data.SystemCoreClock
                0x000000002000009c        0x4 build/system_stm32f4xx.o
                0x000000002000009c                SystemCoreClock
                0x00000000200000a0                . = ALIGN (0x4)
                0x00000000200000a0                _edata = .
                0x0000000008003a80                _siccmram = LOADADDR (.ccmram)

.tm_clone_table
                0x00000000200000a0        0x0 load address 0x0000000008003a80
 .tm_clone_table
                0x00000000200000a0        0x0 /usr/lib/gcc/arm-none-eabi/9.2.1/thumb/v7e-m+fp/hard/crtbegin.o
 .tm_clone_table
                0x00000000200000a0        0x0 /usr/lib/gcc/arm-none-eabi/9.2.1/thumb/v7e-m+fp/hard/crtend.o

.igot.plt       0x00000000200000a0        0x0 load address 0x0000000008003a80
 .igot.plt      0x00000000200000a0        0x0 /usr/lib/gcc/arm-none-eabi/9.2.1/thumb/v7e-m+fp/hard/crtbegin.o

.ccmram         0x0000000010000000        0x0 load address 0x0000000008003a80
                0x0000000010000000                . = ALIGN (0x4)
                0x0000000010000000                _sccmram = .
 *(.ccmram)
 *(.ccmram*)
                0x0000000010000000                . = ALIGN (0x4)
                0x0000000010000000                _eccmram = .
                0x0000000010000000                . = ALIGN (0x4)

.bss            0x00000000200000a0      0x278
                0x00000000200000a0                _sbss = .
                0x00000000200000a0                __bss_start__ = _sbss
 *(.bss)
 .bss           0x00000000200000a0       0x1c /usr/lib/gcc/arm-none-eabi/9.2.1/thumb/v7e-m+fp/hard/crtbegin.o
 .bss           0x00000000200000bc        0x8 /usr/lib/gcc/arm-none-eabi/9.2.1/../../../arm-none-eabi/lib/thumb/v7e-m+fp/hard/libc_nano.a(lib_a-nano-mallocr.o)
                0x00000000200000bc                __malloc_free_list
                0x00000000200000c0                __malloc_sbrk_start
 .bss           0x00000000200000c4        0x4 /usr/lib/gcc/arm-none-eabi/9.2.1/../../../arm-none-eabi/lib/thumb/v7e-m+fp/hard/libnosys.a(sbrk.o)
 *(.bss*)
 .bss.ready_flag
                0x00000000200000c8        0x1 build/main.o
                0x00000000200000c8                ready_flag
 *(COMMON)
 *fill*         0x00000000200000c9        0x3 
 COMMON         0x00000000200000cc       0x20 build/main.o
                0x00000000200000cc                rx_buffer
                0x00000000200000dc                tx_buffer
 COMMON         0x00000000200000ec        0x4 build/stm32f4xx_hal.o
                0x00000000200000ec                uwTick
 COMMON         0x00000000200000f0      0x104 build/usart.o
                0x00000000200000f0                hdma_usart1_tx
                0x0000000020000150                hdma_usart1_rx
                0x00000000200001b0                huart1
 COMMON         0x00000000200001f4      0x120 build/tim.o
                0x00000000200001f4                htim4
                0x000000002000023c                htim5
                0x0000000020000284                htim3
                0x00000000200002cc                htim2
 COMMON         0x0000000020000314        0x4 /usr/lib/gcc/arm-none-eabi/9.2.1/../../../arm-none-eabi/lib/thumb/v7e-m+fp/hard/libc_nano.a(lib_a-reent.o)
                0x0000000020000314                errno
                0x0000000020000318                . = ALIGN (0x4)
                0x0000000020000318                _ebss = .
                0x0000000020000318                __bss_end__ = _ebss

._user_heap_stack
                0x0000000020000318      0x600
                0x0000000020000318                . = ALIGN (0x8)
                0x0000000020000318                PROVIDE (end = .)
                [!provide]                        PROVIDE (_end = .)
                0x0000000020000518                . = (. + _Min_Heap_Size)
 *fill*         0x0000000020000318      0x200 
                0x0000000020000918                . = (. + _Min_Stack_Size)
 *fill*         0x0000000020000518      0x400 
                0x0000000020000918                . = ALIGN (0x8)

/DISCARD/
 libc.a(*)
 libm.a(*)
 libgcc.a(*)

.ARM.attributes
                0x0000000000000000       0x30
 *(.ARM.attributes)
 .ARM.attributes
                0x0000000000000000       0x1e /usr/lib/gcc/arm-none-eabi/9.2.1/thumb/v7e-m+fp/hard/crti.o
 .ARM.attributes
                0x000000000000001e       0x34 /usr/lib/gcc/arm-none-eabi/9.2.1/thumb/v7e-m+fp/hard/crtbegin.o
 .ARM.attributes
                0x0000000000000052       0x34 build/main.o
 .ARM.attributes
                0x0000000000000086       0x34 build/stm32f4xx_it.o
 .ARM.attributes
                0x00000000000000ba       0x34 build/stm32f4xx_hal_msp.o
 .ARM.attributes
                0x00000000000000ee       0x34 build/stm32f4xx_hal_tim.o
 .ARM.attributes
                0x0000000000000122       0x34 build/stm32f4xx_hal_tim_ex.o
 .ARM.attributes
                0x0000000000000156       0x34 build/stm32f4xx_hal_uart.o
 .ARM.attributes
                0x000000000000018a       0x34 build/stm32f4xx_hal_rcc.o
 .ARM.attributes
                0x00000000000001be       0x34 build/stm32f4xx_hal_gpio.o
 .ARM.attributes
                0x00000000000001f2       0x34 build/stm32f4xx_hal_dma.o
 .ARM.attributes
                0x0000000000000226       0x34 build/stm32f4xx_hal_cortex.o
 .ARM.attributes
                0x000000000000025a       0x34 build/stm32f4xx_hal.o
 .ARM.attributes
                0x000000000000028e       0x34 build/system_stm32f4xx.o
 .ARM.attributes
                0x00000000000002c2       0x34 build/gpio.o
 .ARM.attributes
                0x00000000000002f6       0x34 build/dma.o
 .ARM.attributes
                0x000000000000032a       0x34 build/usart.o
 .ARM.attributes
                0x000000000000035e       0x34 build/tim.o
 .ARM.attributes
                0x0000000000000392       0x21 build/startup_stm32f407xx.o
 .ARM.attributes
                0x00000000000003b3       0x32 /usr/lib/gcc/arm-none-eabi/9.2.1/../../../arm-none-eabi/lib/thumb/v7e-m+fp/hard/libc_nano.a(lib_a-impure.o)
 .ARM.attributes
                0x00000000000003e5       0x34 /usr/lib/gcc/arm-none-eabi/9.2.1/../../../arm-none-eabi/lib/thumb/v7e-m+fp/hard/libc_nano.a(lib_a-init.o)
 .ARM.attributes
                0x0000000000000419       0x34 /usr/lib/gcc/arm-none-eabi/9.2.1/../../../arm-none-eabi/lib/thumb/v7e-m+fp/hard/libc_nano.a(lib_a-memset.o)
 .ARM.attributes
                0x000000000000044d       0x34 /usr/lib/gcc/arm-none-eabi/9.2.1/../../../arm-none-eabi/lib/thumb/v7e-m+fp/hard/libc_nano.a(lib_a-sprintf.o)
 .ARM.attributes
                0x0000000000000481       0x34 /usr/lib/gcc/arm-none-eabi/9.2.1/../../../arm-none-eabi/lib/thumb/v7e-m+fp/hard/libc_nano.a(lib_a-nano-svfprintf.o)
 .ARM.attributes
                0x00000000000004b5       0x34 /usr/lib/gcc/arm-none-eabi/9.2.1/../../../arm-none-eabi/lib/thumb/v7e-m+fp/hard/libc_nano.a(lib_a-nano-vfprintf_i.o)
 .ARM.attributes
                0x00000000000004e9       0x1c /usr/lib/gcc/arm-none-eabi/9.2.1/../../../arm-none-eabi/lib/thumb/v7e-m+fp/hard/libc_nano.a(lib_a-memchr.o)
 .ARM.attributes
                0x0000000000000505       0x1c /usr/lib/gcc/arm-none-eabi/9.2.1/../../../arm-none-eabi/lib/thumb/v7e-m+fp/hard/libc_nano.a(lib_a-memcpy.o)
 .ARM.attributes
                0x0000000000000521       0x34 /usr/lib/gcc/arm-none-eabi/9.2.1/../../../arm-none-eabi/lib/thumb/v7e-m+fp/hard/libc_nano.a(lib_a-memmove.o)
 .ARM.attributes
                0x0000000000000555       0x34 /usr/lib/gcc/arm-none-eabi/9.2.1/../../../arm-none-eabi/lib/thumb/v7e-m+fp/hard/libc_nano.a(lib_a-nano-freer.o)
 .ARM.attributes
                0x0000000000000589       0x34 /usr/lib/gcc/arm-none-eabi/9.2.1/../../../arm-none-eabi/lib/thumb/v7e-m+fp/hard/libc_nano.a(lib_a-nano-mallocr.o)
 .ARM.attributes
                0x00000000000005bd       0x34 /usr/lib/gcc/arm-none-eabi/9.2.1/../../../arm-none-eabi/lib/thumb/v7e-m+fp/hard/libc_nano.a(lib_a-nano-reallocr.o)
 .ARM.attributes
                0x00000000000005f1       0x34 /usr/lib/gcc/arm-none-eabi/9.2.1/../../../arm-none-eabi/lib/thumb/v7e-m+fp/hard/libc_nano.a(lib_a-sbrkr.o)
 .ARM.attributes
                0x0000000000000625       0x34 /usr/lib/gcc/arm-none-eabi/9.2.1/../../../arm-none-eabi/lib/thumb/v7e-m+fp/hard/libc_nano.a(lib_a-mlock.o)
 .ARM.attributes
                0x0000000000000659       0x34 /usr/lib/gcc/arm-none-eabi/9.2.1/../../../arm-none-eabi/lib/thumb/v7e-m+fp/hard/libc_nano.a(lib_a-nano-msizer.o)
 .ARM.attributes
                0x000000000000068d       0x34 /usr/lib/gcc/arm-none-eabi/9.2.1/../../../arm-none-eabi/lib/thumb/v7e-m+fp/hard/libc_nano.a(lib_a-reent.o)
 .ARM.attributes
                0x00000000000006c1       0x34 /usr/lib/gcc/arm-none-eabi/9.2.1/../../../arm-none-eabi/lib/thumb/v7e-m+fp/hard/libnosys.a(sbrk.o)
 .ARM.attributes
                0x00000000000006f5       0x1e /usr/lib/gcc/arm-none-eabi/9.2.1/thumb/v7e-m+fp/hard/libgcc.a(_aeabi_uldivmod.o)
 .ARM.attributes
                0x0000000000000713       0x34 /usr/lib/gcc/arm-none-eabi/9.2.1/thumb/v7e-m+fp/hard/libgcc.a(_udivmoddi4.o)
 .ARM.attributes
                0x0000000000000747       0x1e /usr/lib/gcc/arm-none-eabi/9.2.1/thumb/v7e-m+fp/hard/libgcc.a(_dvmd_tls.o)
 .ARM.attributes
                0x0000000000000765       0x32 /usr/lib/gcc/arm-none-eabi/9.2.1/thumb/v7e-m+fp/hard/crtend.o
 .ARM.attributes
                0x0000000000000797       0x1e /usr/lib/gcc/arm-none-eabi/9.2.1/thumb/v7e-m+fp/hard/crtn.o
OUTPUT(build/base_control.elf elf32-littlearm)
LOAD linker stubs
LOAD /usr/lib/gcc/arm-none-eabi/9.2.1/../../../arm-none-eabi/lib/thumb/v7e-m+fp/hard/libc.a
LOAD /usr/lib/gcc/arm-none-eabi/9.2.1/../../../arm-none-eabi/lib/thumb/v7e-m+fp/hard/libm.a
LOAD /usr/lib/gcc/arm-none-eabi/9.2.1/thumb/v7e-m+fp/hard/libgcc.a

.comment        0x0000000000000000       0xa7
 .comment       0x0000000000000000       0x59 /usr/lib/gcc/arm-none-eabi/9.2.1/thumb/v7e-m+fp/hard/crtbegin.o
                                         0x5a (size before relaxing)
 .comment       0x0000000000000059       0x5a build/main.o
 .comment       0x0000000000000059       0x5a build/stm32f4xx_it.o
 .comment       0x0000000000000059       0x5a build/stm32f4xx_hal_msp.o
 .comment       0x0000000000000059       0x5a build/stm32f4xx_hal_tim.o
 .comment       0x0000000000000059       0x5a build/stm32f4xx_hal_tim_ex.o
 .comment       0x0000000000000059       0x5a build/stm32f4xx_hal_uart.o
 .comment       0x0000000000000059       0x5a build/stm32f4xx_hal_rcc.o
 .comment       0x0000000000000059       0x5a build/stm32f4xx_hal_gpio.o
 .comment       0x0000000000000059       0x5a build/stm32f4xx_hal_dma.o
 .comment       0x0000000000000059       0x5a build/stm32f4xx_hal_cortex.o
 .comment       0x0000000000000059       0x5a build/stm32f4xx_hal.o
 .comment       0x0000000000000059       0x5a build/system_stm32f4xx.o
 .comment       0x0000000000000059       0x5a build/gpio.o
 .comment       0x0000000000000059       0x5a build/dma.o
 .comment       0x0000000000000059       0x5a build/usart.o
 .comment       0x0000000000000059       0x5a build/tim.o
 .comment       0x0000000000000059       0x4e /usr/lib/gcc/arm-none-eabi/9.2.1/../../../arm-none-eabi/lib/thumb/v7e-m+fp/hard/libc_nano.a(lib_a-impure.o)
                                         0x4f (size before relaxing)
 .comment       0x00000000000000a7       0x4f /usr/lib/gcc/arm-none-eabi/9.2.1/../../../arm-none-eabi/lib/thumb/v7e-m+fp/hard/libc_nano.a(lib_a-init.o)
 .comment       0x00000000000000a7       0x4f /usr/lib/gcc/arm-none-eabi/9.2.1/../../../arm-none-eabi/lib/thumb/v7e-m+fp/hard/libc_nano.a(lib_a-memset.o)
 .comment       0x00000000000000a7       0x4f /usr/lib/gcc/arm-none-eabi/9.2.1/../../../arm-none-eabi/lib/thumb/v7e-m+fp/hard/libc_nano.a(lib_a-sprintf.o)
 .comment       0x00000000000000a7       0x4f /usr/lib/gcc/arm-none-eabi/9.2.1/../../../arm-none-eabi/lib/thumb/v7e-m+fp/hard/libc_nano.a(lib_a-nano-svfprintf.o)
 .comment       0x00000000000000a7       0x4f /usr/lib/gcc/arm-none-eabi/9.2.1/../../../arm-none-eabi/lib/thumb/v7e-m+fp/hard/libc_nano.a(lib_a-nano-vfprintf_i.o)
 .comment       0x00000000000000a7       0x4f /usr/lib/gcc/arm-none-eabi/9.2.1/../../../arm-none-eabi/lib/thumb/v7e-m+fp/hard/libc_nano.a(lib_a-memmove.o)
 .comment       0x00000000000000a7       0x4f /usr/lib/gcc/arm-none-eabi/9.2.1/../../../arm-none-eabi/lib/thumb/v7e-m+fp/hard/libc_nano.a(lib_a-nano-freer.o)
 .comment       0x00000000000000a7       0x4f /usr/lib/gcc/arm-none-eabi/9.2.1/../../../arm-none-eabi/lib/thumb/v7e-m+fp/hard/libc_nano.a(lib_a-nano-mallocr.o)
 .comment       0x00000000000000a7       0x4f /usr/lib/gcc/arm-none-eabi/9.2.1/../../../arm-none-eabi/lib/thumb/v7e-m+fp/hard/libc_nano.a(lib_a-nano-reallocr.o)
 .comment       0x00000000000000a7       0x4f /usr/lib/gcc/arm-none-eabi/9.2.1/../../../arm-none-eabi/lib/thumb/v7e-m+fp/hard/libc_nano.a(lib_a-sbrkr.o)
 .comment       0x00000000000000a7       0x4f /usr/lib/gcc/arm-none-eabi/9.2.1/../../../arm-none-eabi/lib/thumb/v7e-m+fp/hard/libc_nano.a(lib_a-mlock.o)
 .comment       0x00000000000000a7       0x4f /usr/lib/gcc/arm-none-eabi/9.2.1/../../../arm-none-eabi/lib/thumb/v7e-m+fp/hard/libc_nano.a(lib_a-nano-msizer.o)
 .comment       0x00000000000000a7       0x4f /usr/lib/gcc/arm-none-eabi/9.2.1/../../../arm-none-eabi/lib/thumb/v7e-m+fp/hard/libc_nano.a(lib_a-reent.o)
 .comment       0x00000000000000a7       0x4f /usr/lib/gcc/arm-none-eabi/9.2.1/../../../arm-none-eabi/lib/thumb/v7e-m+fp/hard/libnosys.a(sbrk.o)
 .comment       0x00000000000000a7       0x5a /usr/lib/gcc/arm-none-eabi/9.2.1/thumb/v7e-m+fp/hard/libgcc.a(_udivmoddi4.o)
 .comment       0x00000000000000a7       0x5a /usr/lib/gcc/arm-none-eabi/9.2.1/thumb/v7e-m+fp/hard/crtend.o

.debug_info     0x0000000000000000    0x1e44b
 .debug_info    0x0000000000000000     0x1cf7 build/main.o
 .debug_info    0x0000000000001cf7     0x15d4 build/stm32f4xx_it.o
 .debug_info    0x00000000000032cb      0x3c1 build/stm32f4xx_hal_msp.o
 .debug_info    0x000000000000368c     0x3ed2 build/stm32f4xx_hal_tim.o
 .debug_info    0x000000000000755e     0x1c8b build/stm32f4xx_hal_tim_ex.o
 .debug_info    0x00000000000091e9     0x1f12 build/stm32f4xx_hal_uart.o
 .debug_info    0x000000000000b0fb      0xc08 build/stm32f4xx_hal_rcc.o
 .debug_info    0x000000000000bd03      0x8fa build/stm32f4xx_hal_gpio.o
 .debug_info    0x000000000000c5fd      0xc67 build/stm32f4xx_hal_dma.o
 .debug_info    0x000000000000d264     0x121a build/stm32f4xx_hal_cortex.o
 .debug_info    0x000000000000e47e      0xb3a build/stm32f4xx_hal.o
 .debug_info    0x000000000000efb8      0x618 build/system_stm32f4xx.o
 .debug_info    0x000000000000f5d0      0x5e3 build/gpio.o
 .debug_info    0x000000000000fbb3      0x653 build/dma.o
 .debug_info    0x0000000000010206      0xe9b build/usart.o
 .debug_info    0x00000000000110a1     0x15da build/tim.o
 .debug_info    0x000000000001267b       0x22 build/startup_stm32f407xx.o
 .debug_info    0x000000000001269d      0x92a /usr/lib/gcc/arm-none-eabi/9.2.1/../../../arm-none-eabi/lib/thumb/v7e-m+fp/hard/libc_nano.a(lib_a-impure.o)
 .debug_info    0x0000000000012fc7      0x11a /usr/lib/gcc/arm-none-eabi/9.2.1/../../../arm-none-eabi/lib/thumb/v7e-m+fp/hard/libc_nano.a(lib_a-init.o)
 .debug_info    0x00000000000130e1      0xf21 /usr/lib/gcc/arm-none-eabi/9.2.1/../../../arm-none-eabi/lib/thumb/v7e-m+fp/hard/libc_nano.a(lib_a-memset.o)
 .debug_info    0x0000000000014002      0xc90 /usr/lib/gcc/arm-none-eabi/9.2.1/../../../arm-none-eabi/lib/thumb/v7e-m+fp/hard/libc_nano.a(lib_a-sprintf.o)
 .debug_info    0x0000000000014c92     0x17e4 /usr/lib/gcc/arm-none-eabi/9.2.1/../../../arm-none-eabi/lib/thumb/v7e-m+fp/hard/libc_nano.a(lib_a-nano-svfprintf.o)
 .debug_info    0x0000000000016476     0x1592 /usr/lib/gcc/arm-none-eabi/9.2.1/../../../arm-none-eabi/lib/thumb/v7e-m+fp/hard/libc_nano.a(lib_a-nano-vfprintf_i.o)
 .debug_info    0x0000000000017a08       0x26 /usr/lib/gcc/arm-none-eabi/9.2.1/../../../arm-none-eabi/lib/thumb/v7e-m+fp/hard/libc_nano.a(lib_a-memchr.o)
 .debug_info    0x0000000000017a2e       0x26 /usr/lib/gcc/arm-none-eabi/9.2.1/../../../arm-none-eabi/lib/thumb/v7e-m+fp/hard/libc_nano.a(lib_a-memcpy.o)
 .debug_info    0x0000000000017a54      0xf2b /usr/lib/gcc/arm-none-eabi/9.2.1/../../../arm-none-eabi/lib/thumb/v7e-m+fp/hard/libc_nano.a(lib_a-memmove.o)
 .debug_info    0x000000000001897f      0xb85 /usr/lib/gcc/arm-none-eabi/9.2.1/../../../arm-none-eabi/lib/thumb/v7e-m+fp/hard/libc_nano.a(lib_a-nano-freer.o)
 .debug_info    0x0000000000019504      0xc5a /usr/lib/gcc/arm-none-eabi/9.2.1/../../../arm-none-eabi/lib/thumb/v7e-m+fp/hard/libc_nano.a(lib_a-nano-mallocr.o)
 .debug_info    0x000000000001a15e      0xb77 /usr/lib/gcc/arm-none-eabi/9.2.1/../../../arm-none-eabi/lib/thumb/v7e-m+fp/hard/libc_nano.a(lib_a-nano-reallocr.o)
 .debug_info    0x000000000001acd5      0x9fb /usr/lib/gcc/arm-none-eabi/9.2.1/../../../arm-none-eabi/lib/thumb/v7e-m+fp/hard/libc_nano.a(lib_a-sbrkr.o)
 .debug_info    0x000000000001b6d0      0x961 /usr/lib/gcc/arm-none-eabi/9.2.1/../../../arm-none-eabi/lib/thumb/v7e-m+fp/hard/libc_nano.a(lib_a-mlock.o)
 .debug_info    0x000000000001c031      0xaa6 /usr/lib/gcc/arm-none-eabi/9.2.1/../../../arm-none-eabi/lib/thumb/v7e-m+fp/hard/libc_nano.a(lib_a-nano-msizer.o)
 .debug_info    0x000000000001cad7      0xb0f /usr/lib/gcc/arm-none-eabi/9.2.1/../../../arm-none-eabi/lib/thumb/v7e-m+fp/hard/libc_nano.a(lib_a-reent.o)
 .debug_info    0x000000000001d5e6       0x9d /usr/lib/gcc/arm-none-eabi/9.2.1/../../../arm-none-eabi/lib/thumb/v7e-m+fp/hard/libnosys.a(sbrk.o)
 .debug_info    0x000000000001d683       0x26 /usr/lib/gcc/arm-none-eabi/9.2.1/thumb/v7e-m+fp/hard/libgcc.a(_aeabi_uldivmod.o)
 .debug_info    0x000000000001d6a9      0xd7c /usr/lib/gcc/arm-none-eabi/9.2.1/thumb/v7e-m+fp/hard/libgcc.a(_udivmoddi4.o)
 .debug_info    0x000000000001e425       0x26 /usr/lib/gcc/arm-none-eabi/9.2.1/thumb/v7e-m+fp/hard/libgcc.a(_dvmd_tls.o)

.debug_abbrev   0x0000000000000000     0x46e8
 .debug_abbrev  0x0000000000000000      0x37b build/main.o
 .debug_abbrev  0x000000000000037b      0x274 build/stm32f4xx_it.o
 .debug_abbrev  0x00000000000005ef      0x11c build/stm32f4xx_hal_msp.o
 .debug_abbrev  0x000000000000070b      0x2af build/stm32f4xx_hal_tim.o
 .debug_abbrev  0x00000000000009ba      0x2ab build/stm32f4xx_hal_tim_ex.o
 .debug_abbrev  0x0000000000000c65      0x318 build/stm32f4xx_hal_uart.o
 .debug_abbrev  0x0000000000000f7d      0x2cd build/stm32f4xx_hal_rcc.o
 .debug_abbrev  0x000000000000124a      0x258 build/stm32f4xx_hal_gpio.o
 .debug_abbrev  0x00000000000014a2      0x312 build/stm32f4xx_hal_dma.o
 .debug_abbrev  0x00000000000017b4      0x3a8 build/stm32f4xx_hal_cortex.o
 .debug_abbrev  0x0000000000001b5c      0x21c build/stm32f4xx_hal.o
 .debug_abbrev  0x0000000000001d78      0x14a build/system_stm32f4xx.o
 .debug_abbrev  0x0000000000001ec2      0x17e build/gpio.o
 .debug_abbrev  0x0000000000002040      0x156 build/dma.o
 .debug_abbrev  0x0000000000002196      0x20d build/usart.o
 .debug_abbrev  0x00000000000023a3      0x24e build/tim.o
 .debug_abbrev  0x00000000000025f1       0x12 build/startup_stm32f407xx.o
 .debug_abbrev  0x0000000000002603      0x17a /usr/lib/gcc/arm-none-eabi/9.2.1/../../../arm-none-eabi/lib/thumb/v7e-m+fp/hard/libc_nano.a(lib_a-impure.o)
 .debug_abbrev  0x000000000000277d       0xcc /usr/lib/gcc/arm-none-eabi/9.2.1/../../../arm-none-eabi/lib/thumb/v7e-m+fp/hard/libc_nano.a(lib_a-init.o)
 .debug_abbrev  0x0000000000002849      0x1d9 /usr/lib/gcc/arm-none-eabi/9.2.1/../../../arm-none-eabi/lib/thumb/v7e-m+fp/hard/libc_nano.a(lib_a-memset.o)
 .debug_abbrev  0x0000000000002a22      0x274 /usr/lib/gcc/arm-none-eabi/9.2.1/../../../arm-none-eabi/lib/thumb/v7e-m+fp/hard/libc_nano.a(lib_a-sprintf.o)
 .debug_abbrev  0x0000000000002c96      0x33f /usr/lib/gcc/arm-none-eabi/9.2.1/../../../arm-none-eabi/lib/thumb/v7e-m+fp/hard/libc_nano.a(lib_a-nano-svfprintf.o)
 .debug_abbrev  0x0000000000002fd5      0x2dc /usr/lib/gcc/arm-none-eabi/9.2.1/../../../arm-none-eabi/lib/thumb/v7e-m+fp/hard/libc_nano.a(lib_a-nano-vfprintf_i.o)
 .debug_abbrev  0x00000000000032b1       0x14 /usr/lib/gcc/arm-none-eabi/9.2.1/../../../arm-none-eabi/lib/thumb/v7e-m+fp/hard/libc_nano.a(lib_a-memchr.o)
 .debug_abbrev  0x00000000000032c5       0x14 /usr/lib/gcc/arm-none-eabi/9.2.1/../../../arm-none-eabi/lib/thumb/v7e-m+fp/hard/libc_nano.a(lib_a-memcpy.o)
 .debug_abbrev  0x00000000000032d9      0x1de /usr/lib/gcc/arm-none-eabi/9.2.1/../../../arm-none-eabi/lib/thumb/v7e-m+fp/hard/libc_nano.a(lib_a-memmove.o)
 .debug_abbrev  0x00000000000034b7      0x286 /usr/lib/gcc/arm-none-eabi/9.2.1/../../../arm-none-eabi/lib/thumb/v7e-m+fp/hard/libc_nano.a(lib_a-nano-freer.o)
 .debug_abbrev  0x000000000000373d      0x2d1 /usr/lib/gcc/arm-none-eabi/9.2.1/../../../arm-none-eabi/lib/thumb/v7e-m+fp/hard/libc_nano.a(lib_a-nano-mallocr.o)
 .debug_abbrev  0x0000000000003a0e      0x22a /usr/lib/gcc/arm-none-eabi/9.2.1/../../../arm-none-eabi/lib/thumb/v7e-m+fp/hard/libc_nano.a(lib_a-nano-reallocr.o)
 .debug_abbrev  0x0000000000003c38      0x212 /usr/lib/gcc/arm-none-eabi/9.2.1/../../../arm-none-eabi/lib/thumb/v7e-m+fp/hard/libc_nano.a(lib_a-sbrkr.o)
 .debug_abbrev  0x0000000000003e4a      0x1c5 /usr/lib/gcc/arm-none-eabi/9.2.1/../../../arm-none-eabi/lib/thumb/v7e-m+fp/hard/libc_nano.a(lib_a-mlock.o)
 .debug_abbrev  0x000000000000400f      0x1e5 /usr/lib/gcc/arm-none-eabi/9.2.1/../../../arm-none-eabi/lib/thumb/v7e-m+fp/hard/libc_nano.a(lib_a-nano-msizer.o)
 .debug_abbrev  0x00000000000041f4      0x268 /usr/lib/gcc/arm-none-eabi/9.2.1/../../../arm-none-eabi/lib/thumb/v7e-m+fp/hard/libc_nano.a(lib_a-reent.o)
 .debug_abbrev  0x000000000000445c       0xa2 /usr/lib/gcc/arm-none-eabi/9.2.1/../../../arm-none-eabi/lib/thumb/v7e-m+fp/hard/libnosys.a(sbrk.o)
 .debug_abbrev  0x00000000000044fe       0x14 /usr/lib/gcc/arm-none-eabi/9.2.1/thumb/v7e-m+fp/hard/libgcc.a(_aeabi_uldivmod.o)
 .debug_abbrev  0x0000000000004512      0x1c2 /usr/lib/gcc/arm-none-eabi/9.2.1/thumb/v7e-m+fp/hard/libgcc.a(_udivmoddi4.o)
 .debug_abbrev  0x00000000000046d4       0x14 /usr/lib/gcc/arm-none-eabi/9.2.1/thumb/v7e-m+fp/hard/libgcc.a(_dvmd_tls.o)

.debug_loc      0x0000000000000000     0xf4a0
 .debug_loc     0x0000000000000000       0xc8 build/main.o
 .debug_loc     0x00000000000000c8       0xc0 build/stm32f4xx_it.o
 .debug_loc     0x0000000000000188       0x2c build/stm32f4xx_hal_msp.o
 .debug_loc     0x00000000000001b4     0x52a7 build/stm32f4xx_hal_tim.o
 .debug_loc     0x000000000000545b     0x1f68 build/stm32f4xx_hal_tim_ex.o
 .debug_loc     0x00000000000073c3     0x265b build/stm32f4xx_hal_uart.o
 .debug_loc     0x0000000000009a1e      0x6c7 build/stm32f4xx_hal_rcc.o
 .debug_loc     0x000000000000a0e5      0x5db build/stm32f4xx_hal_gpio.o
 .debug_loc     0x000000000000a6c0      0xd6d build/stm32f4xx_hal_dma.o
 .debug_loc     0x000000000000b42d      0x7d4 build/stm32f4xx_hal_cortex.o
 .debug_loc     0x000000000000bc01      0x1e1 build/stm32f4xx_hal.o
 .debug_loc     0x000000000000bde2      0x16c build/system_stm32f4xx.o
 .debug_loc     0x000000000000bf4e       0x39 build/gpio.o
 .debug_loc     0x000000000000bf87       0x38 build/dma.o
 .debug_loc     0x000000000000bfbf       0xf5 build/usart.o
 .debug_loc     0x000000000000c0b4      0x3dc build/tim.o
 .debug_loc     0x000000000000c490       0xba /usr/lib/gcc/arm-none-eabi/9.2.1/../../../arm-none-eabi/lib/thumb/v7e-m+fp/hard/libc_nano.a(lib_a-init.o)
 .debug_loc     0x000000000000c54a      0x231 /usr/lib/gcc/arm-none-eabi/9.2.1/../../../arm-none-eabi/lib/thumb/v7e-m+fp/hard/libc_nano.a(lib_a-memset.o)
 .debug_loc     0x000000000000c77b       0xc2 /usr/lib/gcc/arm-none-eabi/9.2.1/../../../arm-none-eabi/lib/thumb/v7e-m+fp/hard/libc_nano.a(lib_a-sprintf.o)
 .debug_loc     0x000000000000c83d      0x845 /usr/lib/gcc/arm-none-eabi/9.2.1/../../../arm-none-eabi/lib/thumb/v7e-m+fp/hard/libc_nano.a(lib_a-nano-svfprintf.o)
 .debug_loc     0x000000000000d082      0x7ab /usr/lib/gcc/arm-none-eabi/9.2.1/../../../arm-none-eabi/lib/thumb/v7e-m+fp/hard/libc_nano.a(lib_a-nano-vfprintf_i.o)
 .debug_loc     0x000000000000d82d      0x2f1 /usr/lib/gcc/arm-none-eabi/9.2.1/../../../arm-none-eabi/lib/thumb/v7e-m+fp/hard/libc_nano.a(lib_a-memmove.o)
 .debug_loc     0x000000000000db1e      0x211 /usr/lib/gcc/arm-none-eabi/9.2.1/../../../arm-none-eabi/lib/thumb/v7e-m+fp/hard/libc_nano.a(lib_a-nano-freer.o)
 .debug_loc     0x000000000000dd2f      0x437 /usr/lib/gcc/arm-none-eabi/9.2.1/../../../arm-none-eabi/lib/thumb/v7e-m+fp/hard/libc_nano.a(lib_a-nano-mallocr.o)
 .debug_loc     0x000000000000e166      0x133 /usr/lib/gcc/arm-none-eabi/9.2.1/../../../arm-none-eabi/lib/thumb/v7e-m+fp/hard/libc_nano.a(lib_a-nano-reallocr.o)
 .debug_loc     0x000000000000e299       0x6c /usr/lib/gcc/arm-none-eabi/9.2.1/../../../arm-none-eabi/lib/thumb/v7e-m+fp/hard/libc_nano.a(lib_a-sbrkr.o)
 .debug_loc     0x000000000000e305       0x86 /usr/lib/gcc/arm-none-eabi/9.2.1/../../../arm-none-eabi/lib/thumb/v7e-m+fp/hard/libc_nano.a(lib_a-nano-msizer.o)
 .debug_loc     0x000000000000e38b      0x135 /usr/lib/gcc/arm-none-eabi/9.2.1/../../../arm-none-eabi/lib/thumb/v7e-m+fp/hard/libc_nano.a(lib_a-reent.o)
 .debug_loc     0x000000000000e4c0       0x3e /usr/lib/gcc/arm-none-eabi/9.2.1/../../../arm-none-eabi/lib/thumb/v7e-m+fp/hard/libnosys.a(sbrk.o)
 .debug_loc     0x000000000000e4fe      0xfa2 /usr/lib/gcc/arm-none-eabi/9.2.1/thumb/v7e-m+fp/hard/libgcc.a(_udivmoddi4.o)

.debug_aranges  0x0000000000000000      0xed0
 .debug_aranges
                0x0000000000000000       0x50 build/main.o
 .debug_aranges
                0x0000000000000050       0x88 build/stm32f4xx_it.o
 .debug_aranges
                0x00000000000000d8       0x20 build/stm32f4xx_hal_msp.o
 .debug_aranges
                0x00000000000000f8      0x3d0 build/stm32f4xx_hal_tim.o
 .debug_aranges
                0x00000000000004c8      0x168 build/stm32f4xx_hal_tim_ex.o
 .debug_aranges
                0x0000000000000630      0x200 build/stm32f4xx_hal_uart.o
 .debug_aranges
                0x0000000000000830       0x88 build/stm32f4xx_hal_rcc.o
 .debug_aranges
                0x00000000000008b8       0x58 build/stm32f4xx_hal_gpio.o
 .debug_aranges
                0x0000000000000910       0x90 build/stm32f4xx_hal_dma.o
 .debug_aranges
                0x00000000000009a0       0xa8 build/stm32f4xx_hal_cortex.o
 .debug_aranges
                0x0000000000000a48       0xf0 build/stm32f4xx_hal.o
 .debug_aranges
                0x0000000000000b38       0x28 build/system_stm32f4xx.o
 .debug_aranges
                0x0000000000000b60       0x20 build/gpio.o
 .debug_aranges
                0x0000000000000b80       0x20 build/dma.o
 .debug_aranges
                0x0000000000000ba0       0x30 build/usart.o
 .debug_aranges
                0x0000000000000bd0       0x60 build/tim.o
 .debug_aranges
                0x0000000000000c30       0x28 build/startup_stm32f407xx.o
 .debug_aranges
                0x0000000000000c58       0x18 /usr/lib/gcc/arm-none-eabi/9.2.1/../../../arm-none-eabi/lib/thumb/v7e-m+fp/hard/libc_nano.a(lib_a-impure.o)
 .debug_aranges
                0x0000000000000c70       0x20 /usr/lib/gcc/arm-none-eabi/9.2.1/../../../arm-none-eabi/lib/thumb/v7e-m+fp/hard/libc_nano.a(lib_a-init.o)
 .debug_aranges
                0x0000000000000c90       0x20 /usr/lib/gcc/arm-none-eabi/9.2.1/../../../arm-none-eabi/lib/thumb/v7e-m+fp/hard/libc_nano.a(lib_a-memset.o)
 .debug_aranges
                0x0000000000000cb0       0x20 /usr/lib/gcc/arm-none-eabi/9.2.1/../../../arm-none-eabi/lib/thumb/v7e-m+fp/hard/libc_nano.a(lib_a-sprintf.o)
 .debug_aranges
                0x0000000000000cd0       0x20 /usr/lib/gcc/arm-none-eabi/9.2.1/../../../arm-none-eabi/lib/thumb/v7e-m+fp/hard/libc_nano.a(lib_a-nano-svfprintf.o)
 .debug_aranges
                0x0000000000000cf0       0x20 /usr/lib/gcc/arm-none-eabi/9.2.1/../../../arm-none-eabi/lib/thumb/v7e-m+fp/hard/libc_nano.a(lib_a-nano-vfprintf_i.o)
 .debug_aranges
                0x0000000000000d10       0x20 /usr/lib/gcc/arm-none-eabi/9.2.1/../../../arm-none-eabi/lib/thumb/v7e-m+fp/hard/libc_nano.a(lib_a-memchr.o)
 .debug_aranges
                0x0000000000000d30       0x20 /usr/lib/gcc/arm-none-eabi/9.2.1/../../../arm-none-eabi/lib/thumb/v7e-m+fp/hard/libc_nano.a(lib_a-memcpy.o)
 .debug_aranges
                0x0000000000000d50       0x20 /usr/lib/gcc/arm-none-eabi/9.2.1/../../../arm-none-eabi/lib/thumb/v7e-m+fp/hard/libc_nano.a(lib_a-memmove.o)
 .debug_aranges
                0x0000000000000d70       0x20 /usr/lib/gcc/arm-none-eabi/9.2.1/../../../arm-none-eabi/lib/thumb/v7e-m+fp/hard/libc_nano.a(lib_a-nano-freer.o)
 .debug_aranges
                0x0000000000000d90       0x20 /usr/lib/gcc/arm-none-eabi/9.2.1/../../../arm-none-eabi/lib/thumb/v7e-m+fp/hard/libc_nano.a(lib_a-nano-mallocr.o)
 .debug_aranges
                0x0000000000000db0       0x20 /usr/lib/gcc/arm-none-eabi/9.2.1/../../../arm-none-eabi/lib/thumb/v7e-m+fp/hard/libc_nano.a(lib_a-nano-reallocr.o)
 .debug_aranges
                0x0000000000000dd0       0x20 /usr/lib/gcc/arm-none-eabi/9.2.1/../../../arm-none-eabi/lib/thumb/v7e-m+fp/hard/libc_nano.a(lib_a-sbrkr.o)
 .debug_aranges
                0x0000000000000df0       0x20 /usr/lib/gcc/arm-none-eabi/9.2.1/../../../arm-none-eabi/lib/thumb/v7e-m+fp/hard/libc_nano.a(lib_a-mlock.o)
 .debug_aranges
                0x0000000000000e10       0x20 /usr/lib/gcc/arm-none-eabi/9.2.1/../../../arm-none-eabi/lib/thumb/v7e-m+fp/hard/libc_nano.a(lib_a-nano-msizer.o)
 .debug_aranges
                0x0000000000000e30       0x20 /usr/lib/gcc/arm-none-eabi/9.2.1/../../../arm-none-eabi/lib/thumb/v7e-m+fp/hard/libc_nano.a(lib_a-reent.o)
 .debug_aranges
                0x0000000000000e50       0x20 /usr/lib/gcc/arm-none-eabi/9.2.1/../../../arm-none-eabi/lib/thumb/v7e-m+fp/hard/libnosys.a(sbrk.o)
 .debug_aranges
                0x0000000000000e70       0x20 /usr/lib/gcc/arm-none-eabi/9.2.1/thumb/v7e-m+fp/hard/libgcc.a(_aeabi_uldivmod.o)
 .debug_aranges
                0x0000000000000e90       0x20 /usr/lib/gcc/arm-none-eabi/9.2.1/thumb/v7e-m+fp/hard/libgcc.a(_udivmoddi4.o)
 .debug_aranges
                0x0000000000000eb0       0x20 /usr/lib/gcc/arm-none-eabi/9.2.1/thumb/v7e-m+fp/hard/libgcc.a(_dvmd_tls.o)

.debug_ranges   0x0000000000000000      0xdb0
 .debug_ranges  0x0000000000000000       0x40 build/main.o
 .debug_ranges  0x0000000000000040       0x78 build/stm32f4xx_it.o
 .debug_ranges  0x00000000000000b8       0x10 build/stm32f4xx_hal_msp.o
 .debug_ranges  0x00000000000000c8      0x3c0 build/stm32f4xx_hal_tim.o
 .debug_ranges  0x0000000000000488      0x158 build/stm32f4xx_hal_tim_ex.o
 .debug_ranges  0x00000000000005e0      0x1f0 build/stm32f4xx_hal_uart.o
 .debug_ranges  0x00000000000007d0       0x90 build/stm32f4xx_hal_rcc.o
 .debug_ranges  0x0000000000000860       0x48 build/stm32f4xx_hal_gpio.o
 .debug_ranges  0x00000000000008a8       0x80 build/stm32f4xx_hal_dma.o
 .debug_ranges  0x0000000000000928       0xf8 build/stm32f4xx_hal_cortex.o
 .debug_ranges  0x0000000000000a20       0xe0 build/stm32f4xx_hal.o
 .debug_ranges  0x0000000000000b00       0x18 build/system_stm32f4xx.o
 .debug_ranges  0x0000000000000b18       0x10 build/gpio.o
 .debug_ranges  0x0000000000000b28       0x10 build/dma.o
 .debug_ranges  0x0000000000000b38       0x20 build/usart.o
 .debug_ranges  0x0000000000000b58       0x50 build/tim.o
 .debug_ranges  0x0000000000000ba8       0x20 build/startup_stm32f407xx.o
 .debug_ranges  0x0000000000000bc8       0x38 /usr/lib/gcc/arm-none-eabi/9.2.1/../../../arm-none-eabi/lib/thumb/v7e-m+fp/hard/libc_nano.a(lib_a-nano-svfprintf.o)
 .debug_ranges  0x0000000000000c00       0x98 /usr/lib/gcc/arm-none-eabi/9.2.1/../../../arm-none-eabi/lib/thumb/v7e-m+fp/hard/libc_nano.a(lib_a-nano-vfprintf_i.o)
 .debug_ranges  0x0000000000000c98       0x18 /usr/lib/gcc/arm-none-eabi/9.2.1/../../../arm-none-eabi/lib/thumb/v7e-m+fp/hard/libc_nano.a(lib_a-nano-freer.o)
 .debug_ranges  0x0000000000000cb0       0x38 /usr/lib/gcc/arm-none-eabi/9.2.1/../../../arm-none-eabi/lib/thumb/v7e-m+fp/hard/libc_nano.a(lib_a-nano-mallocr.o)
 .debug_ranges  0x0000000000000ce8       0xc8 /usr/lib/gcc/arm-none-eabi/9.2.1/thumb/v7e-m+fp/hard/libgcc.a(_udivmoddi4.o)

.debug_line     0x0000000000000000     0xf715
 .debug_line    0x0000000000000000      0x445 build/main.o
 .debug_line    0x0000000000000445      0x340 build/stm32f4xx_it.o
 .debug_line    0x0000000000000785      0x13f build/stm32f4xx_hal_msp.o
 .debug_line    0x00000000000008c4     0x479f build/stm32f4xx_hal_tim.o
 .debug_line    0x0000000000005063     0x1c13 build/stm32f4xx_hal_tim_ex.o
 .debug_line    0x0000000000006c76     0x206e build/stm32f4xx_hal_uart.o
 .debug_line    0x0000000000008ce4      0xaac build/stm32f4xx_hal_rcc.o
 .debug_line    0x0000000000009790      0x6a5 build/stm32f4xx_hal_gpio.o
 .debug_line    0x0000000000009e35      0xd9d build/stm32f4xx_hal_dma.o
 .debug_line    0x000000000000abd2      0x718 build/stm32f4xx_hal_cortex.o
 .debug_line    0x000000000000b2ea      0x4db build/stm32f4xx_hal.o
 .debug_line    0x000000000000b7c5      0x1fc build/system_stm32f4xx.o
 .debug_line    0x000000000000b9c1      0x1a1 build/gpio.o
 .debug_line    0x000000000000bb62      0x148 build/dma.o
 .debug_line    0x000000000000bcaa      0x375 build/usart.o
 .debug_line    0x000000000000c01f      0x6a9 build/tim.o
 .debug_line    0x000000000000c6c8       0x76 build/startup_stm32f407xx.o
 .debug_line    0x000000000000c73e       0xe3 /usr/lib/gcc/arm-none-eabi/9.2.1/../../../arm-none-eabi/lib/thumb/v7e-m+fp/hard/libc_nano.a(lib_a-impure.o)
 .debug_line    0x000000000000c821      0x10d /usr/lib/gcc/arm-none-eabi/9.2.1/../../../arm-none-eabi/lib/thumb/v7e-m+fp/hard/libc_nano.a(lib_a-init.o)
 .debug_line    0x000000000000c92e      0x26b /usr/lib/gcc/arm-none-eabi/9.2.1/../../../arm-none-eabi/lib/thumb/v7e-m+fp/hard/libc_nano.a(lib_a-memset.o)
 .debug_line    0x000000000000cb99      0x22c /usr/lib/gcc/arm-none-eabi/9.2.1/../../../arm-none-eabi/lib/thumb/v7e-m+fp/hard/libc_nano.a(lib_a-sprintf.o)
 .debug_line    0x000000000000cdc5      0x884 /usr/lib/gcc/arm-none-eabi/9.2.1/../../../arm-none-eabi/lib/thumb/v7e-m+fp/hard/libc_nano.a(lib_a-nano-svfprintf.o)
 .debug_line    0x000000000000d649      0x790 /usr/lib/gcc/arm-none-eabi/9.2.1/../../../arm-none-eabi/lib/thumb/v7e-m+fp/hard/libc_nano.a(lib_a-nano-vfprintf_i.o)
 .debug_line    0x000000000000ddd9       0xa4 /usr/lib/gcc/arm-none-eabi/9.2.1/../../../arm-none-eabi/lib/thumb/v7e-m+fp/hard/libc_nano.a(lib_a-memchr.o)
 .debug_line    0x000000000000de7d       0xbe /usr/lib/gcc/arm-none-eabi/9.2.1/../../../arm-none-eabi/lib/thumb/v7e-m+fp/hard/libc_nano.a(lib_a-memcpy.o)
 .debug_line    0x000000000000df3b      0x287 /usr/lib/gcc/arm-none-eabi/9.2.1/../../../arm-none-eabi/lib/thumb/v7e-m+fp/hard/libc_nano.a(lib_a-memmove.o)
 .debug_line    0x000000000000e1c2      0x2af /usr/lib/gcc/arm-none-eabi/9.2.1/../../../arm-none-eabi/lib/thumb/v7e-m+fp/hard/libc_nano.a(lib_a-nano-freer.o)
 .debug_line    0x000000000000e471      0x2f2 /usr/lib/gcc/arm-none-eabi/9.2.1/../../../arm-none-eabi/lib/thumb/v7e-m+fp/hard/libc_nano.a(lib_a-nano-mallocr.o)
 .debug_line    0x000000000000e763      0x1c5 /usr/lib/gcc/arm-none-eabi/9.2.1/../../../arm-none-eabi/lib/thumb/v7e-m+fp/hard/libc_nano.a(lib_a-nano-reallocr.o)
 .debug_line    0x000000000000e928      0x182 /usr/lib/gcc/arm-none-eabi/9.2.1/../../../arm-none-eabi/lib/thumb/v7e-m+fp/hard/libc_nano.a(lib_a-sbrkr.o)
 .debug_line    0x000000000000eaaa      0x13d /usr/lib/gcc/arm-none-eabi/9.2.1/../../../arm-none-eabi/lib/thumb/v7e-m+fp/hard/libc_nano.a(lib_a-mlock.o)
 .debug_line    0x000000000000ebe7      0x166 /usr/lib/gcc/arm-none-eabi/9.2.1/../../../arm-none-eabi/lib/thumb/v7e-m+fp/hard/libc_nano.a(lib_a-nano-msizer.o)
 .debug_line    0x000000000000ed4d      0x275 /usr/lib/gcc/arm-none-eabi/9.2.1/../../../arm-none-eabi/lib/thumb/v7e-m+fp/hard/libc_nano.a(lib_a-reent.o)
 .debug_line    0x000000000000efc2       0x79 /usr/lib/gcc/arm-none-eabi/9.2.1/../../../arm-none-eabi/lib/thumb/v7e-m+fp/hard/libnosys.a(sbrk.o)
 .debug_line    0x000000000000f03b       0x60 /usr/lib/gcc/arm-none-eabi/9.2.1/thumb/v7e-m+fp/hard/libgcc.a(_aeabi_uldivmod.o)
 .debug_line    0x000000000000f09b      0x61a /usr/lib/gcc/arm-none-eabi/9.2.1/thumb/v7e-m+fp/hard/libgcc.a(_udivmoddi4.o)
 .debug_line    0x000000000000f6b5       0x60 /usr/lib/gcc/arm-none-eabi/9.2.1/thumb/v7e-m+fp/hard/libgcc.a(_dvmd_tls.o)

.debug_str      0x0000000000000000     0x6079
 .debug_str     0x0000000000000000     0x1051 build/main.o
                                       0x1191 (size before relaxing)
 .debug_str     0x0000000000001051      0x16e build/stm32f4xx_it.o
                                        0xeb7 (size before relaxing)
 .debug_str     0x00000000000011bf       0x29 build/stm32f4xx_hal_msp.o
                                        0x37f (size before relaxing)
 .debug_str     0x00000000000011e8      0xf1a build/stm32f4xx_hal_tim.o
                                       0x176b (size before relaxing)
 .debug_str     0x0000000000002102      0x591 build/stm32f4xx_hal_tim_ex.o
                                        0xf6c (size before relaxing)
 .debug_str     0x0000000000002693      0x62a build/stm32f4xx_hal_uart.o
                                        0xdc0 (size before relaxing)
 .debug_str     0x0000000000002cbd      0x1d5 build/stm32f4xx_hal_rcc.o
                                        0x75a (size before relaxing)
 .debug_str     0x0000000000002e92      0x150 build/stm32f4xx_hal_gpio.o
                                        0x587 (size before relaxing)
 .debug_str     0x0000000000002fe2      0x2ac build/stm32f4xx_hal_dma.o
                                        0x818 (size before relaxing)
 .debug_str     0x000000000000328e      0x9f5 build/stm32f4xx_hal_cortex.o
                                        0xccc (size before relaxing)
 .debug_str     0x0000000000003c83      0x229 build/stm32f4xx_hal.o
                                        0xb8d (size before relaxing)
 .debug_str     0x0000000000003eac       0x47 build/system_stm32f4xx.o
                                        0x3fb (size before relaxing)
 .debug_str     0x0000000000003ef3       0x10 build/gpio.o
                                        0x425 (size before relaxing)
 .debug_str     0x0000000000003f03        0xf build/dma.o
                                        0x887 (size before relaxing)
 .debug_str     0x0000000000003f12       0x1c build/usart.o
                                        0xe07 (size before relaxing)
 .debug_str     0x0000000000003f2e       0x58 build/tim.o
                                       0x1188 (size before relaxing)
 .debug_str     0x0000000000003f86       0x22 build/startup_stm32f407xx.o
                                         0x4b (size before relaxing)
 .debug_str     0x0000000000003fa8      0x1aa /usr/lib/gcc/arm-none-eabi/9.2.1/../../../arm-none-eabi/lib/thumb/v7e-m+fp/hard/libc_nano.a(lib_a-impure.o)
                                        0x5e2 (size before relaxing)
 .debug_str     0x0000000000004152       0xf6 /usr/lib/gcc/arm-none-eabi/9.2.1/../../../arm-none-eabi/lib/thumb/v7e-m+fp/hard/libc_nano.a(lib_a-init.o)
                                        0x229 (size before relaxing)
 .debug_str     0x0000000000004248      0x318 /usr/lib/gcc/arm-none-eabi/9.2.1/../../../arm-none-eabi/lib/thumb/v7e-m+fp/hard/libc_nano.a(lib_a-memset.o)
                                        0x90f (size before relaxing)
 .debug_str     0x0000000000004560      0x1eb /usr/lib/gcc/arm-none-eabi/9.2.1/../../../arm-none-eabi/lib/thumb/v7e-m+fp/hard/libc_nano.a(lib_a-sprintf.o)
                                        0x75d (size before relaxing)
 .debug_str     0x000000000000474b      0x1c0 /usr/lib/gcc/arm-none-eabi/9.2.1/../../../arm-none-eabi/lib/thumb/v7e-m+fp/hard/libc_nano.a(lib_a-nano-svfprintf.o)
                                        0xc15 (size before relaxing)
 .debug_str     0x000000000000490b       0x8d /usr/lib/gcc/arm-none-eabi/9.2.1/../../../arm-none-eabi/lib/thumb/v7e-m+fp/hard/libc_nano.a(lib_a-nano-vfprintf_i.o)
                                        0xbac (size before relaxing)
 .debug_str     0x0000000000004998       0xa3 /usr/lib/gcc/arm-none-eabi/9.2.1/../../../arm-none-eabi/lib/thumb/v7e-m+fp/hard/libc_nano.a(lib_a-memchr.o)
                                         0xaf (size before relaxing)
 .debug_str     0x0000000000004a3b       0x43 /usr/lib/gcc/arm-none-eabi/9.2.1/../../../arm-none-eabi/lib/thumb/v7e-m+fp/hard/libc_nano.a(lib_a-memcpy.o)
                                         0xb6 (size before relaxing)
 .debug_str     0x0000000000004a7e       0x66 /usr/lib/gcc/arm-none-eabi/9.2.1/../../../arm-none-eabi/lib/thumb/v7e-m+fp/hard/libc_nano.a(lib_a-memmove.o)
                                        0x92e (size before relaxing)
 .debug_str     0x0000000000004ae4      0x182 /usr/lib/gcc/arm-none-eabi/9.2.1/../../../arm-none-eabi/lib/thumb/v7e-m+fp/hard/libc_nano.a(lib_a-nano-freer.o)
                                        0x712 (size before relaxing)
 .debug_str     0x0000000000004c66       0x32 /usr/lib/gcc/arm-none-eabi/9.2.1/../../../arm-none-eabi/lib/thumb/v7e-m+fp/hard/libc_nano.a(lib_a-nano-mallocr.o)
                                        0x729 (size before relaxing)
 .debug_str     0x0000000000004c98       0x23 /usr/lib/gcc/arm-none-eabi/9.2.1/../../../arm-none-eabi/lib/thumb/v7e-m+fp/hard/libc_nano.a(lib_a-nano-reallocr.o)
                                        0x70f (size before relaxing)
 .debug_str     0x0000000000004cbb       0x47 /usr/lib/gcc/arm-none-eabi/9.2.1/../../../arm-none-eabi/lib/thumb/v7e-m+fp/hard/libc_nano.a(lib_a-sbrkr.o)
                                        0x625 (size before relaxing)
 .debug_str     0x0000000000004d02       0x4c /usr/lib/gcc/arm-none-eabi/9.2.1/../../../arm-none-eabi/lib/thumb/v7e-m+fp/hard/libc_nano.a(lib_a-mlock.o)
                                        0x60e (size before relaxing)
 .debug_str     0x0000000000004d4e        0xf /usr/lib/gcc/arm-none-eabi/9.2.1/../../../arm-none-eabi/lib/thumb/v7e-m+fp/hard/libc_nano.a(lib_a-nano-msizer.o)
                                        0x6ed (size before relaxing)
 .debug_str     0x0000000000004d5d       0x5e /usr/lib/gcc/arm-none-eabi/9.2.1/../../../arm-none-eabi/lib/thumb/v7e-m+fp/hard/libc_nano.a(lib_a-reent.o)
                                        0x61e (size before relaxing)
 .debug_str     0x0000000000004dbb      0x116 /usr/lib/gcc/arm-none-eabi/9.2.1/../../../arm-none-eabi/lib/thumb/v7e-m+fp/hard/libnosys.a(sbrk.o)
                                        0x12f (size before relaxing)
 .debug_str     0x0000000000004ed1       0x97 /usr/lib/gcc/arm-none-eabi/9.2.1/thumb/v7e-m+fp/hard/libgcc.a(_aeabi_uldivmod.o)
                                         0xa3 (size before relaxing)
 .debug_str     0x0000000000004f68     0x10e1 /usr/lib/gcc/arm-none-eabi/9.2.1/thumb/v7e-m+fp/hard/libgcc.a(_udivmoddi4.o)
                                       0x11e6 (size before relaxing)
 .debug_str     0x0000000000006049       0x30 /usr/lib/gcc/arm-none-eabi/9.2.1/thumb/v7e-m+fp/hard/libgcc.a(_dvmd_tls.o)
                                         0xa7 (size before relaxing)

.debug_frame    0x0000000000000000     0x2468
 .debug_frame   0x0000000000000000       0xa4 build/main.o
 .debug_frame   0x00000000000000a4      0x120 build/stm32f4xx_it.o
 .debug_frame   0x00000000000001c4       0x28 build/stm32f4xx_hal_msp.o
 .debug_frame   0x00000000000001ec      0xb14 build/stm32f4xx_hal_tim.o
 .debug_frame   0x0000000000000d00      0x420 build/stm32f4xx_hal_tim_ex.o
 .debug_frame   0x0000000000001120      0x5c4 build/stm32f4xx_hal_uart.o
 .debug_frame   0x00000000000016e4      0x174 build/stm32f4xx_hal_rcc.o
 .debug_frame   0x0000000000001858       0xd8 build/stm32f4xx_hal_gpio.o
 .debug_frame   0x0000000000001930      0x188 build/stm32f4xx_hal_dma.o
 .debug_frame   0x0000000000001ab8      0x15c build/stm32f4xx_hal_cortex.o
 .debug_frame   0x0000000000001c14      0x1ec build/stm32f4xx_hal.o
 .debug_frame   0x0000000000001e00       0x30 build/system_stm32f4xx.o
 .debug_frame   0x0000000000001e30       0x38 build/gpio.o
 .debug_frame   0x0000000000001e68       0x30 build/dma.o
 .debug_frame   0x0000000000001e98       0x64 build/usart.o
 .debug_frame   0x0000000000001efc      0x120 build/tim.o
 .debug_frame   0x000000000000201c       0x2c /usr/lib/gcc/arm-none-eabi/9.2.1/../../../arm-none-eabi/lib/thumb/v7e-m+fp/hard/libc_nano.a(lib_a-init.o)
 .debug_frame   0x0000000000002048       0x38 /usr/lib/gcc/arm-none-eabi/9.2.1/../../../arm-none-eabi/lib/thumb/v7e-m+fp/hard/libc_nano.a(lib_a-memset.o)
 .debug_frame   0x0000000000002080       0x80 /usr/lib/gcc/arm-none-eabi/9.2.1/../../../arm-none-eabi/lib/thumb/v7e-m+fp/hard/libc_nano.a(lib_a-sprintf.o)
 .debug_frame   0x0000000000002100       0x98 /usr/lib/gcc/arm-none-eabi/9.2.1/../../../arm-none-eabi/lib/thumb/v7e-m+fp/hard/libc_nano.a(lib_a-nano-svfprintf.o)
 .debug_frame   0x0000000000002198       0x68 /usr/lib/gcc/arm-none-eabi/9.2.1/../../../arm-none-eabi/lib/thumb/v7e-m+fp/hard/libc_nano.a(lib_a-nano-vfprintf_i.o)
 .debug_frame   0x0000000000002200       0x40 /usr/lib/gcc/arm-none-eabi/9.2.1/../../../arm-none-eabi/lib/thumb/v7e-m+fp/hard/libc_nano.a(lib_a-memmove.o)
 .debug_frame   0x0000000000002240       0x58 /usr/lib/gcc/arm-none-eabi/9.2.1/../../../arm-none-eabi/lib/thumb/v7e-m+fp/hard/libc_nano.a(lib_a-nano-freer.o)
 .debug_frame   0x0000000000002298       0x30 /usr/lib/gcc/arm-none-eabi/9.2.1/../../../arm-none-eabi/lib/thumb/v7e-m+fp/hard/libc_nano.a(lib_a-nano-mallocr.o)
 .debug_frame   0x00000000000022c8       0x38 /usr/lib/gcc/arm-none-eabi/9.2.1/../../../arm-none-eabi/lib/thumb/v7e-m+fp/hard/libc_nano.a(lib_a-nano-reallocr.o)
 .debug_frame   0x0000000000002300       0x2c /usr/lib/gcc/arm-none-eabi/9.2.1/../../../arm-none-eabi/lib/thumb/v7e-m+fp/hard/libc_nano.a(lib_a-sbrkr.o)
 .debug_frame   0x000000000000232c       0x30 /usr/lib/gcc/arm-none-eabi/9.2.1/../../../arm-none-eabi/lib/thumb/v7e-m+fp/hard/libc_nano.a(lib_a-mlock.o)
 .debug_frame   0x000000000000235c       0x20 /usr/lib/gcc/arm-none-eabi/9.2.1/../../../arm-none-eabi/lib/thumb/v7e-m+fp/hard/libc_nano.a(lib_a-nano-msizer.o)
 .debug_frame   0x000000000000237c       0x6c /usr/lib/gcc/arm-none-eabi/9.2.1/../../../arm-none-eabi/lib/thumb/v7e-m+fp/hard/libc_nano.a(lib_a-reent.o)
 .debug_frame   0x00000000000023e8       0x20 /usr/lib/gcc/arm-none-eabi/9.2.1/../../../arm-none-eabi/lib/thumb/v7e-m+fp/hard/libnosys.a(sbrk.o)
 .debug_frame   0x0000000000002408       0x2c /usr/lib/gcc/arm-none-eabi/9.2.1/thumb/v7e-m+fp/hard/libgcc.a(_aeabi_uldivmod.o)
 .debug_frame   0x0000000000002434       0x34 /usr/lib/gcc/arm-none-eabi/9.2.1/thumb/v7e-m+fp/hard/libgcc.a(_udivmoddi4.o)

Cross Reference Table

Symbol                                            File
ADC_IRQHandler                                    build/startup_stm32f407xx.o
AHBPrescTable                                     build/system_stm32f4xx.o
                                                  build/stm32f4xx_hal_rcc.o
APBPrescTable                                     build/system_stm32f4xx.o
                                                  build/stm32f4xx_hal_rcc.o
BusFault_Handler                                  build/stm32f4xx_it.o
CAN1_RX0_IRQHandler                               build/startup_stm32f407xx.o
CAN1_RX1_IRQHandler                               build/startup_stm32f407xx.o
CAN1_SCE_IRQHandler                               build/startup_stm32f407xx.o
CAN1_TX_IRQHandler                                build/startup_stm32f407xx.o
CAN2_RX0_IRQHandler                               build/startup_stm32f407xx.o
CAN2_RX1_IRQHandler                               build/startup_stm32f407xx.o
CAN2_SCE_IRQHandler                               build/startup_stm32f407xx.o
CAN2_TX_IRQHandler                                build/startup_stm32f407xx.o
DCMI_IRQHandler                                   build/startup_stm32f407xx.o
DMA1_Stream0_IRQHandler                           build/startup_stm32f407xx.o
DMA1_Stream1_IRQHandler                           build/startup_stm32f407xx.o
DMA1_Stream2_IRQHandler                           build/startup_stm32f407xx.o
DMA1_Stream3_IRQHandler                           build/startup_stm32f407xx.o
DMA1_Stream4_IRQHandler                           build/startup_stm32f407xx.o
DMA1_Stream5_IRQHandler                           build/startup_stm32f407xx.o
DMA1_Stream6_IRQHandler                           build/startup_stm32f407xx.o
DMA1_Stream7_IRQHandler                           build/startup_stm32f407xx.o
DMA2_Stream0_IRQHandler                           build/startup_stm32f407xx.o
DMA2_Stream1_IRQHandler                           build/startup_stm32f407xx.o
DMA2_Stream2_IRQHandler                           build/stm32f4xx_it.o
DMA2_Stream3_IRQHandler                           build/startup_stm32f407xx.o
DMA2_Stream4_IRQHandler                           build/startup_stm32f407xx.o
DMA2_Stream5_IRQHandler                           build/startup_stm32f407xx.o
DMA2_Stream6_IRQHandler                           build/startup_stm32f407xx.o
DMA2_Stream7_IRQHandler                           build/stm32f4xx_it.o
DebugMon_Handler                                  build/stm32f4xx_it.o
Default_Handler                                   build/startup_stm32f407xx.o
ETH_IRQHandler                                    build/startup_stm32f407xx.o
ETH_WKUP_IRQHandler                               build/startup_stm32f407xx.o
EXTI0_IRQHandler                                  build/startup_stm32f407xx.o
EXTI15_10_IRQHandler                              build/startup_stm32f407xx.o
EXTI1_IRQHandler                                  build/startup_stm32f407xx.o
EXTI2_IRQHandler                                  build/startup_stm32f407xx.o
EXTI3_IRQHandler                                  build/startup_stm32f407xx.o
EXTI4_IRQHandler                                  build/startup_stm32f407xx.o
EXTI9_5_IRQHandler                                build/startup_stm32f407xx.o
Error_Handler                                     build/main.o
                                                  build/tim.o
                                                  build/usart.o
FLASH_Erase_Sector                                build/stm32f4xx_hal_flash_ex.o
                                                  build/stm32f4xx_hal_flash.o
FLASH_FlushCaches                                 build/stm32f4xx_hal_flash_ex.o
                                                  build/stm32f4xx_hal_flash.o
FLASH_IRQHandler                                  build/startup_stm32f407xx.o
FLASH_WaitForLastOperation                        build/stm32f4xx_hal_flash.o
                                                  build/stm32f4xx_hal_flash_ex.o
FPU_IRQHandler                                    build/startup_stm32f407xx.o
FSMC_IRQHandler                                   build/startup_stm32f407xx.o
HAL_DBGMCU_DisableDBGSleepMode                    build/stm32f4xx_hal.o
HAL_DBGMCU_DisableDBGStandbyMode                  build/stm32f4xx_hal.o
HAL_DBGMCU_DisableDBGStopMode                     build/stm32f4xx_hal.o
HAL_DBGMCU_EnableDBGSleepMode                     build/stm32f4xx_hal.o
HAL_DBGMCU_EnableDBGStandbyMode                   build/stm32f4xx_hal.o
HAL_DBGMCU_EnableDBGStopMode                      build/stm32f4xx_hal.o
HAL_DMAEx_ChangeMemory                            build/stm32f4xx_hal_dma_ex.o
HAL_DMAEx_MultiBufferStart                        build/stm32f4xx_hal_dma_ex.o
HAL_DMAEx_MultiBufferStart_IT                     build/stm32f4xx_hal_dma_ex.o
HAL_DMA_Abort                                     build/stm32f4xx_hal_dma.o
                                                  build/stm32f4xx_hal_uart.o
HAL_DMA_Abort_IT                                  build/stm32f4xx_hal_dma.o
                                                  build/stm32f4xx_hal_uart.o
                                                  build/stm32f4xx_hal_tim_ex.o
                                                  build/stm32f4xx_hal_tim.o
HAL_DMA_DeInit                                    build/stm32f4xx_hal_dma.o
                                                  build/usart.o
HAL_DMA_GetError                                  build/stm32f4xx_hal_dma.o
                                                  build/stm32f4xx_hal_uart.o
HAL_DMA_GetState                                  build/stm32f4xx_hal_dma.o
HAL_DMA_IRQHandler                                build/stm32f4xx_hal_dma.o
                                                  build/stm32f4xx_it.o
HAL_DMA_Init                                      build/stm32f4xx_hal_dma.o
                                                  build/usart.o
HAL_DMA_PollForTransfer                           build/stm32f4xx_hal_dma.o
HAL_DMA_RegisterCallback                          build/stm32f4xx_hal_dma.o
HAL_DMA_Start                                     build/stm32f4xx_hal_dma.o
HAL_DMA_Start_IT                                  build/stm32f4xx_hal_dma.o
                                                  build/stm32f4xx_hal_uart.o
                                                  build/stm32f4xx_hal_tim_ex.o
                                                  build/stm32f4xx_hal_tim.o
HAL_DMA_UnRegisterCallback                        build/stm32f4xx_hal_dma.o
HAL_DeInit                                        build/stm32f4xx_hal.o
HAL_Delay                                         build/stm32f4xx_hal.o
HAL_DisableCompensationCell                       build/stm32f4xx_hal.o
HAL_EXTI_ClearConfigLine                          build/stm32f4xx_hal_exti.o
HAL_EXTI_ClearPending                             build/stm32f4xx_hal_exti.o
HAL_EXTI_GenerateSWI                              build/stm32f4xx_hal_exti.o
HAL_EXTI_GetConfigLine                            build/stm32f4xx_hal_exti.o
HAL_EXTI_GetHandle                                build/stm32f4xx_hal_exti.o
HAL_EXTI_GetPending                               build/stm32f4xx_hal_exti.o
HAL_EXTI_IRQHandler                               build/stm32f4xx_hal_exti.o
HAL_EXTI_RegisterCallback                         build/stm32f4xx_hal_exti.o
HAL_EXTI_SetConfigLine                            build/stm32f4xx_hal_exti.o
HAL_EnableCompensationCell                        build/stm32f4xx_hal.o
HAL_FLASHEx_Erase                                 build/stm32f4xx_hal_flash_ex.o
HAL_FLASHEx_Erase_IT                              build/stm32f4xx_hal_flash_ex.o
HAL_FLASHEx_OBGetConfig                           build/stm32f4xx_hal_flash_ex.o
HAL_FLASHEx_OBProgram                             build/stm32f4xx_hal_flash_ex.o
HAL_FLASH_EndOfOperationCallback                  build/stm32f4xx_hal_flash.o
HAL_FLASH_GetError                                build/stm32f4xx_hal_flash.o
HAL_FLASH_IRQHandler                              build/stm32f4xx_hal_flash.o
HAL_FLASH_Lock                                    build/stm32f4xx_hal_flash.o
HAL_FLASH_OB_Launch                               build/stm32f4xx_hal_flash.o
HAL_FLASH_OB_Lock                                 build/stm32f4xx_hal_flash.o
HAL_FLASH_OB_Unlock                               build/stm32f4xx_hal_flash.o
HAL_FLASH_OperationErrorCallback                  build/stm32f4xx_hal_flash.o
HAL_FLASH_Program                                 build/stm32f4xx_hal_flash.o
HAL_FLASH_Program_IT                              build/stm32f4xx_hal_flash.o
HAL_FLASH_Unlock                                  build/stm32f4xx_hal_flash.o
HAL_GPIO_DeInit                                   build/stm32f4xx_hal_gpio.o
                                                  build/tim.o
                                                  build/usart.o
HAL_GPIO_EXTI_Callback                            build/stm32f4xx_hal_gpio.o
HAL_GPIO_EXTI_IRQHandler                          build/stm32f4xx_hal_gpio.o
HAL_GPIO_Init                                     build/stm32f4xx_hal_gpio.o
                                                  build/tim.o
                                                  build/usart.o
                                                  build/gpio.o
                                                  build/stm32f4xx_hal_rcc.o
HAL_GPIO_LockPin                                  build/stm32f4xx_hal_gpio.o
HAL_GPIO_ReadPin                                  build/stm32f4xx_hal_gpio.o
HAL_GPIO_TogglePin                                build/stm32f4xx_hal_gpio.o
                                                  build/main.o
HAL_GPIO_WritePin                                 build/stm32f4xx_hal_gpio.o
                                                  build/gpio.o
HAL_GetDEVID                                      build/stm32f4xx_hal.o
HAL_GetHalVersion                                 build/stm32f4xx_hal.o
HAL_GetREVID                                      build/stm32f4xx_hal.o
HAL_GetTick                                       build/stm32f4xx_hal.o
                                                  build/stm32f4xx_hal_pwr_ex.o
                                                  build/stm32f4xx_hal_dma.o
                                                  build/stm32f4xx_hal_flash.o
                                                  build/stm32f4xx_hal_rcc_ex.o
                                                  build/stm32f4xx_hal_rcc.o
                                                  build/stm32f4xx_hal_uart.o
HAL_GetTickFreq                                   build/stm32f4xx_hal.o
HAL_GetTickPrio                                   build/stm32f4xx_hal.o
HAL_GetUIDw0                                      build/stm32f4xx_hal.o
HAL_GetUIDw1                                      build/stm32f4xx_hal.o
HAL_GetUIDw2                                      build/stm32f4xx_hal.o
HAL_HalfDuplex_EnableReceiver                     build/stm32f4xx_hal_uart.o
HAL_HalfDuplex_EnableTransmitter                  build/stm32f4xx_hal_uart.o
HAL_HalfDuplex_Init                               build/stm32f4xx_hal_uart.o
HAL_IncTick                                       build/stm32f4xx_hal.o
                                                  build/stm32f4xx_it.o
HAL_Init                                          build/stm32f4xx_hal.o
                                                  build/main.o
HAL_InitTick                                      build/stm32f4xx_hal.o
                                                  build/stm32f4xx_hal_rcc_ex.o
                                                  build/stm32f4xx_hal_rcc.o
HAL_LIN_Init                                      build/stm32f4xx_hal_uart.o
HAL_LIN_SendBreak                                 build/stm32f4xx_hal_uart.o
HAL_MPU_ConfigRegion                              build/stm32f4xx_hal_cortex.o
HAL_MPU_Disable                                   build/stm32f4xx_hal_cortex.o
HAL_MPU_Enable                                    build/stm32f4xx_hal_cortex.o
HAL_MspDeInit                                     build/stm32f4xx_hal.o
HAL_MspInit                                       build/stm32f4xx_hal_msp.o
HAL_MultiProcessor_EnterMuteMode                  build/stm32f4xx_hal_uart.o
HAL_MultiProcessor_ExitMuteMode                   build/stm32f4xx_hal_uart.o
HAL_MultiProcessor_Init                           build/stm32f4xx_hal_uart.o
HAL_NVIC_ClearPendingIRQ                          build/stm32f4xx_hal_cortex.o
HAL_NVIC_DisableIRQ                               build/stm32f4xx_hal_cortex.o
                                                  build/tim.o
                                                  build/usart.o
HAL_NVIC_EnableIRQ                                build/stm32f4xx_hal_cortex.o
                                                  build/tim.o
                                                  build/usart.o
                                                  build/dma.o
HAL_NVIC_GetActive                                build/stm32f4xx_hal_cortex.o
HAL_NVIC_GetPendingIRQ                            build/stm32f4xx_hal_cortex.o
HAL_NVIC_GetPriority                              build/stm32f4xx_hal_cortex.o
HAL_NVIC_GetPriorityGrouping                      build/stm32f4xx_hal_cortex.o
HAL_NVIC_SetPendingIRQ                            build/stm32f4xx_hal_cortex.o
HAL_NVIC_SetPriority                              build/stm32f4xx_hal_cortex.o
                                                  build/tim.o
                                                  build/usart.o
                                                  build/dma.o
                                                  build/stm32f4xx_hal.o
HAL_NVIC_SetPriorityGrouping                      build/stm32f4xx_hal_cortex.o
                                                  build/stm32f4xx_hal.o
HAL_NVIC_SystemReset                              build/stm32f4xx_hal_cortex.o
HAL_PWREx_ControlVoltageScaling                   build/stm32f4xx_hal_pwr_ex.o
HAL_PWREx_DisableBkUpReg                          build/stm32f4xx_hal_pwr_ex.o
HAL_PWREx_DisableFlashPowerDown                   build/stm32f4xx_hal_pwr_ex.o
HAL_PWREx_EnableBkUpReg                           build/stm32f4xx_hal_pwr_ex.o
HAL_PWREx_EnableFlashPowerDown                    build/stm32f4xx_hal_pwr_ex.o
HAL_PWREx_GetVoltageRange                         build/stm32f4xx_hal_pwr_ex.o
HAL_PWR_ConfigPVD                                 build/stm32f4xx_hal_pwr.o