Archive member included to satisfy reference by file (symbol)

/usr/lib/gcc/arm-none-eabi/9.2.1/../../../arm-none-eabi/lib/thumb/v7e-m+fp/hard/libc_nano.a(lib_a-atexit.o)
                              /usr/lib/gcc/arm-none-eabi/9.2.1/../../../arm-none-eabi/lib/thumb/v7e-m+fp/hard/crt0.o (atexit)
/usr/lib/gcc/arm-none-eabi/9.2.1/../../../arm-none-eabi/lib/thumb/v7e-m+fp/hard/libc_nano.a(lib_a-errno.o)
                              build/retarget.o (__errno)
/usr/lib/gcc/arm-none-eabi/9.2.1/../../../arm-none-eabi/lib/thumb/v7e-m+fp/hard/libc_nano.a(lib_a-exit.o)
                              /usr/lib/gcc/arm-none-eabi/9.2.1/../../../arm-none-eabi/lib/thumb/v7e-m+fp/hard/crt0.o (exit)
/usr/lib/gcc/arm-none-eabi/9.2.1/../../../arm-none-eabi/lib/thumb/v7e-m+fp/hard/libc_nano.a(lib_a-fini.o)
                              /usr/lib/gcc/arm-none-eabi/9.2.1/../../../arm-none-eabi/lib/thumb/v7e-m+fp/hard/crt0.o (__libc_fini_array)
/usr/lib/gcc/arm-none-eabi/9.2.1/../../../arm-none-eabi/lib/thumb/v7e-m+fp/hard/libc_nano.a(lib_a-impure.o)
                              /usr/lib/gcc/arm-none-eabi/9.2.1/../../../arm-none-eabi/lib/thumb/v7e-m+fp/hard/libc_nano.a(lib_a-exit.o) (_global_impure_ptr)
/usr/lib/gcc/arm-none-eabi/9.2.1/../../../arm-none-eabi/lib/thumb/v7e-m+fp/hard/libc_nano.a(lib_a-init.o)
                              /usr/lib/gcc/arm-none-eabi/9.2.1/../../../arm-none-eabi/lib/thumb/v7e-m+fp/hard/crt0.o (__libc_init_array)
/usr/lib/gcc/arm-none-eabi/9.2.1/../../../arm-none-eabi/lib/thumb/v7e-m+fp/hard/libc_nano.a(lib_a-memset.o)
                              /usr/lib/gcc/arm-none-eabi/9.2.1/../../../arm-none-eabi/lib/thumb/v7e-m+fp/hard/crt0.o (memset)
/usr/lib/gcc/arm-none-eabi/9.2.1/../../../arm-none-eabi/lib/thumb/v7e-m+fp/hard/libc_nano.a(lib_a-nano-vfprintf_float.o)
                              (_printf_float)
/usr/lib/gcc/arm-none-eabi/9.2.1/../../../arm-none-eabi/lib/thumb/v7e-m+fp/hard/libc_nano.a(lib_a-nano-vfprintf_i.o)
                              /usr/lib/gcc/arm-none-eabi/9.2.1/../../../arm-none-eabi/lib/thumb/v7e-m+fp/hard/libc_nano.a(lib_a-nano-vfprintf_float.o) (_printf_common)
/usr/lib/gcc/arm-none-eabi/9.2.1/../../../arm-none-eabi/lib/thumb/v7e-m+fp/hard/libc_nano.a(lib_a-setvbuf.o)
                              build/retarget.o (setvbuf)
/usr/lib/gcc/arm-none-eabi/9.2.1/../../../arm-none-eabi/lib/thumb/v7e-m+fp/hard/libc_nano.a(lib_a-sprintf.o)
                              build/main.o (sprintf)
/usr/lib/gcc/arm-none-eabi/9.2.1/../../../arm-none-eabi/lib/thumb/v7e-m+fp/hard/libc_nano.a(lib_a-strlen.o)
                              /usr/lib/gcc/arm-none-eabi/9.2.1/../../../arm-none-eabi/lib/thumb/v7e-m+fp/hard/libc_nano.a(lib_a-nano-vfprintf_float.o) (strlen)
/usr/lib/gcc/arm-none-eabi/9.2.1/../../../arm-none-eabi/lib/thumb/v7e-m+fp/hard/libc_nano.a(lib_a-__atexit.o)
                              /usr/lib/gcc/arm-none-eabi/9.2.1/../../../arm-none-eabi/lib/thumb/v7e-m+fp/hard/libc_nano.a(lib_a-atexit.o) (__register_exitproc)
/usr/lib/gcc/arm-none-eabi/9.2.1/../../../arm-none-eabi/lib/thumb/v7e-m+fp/hard/libc_nano.a(lib_a-__call_atexit.o)
                              /usr/lib/gcc/arm-none-eabi/9.2.1/../../../arm-none-eabi/lib/thumb/v7e-m+fp/hard/libc_nano.a(lib_a-__atexit.o) (__call_exitprocs)
/usr/lib/gcc/arm-none-eabi/9.2.1/../../../arm-none-eabi/lib/thumb/v7e-m+fp/hard/libc_nano.a(lib_a-dtoa.o)
                              /usr/lib/gcc/arm-none-eabi/9.2.1/../../../arm-none-eabi/lib/thumb/v7e-m+fp/hard/libc_nano.a(lib_a-nano-vfprintf_float.o) (_dtoa_r)
/usr/lib/gcc/arm-none-eabi/9.2.1/../../../arm-none-eabi/lib/thumb/v7e-m+fp/hard/libc_nano.a(lib_a-fflush.o)
                              /usr/lib/gcc/arm-none-eabi/9.2.1/../../../arm-none-eabi/lib/thumb/v7e-m+fp/hard/libc_nano.a(lib_a-setvbuf.o) (_fflush_r)
/usr/lib/gcc/arm-none-eabi/9.2.1/../../../arm-none-eabi/lib/thumb/v7e-m+fp/hard/libc_nano.a(lib_a-findfp.o)
                              /usr/lib/gcc/arm-none-eabi/9.2.1/../../../arm-none-eabi/lib/thumb/v7e-m+fp/hard/libc_nano.a(lib_a-setvbuf.o) (__sinit)
/usr/lib/gcc/arm-none-eabi/9.2.1/../../../arm-none-eabi/lib/thumb/v7e-m+fp/hard/libc_nano.a(lib_a-fwalk.o)
                              /usr/lib/gcc/arm-none-eabi/9.2.1/../../../arm-none-eabi/lib/thumb/v7e-m+fp/hard/libc_nano.a(lib_a-findfp.o) (_fwalk)
/usr/lib/gcc/arm-none-eabi/9.2.1/../../../arm-none-eabi/lib/thumb/v7e-m+fp/hard/libc_nano.a(lib_a-localeconv.o)
                              /usr/lib/gcc/arm-none-eabi/9.2.1/../../../arm-none-eabi/lib/thumb/v7e-m+fp/hard/libc_nano.a(lib_a-nano-vfprintf_float.o) (_localeconv_r)
/usr/lib/gcc/arm-none-eabi/9.2.1/../../../arm-none-eabi/lib/thumb/v7e-m+fp/hard/libc_nano.a(lib_a-makebuf.o)
                              /usr/lib/gcc/arm-none-eabi/9.2.1/../../../arm-none-eabi/lib/thumb/v7e-m+fp/hard/libc_nano.a(lib_a-setvbuf.o) (__swhatbuf_r)
/usr/lib/gcc/arm-none-eabi/9.2.1/../../../arm-none-eabi/lib/thumb/v7e-m+fp/hard/libc_nano.a(lib_a-malloc.o)
[...]
Memory Configuration

Name             Origin             Length             Attributes
RAM              0x0000000020000000 0x0000000000020000 xrw
CCMRAM           0x0000000010000000 0x0000000000010000 xrw
FLASH            0x0000000008000000 0x0000000000080000 xr
*default*        0x0000000000000000 0xffffffffffffffff

Linker script and memory map

LOAD /usr/lib/gcc/arm-none-eabi/9.2.1/thumb/v7e-m+fp/hard/crti.o
LOAD /usr/lib/gcc/arm-none-eabi/9.2.1/thumb/v7e-m+fp/hard/crtbegin.o
LOAD /usr/lib/gcc/arm-none-eabi/9.2.1/../../../arm-none-eabi/lib/thumb/v7e-m+fp/hard/crt0.o
LOAD build/main.o
LOAD build/stm32f4xx_it.o
LOAD build/stm32f4xx_hal_msp.o
LOAD build/stm32f4xx_hal_tim.o
LOAD build/stm32f4xx_hal_tim_ex.o
LOAD build/stm32f4xx_hal_uart.o
LOAD build/stm32f4xx_hal_rcc.o
LOAD build/stm32f4xx_hal_rcc_ex.o
LOAD build/stm32f4xx_hal_flash.o
LOAD build/stm32f4xx_hal_flash_ex.o
LOAD build/stm32f4xx_hal_flash_ramfunc.o
LOAD build/stm32f4xx_hal_gpio.o
LOAD build/stm32f4xx_hal_dma_ex.o
LOAD build/stm32f4xx_hal_dma.o
LOAD build/stm32f4xx_hal_pwr.o
LOAD build/stm32f4xx_hal_pwr_ex.o
LOAD build/stm32f4xx_hal_cortex.o
LOAD build/stm32f4xx_hal.o
LOAD build/stm32f4xx_hal_exti.o
LOAD build/system_stm32f4xx.o
LOAD build/gpio.o
LOAD build/dma.o
LOAD build/usart.o
LOAD build/tim.o
LOAD build/PID.o
LOAD build/frame_resolve.o
LOAD build/retarget.o
LOAD build/startup_stm32f407xx.o
LOAD /usr/lib/gcc/arm-none-eabi/9.2.1/../../../arm-none-eabi/lib/thumb/v7e-m+fp/hard/libc_nano.a
LOAD /usr/lib/gcc/arm-none-eabi/9.2.1/../../../arm-none-eabi/lib/thumb/v7e-m+fp/hard/libm.a
LOAD /usr/lib/gcc/arm-none-eabi/9.2.1/../../../arm-none-eabi/lib/thumb/v7e-m+fp/hard/libnosys.a
START GROUP
LOAD /usr/lib/gcc/arm-none-eabi/9.2.1/thumb/v7e-m+fp/hard/libgcc.a
LOAD /usr/lib/gcc/arm-none-eabi/9.2.1/../../../arm-none-eabi/lib/thumb/v7e-m+fp/hard/libc_nano.a
END GROUP
START GROUP
LOAD /usr/lib/gcc/arm-none-eabi/9.2.1/thumb/v7e-m+fp/hard/libgcc.a
LOAD /usr/lib/gcc/arm-none-eabi/9.2.1/../../../arm-none-eabi/lib/thumb/v7e-m+fp/hard/libc_nano.a
END GROUP
LOAD /usr/lib/gcc/arm-none-eabi/9.2.1/thumb/v7e-m+fp/hard/crtend.o
LOAD /usr/lib/gcc/arm-none-eabi/9.2.1/thumb/v7e-m+fp/hard/crtn.o
                0x0000000020020000                _estack = 0x20020000
                0x0000000000000200                _Min_Heap_Size = 0x200
                0x0000000000000400                _Min_Stack_Size = 0x400

.isr_vector     0x0000000008000000      0x188
                0x0000000008000000                . = ALIGN (0x4)
 *(.isr_vector)
 .isr_vector    0x0000000008000000      0x188 build/startup_stm32f407xx.o
                0x0000000008000000                g_pfnVectors
                0x0000000008000188                . = ALIGN (0x4)

.text           0x00000000080001c0     0x83e8
                0x00000000080001c0                . = ALIGN (0x4)
 *(.text)
 .text          0x00000000080001c0       0x88 /usr/lib/gcc/arm-none-eabi/9.2.1/thumb/v7e-m+fp/hard/crtbegin.o
 .text          0x0000000008000248        0xc /usr/lib/gcc/arm-none-eabi/9.2.1/../../../arm-none-eabi/lib/thumb/v7e-m+fp/hard/libc_nano.a(lib_a-errno.o)
                0x0000000008000248                __errno
 .text          0x0000000008000254       0x48 /usr/lib/gcc/arm-none-eabi/9.2.1/../../../arm-none-eabi/lib/thumb/v7e-m+fp/hard/libc_nano.a(lib_a-init.o)
                0x0000000008000254                __libc_init_array
 .text          0x000000000800029c       0xa0 /usr/lib/gcc/arm-none-eabi/9.2.1/../../../arm-none-eabi/lib/thumb/v7e-m+fp/hard/libc_nano.a(lib_a-memset.o)
                0x000000000800029c                memset
 .text          0x000000000800033c      0x6b8 /usr/lib/gcc/arm-none-eabi/9.2.1/../../../arm-none-eabi/lib/thumb/v7e-m+fp/hard/libc_nano.a(lib_a-nano-vfprintf_float.o)
                0x000000000800033c                __cvt
                0x0000000008000438                __exponent
                0x00000000080004c4                _printf_float
 .text          0x00000000080009f4      0x3c4 /usr/lib/gcc/arm-none-eabi/9.2.1/../../../arm-none-eabi/lib/thumb/v7e-m+fp/hard/libc_nano.a(lib_a-nano-vfprintf_i.o)
                0x00000000080009f4                _printf_common
                0x0000000008000b20                _printf_i
 .text          0x0000000008000db8      0x178 /usr/lib/gcc/arm-none-eabi/9.2.1/../../../arm-none-eabi/lib/thumb/v7e-m+fp/hard/libc_nano.a(lib_a-setvbuf.o)
                0x0000000008000db8                setvbuf
 .text          0x0000000008000f30       0x80 /usr/lib/gcc/arm-none-eabi/9.2.1/../../../arm-none-eabi/lib/thumb/v7e-m+fp/hard/libc_nano.a(lib_a-sprintf.o)
                0x0000000008000f30                _siprintf_r
                0x0000000008000f30                _sprintf_r
                0x0000000008000f6c                sprintf
                0x0000000008000f6c                siprintf
 *fill*         0x0000000008000fb0       0x10 
 .text          0x0000000008000fc0       0xdc /usr/lib/gcc/arm-none-eabi/9.2.1/../../../arm-none-eabi/lib/thumb/v7e-m+fp/hard/libc_nano.a(lib_a-strlen.o)
                0x0000000008000fc0                strlen
 *fill*         0x000000000800109c        0x4 
 .text          0x00000000080010a0      0xffc /usr/lib/gcc/arm-none-eabi/9.2.1/../../../arm-none-eabi/lib/thumb/v7e-m+fp/hard/libc_nano.a(lib_a-dtoa.o)
                0x00000000080011c4                _dtoa_r
 .text          0x000000000800209c      0x1b0 /usr/lib/gcc/arm-none-eabi/9.2.1/../../../arm-none-eabi/lib/thumb/v7e-m+fp/hard/libc_nano.a(lib_a-fflush.o)
                0x000000000800209c                __sflush_r
                0x00000000080021c8                _fflush_r
                0x0000000008002228                fflush
 .text          0x000000000800224c      0x210 /usr/lib/gcc/arm-none-eabi/9.2.1/../../../arm-none-eabi/lib/thumb/v7e-m+fp/hard/libc_nano.a(lib_a-findfp.o)
                0x0000000008002250                _cleanup_r
                0x0000000008002260                __sfmoreglue
                0x0000000008002290                __sfp
                0x0000000008002408                _cleanup
                0x000000000800241c                __sinit
                0x0000000008002424                __sfp_lock_acquire
                0x0000000008002428                __sfp_lock_release
                0x000000000800242c                __sinit_lock_acquire
                0x0000000008002430                __sinit_lock_release
                0x0000000008002434                __fp_lock_all
                0x0000000008002448                __fp_unlock_all
 .text          0x000000000800245c       0xa0 /usr/lib/gcc/arm-none-eabi/9.2.1/../../../arm-none-eabi/lib/thumb/v7e-m+fp/hard/libc_nano.a(lib_a-fwalk.o)
                0x000000000800245c                _fwalk
                0x00000000080024a8                _fwalk_reent
 .text          0x00000000080024fc       0x14 /usr/lib/gcc/arm-none-eabi/9.2.1/../../../arm-none-eabi/lib/thumb/v7e-m+fp/hard/libc_nano.a(lib_a-localeconv.o)
                0x00000000080024fc                __localeconv_l
                0x0000000008002500                _localeconv_r
                0x0000000008002508                localeconv
 .text          0x0000000008002510       0xf0 /usr/lib/gcc/arm-none-eabi/9.2.1/../../../arm-none-eabi/lib/thumb/v7e-m+fp/hard/libc_nano.a(lib_a-makebuf.o)
                0x0000000008002510                __swhatbuf_r
                0x000000000800256c                __smakebuf_r
 .text          0x0000000008002600       0x20 /usr/lib/gcc/arm-none-eabi/9.2.1/../../../arm-none-eabi/lib/thumb/v7e-m+fp/hard/libc_nano.a(lib_a-malloc.o)
                0x0000000008002600                malloc
                0x0000000008002610                free
 .text          0x0000000008002620       0xa0 /usr/lib/gcc/arm-none-eabi/9.2.1/../../../arm-none-eabi/lib/thumb/v7e-m+fp/hard/libc_nano.a(lib_a-memchr.o)
                0x0000000008002620                memchr
 .text          0x00000000080026c0      0x134 /usr/lib/gcc/arm-none-eabi/9.2.1/../../../arm-none-eabi/lib/thumb/v7e-m+fp/hard/libc_nano.a(lib_a-memcpy.o)
                0x00000000080026c0                memcpy
 .text          0x00000000080027f4      0xa38 /usr/lib/gcc/arm-none-eabi/9.2.1/../../../arm-none-eabi/lib/thumb/v7e-m+fp/hard/libc_nano.a(lib_a-mprec.o)
                0x00000000080027f4                _Balloc
                0x0000000008002874                _Bfree
                0x00000000080028c0                __multadd
                0x0000000008002960                __s2b
                0x0000000008002a0c                __hi0bits
                0x0000000008002a4c                __lo0bits
                0x0000000008002aac                __i2b
                0x0000000008002ad8                __multiply
                0x0000000008002c24                __pow5mult
                0x0000000008002ce8                __lshift
                0x0000000008002db0                __mcmp
                0x0000000008002de8                __mdiff
                0x0000000008002f10                __ulp
                0x0000000008002f60                __b2d
                0x0000000008003018                __d2b
                0x00000000080030ec                __ratio
                0x000000000800314c                _mprec_log10
                0x000000000800318c                __copybits
                0x00000000080031d4                __any_on
 .text          0x000000000800322c       0x1c /usr/lib/gcc/arm-none-eabi/9.2.1/../../../arm-none-eabi/lib/thumb/v7e-m+fp/hard/libc_nano.a(lib_a-nano-callocr.o)
                0x000000000800322c                _calloc_r
 .text          0x0000000008003248       0xac /usr/lib/gcc/arm-none-eabi/9.2.1/../../../arm-none-eabi/lib/thumb/v7e-m+fp/hard/libc_nano.a(lib_a-nano-freer.o)
                0x0000000008003248                _free_r
 .text          0x00000000080032f4       0xc8 /usr/lib/gcc/arm-none-eabi/9.2.1/../../../arm-none-eabi/lib/thumb/v7e-m+fp/hard/libc_nano.a(lib_a-nano-mallocr.o)
                0x00000000080032f4                _malloc_r
 .text          0x00000000080033bc      0x42c /usr/lib/gcc/arm-none-eabi/9.2.1/../../../arm-none-eabi/lib/thumb/v7e-m+fp/hard/libc_nano.a(lib_a-nano-svfprintf.o)
                0x00000000080033bc                __ssputs_r
                0x000000000800347c                __ssprint_r
                0x0000000008003574                _svfprintf_r
                0x0000000008003574                _svfiprintf_r
 .text          0x00000000080037e8       0x24 /usr/lib/gcc/arm-none-eabi/9.2.1/../../../arm-none-eabi/lib/thumb/v7e-m+fp/hard/libc_nano.a(lib_a-sbrkr.o)
                0x00000000080037e8                _sbrk_r
 .text          0x000000000800380c       0x90 /usr/lib/gcc/arm-none-eabi/9.2.1/../../../arm-none-eabi/lib/thumb/v7e-m+fp/hard/libc_nano.a(lib_a-stdio.o)
                0x000000000800380c                __sread
                0x0000000008003830                __seofread
                0x0000000008003834                __swrite
                0x0000000008003874                __sseek
                0x0000000008003894                __sclose
 .text          0x000000000800389c       0x2c /usr/lib/gcc/arm-none-eabi/9.2.1/../../../arm-none-eabi/lib/thumb/v7e-m+fp/hard/libc_nano.a(lib_a-writer.o)
                0x000000000800389c                _write_r
 .text          0x00000000080038c8       0x48 /usr/lib/gcc/arm-none-eabi/9.2.1/../../../arm-none-eabi/lib/thumb/v7e-m+fp/hard/libc_nano.a(lib_a-assert.o)
                0x00000000080038c8                __assert_func
                0x0000000008003904                __assert
 .text          0x0000000008003910       0x24 /usr/lib/gcc/arm-none-eabi/9.2.1/../../../arm-none-eabi/lib/thumb/v7e-m+fp/hard/libc_nano.a(lib_a-closer.o)
                0x0000000008003910                _close_r
 .text          0x0000000008003934       0x44 /usr/lib/gcc/arm-none-eabi/9.2.1/../../../arm-none-eabi/lib/thumb/v7e-m+fp/hard/libc_nano.a(lib_a-fprintf.o)
                0x0000000008003934                _fprintf_r
                0x0000000008003934                _fiprintf_r
                0x0000000008003950                fprintf
                0x0000000008003950                fiprintf
 .text          0x0000000008003978       0x28 /usr/lib/gcc/arm-none-eabi/9.2.1/../../../arm-none-eabi/lib/thumb/v7e-m+fp/hard/libc_nano.a(lib_a-fstatr.o)
                0x0000000008003978                _fstat_r
 .text          0x00000000080039a0       0x24 /usr/lib/gcc/arm-none-eabi/9.2.1/../../../arm-none-eabi/lib/thumb/v7e-m+fp/hard/libc_nano.a(lib_a-isattyr.o)
                0x00000000080039a0                _isatty_r
 .text          0x00000000080039c4       0x2c /usr/lib/gcc/arm-none-eabi/9.2.1/../../../arm-none-eabi/lib/thumb/v7e-m+fp/hard/libc_nano.a(lib_a-lseekr.o)
                0x00000000080039c4                _lseek_r
 .text          0x00000000080039f0       0x40 /usr/lib/gcc/arm-none-eabi/9.2.1/../../../arm-none-eabi/lib/thumb/v7e-m+fp/hard/libc_nano.a(lib_a-mbtowc_r.o)
                0x00000000080039f0                _mbtowc_r
                0x0000000008003a04                __ascii_mbtowc
 .text          0x0000000008003a30       0xd0 /usr/lib/gcc/arm-none-eabi/9.2.1/../../../arm-none-eabi/lib/thumb/v7e-m+fp/hard/libc_nano.a(lib_a-memmove.o)
                0x0000000008003a30                memmove
 .text          0x0000000008003b00        0x8 /usr/lib/gcc/arm-none-eabi/9.2.1/../../../arm-none-eabi/lib/thumb/v7e-m+fp/hard/libc_nano.a(lib_a-mlock.o)
                0x0000000008003b00                __malloc_lock
                0x0000000008003b04                __malloc_unlock
 .text          0x0000000008003b08       0x4c /usr/lib/gcc/arm-none-eabi/9.2.1/../../../arm-none-eabi/lib/thumb/v7e-m+fp/hard/libc_nano.a(lib_a-nano-reallocr.o)
                0x0000000008003b08                _realloc_r
 .text          0x0000000008003b54      0x364 /usr/lib/gcc/arm-none-eabi/9.2.1/../../../arm-none-eabi/lib/thumb/v7e-m+fp/hard/libc_nano.a(lib_a-nano-vfprintf.o)
                0x0000000008003b90                __sfputs_r
                0x0000000008003bc0                __sprint_r
                0x0000000008003bdc                _vfiprintf_r
                0x0000000008003bdc                _vfprintf_r
                0x0000000008003ea0                vfiprintf
                0x0000000008003ea0                vfprintf
 .text          0x0000000008003eb8       0x2c /usr/lib/gcc/arm-none-eabi/9.2.1/../../../arm-none-eabi/lib/thumb/v7e-m+fp/hard/libc_nano.a(lib_a-readr.o)
                0x0000000008003eb8                _read_r
 .text          0x0000000008003ee4       0xc0 /usr/lib/gcc/arm-none-eabi/9.2.1/../../../arm-none-eabi/lib/thumb/v7e-m+fp/hard/libc_nano.a(lib_a-wbuf.o)
                0x0000000008003ee4                __swbuf_r
                0x0000000008003f94                __swbuf
 .text          0x0000000008003fa4       0x30 /usr/lib/gcc/arm-none-eabi/9.2.1/../../../arm-none-eabi/lib/thumb/v7e-m+fp/hard/libc_nano.a(lib_a-wctomb_r.o)
                0x0000000008003fa4                _wctomb_r
                0x0000000008003fb8                __ascii_wctomb
 .text          0x0000000008003fd4      0x100 /usr/lib/gcc/arm-none-eabi/9.2.1/../../../arm-none-eabi/lib/thumb/v7e-m+fp/hard/libc_nano.a(lib_a-wsetup.o)
                0x0000000008003fd4                __swsetup_r
 .text          0x00000000080040d4       0x10 /usr/lib/gcc/arm-none-eabi/9.2.1/../../../arm-none-eabi/lib/thumb/v7e-m+fp/hard/libc_nano.a(lib_a-abort.o)
                0x00000000080040d4                abort
 .text          0x00000000080040e4      0x308 /usr/lib/gcc/arm-none-eabi/9.2.1/../../../arm-none-eabi/lib/thumb/v7e-m+fp/hard/libc_nano.a(lib_a-fvwrite.o)
                0x00000000080040e4                __sfvwrite_r
 .text          0x00000000080043ec       0x10 /usr/lib/gcc/arm-none-eabi/9.2.1/../../../arm-none-eabi/lib/thumb/v7e-m+fp/hard/libc_nano.a(lib_a-nano-msizer.o)
                0x00000000080043ec                _malloc_usable_size_r
 .text          0x00000000080043fc      0x150 /usr/lib/gcc/arm-none-eabi/9.2.1/../../../arm-none-eabi/lib/thumb/v7e-m+fp/hard/libc_nano.a(lib_a-signal.o)
                0x0000000008004424                _init_signal_r
                0x0000000008004430                _signal_r
                0x0000000008004464                _raise_r
                0x00000000080044b8                __sigtramp_r
                0x0000000008004508                raise
                0x0000000008004518                signal
                0x0000000008004528                _init_signal
                0x000000000800453c                __sigtramp
 .text          0x000000000800454c       0x2c /usr/lib/gcc/arm-none-eabi/9.2.1/../../../arm-none-eabi/lib/thumb/v7e-m+fp/hard/libc_nano.a(lib_a-signalr.o)
                0x000000000800454c                _kill_r
                0x0000000008004574                _getpid_r
 .text          0x0000000008004578       0xa0 /usr/lib/gcc/arm-none-eabi/9.2.1/../../../arm-none-eabi/lib/thumb/v7e-m+fp/hard/libm.a(lib_a-s_round.o)
                0x0000000008004578                round
 .text          0x0000000008004618       0x10 /usr/lib/gcc/arm-none-eabi/9.2.1/../../../arm-none-eabi/lib/thumb/v7e-m+fp/hard/libnosys.a(getpid.o)
                0x0000000008004618                _getpid
 .text          0x0000000008004628       0x10 /usr/lib/gcc/arm-none-eabi/9.2.1/../../../arm-none-eabi/lib/thumb/v7e-m+fp/hard/libnosys.a(kill.o)
                0x0000000008004628                _kill
 .text          0x0000000008004638       0x1c /usr/lib/gcc/arm-none-eabi/9.2.1/../../../arm-none-eabi/lib/thumb/v7e-m+fp/hard/libnosys.a(sbrk.o)
                0x0000000008004638                _sbrk
 .text          0x0000000008004654        0x4 /usr/lib/gcc/arm-none-eabi/9.2.1/../../../arm-none-eabi/lib/thumb/v7e-m+fp/hard/libnosys.a(_exit.o)
                0x0000000008004654                _exit
 .text          0x0000000008004658      0x378 /usr/lib/gcc/arm-none-eabi/9.2.1/thumb/v7e-m+fp/hard/libgcc.a(_arm_addsubdf3.o)
                0x0000000008004658                __aeabi_drsub
                0x0000000008004660                __aeabi_dsub
                0x0000000008004660                __subdf3
                0x0000000008004664                __adddf3
                0x0000000008004664                __aeabi_dadd
                0x00000000080048dc                __aeabi_ui2d
                0x00000000080048dc                __floatunsidf
                0x00000000080048fc                __floatsidf
                0x00000000080048fc                __aeabi_i2d
                0x0000000008004920                __extendsfdf2
                0x0000000008004920                __aeabi_f2d
                0x0000000008004964                __aeabi_ul2d
                0x0000000008004964                __floatundidf
                0x0000000008004974                __floatdidf
                0x0000000008004974                __aeabi_l2d
 .text          0x00000000080049d0      0x424 /usr/lib/gcc/arm-none-eabi/9.2.1/thumb/v7e-m+fp/hard/libgcc.a(_arm_muldivdf3.o)
                0x00000000080049d0                __aeabi_dmul
                0x00000000080049d0                __muldf3
                0x0000000008004c24                __aeabi_ddiv
                0x0000000008004c24                __divdf3
 .text          0x0000000008004df4      0x110 /usr/lib/gcc/arm-none-eabi/9.2.1/thumb/v7e-m+fp/hard/libgcc.a(_arm_cmpdf2.o)
                0x0000000008004df4                __gtdf2
                0x0000000008004df4                __gedf2
                0x0000000008004dfc                __ltdf2
                0x0000000008004dfc                __ledf2
                0x0000000008004e04                __cmpdf2
                0x0000000008004e04                __eqdf2
                0x0000000008004e04                __nedf2
                0x0000000008004e80                __aeabi_cdrcmple
                0x0000000008004e90                __aeabi_cdcmple
                0x0000000008004e90                __aeabi_cdcmpeq
                0x0000000008004ea0                __aeabi_dcmpeq
                0x0000000008004eb4                __aeabi_dcmplt
                0x0000000008004ec8                __aeabi_dcmple
                0x0000000008004edc                __aeabi_dcmpge
                0x0000000008004ef0                __aeabi_dcmpgt
 .text          0x0000000008004f04       0x2c /usr/lib/gcc/arm-none-eabi/9.2.1/thumb/v7e-m+fp/hard/libgcc.a(_arm_unorddf2.o)
                0x0000000008004f04                __aeabi_dcmpun
                0x0000000008004f04                __unorddf2
 .text          0x0000000008004f30       0x50 /usr/lib/gcc/arm-none-eabi/9.2.1/thumb/v7e-m+fp/hard/libgcc.a(_arm_fixdfsi.o)
                0x0000000008004f30                __fixdfsi
                0x0000000008004f30                __aeabi_d2iz
 .text          0x0000000008004f80       0x40 /usr/lib/gcc/arm-none-eabi/9.2.1/thumb/v7e-m+fp/hard/libgcc.a(_arm_fixunsdfsi.o)
                0x0000000008004f80                __fixunsdfsi
                0x0000000008004f80                __aeabi_d2uiz
 .text          0x0000000008004fc0       0xa0 /usr/lib/gcc/arm-none-eabi/9.2.1/thumb/v7e-m+fp/hard/libgcc.a(_arm_truncdfsf2.o)
                0x0000000008004fc0                __aeabi_d2f
                0x0000000008004fc0                __truncdfsf2
 .text          0x0000000008005060       0x30 /usr/lib/gcc/arm-none-eabi/9.2.1/thumb/v7e-m+fp/hard/libgcc.a(_aeabi_uldivmod.o)
                0x0000000008005060                __aeabi_uldivmod
 .text          0x0000000008005090      0x2c4 /usr/lib/gcc/arm-none-eabi/9.2.1/thumb/v7e-m+fp/hard/libgcc.a(_udivmoddi4.o)
                0x0000000008005090                __udivmoddi4
 .text          0x0000000008005354        0x4 /usr/lib/gcc/arm-none-eabi/9.2.1/thumb/v7e-m+fp/hard/libgcc.a(_dvmd_tls.o)
                0x0000000008005354                __aeabi_ldiv0
                0x0000000008005354                __aeabi_idiv0
 *(.text*)
 .text.HAL_TIM_PeriodElapsedCallback
                0x0000000008005358       0x54 build/main.o
                0x0000000008005358                HAL_TIM_PeriodElapsedCallback
 .text.HAL_UART_RxCpltCallback
                0x00000000080053ac       0x88 build/main.o
                0x00000000080053ac                HAL_UART_RxCpltCallback
 .text.Error_Handler
                0x0000000008005434        0x4 build/main.o
                0x0000000008005434                Error_Handler
 .text.SystemClock_Config
                0x0000000008005438       0xa8 build/main.o
                0x0000000008005438                SystemClock_Config
 .text.main     0x00000000080054e0      0x22c build/main.o
                0x00000000080054e0                main
 .text.NMI_Handler
                0x000000000800570c        0x2 build/stm32f4xx_it.o
                0x000000000800570c                NMI_Handler
 .text.HardFault_Handler
                0x000000000800570e        0x2 build/stm32f4xx_it.o
                0x000000000800570e                HardFault_Handler
 .text.MemManage_Handler
                0x0000000008005710        0x2 build/stm32f4xx_it.o
                0x0000000008005710                MemManage_Handler
 .text.BusFault_Handler
                0x0000000008005712        0x2 build/stm32f4xx_it.o
                0x0000000008005712                BusFault_Handler
 .text.UsageFault_Handler
                0x0000000008005714        0x2 build/stm32f4xx_it.o
                0x0000000008005714                UsageFault_Handler
 .text.SVC_Handler
                0x0000000008005716        0x2 build/stm32f4xx_it.o
                0x0000000008005716                SVC_Handler
 .text.DebugMon_Handler
                0x0000000008005718        0x2 build/stm32f4xx_it.o
                0x0000000008005718                DebugMon_Handler
 .text.PendSV_Handler
                0x000000000800571a        0x2 build/stm32f4xx_it.o
                0x000000000800571a                PendSV_Handler
 .text.SysTick_Handler
                0x000000000800571c        0x8 build/stm32f4xx_it.o
                0x000000000800571c                SysTick_Handler
 .text.TIM4_IRQHandler
                0x0000000008005724       0x10 build/stm32f4xx_it.o
                0x0000000008005724                TIM4_IRQHandler
 .text.USART1_IRQHandler
                0x0000000008005734       0x10 build/stm32f4xx_it.o
                0x0000000008005734                USART1_IRQHandler
 .text.TIM5_IRQHandler
                0x0000000008005744       0x10 build/stm32f4xx_it.o
                0x0000000008005744                TIM5_IRQHandler
 .text.DMA2_Stream2_IRQHandler
                0x0000000008005754       0x10 build/stm32f4xx_it.o
                0x0000000008005754                DMA2_Stream2_IRQHandler
 .text.DMA2_Stream7_IRQHandler
                0x0000000008005764       0x10 build/stm32f4xx_it.o
                0x0000000008005764                DMA2_Stream7_IRQHandler
 .text.HAL_MspInit
                0x0000000008005774       0x38 build/stm32f4xx_hal_msp.o
                0x0000000008005774                HAL_MspInit
 .text.TIM_OC1_SetConfig
                0x00000000080057ac       0x68 build/stm32f4xx_hal_tim.o
 .text.TIM_OC3_SetConfig
                0x0000000008005814       0x70 build/stm32f4xx_hal_tim.o
 .text.TIM_OC4_SetConfig
                0x0000000008005884       0x50 build/stm32f4xx_hal_tim.o
 .text.TIM_TI1_ConfigInputStage
                0x00000000080058d4       0x24 build/stm32f4xx_hal_tim.o
 .text.TIM_TI2_ConfigInputStage
                0x00000000080058f8       0x26 build/stm32f4xx_hal_tim.o
 .text.TIM_ITRx_SetConfig
                0x000000000800591e       0x10 build/stm32f4xx_hal_tim.o
 *fill*         0x000000000800592e        0x2 
 .text.HAL_TIM_Base_Start_IT
                0x0000000008005930       0x88 build/stm32f4xx_hal_tim.o
                0x0000000008005930                HAL_TIM_Base_Start_IT
 .text.HAL_TIM_PWM_MspInit
                0x00000000080059b8        0x2 build/stm32f4xx_hal_tim.o
                0x00000000080059b8                HAL_TIM_PWM_MspInit
 .text.HAL_TIM_OC_DelayElapsedCallback
                0x00000000080059ba        0x2 build/stm32f4xx_hal_tim.o
                0x00000000080059ba                HAL_TIM_OC_DelayElapsedCallback
 .text.HAL_TIM_IC_CaptureCallback
                0x00000000080059bc        0x2 build/stm32f4xx_hal_tim.o
                0x00000000080059bc                HAL_TIM_IC_CaptureCallback
 .text.HAL_TIM_PWM_PulseFinishedCallback
                0x00000000080059be        0x2 build/stm32f4xx_hal_tim.o
                0x00000000080059be                HAL_TIM_PWM_PulseFinishedCallback
 .text.HAL_TIM_TriggerCallback
                0x00000000080059c0        0x2 build/stm32f4xx_hal_tim.o
                0x00000000080059c0                HAL_TIM_TriggerCallback
 .text.HAL_TIM_IRQHandler
                0x00000000080059c2      0x17a build/stm32f4xx_hal_tim.o
                0x00000000080059c2                HAL_TIM_IRQHandler
 .text.TIM_Base_SetConfig
                0x0000000008005b3c       0xc8 build/stm32f4xx_hal_tim.o
                0x0000000008005b3c                TIM_Base_SetConfig
 .text.HAL_TIM_Base_Init
                0x0000000008005c04       0x58 build/stm32f4xx_hal_tim.o
                0x0000000008005c04                HAL_TIM_Base_Init
 .text.HAL_TIM_PWM_Init
                0x0000000008005c5c       0x58 build/stm32f4xx_hal_tim.o
                0x0000000008005c5c                HAL_TIM_PWM_Init
 .text.HAL_TIM_Encoder_Init
                0x0000000008005cb4       0xb0 build/stm32f4xx_hal_tim.o
                0x0000000008005cb4                HAL_TIM_Encoder_Init
 .text.TIM_OC2_SetConfig
                0x0000000008005d64       0x70 build/stm32f4xx_hal_tim.o
                0x0000000008005d64                TIM_OC2_SetConfig
 .text.HAL_TIM_PWM_ConfigChannel
                0x0000000008005dd4       0xd0 build/stm32f4xx_hal_tim.o
                0x0000000008005dd4                HAL_TIM_PWM_ConfigChannel
 .text.TIM_ETR_SetConfig
                0x0000000008005ea4       0x18 build/stm32f4xx_hal_tim.o
                0x0000000008005ea4                TIM_ETR_SetConfig
 .text.HAL_TIM_ConfigClockSource
                0x0000000008005ebc       0xda build/stm32f4xx_hal_tim.o
                0x0000000008005ebc                HAL_TIM_ConfigClockSource
 .text.TIM_CCxChannelCmd
                0x0000000008005f96       0x24 build/stm32f4xx_hal_tim.o
                0x0000000008005f96                TIM_CCxChannelCmd
 *fill*         0x0000000008005fba        0x2 
 .text.HAL_TIM_PWM_Start
                0x0000000008005fbc      0x104 build/stm32f4xx_hal_tim.o
                0x0000000008005fbc                HAL_TIM_PWM_Start
 .text.HAL_TIM_Encoder_Start
                0x00000000080060c0       0xc6 build/stm32f4xx_hal_tim.o
                0x00000000080060c0                HAL_TIM_Encoder_Start
 *fill*         0x0000000008006186        0x2 
 .text.HAL_TIMEx_MasterConfigSynchronization
                0x0000000008006188       0x88 build/stm32f4xx_hal_tim_ex.o
                0x0000000008006188                HAL_TIMEx_MasterConfigSynchronization
 .text.HAL_TIMEx_CommutCallback
                0x0000000008006210        0x2 build/stm32f4xx_hal_tim_ex.o
                0x0000000008006210                HAL_TIMEx_CommutCallback
 .text.HAL_TIMEx_BreakCallback
                0x0000000008006212        0x2 build/stm32f4xx_hal_tim_ex.o
                0x0000000008006212                HAL_TIMEx_BreakCallback
 .text.UART_EndTxTransfer
                0x0000000008006214       0x12 build/stm32f4xx_hal_uart.o
 .text.UART_EndRxTransfer
                0x0000000008006226       0x32 build/stm32f4xx_hal_uart.o
 .text.UART_Transmit_IT
                0x0000000008006258       0x60 build/stm32f4xx_hal_uart.o
 .text.UART_SetConfig
                0x00000000080062b8      0x11c build/stm32f4xx_hal_uart.o
 .text.UART_WaitOnFlagUntilTimeout
                0x00000000080063d4       0x68 build/stm32f4xx_hal_uart.o
 .text.HAL_UART_Init
                0x000000000800643c       0x5e build/stm32f4xx_hal_uart.o
                0x000000000800643c                HAL_UART_Init
 .text.HAL_UART_Transmit
                0x000000000800649a       0xd8 build/stm32f4xx_hal_uart.o
                0x000000000800649a                HAL_UART_Transmit
 .text.HAL_UART_Receive
                0x0000000008006572       0xe4 build/stm32f4xx_hal_uart.o
                0x0000000008006572                HAL_UART_Receive
 *fill*         0x0000000008006656        0x2 
 .text.HAL_UART_Transmit_DMA
                0x0000000008006658       0x8c build/stm32f4xx_hal_uart.o
                0x0000000008006658                HAL_UART_Transmit_DMA
 .text.HAL_UART_TxCpltCallback
                0x00000000080066e4        0x2 build/stm32f4xx_hal_uart.o
                0x00000000080066e4                HAL_UART_TxCpltCallback
 .text.UART_DMATransmitCplt
                0x00000000080066e6       0x30 build/stm32f4xx_hal_uart.o
 .text.UART_EndTransmit_IT
                0x0000000008006716       0x1a build/stm32f4xx_hal_uart.o
 .text.HAL_UART_TxHalfCpltCallback
                0x0000000008006730        0x2 build/stm32f4xx_hal_uart.o
                0x0000000008006730                HAL_UART_TxHalfCpltCallback
 .text.UART_DMATxHalfCplt
                0x0000000008006732        0xa build/stm32f4xx_hal_uart.o
 .text.HAL_UART_RxHalfCpltCallback
                0x000000000800673c        0x2 build/stm32f4xx_hal_uart.o
                0x000000000800673c                HAL_UART_RxHalfCpltCallback
 .text.HAL_UART_ErrorCallback
                0x000000000800673e        0x2 build/stm32f4xx_hal_uart.o
                0x000000000800673e                HAL_UART_ErrorCallback
 .text.UART_DMAError
                0x0000000008006740       0x58 build/stm32f4xx_hal_uart.o
 .text.UART_DMAAbortOnError
                0x0000000008006798       0x10 build/stm32f4xx_hal_uart.o
 .text.HAL_UARTEx_RxEventCallback
                0x00000000080067a8        0x2 build/stm32f4xx_hal_uart.o
                0x00000000080067a8                HAL_UARTEx_RxEventCallback
 .text.UART_Receive_IT
                0x00000000080067aa       0xba build/stm32f4xx_hal_uart.o
 .text.HAL_UART_IRQHandler
                0x0000000008006864      0x208 build/stm32f4xx_hal_uart.o
                0x0000000008006864                HAL_UART_IRQHandler
 .text.UART_DMARxHalfCplt
                0x0000000008006a6c       0x1a build/stm32f4xx_hal_uart.o
 .text.UART_DMAReceiveCplt
                0x0000000008006a86       0x5e build/stm32f4xx_hal_uart.o
 .text.UART_Start_Receive_DMA
                0x0000000008006ae4       0x78 build/stm32f4xx_hal_uart.o
                0x0000000008006ae4                UART_Start_Receive_DMA
 .text.HAL_UART_Receive_DMA
                0x0000000008006b5c       0x38 build/stm32f4xx_hal_uart.o
                0x0000000008006b5c                HAL_UART_Receive_DMA
 .text.HAL_RCC_OscConfig
                0x0000000008006b94      0x3f8 build/stm32f4xx_hal_rcc.o
                0x0000000008006b94                HAL_RCC_OscConfig
 .text.HAL_RCC_GetSysClockFreq
                0x0000000008006f8c       0xcc build/stm32f4xx_hal_rcc.o
                0x0000000008006f8c                HAL_RCC_GetSysClockFreq
 .text.HAL_RCC_ClockConfig
                0x0000000008007058      0x160 build/stm32f4xx_hal_rcc.o
                0x0000000008007058                HAL_RCC_ClockConfig
 .text.HAL_RCC_GetHCLKFreq
                0x00000000080071b8        0xc build/stm32f4xx_hal_rcc.o
                0x00000000080071b8                HAL_RCC_GetHCLKFreq
 .text.HAL_RCC_GetPCLK1Freq
                0x00000000080071c4       0x20 build/stm32f4xx_hal_rcc.o
                0x00000000080071c4                HAL_RCC_GetPCLK1Freq
 .text.HAL_RCC_GetPCLK2Freq
                0x00000000080071e4       0x20 build/stm32f4xx_hal_rcc.o
                0x00000000080071e4                HAL_RCC_GetPCLK2Freq
 .text.HAL_GPIO_Init
                0x0000000008007204      0x1d4 build/stm32f4xx_hal_gpio.o
                0x0000000008007204                HAL_GPIO_Init
 .text.HAL_GPIO_WritePin
                0x00000000080073d8        0xc build/stm32f4xx_hal_gpio.o
                0x00000000080073d8                HAL_GPIO_WritePin
 .text.DMA_SetConfig
                0x00000000080073e4       0x2c build/stm32f4xx_hal_dma.o
 .text.DMA_CalcBaseAndBitshift
                0x0000000008007410       0x44 build/stm32f4xx_hal_dma.o
 .text.DMA_CheckFifoParam
                0x0000000008007454       0x8e build/stm32f4xx_hal_dma.o
 *fill*         0x00000000080074e2        0x2 
 .text.HAL_DMA_Init
                0x00000000080074e4       0xcc build/stm32f4xx_hal_dma.o
                0x00000000080074e4                HAL_DMA_Init
 .text.HAL_DMA_Start_IT
                0x00000000080075b0       0x6a build/stm32f4xx_hal_dma.o
                0x00000000080075b0                HAL_DMA_Start_IT
 .text.HAL_DMA_Abort
                0x000000000800761a       0x94 build/stm32f4xx_hal_dma.o
                0x000000000800761a                HAL_DMA_Abort
 .text.HAL_DMA_Abort_IT
                0x00000000080076ae       0x26 build/stm32f4xx_hal_dma.o
                0x00000000080076ae                HAL_DMA_Abort_IT
 .text.HAL_DMA_IRQHandler
                0x00000000080076d4      0x1dc build/stm32f4xx_hal_dma.o
                0x00000000080076d4                HAL_DMA_IRQHandler
 .text.HAL_NVIC_SetPriorityGrouping
                0x00000000080078b0       0x24 build/stm32f4xx_hal_cortex.o
                0x00000000080078b0                HAL_NVIC_SetPriorityGrouping
 .text.HAL_NVIC_SetPriority
                0x00000000080078d4       0x68 build/stm32f4xx_hal_cortex.o
                0x00000000080078d4                HAL_NVIC_SetPriority
 .text.HAL_NVIC_EnableIRQ
                0x000000000800793c       0x1c build/stm32f4xx_hal_cortex.o
                0x000000000800793c                HAL_NVIC_EnableIRQ
 .text.HAL_SYSTICK_Config
                0x0000000008007958       0x2c build/stm32f4xx_hal_cortex.o
                0x0000000008007958                HAL_SYSTICK_Config
 .text.HAL_InitTick
                0x0000000008007984       0x4c build/stm32f4xx_hal.o
                0x0000000008007984                HAL_InitTick
 .text.HAL_Init
                0x00000000080079d0       0x34 build/stm32f4xx_hal.o
                0x00000000080079d0                HAL_Init
 .text.HAL_IncTick
                0x0000000008007a04       0x18 build/stm32f4xx_hal.o
                0x0000000008007a04                HAL_IncTick
 .text.HAL_GetTick
                0x0000000008007a1c        0xc build/stm32f4xx_hal.o
                0x0000000008007a1c                HAL_GetTick
 .text.SystemInit
                0x0000000008007a28       0x14 build/system_stm32f4xx.o
                0x0000000008007a28                SystemInit
 .text.MX_GPIO_Init
                0x0000000008007a3c       0xb4 build/gpio.o
                0x0000000008007a3c                MX_GPIO_Init
 .text.MX_DMA_Init
                0x0000000008007af0       0x44 build/dma.o
                0x0000000008007af0                MX_DMA_Init
 .text.MX_USART1_UART_Init
                0x0000000008007b34       0x34 build/usart.o
                0x0000000008007b34                MX_USART1_UART_Init
 .text.HAL_UART_MspInit
                0x0000000008007b68       0xfc build/usart.o
                0x0000000008007b68                HAL_UART_MspInit
 .text.MX_TIM2_Init
                0x0000000008007c64       0x64 build/tim.o
                0x0000000008007c64                MX_TIM2_Init
 .text.MX_TIM3_Init
                0x0000000008007cc8       0x68 build/tim.o
                0x0000000008007cc8                MX_TIM3_Init
 .text.MX_TIM5_Init
                0x0000000008007d30       0x70 build/tim.o
                0x0000000008007d30                MX_TIM5_Init
 .text.HAL_TIM_Encoder_MspInit
                0x0000000008007da0       0xc4 build/tim.o
                0x0000000008007da0                HAL_TIM_Encoder_MspInit
 .text.HAL_TIM_Base_MspInit
                0x0000000008007e64       0x74 build/tim.o
                0x0000000008007e64                HAL_TIM_Base_MspInit
 .text.HAL_TIM_MspPostInit
                0x0000000008007ed8       0x5c build/tim.o
                0x0000000008007ed8                HAL_TIM_MspPostInit
 .text.MX_TIM4_Init
                0x0000000008007f34       0xc0 build/tim.o
                0x0000000008007f34                MX_TIM4_Init
 *fill*         0x0000000008007ff4        0x4 
 .text.PID_ComputeSpeedRPM
                0x0000000008007ff8       0x4c build/PID.o
                0x0000000008007ff8                PID_ComputeSpeedRPM
 .text.PID_SetSpeedRPM
                0x0000000008008044       0x36 build/PID.o
                0x0000000008008044                PID_SetSpeedRPM
 .text.PID_ComputeError
                0x000000000800807a       0x18 build/PID.o
                0x000000000800807a                PID_ComputeError
 .text.PID_Limit
                0x0000000008008092       0x44 build/PID.o
                0x0000000008008092                PID_Limit
 *fill*         0x00000000080080d6        0x2 
 .text.PID_ComputeOutput
                0x00000000080080d8      0x140 build/PID.o
                0x00000000080080d8                PID_ComputeOutput
 .text.PID_SetDuty
                0x0000000008008218       0x74 build/PID.o
                0x0000000008008218                PID_SetDuty
 .text.PID_SetTunings
                0x000000000800828c        0xe build/PID.o
                0x000000000800828c                PID_SetTunings
 .text.PID_MotorInit
                0x000000000800829a       0x66 build/PID.o
                0x000000000800829a                PID_MotorInit
 .text.PID_FirstOrderFilter
                0x0000000008008300       0x4c build/PID.o
                0x0000000008008300                PID_FirstOrderFilter
 *fill*         0x000000000800834c        0x4 
 .text.PID_PreProcess
                0x0000000008008350       0x9c build/PID.o
                0x0000000008008350                PID_PreProcess
 .text.checksum
                0x00000000080083ec       0x16 build/frame_resolve.o
                0x00000000080083ec                checksum
 .text.resolveRxFrame
                0x0000000008008402       0x58 build/frame_resolve.o
                0x0000000008008402                resolveRxFrame
 *fill*         0x000000000800845a        0x2 
 .text.RetargetInit
                0x000000000800845c       0x20 build/retarget.o
                0x000000000800845c                RetargetInit
 .text._isatty  0x000000000800847c       0x16 build/retarget.o
                0x000000000800847c                _isatty
 *fill*         0x0000000008008492        0x2 
 .text._write   0x0000000008008494       0x34 build/retarget.o
                0x0000000008008494                _write
 .text._close   0x00000000080084c8       0x18 build/retarget.o
                0x00000000080084c8                _close
 .text._lseek   0x00000000080084e0       0x10 build/retarget.o
                0x00000000080084e0                _lseek
 .text._read    0x00000000080084f0       0x30 build/retarget.o
                0x00000000080084f0                _read
 .text._fstat   0x0000000008008520       0x1a build/retarget.o
                0x0000000008008520                _fstat
 *fill*         0x000000000800853a        0x2 
 .text.Reset_Handler
                0x000000000800853c       0x50 build/startup_stm32f407xx.o
                0x000000000800853c                Reset_Handler
 .text.Default_Handler
                0x000000000800858c        0x2 build/startup_stm32f407xx.o
                0x000000000800858c                RTC_Alarm_IRQHandler
                0x000000000800858c                HASH_RNG_IRQHandler
                0x000000000800858c                EXTI2_IRQHandler
                0x000000000800858c                TIM8_CC_IRQHandler
                0x000000000800858c                TIM1_CC_IRQHandler
                0x000000000800858c                DMA2_Stream5_IRQHandler
                0x000000000800858c                DMA1_Stream5_IRQHandler
                0x000000000800858c                PVD_IRQHandler
                0x000000000800858c                SDIO_IRQHandler
                0x000000000800858c                TAMP_STAMP_IRQHandler
                0x000000000800858c                CAN2_RX1_IRQHandler
                0x000000000800858c                EXTI3_IRQHandler
                0x000000000800858c                TIM8_TRG_COM_TIM14_IRQHandler
                0x000000000800858c                TIM1_UP_TIM10_IRQHandler
                0x000000000800858c                TIM8_UP_TIM13_IRQHandler
                0x000000000800858c                I2C3_ER_IRQHandler
                0x000000000800858c                EXTI0_IRQHandler
                0x000000000800858c                I2C2_EV_IRQHandler
                0x000000000800858c                DMA1_Stream2_IRQHandler
                0x000000000800858c                CAN1_RX0_IRQHandler
                0x000000000800858c                FPU_IRQHandler
                0x000000000800858c                OTG_HS_WKUP_IRQHandler
                0x000000000800858c                CAN2_SCE_IRQHandler
                0x000000000800858c                SPI1_IRQHandler
                0x000000000800858c                TIM6_DAC_IRQHandler
                0x000000000800858c                TIM1_BRK_TIM9_IRQHandler
                0x000000000800858c                DCMI_IRQHandler
                0x000000000800858c                CAN2_RX0_IRQHandler
                0x000000000800858c                DMA2_Stream3_IRQHandler
                0x000000000800858c                USART6_IRQHandler
                0x000000000800858c                USART3_IRQHandler
                0x000000000800858c                CAN1_RX1_IRQHandler
                0x000000000800858c                UART5_IRQHandler
                0x000000000800858c                DMA2_Stream0_IRQHandler
                0x000000000800858c                I2C1_EV_IRQHandler
                0x000000000800858c                DMA1_Stream6_IRQHandler
                0x000000000800858c                DMA1_Stream1_IRQHandler
                0x000000000800858c                UART4_IRQHandler
                0x000000000800858c                TIM3_IRQHandler
                0x000000000800858c                RCC_IRQHandler
                0x000000000800858c                TIM8_BRK_TIM12_IRQHandler
                0x000000000800858c                Default_Handler
                0x000000000800858c                EXTI15_10_IRQHandler
                0x000000000800858c                ADC_IRQHandler
                0x000000000800858c                DMA1_Stream7_IRQHandler
                0x000000000800858c                TIM7_IRQHandler
                0x000000000800858c                CAN2_TX_IRQHandler
                0x000000000800858c                I2C3_EV_IRQHandler
                0x000000000800858c                EXTI9_5_IRQHandler
                0x000000000800858c                RTC_WKUP_IRQHandler
                0x000000000800858c                ETH_WKUP_IRQHandler
                0x000000000800858c                SPI2_IRQHandler
                0x000000000800858c                OTG_HS_EP1_IN_IRQHandler
                0x000000000800858c                DMA1_Stream0_IRQHandler
                0x000000000800858c                CAN1_TX_IRQHandler
                0x000000000800858c                EXTI4_IRQHandler
                0x000000000800858c                FSMC_IRQHandler
                0x000000000800858c                ETH_IRQHandler
                0x000000000800858c                OTG_HS_EP1_OUT_IRQHandler
                0x000000000800858c                WWDG_IRQHandler
                0x000000000800858c                TIM2_IRQHandler
                0x000000000800858c                OTG_FS_WKUP_IRQHandler
                0x000000000800858c                TIM1_TRG_COM_TIM11_IRQHandler
                0x000000000800858c                OTG_HS_IRQHandler
                0x000000000800858c                EXTI1_IRQHandler
                0x000000000800858c                USART2_IRQHandler
                0x000000000800858c                I2C2_ER_IRQHandler
                0x000000000800858c                DMA2_Stream1_IRQHandler
                0x000000000800858c                CAN1_SCE_IRQHandler
                0x000000000800858c                FLASH_IRQHandler
                0x000000000800858c                DMA2_Stream4_IRQHandler
                0x000000000800858c                OTG_FS_IRQHandler
                0x000000000800858c                SPI3_IRQHandler
                0x000000000800858c                DMA1_Stream4_IRQHandler
                0x000000000800858c                I2C1_ER_IRQHandler
                0x000000000800858c                DMA2_Stream6_IRQHandler
                0x000000000800858c                DMA1_Stream3_IRQHandler
 *(.glue_7)
 .glue_7        0x000000000800858e        0x0 linker stubs
 *(.glue_7t)
 .glue_7t       0x000000000800858e        0x0 linker stubs
 *(.eh_frame)
 *fill*         0x000000000800858e        0x2 
 .eh_frame      0x0000000008008590        0x0 /usr/lib/gcc/arm-none-eabi/9.2.1/thumb/v7e-m+fp/hard/crtbegin.o
 *(.init)
 .init          0x0000000008008590        0x4 /usr/lib/gcc/arm-none-eabi/9.2.1/thumb/v7e-m+fp/hard/crti.o
                0x0000000008008590                _init
 .init          0x0000000008008594        0x8 /usr/lib/gcc/arm-none-eabi/9.2.1/thumb/v7e-m+fp/hard/crtn.o
 *(.fini)
 .fini          0x000000000800859c        0x4 /usr/lib/gcc/arm-none-eabi/9.2.1/thumb/v7e-m+fp/hard/crti.o
                0x000000000800859c                _fini
 .fini          0x00000000080085a0        0x8 /usr/lib/gcc/arm-none-eabi/9.2.1/thumb/v7e-m+fp/hard/crtn.o
                0x00000000080085a8                . = ALIGN (0x4)
                0x00000000080085a8                _etext = .

.vfp11_veneer   0x00000000080085a8        0x0
 .vfp11_veneer  0x00000000080085a8        0x0 linker stubs

.v4_bx          0x00000000080085a8        0x0
 .v4_bx         0x00000000080085a8        0x0 linker stubs

.iplt           0x00000000080085a8        0x0
 .iplt          0x00000000080085a8        0x0 /usr/lib/gcc/arm-none-eabi/9.2.1/thumb/v7e-m+fp/hard/crtbegin.o

.rodata         0x00000000080085a8      0x40c
                0x00000000080085a8                . = ALIGN (0x4)
 *(.rodata)
 .rodata        0x00000000080085a8        0x4 /usr/lib/gcc/arm-none-eabi/9.2.1/../../../arm-none-eabi/lib/thumb/v7e-m+fp/hard/libc_nano.a(lib_a-impure.o)
                0x00000000080085a8                _global_impure_ptr
 .rodata        0x00000000080085ac       0x60 /usr/lib/gcc/arm-none-eabi/9.2.1/../../../arm-none-eabi/lib/thumb/v7e-m+fp/hard/libc_nano.a(lib_a-findfp.o)
                0x00000000080085ac                __sf_fake_stderr
                0x00000000080085cc                __sf_fake_stdout
                0x00000000080085ec                __sf_fake_stdin
 *fill*         0x000000000800860c        0x4 
 .rodata        0x0000000008008610      0x128 /usr/lib/gcc/arm-none-eabi/9.2.1/../../../arm-none-eabi/lib/thumb/v7e-m+fp/hard/libc_nano.a(lib_a-mprec.o)
                0x0000000008008620                __mprec_tens
                0x00000000080086e8                __mprec_tinytens
                0x0000000008008710                __mprec_bigtens
 .rodata        0x0000000008008738      0x101 /usr/lib/gcc/arm-none-eabi/9.2.1/../../../arm-none-eabi/lib/thumb/v7e-m+fp/hard/libc_nano.a(lib_a-ctype_.o)
                0x0000000008008738                _ctype_
 *(.rodata*)
 *fill*         0x0000000008008839        0x3 
 .rodata.main.str1.4
                0x000000000800883c       0x14 build/main.o
 .rodata.flagBitshiftOffset.8289
                0x0000000008008850        0x8 build/stm32f4xx_hal_dma.o
 .rodata.AHBPrescTable
                0x0000000008008858       0x10 build/system_stm32f4xx.o
                0x0000000008008858                AHBPrescTable
 .rodata.APBPrescTable
                0x0000000008008868        0x8 build/system_stm32f4xx.o
                0x0000000008008868                APBPrescTable
 .rodata.str1.4
                0x0000000008008870       0x12 /usr/lib/gcc/arm-none-eabi/9.2.1/../../../arm-none-eabi/lib/thumb/v7e-m+fp/hard/libc_nano.a(lib_a-nano-vfprintf_float.o)
 *fill*         0x0000000008008882        0x2 
 .rodata.str1.4
                0x0000000008008884       0x25 /usr/lib/gcc/arm-none-eabi/9.2.1/../../../arm-none-eabi/lib/thumb/v7e-m+fp/hard/libc_nano.a(lib_a-nano-vfprintf_i.o)
 *fill*         0x00000000080088a9        0x3 
 .rodata.str1.4
                0x00000000080088ac       0x6d /usr/lib/gcc/arm-none-eabi/9.2.1/../../../arm-none-eabi/lib/thumb/v7e-m+fp/hard/libc_nano.a(lib_a-dtoa.o)
                                         0x71 (size before relaxing)
 *fill*         0x0000000008008919        0x3 
 .rodata.str1.4
                0x000000000800891c       0x33 /usr/lib/gcc/arm-none-eabi/9.2.1/../../../arm-none-eabi/lib/thumb/v7e-m+fp/hard/libc_nano.a(lib_a-mprec.o)
                                         0x5d (size before relaxing)
 *fill*         0x000000000800894f        0x1 
 .rodata.str1.4
                0x0000000008008950       0x13 /usr/lib/gcc/arm-none-eabi/9.2.1/../../../arm-none-eabi/lib/thumb/v7e-m+fp/hard/libc_nano.a(lib_a-nano-svfprintf.o)
 *fill*         0x0000000008008963        0x1 
 .rodata.str1.4
                0x0000000008008964       0x3f /usr/lib/gcc/arm-none-eabi/9.2.1/../../../arm-none-eabi/lib/thumb/v7e-m+fp/hard/libc_nano.a(lib_a-assert.o)
                                         0x43 (size before relaxing)
 *fill*         0x00000000080089a3        0x1 
 .rodata.str1.4
                0x00000000080089a4        0xe /usr/lib/gcc/arm-none-eabi/9.2.1/../../../arm-none-eabi/lib/thumb/v7e-m+fp/hard/libc_nano.a(lib_a-locale.o)
                                         0x12 (size before relaxing)
 .rodata.str1.4
                0x00000000080089b2       0x13 /usr/lib/gcc/arm-none-eabi/9.2.1/../../../arm-none-eabi/lib/thumb/v7e-m+fp/hard/libc_nano.a(lib_a-nano-vfprintf.o)
                0x00000000080089c8                . = ALIGN (0x4)
 *fill*         0x00000000080089b2        0x2 

.ARM.extab
 *(.ARM.extab* .gnu.linkonce.armextab.*)

.ARM            0x00000000080089b4        0x8
                0x00000000080089b4                __exidx_start = .
 *(.ARM.exidx*)
 .ARM.exidx     0x00000000080089b4        0x8 /usr/lib/gcc/arm-none-eabi/9.2.1/thumb/v7e-m+fp/hard/libgcc.a(_udivmoddi4.o)
                0x00000000080089bc                __exidx_end = .

.rel.dyn        0x00000000080089bc        0x0
 .rel.iplt      0x00000000080089bc        0x0 /usr/lib/gcc/arm-none-eabi/9.2.1/thumb/v7e-m+fp/hard/crtbegin.o

.preinit_array  0x00000000080089bc        0x0
                0x00000000080089bc                PROVIDE (__preinit_array_start = .)
 *(.preinit_array*)
                0x00000000080089bc                PROVIDE (__preinit_array_end = .)

.init_array     0x00000000080089bc        0x4
                0x00000000080089bc                PROVIDE (__init_array_start = .)
 *(SORT_BY_NAME(.init_array.*))
 *(.init_array*)
 .init_array    0x00000000080089bc        0x4 /usr/lib/gcc/arm-none-eabi/9.2.1/thumb/v7e-m+fp/hard/crtbegin.o
                0x00000000080089c0                PROVIDE (__init_array_end = .)

.fini_array     0x00000000080089c0        0x4
                0x00000000080089c0                PROVIDE (__fini_array_start = .)
 *(SORT_BY_NAME(.fini_array.*))
 *(.fini_array*)
 .fini_array    0x00000000080089c0        0x4 /usr/lib/gcc/arm-none-eabi/9.2.1/thumb/v7e-m+fp/hard/crtbegin.o
                0x00000000080089c4                PROVIDE (__fini_array_end = .)
                0x00000000080089c4                _sidata = LOADADDR (.data)

.data           0x0000000020000000      0x404 load address 0x00000000080089c4
                0x0000000020000000                . = ALIGN (0x4)
                0x0000000020000000                _sdata = .
 *(.data)
 .data          0x0000000020000000       0x64 /usr/lib/gcc/arm-none-eabi/9.2.1/../../../arm-none-eabi/lib/thumb/v7e-m+fp/hard/libc_nano.a(lib_a-impure.o)
                0x0000000020000000                _impure_ptr
 .data          0x0000000020000064      0x16c /usr/lib/gcc/arm-none-eabi/9.2.1/../../../arm-none-eabi/lib/thumb/v7e-m+fp/hard/libc_nano.a(lib_a-locale.o)
                0x0000000020000064                __global_locale
 *(.data*)
 .data.MSG      0x00000000200001d0      0x1f4 build/main.o
                0x00000000200001d0                MSG
 *fill*         0x00000000200003c4        0x4 
 .data.left_pid_params
                0x00000000200003c8       0x18 build/main.o
                0x00000000200003c8                left_pid_params
 .data.right_pid_params
                0x00000000200003e0       0x18 build/main.o
                0x00000000200003e0                right_pid_params
 .data.uwTickFreq
                0x00000000200003f8        0x1 build/stm32f4xx_hal.o
                0x00000000200003f8                uwTickFreq
 *fill*         0x00000000200003f9        0x3 
 .data.uwTickPrio
                0x00000000200003fc        0x4 build/stm32f4xx_hal.o
                0x00000000200003fc                uwTickPrio
 .data.SystemCoreClock
                0x0000000020000400        0x4 build/system_stm32f4xx.o
                0x0000000020000400                SystemCoreClock
                0x0000000020000404                . = ALIGN (0x4)
                0x0000000020000404                _edata = .
                0x0000000008008dc8                _siccmram = LOADADDR (.ccmram)

.tm_clone_table
                0x0000000020000404        0x0 load address 0x0000000008008dc8
 .tm_clone_table
                0x0000000020000404        0x0 /usr/lib/gcc/arm-none-eabi/9.2.1/thumb/v7e-m+fp/hard/crtbegin.o
 .tm_clone_table
                0x0000000020000404        0x0 /usr/lib/gcc/arm-none-eabi/9.2.1/thumb/v7e-m+fp/hard/crtend.o

.igot.plt       0x0000000020000404        0x0 load address 0x0000000008008dc8
 .igot.plt      0x0000000020000404        0x0 /usr/lib/gcc/arm-none-eabi/9.2.1/thumb/v7e-m+fp/hard/crtbegin.o

.ccmram         0x0000000010000000        0x0 load address 0x0000000008008dc8
                0x0000000010000000                . = ALIGN (0x4)
                0x0000000010000000                _sccmram = .
 *(.ccmram)
 *(.ccmram*)
                0x0000000010000000                . = ALIGN (0x4)
                0x0000000010000000                _eccmram = .
                0x0000000010000000                . = ALIGN (0x4)

.bss            0x0000000020000408      0x3d8
                0x0000000020000408                _sbss = .
                0x0000000020000408                __bss_start__ = _sbss
 *(.bss)
 .bss           0x0000000020000408       0x1c /usr/lib/gcc/arm-none-eabi/9.2.1/thumb/v7e-m+fp/hard/crtbegin.o
 .bss           0x0000000020000424        0x8 /usr/lib/gcc/arm-none-eabi/9.2.1/../../../arm-none-eabi/lib/thumb/v7e-m+fp/hard/libc_nano.a(lib_a-nano-mallocr.o)
                0x0000000020000424                __malloc_free_list
                0x0000000020000428                __malloc_sbrk_start
 .bss           0x000000002000042c        0x4 /usr/lib/gcc/arm-none-eabi/9.2.1/../../../arm-none-eabi/lib/thumb/v7e-m+fp/hard/libnosys.a(sbrk.o)
 *(.bss*)
 .bss.left_set_speed
                0x0000000020000430        0x8 build/main.o
                0x0000000020000430                left_set_speed
 .bss.ready_flag
                0x0000000020000438        0x1 build/main.o
                0x0000000020000438                ready_flag
 *fill*         0x0000000020000439        0x7 
 .bss.right_set_speed
                0x0000000020000440        0x8 build/main.o
                0x0000000020000440                right_set_speed
 .bss.vel_update_flag
                0x0000000020000448        0x1 build/main.o
                0x0000000020000448                vel_update_flag
 *(COMMON)
 *fill*         0x0000000020000449        0x7 
 COMMON         0x0000000020000450      0x141 build/main.o
                0x0000000020000450                str_left_motor
                0x0000000020000490                str_right_motor
                0x00000000200004d0                rx_buffer
                0x00000000200004e0                tx_buffer
                0x00000000200004f0                last_a_vel
                0x00000000200004f4                last_l_vel
                0x00000000200004f8                data
                0x0000000020000500                str_left_pid
                0x0000000020000540                linear_vel
                0x0000000020000544                angular_vel
                0x0000000020000548                last_rx
                0x0000000020000550                str_right_pid
                0x0000000020000590                prev_rx
 *fill*         0x0000000020000591        0x3 
 COMMON         0x0000000020000594        0x4 build/stm32f4xx_hal.o
                0x0000000020000594                uwTick
 COMMON         0x0000000020000598      0x104 build/usart.o
                0x0000000020000598                hdma_usart1_tx
                0x00000000200005f8                hdma_usart1_rx
                0x0000000020000658                huart1
 COMMON         0x000000002000069c      0x120 build/tim.o
                0x000000002000069c                htim4
                0x00000000200006e4                htim5
                0x000000002000072c                htim3
                0x0000000020000774                htim2
 *fill*         0x00000000200007bc        0x4 
 COMMON         0x00000000200007c0       0x18 build/PID.o
                0x00000000200007c0                p_term
                0x00000000200007c8                i_term
                0x00000000200007d0                d_term
 COMMON         0x00000000200007d8        0x4 build/retarget.o
                0x00000000200007d8                gHuart
 COMMON         0x00000000200007dc        0x4 /usr/lib/gcc/arm-none-eabi/9.2.1/../../../arm-none-eabi/lib/thumb/v7e-m+fp/hard/libc_nano.a(lib_a-reent.o)
                0x00000000200007dc                errno
                0x00000000200007e0                . = ALIGN (0x4)
                0x00000000200007e0                _ebss = .
                0x00000000200007e0                __bss_end__ = _ebss

._user_heap_stack
                0x00000000200007e0      0x600
                0x00000000200007e0                . = ALIGN (0x8)
                0x00000000200007e0                PROVIDE (end = .)
                [!provide]                        PROVIDE (_end = .)
                0x00000000200009e0                . = (. + _Min_Heap_Size)
 *fill*         0x00000000200007e0      0x200 
                0x0000000020000de0                . = (. + _Min_Stack_Size)
 *fill*         0x00000000200009e0      0x400 
                0x0000000020000de0                . = ALIGN (0x8)

/DISCARD/
 libc.a(*)
 libm.a(*)
 libgcc.a(*)

.ARM.attributes
                0x0000000000000000       0x30
 *(.ARM.attributes)
 .ARM.attributes
                0x0000000000000000       0x1e /usr/lib/gcc/arm-none-eabi/9.2.1/thumb/v7e-m+fp/hard/crti.o
 .ARM.attributes
                0x000000000000001e       0x34 /usr/lib/gcc/arm-none-eabi/9.2.1/thumb/v7e-m+fp/hard/crtbegin.o
 .ARM.attributes
                0x0000000000000052       0x34 build/main.o
 .ARM.attributes
                0x0000000000000086       0x34 build/stm32f4xx_it.o
 .ARM.attributes
                0x00000000000000ba       0x34 build/stm32f4xx_hal_msp.o
 .ARM.attributes
                0x00000000000000ee       0x34 build/stm32f4xx_hal_tim.o
 .ARM.attributes
                0x0000000000000122       0x34 build/stm32f4xx_hal_tim_ex.o
 .ARM.attributes
                0x0000000000000156       0x34 build/stm32f4xx_hal_uart.o
 .ARM.attributes
                0x000000000000018a       0x34 build/stm32f4xx_hal_rcc.o
 .ARM.attributes
                0x00000000000001be       0x34 build/stm32f4xx_hal_gpio.o
 .ARM.attributes
                0x00000000000001f2       0x34 build/stm32f4xx_hal_dma.o
 .ARM.attributes
                0x0000000000000226       0x34 build/stm32f4xx_hal_cortex.o
 .ARM.attributes
                0x000000000000025a       0x34 build/stm32f4xx_hal.o
 .ARM.attributes
                0x000000000000028e       0x34 build/system_stm32f4xx.o
 .ARM.attributes
                0x00000000000002c2       0x34 build/gpio.o
 .ARM.attributes
                0x00000000000002f6       0x34 build/dma.o
 .ARM.attributes
                0x000000000000032a       0x34 build/usart.o
 .ARM.attributes
                0x000000000000035e       0x34 build/tim.o
 .ARM.attributes
                0x0000000000000392       0x34 build/PID.o
 .ARM.attributes
                0x00000000000003c6       0x34 build/frame_resolve.o
 .ARM.attributes
                0x00000000000003fa       0x34 build/retarget.o
 .ARM.attributes
                0x000000000000042e       0x21 build/startup_stm32f407xx.o
 .ARM.attributes
                0x000000000000044f       0x34 /usr/lib/gcc/arm-none-eabi/9.2.1/../../../arm-none-eabi/lib/thumb/v7e-m+fp/hard/libc_nano.a(lib_a-errno.o)
 .ARM.attributes
                0x0000000000000483       0x32 /usr/lib/gcc/arm-none-eabi/9.2.1/../../../arm-none-eabi/lib/thumb/v7e-m+fp/hard/libc_nano.a(lib_a-impure.o)
 .ARM.attributes
                0x00000000000004b5       0x34 /usr/lib/gcc/arm-none-eabi/9.2.1/../../../arm-none-eabi/lib/thumb/v7e-m+fp/hard/libc_nano.a(lib_a-init.o)
 .ARM.attributes
                0x00000000000004e9       0x34 /usr/lib/gcc/arm-none-eabi/9.2.1/../../../arm-none-eabi/lib/thumb/v7e-m+fp/hard/libc_nano.a(lib_a-memset.o)
 .ARM.attributes
                0x000000000000051d       0x34 /usr/lib/gcc/arm-none-eabi/9.2.1/../../../arm-none-eabi/lib/thumb/v7e-m+fp/hard/libc_nano.a(lib_a-nano-vfprintf_float.o)
 .ARM.attributes
                0x0000000000000551       0x34 /usr/lib/gcc/arm-none-eabi/9.2.1/../../../arm-none-eabi/lib/thumb/v7e-m+fp/hard/libc_nano.a(lib_a-nano-vfprintf_i.o)
 .ARM.attributes
                0x0000000000000585       0x34 /usr/lib/gcc/arm-none-eabi/9.2.1/../../../arm-none-eabi/lib/thumb/v7e-m+fp/hard/libc_nano.a(lib_a-setvbuf.o)
 .ARM.attributes
                0x00000000000005b9       0x34 /usr/lib/gcc/arm-none-eabi/9.2.1/../../../arm-none-eabi/lib/thumb/v7e-m+fp/hard/libc_nano.a(lib_a-sprintf.o)
 .ARM.attributes
                0x00000000000005ed       0x1c /usr/lib/gcc/arm-none-eabi/9.2.1/../../../arm-none-eabi/lib/thumb/v7e-m+fp/hard/libc_nano.a(lib_a-strlen.o)
 .ARM.attributes
                0x0000000000000609       0x34 /usr/lib/gcc/arm-none-eabi/9.2.1/../../../arm-none-eabi/lib/thumb/v7e-m+fp/hard/libc_nano.a(lib_a-dtoa.o)
 .ARM.attributes
                0x000000000000063d       0x34 /usr/lib/gcc/arm-none-eabi/9.2.1/../../../arm-none-eabi/lib/thumb/v7e-m+fp/hard/libc_nano.a(lib_a-fflush.o)
 .ARM.attributes
                0x0000000000000671       0x34 /usr/lib/gcc/arm-none-eabi/9.2.1/../../../arm-none-eabi/lib/thumb/v7e-m+fp/hard/libc_nano.a(lib_a-findfp.o)
 .ARM.attributes
                0x00000000000006a5       0x34 /usr/lib/gcc/arm-none-eabi/9.2.1/../../../arm-none-eabi/lib/thumb/v7e-m+fp/hard/libc_nano.a(lib_a-fwalk.o)
 .ARM.attributes
                0x00000000000006d9       0x34 /usr/lib/gcc/arm-none-eabi/9.2.1/../../../arm-none-eabi/lib/thumb/v7e-m+fp/hard/libc_nano.a(lib_a-localeconv.o)
 .ARM.attributes
                0x000000000000070d       0x34 /usr/lib/gcc/arm-none-eabi/9.2.1/../../../arm-none-eabi/lib/thumb/v7e-m+fp/hard/libc_nano.a(lib_a-makebuf.o)
 .ARM.attributes
                0x0000000000000741       0x34 /usr/lib/gcc/arm-none-eabi/9.2.1/../../../arm-none-eabi/lib/thumb/v7e-m+fp/hard/libc_nano.a(lib_a-malloc.o)
 .ARM.attributes
                0x0000000000000775       0x1c /usr/lib/gcc/arm-none-eabi/9.2.1/../../../arm-none-eabi/lib/thumb/v7e-m+fp/hard/libc_nano.a(lib_a-memchr.o)
 .ARM.attributes
                0x0000000000000791       0x1c /usr/lib/gcc/arm-none-eabi/9.2.1/../../../arm-none-eabi/lib/thumb/v7e-m+fp/hard/libc_nano.a(lib_a-memcpy.o)
 .ARM.attributes
                0x00000000000007ad       0x34 /usr/lib/gcc/arm-none-eabi/9.2.1/../../../arm-none-eabi/lib/thumb/v7e-m+fp/hard/libc_nano.a(lib_a-mprec.o)
 .ARM.attributes
                0x00000000000007e1       0x34 /usr/lib/gcc/arm-none-eabi/9.2.1/../../../arm-none-eabi/lib/thumb/v7e-m+fp/hard/libc_nano.a(lib_a-nano-callocr.o)
 .ARM.attributes
                0x0000000000000815       0x34 /usr/lib/gcc/arm-none-eabi/9.2.1/../../../arm-none-eabi/lib/thumb/v7e-m+fp/hard/libc_nano.a(lib_a-nano-freer.o)
 .ARM.attributes
                0x0000000000000849       0x34 /usr/lib/gcc/arm-none-eabi/9.2.1/../../../arm-none-eabi/lib/thumb/v7e-m+fp/hard/libc_nano.a(lib_a-nano-mallocr.o)
 .ARM.attributes
                0x000000000000087d       0x34 /usr/lib/gcc/arm-none-eabi/9.2.1/../../../arm-none-eabi/lib/thumb/v7e-m+fp/hard/libc_nano.a(lib_a-nano-svfprintf.o)
 .ARM.attributes
                0x00000000000008b1       0x34 /usr/lib/gcc/arm-none-eabi/9.2.1/../../../arm-none-eabi/lib/thumb/v7e-m+fp/hard/libc_nano.a(lib_a-sbrkr.o)
 .ARM.attributes
                0x00000000000008e5       0x34 /usr/lib/gcc/arm-none-eabi/9.2.1/../../../arm-none-eabi/lib/thumb/v7e-m+fp/hard/libc_nano.a(lib_a-stdio.o)
 .ARM.attributes
                0x0000000000000919       0x34 /usr/lib/gcc/arm-none-eabi/9.2.1/../../../arm-none-eabi/lib/thumb/v7e-m+fp/hard/libc_nano.a(lib_a-writer.o)
 .ARM.attributes
                0x000000000000094d       0x34 /usr/lib/gcc/arm-none-eabi/9.2.1/../../../arm-none-eabi/lib/thumb/v7e-m+fp/hard/libc_nano.a(lib_a-assert.o)
 .ARM.attributes
                0x0000000000000981       0x34 /usr/lib/gcc/arm-none-eabi/9.2.1/../../../arm-none-eabi/lib/thumb/v7e-m+fp/hard/libc_nano.a(lib_a-closer.o)
 .ARM.attributes
                0x00000000000009b5       0x34 /usr/lib/gcc/arm-none-eabi/9.2.1/../../../arm-none-eabi/lib/thumb/v7e-m+fp/hard/libc_nano.a(lib_a-fprintf.o)
 .ARM.attributes
                0x00000000000009e9       0x34 /usr/lib/gcc/arm-none-eabi/9.2.1/../../../arm-none-eabi/lib/thumb/v7e-m+fp/hard/libc_nano.a(lib_a-fstatr.o)
 .ARM.attributes
                0x0000000000000a1d       0x34 /usr/lib/gcc/arm-none-eabi/9.2.1/../../../arm-none-eabi/lib/thumb/v7e-m+fp/hard/libc_nano.a(lib_a-isattyr.o)
 .ARM.attributes
                0x0000000000000a51       0x34 /usr/lib/gcc/arm-none-eabi/9.2.1/../../../arm-none-eabi/lib/thumb/v7e-m+fp/hard/libc_nano.a(lib_a-locale.o)
 .ARM.attributes
                0x0000000000000a85       0x34 /usr/lib/gcc/arm-none-eabi/9.2.1/../../../arm-none-eabi/lib/thumb/v7e-m+fp/hard/libc_nano.a(lib_a-lseekr.o)
 .ARM.attributes
                0x0000000000000ab9       0x34 /usr/lib/gcc/arm-none-eabi/9.2.1/../../../arm-none-eabi/lib/thumb/v7e-m+fp/hard/libc_nano.a(lib_a-mbtowc_r.o)
 .ARM.attributes
                0x0000000000000aed       0x34 /usr/lib/gcc/arm-none-eabi/9.2.1/../../../arm-none-eabi/lib/thumb/v7e-m+fp/hard/libc_nano.a(lib_a-memmove.o)
 .ARM.attributes
                0x0000000000000b21       0x34 /usr/lib/gcc/arm-none-eabi/9.2.1/../../../arm-none-eabi/lib/thumb/v7e-m+fp/hard/libc_nano.a(lib_a-mlock.o)
 .ARM.attributes
                0x0000000000000b55       0x34 /usr/lib/gcc/arm-none-eabi/9.2.1/../../../arm-none-eabi/lib/thumb/v7e-m+fp/hard/libc_nano.a(lib_a-nano-reallocr.o)
 .ARM.attributes
                0x0000000000000b89       0x34 /usr/lib/gcc/arm-none-eabi/9.2.1/../../../arm-none-eabi/lib/thumb/v7e-m+fp/hard/libc_nano.a(lib_a-nano-vfprintf.o)
 .ARM.attributes
                0x0000000000000bbd       0x34 /usr/lib/gcc/arm-none-eabi/9.2.1/../../../arm-none-eabi/lib/thumb/v7e-m+fp/hard/libc_nano.a(lib_a-readr.o)
 .ARM.attributes
                0x0000000000000bf1       0x34 /usr/lib/gcc/arm-none-eabi/9.2.1/../../../arm-none-eabi/lib/thumb/v7e-m+fp/hard/libc_nano.a(lib_a-reent.o)
 .ARM.attributes
                0x0000000000000c25       0x34 /usr/lib/gcc/arm-none-eabi/9.2.1/../../../arm-none-eabi/lib/thumb/v7e-m+fp/hard/libc_nano.a(lib_a-wbuf.o)
 .ARM.attributes
                0x0000000000000c59       0x34 /usr/lib/gcc/arm-none-eabi/9.2.1/../../../arm-none-eabi/lib/thumb/v7e-m+fp/hard/libc_nano.a(lib_a-wctomb_r.o)
 .ARM.attributes
                0x0000000000000c8d       0x34 /usr/lib/gcc/arm-none-eabi/9.2.1/../../../arm-none-eabi/lib/thumb/v7e-m+fp/hard/libc_nano.a(lib_a-wsetup.o)
 .ARM.attributes
                0x0000000000000cc1       0x34 /usr/lib/gcc/arm-none-eabi/9.2.1/../../../arm-none-eabi/lib/thumb/v7e-m+fp/hard/libc_nano.a(lib_a-abort.o)
 .ARM.attributes
                0x0000000000000cf5       0x32 /usr/lib/gcc/arm-none-eabi/9.2.1/../../../arm-none-eabi/lib/thumb/v7e-m+fp/hard/libc_nano.a(lib_a-ctype_.o)
 .ARM.attributes
                0x0000000000000d27       0x34 /usr/lib/gcc/arm-none-eabi/9.2.1/../../../arm-none-eabi/lib/thumb/v7e-m+fp/hard/libc_nano.a(lib_a-fvwrite.o)
 .ARM.attributes
                0x0000000000000d5b       0x34 /usr/lib/gcc/arm-none-eabi/9.2.1/../../../arm-none-eabi/lib/thumb/v7e-m+fp/hard/libc_nano.a(lib_a-nano-msizer.o)
 .ARM.attributes
                0x0000000000000d8f       0x34 /usr/lib/gcc/arm-none-eabi/9.2.1/../../../arm-none-eabi/lib/thumb/v7e-m+fp/hard/libc_nano.a(lib_a-signal.o)
 .ARM.attributes
                0x0000000000000dc3       0x34 /usr/lib/gcc/arm-none-eabi/9.2.1/../../../arm-none-eabi/lib/thumb/v7e-m+fp/hard/libc_nano.a(lib_a-signalr.o)
 .ARM.attributes
                0x0000000000000df7       0x34 /usr/lib/gcc/arm-none-eabi/9.2.1/../../../arm-none-eabi/lib/thumb/v7e-m+fp/hard/libm.a(lib_a-s_round.o)
 .ARM.attributes
                0x0000000000000e2b       0x34 /usr/lib/gcc/arm-none-eabi/9.2.1/../../../arm-none-eabi/lib/thumb/v7e-m+fp/hard/libnosys.a(getpid.o)
 .ARM.attributes
                0x0000000000000e5f       0x34 /usr/lib/gcc/arm-none-eabi/9.2.1/../../../arm-none-eabi/lib/thumb/v7e-m+fp/hard/libnosys.a(kill.o)
 .ARM.attributes
                0x0000000000000e93       0x34 /usr/lib/gcc/arm-none-eabi/9.2.1/../../../arm-none-eabi/lib/thumb/v7e-m+fp/hard/libnosys.a(sbrk.o)
 .ARM.attributes
                0x0000000000000ec7       0x34 /usr/lib/gcc/arm-none-eabi/9.2.1/../../../arm-none-eabi/lib/thumb/v7e-m+fp/hard/libnosys.a(_exit.o)
 .ARM.attributes
                0x0000000000000efb       0x1e /usr/lib/gcc/arm-none-eabi/9.2.1/thumb/v7e-m+fp/hard/libgcc.a(_arm_addsubdf3.o)
 .ARM.attributes
                0x0000000000000f19       0x1e /usr/lib/gcc/arm-none-eabi/9.2.1/thumb/v7e-m+fp/hard/libgcc.a(_arm_muldivdf3.o)
 .ARM.attributes
                0x0000000000000f37       0x1e /usr/lib/gcc/arm-none-eabi/9.2.1/thumb/v7e-m+fp/hard/libgcc.a(_arm_cmpdf2.o)
 .ARM.attributes
                0x0000000000000f55       0x1e /usr/lib/gcc/arm-none-eabi/9.2.1/thumb/v7e-m+fp/hard/libgcc.a(_arm_unorddf2.o)
 .ARM.attributes
                0x0000000000000f73       0x1e /usr/lib/gcc/arm-none-eabi/9.2.1/thumb/v7e-m+fp/hard/libgcc.a(_arm_fixdfsi.o)
 .ARM.attributes
                0x0000000000000f91       0x1e /usr/lib/gcc/arm-none-eabi/9.2.1/thumb/v7e-m+fp/hard/libgcc.a(_arm_fixunsdfsi.o)
 .ARM.attributes
                0x0000000000000faf       0x1e /usr/lib/gcc/arm-none-eabi/9.2.1/thumb/v7e-m+fp/hard/libgcc.a(_arm_truncdfsf2.o)
 .ARM.attributes
                0x0000000000000fcd       0x1e /usr/lib/gcc/arm-none-eabi/9.2.1/thumb/v7e-m+fp/hard/libgcc.a(_aeabi_uldivmod.o)
 .ARM.attributes
                0x0000000000000feb       0x34 /usr/lib/gcc/arm-none-eabi/9.2.1/thumb/v7e-m+fp/hard/libgcc.a(_udivmoddi4.o)
 .ARM.attributes
                0x000000000000101f       0x1e /usr/lib/gcc/arm-none-eabi/9.2.1/thumb/v7e-m+fp/hard/libgcc.a(_dvmd_tls.o)
 .ARM.attributes
                0x000000000000103d       0x32 /usr/lib/gcc/arm-none-eabi/9.2.1/thumb/v7e-m+fp/hard/crtend.o
 .ARM.attributes
                0x000000000000106f       0x1e /usr/lib/gcc/arm-none-eabi/9.2.1/thumb/v7e-m+fp/hard/crtn.o
OUTPUT(build/base_control.elf elf32-littlearm)
LOAD linker stubs
LOAD /usr/lib/gcc/arm-none-eabi/9.2.1/../../../arm-none-eabi/lib/thumb/v7e-m+fp/hard/libc.a
LOAD /usr/lib/gcc/arm-none-eabi/9.2.1/../../../arm-none-eabi/lib/thumb/v7e-m+fp/hard/libm.a
LOAD /usr/lib/gcc/arm-none-eabi/9.2.1/thumb/v7e-m+fp/hard/libgcc.a

.comment        0x0000000000000000       0xa7
 .comment       0x0000000000000000       0x59 /usr/lib/gcc/arm-none-eabi/9.2.1/thumb/v7e-m+fp/hard/crtbegin.o
                                         0x5a (size before relaxing)
 .comment       0x0000000000000059       0x5a build/main.o
 .comment       0x0000000000000059       0x5a build/stm32f4xx_it.o
 .comment       0x0000000000000059       0x5a build/stm32f4xx_hal_msp.o
 .comment       0x0000000000000059       0x5a build/stm32f4xx_hal_tim.o
 .comment       0x0000000000000059       0x5a build/stm32f4xx_hal_tim_ex.o
 .comment       0x0000000000000059       0x5a build/stm32f4xx_hal_uart.o
 .comment       0x0000000000000059       0x5a build/stm32f4xx_hal_rcc.o
 .comment       0x0000000000000059       0x5a build/stm32f4xx_hal_gpio.o
 .comment       0x0000000000000059       0x5a build/stm32f4xx_hal_dma.o
 .comment       0x0000000000000059       0x5a build/stm32f4xx_hal_cortex.o
 .comment       0x0000000000000059       0x5a build/stm32f4xx_hal.o
 .comment       0x0000000000000059       0x5a build/system_stm32f4xx.o
 .comment       0x0000000000000059       0x5a build/gpio.o
 .comment       0x0000000000000059       0x5a build/dma.o
 .comment       0x0000000000000059       0x5a build/usart.o
 .comment       0x0000000000000059       0x5a build/tim.o
 .comment       0x0000000000000059       0x5a build/PID.o
 .comment       0x0000000000000059       0x5a build/frame_resolve.o
 .comment       0x0000000000000059       0x5a build/retarget.o
 .comment       0x0000000000000059       0x4e /usr/lib/gcc/arm-none-eabi/9.2.1/../../../arm-none-eabi/lib/thumb/v7e-m+fp/hard/libc_nano.a(lib_a-errno.o)
                                         0x4f (size before relaxing)
 .comment       0x00000000000000a7       0x4f /usr/lib/gcc/arm-none-eabi/9.2.1/../../../arm-none-eabi/lib/thumb/v7e-m+fp/hard/libc_nano.a(lib_a-impure.o)
 .comment       0x00000000000000a7       0x4f /usr/lib/gcc/arm-none-eabi/9.2.1/../../../arm-none-eabi/lib/thumb/v7e-m+fp/hard/libc_nano.a(lib_a-init.o)
 .comment       0x00000000000000a7       0x4f /usr/lib/gcc/arm-none-eabi/9.2.1/../../../arm-none-eabi/lib/thumb/v7e-m+fp/hard/libc_nano.a(lib_a-memset.o)
 .comment       0x00000000000000a7       0x4f /usr/lib/gcc/arm-none-eabi/9.2.1/../../../arm-none-eabi/lib/thumb/v7e-m+fp/hard/libc_nano.a(lib_a-nano-vfprintf_float.o)
 .comment       0x00000000000000a7       0x4f /usr/lib/gcc/arm-none-eabi/9.2.1/../../../arm-none-eabi/lib/thumb/v7e-m+fp/hard/libc_nano.a(lib_a-nano-vfprintf_i.o)
 .comment       0x00000000000000a7       0x4f /usr/lib/gcc/arm-none-eabi/9.2.1/../../../arm-none-eabi/lib/thumb/v7e-m+fp/hard/libc_nano.a(lib_a-setvbuf.o)
 .comment       0x00000000000000a7       0x4f /usr/lib/gcc/arm-none-eabi/9.2.1/../../../arm-none-eabi/lib/thumb/v7e-m+fp/hard/libc_nano.a(lib_a-sprintf.o)
 .comment       0x00000000000000a7       0x4f /usr/lib/gcc/arm-none-eabi/9.2.1/../../../arm-none-eabi/lib/thumb/v7e-m+fp/hard/libc_nano.a(lib_a-dtoa.o)
 .comment       0x00000000000000a7       0x4f /usr/lib/gcc/arm-none-eabi/9.2.1/../../../arm-none-eabi/lib/thumb/v7e-m+fp/hard/libc_nano.a(lib_a-fflush.o)
 .comment       0x00000000000000a7       0x4f /usr/lib/gcc/arm-none-eabi/9.2.1/../../../arm-none-eabi/lib/thumb/v7e-m+fp/hard/libc_nano.a(lib_a-findfp.o)
 .comment       0x00000000000000a7       0x4f /usr/lib/gcc/arm-none-eabi/9.2.1/../../../arm-none-eabi/lib/thumb/v7e-m+fp/hard/libc_nano.a(lib_a-fwalk.o)
 .comment       0x00000000000000a7       0x4f /usr/lib/gcc/arm-none-eabi/9.2.1/../../../arm-none-eabi/lib/thumb/v7e-m+fp/hard/libc_nano.a(lib_a-localeconv.o)
 .comment       0x00000000000000a7       0x4f /usr/lib/gcc/arm-none-eabi/9.2.1/../../../arm-none-eabi/lib/thumb/v7e-m+fp/hard/libc_nano.a(lib_a-makebuf.o)
 .comment       0x00000000000000a7       0x4f /usr/lib/gcc/arm-none-eabi/9.2.1/../../../arm-none-eabi/lib/thumb/v7e-m+fp/hard/libc_nano.a(lib_a-malloc.o)
 .comment       0x00000000000000a7       0x4f /usr/lib/gcc/arm-none-eabi/9.2.1/../../../arm-none-eabi/lib/thumb/v7e-m+fp/hard/libc_nano.a(lib_a-mprec.o)
 .comment       0x00000000000000a7       0x4f /usr/lib/gcc/arm-none-eabi/9.2.1/../../../arm-none-eabi/lib/thumb/v7e-m+fp/hard/libc_nano.a(lib_a-nano-callocr.o)
 .comment       0x00000000000000a7       0x4f /usr/lib/gcc/arm-none-eabi/9.2.1/../../../arm-none-eabi/lib/thumb/v7e-m+fp/hard/libc_nano.a(lib_a-nano-freer.o)
 .comment       0x00000000000000a7       0x4f /usr/lib/gcc/arm-none-eabi/9.2.1/../../../arm-none-eabi/lib/thumb/v7e-m+fp/hard/libc_nano.a(lib_a-nano-mallocr.o)
 .comment       0x00000000000000a7       0x4f /usr/lib/gcc/arm-none-eabi/9.2.1/../../../arm-none-eabi/lib/thumb/v7e-m+fp/hard/libc_nano.a(lib_a-nano-svfprintf.o)
 .comment       0x00000000000000a7       0x4f /usr/lib/gcc/arm-none-eabi/9.2.1/../../../arm-none-eabi/lib/thumb/v7e-m+fp/hard/libc_nano.a(lib_a-sbrkr.o)
 .comment       0x00000000000000a7       0x4f /usr/lib/gcc/arm-none-eabi/9.2.1/../../../arm-none-eabi/lib/thumb/v7e-m+fp/hard/libc_nano.a(lib_a-stdio.o)
 .comment       0x00000000000000a7       0x4f /usr/lib/gcc/arm-none-eabi/9.2.1/../../../arm-none-eabi/lib/thumb/v7e-m+fp/hard/libc_nano.a(lib_a-writer.o)
 .comment       0x00000000000000a7       0x4f /usr/lib/gcc/arm-none-eabi/9.2.1/../../../arm-none-eabi/lib/thumb/v7e-m+fp/hard/libc_nano.a(lib_a-assert.o)
 .comment       0x00000000000000a7       0x4f /usr/lib/gcc/arm-none-eabi/9.2.1/../../../arm-none-eabi/lib/thumb/v7e-m+fp/hard/libc_nano.a(lib_a-closer.o)
 .comment       0x00000000000000a7       0x4f /usr/lib/gcc/arm-none-eabi/9.2.1/../../../arm-none-eabi/lib/thumb/v7e-m+fp/hard/libc_nano.a(lib_a-fprintf.o)
 .comment       0x00000000000000a7       0x4f /usr/lib/gcc/arm-none-eabi/9.2.1/../../../arm-none-eabi/lib/thumb/v7e-m+fp/hard/libc_nano.a(lib_a-fstatr.o)
 .comment       0x00000000000000a7       0x4f /usr/lib/gcc/arm-none-eabi/9.2.1/../../../arm-none-eabi/lib/thumb/v7e-m+fp/hard/libc_nano.a(lib_a-isattyr.o)
 .comment       0x00000000000000a7       0x4f /usr/lib/gcc/arm-none-eabi/9.2.1/../../../arm-none-eabi/lib/thumb/v7e-m+fp/hard/libc_nano.a(lib_a-locale.o)
 .comment       0x00000000000000a7       0x4f /usr/lib/gcc/arm-none-eabi/9.2.1/../../../arm-none-eabi/lib/thumb/v7e-m+fp/hard/libc_nano.a(lib_a-lseekr.o)
 .comment       0x00000000000000a7       0x4f /usr/lib/gcc/arm-none-eabi/9.2.1/../../../arm-none-eabi/lib/thumb/v7e-m+fp/hard/libc_nano.a(lib_a-mbtowc_r.o)
 .comment       0x00000000000000a7       0x4f /usr/lib/gcc/arm-none-eabi/9.2.1/../../../arm-none-eabi/lib/thumb/v7e-m+fp/hard/libc_nano.a(lib_a-memmove.o)
 .comment       0x00000000000000a7       0x4f /usr/lib/gcc/arm-none-eabi/9.2.1/../../../arm-none-eabi/lib/thumb/v7e-m+fp/hard/libc_nano.a(lib_a-mlock.o)
 .comment       0x00000000000000a7       0x4f /usr/lib/gcc/arm-none-eabi/9.2.1/../../../arm-none-eabi/lib/thumb/v7e-m+fp/hard/libc_nano.a(lib_a-nano-reallocr.o)
 .comment       0x00000000000000a7       0x4f /usr/lib/gcc/arm-none-eabi/9.2.1/../../../arm-none-eabi/lib/thumb/v7e-m+fp/hard/libc_nano.a(lib_a-nano-vfprintf.o)
 .comment       0x00000000000000a7       0x4f /usr/lib/gcc/arm-none-eabi/9.2.1/../../../arm-none-eabi/lib/thumb/v7e-m+fp/hard/libc_nano.a(lib_a-readr.o)
 .comment       0x00000000000000a7       0x4f /usr/lib/gcc/arm-none-eabi/9.2.1/../../../arm-none-eabi/lib/thumb/v7e-m+fp/hard/libc_nano.a(lib_a-reent.o)
 .comment       0x00000000000000a7       0x4f /usr/lib/gcc/arm-none-eabi/9.2.1/../../../arm-none-eabi/lib/thumb/v7e-m+fp/hard/libc_nano.a(lib_a-wbuf.o)
 .comment       0x00000000000000a7       0x4f /usr/lib/gcc/arm-none-eabi/9.2.1/../../../arm-none-eabi/lib/thumb/v7e-m+fp/hard/libc_nano.a(lib_a-wctomb_r.o)
 .comment       0x00000000000000a7       0x4f /usr/lib/gcc/arm-none-eabi/9.2.1/../../../arm-none-eabi/lib/thumb/v7e-m+fp/hard/libc_nano.a(lib_a-wsetup.o)
 .comment       0x00000000000000a7       0x4f /usr/lib/gcc/arm-none-eabi/9.2.1/../../../arm-none-eabi/lib/thumb/v7e-m+fp/hard/libc_nano.a(lib_a-abort.o)
 .comment       0x00000000000000a7       0x4f /usr/lib/gcc/arm-none-eabi/9.2.1/../../../arm-none-eabi/lib/thumb/v7e-m+fp/hard/libc_nano.a(lib_a-ctype_.o)
 .comment       0x00000000000000a7       0x4f /usr/lib/gcc/arm-none-eabi/9.2.1/../../../arm-none-eabi/lib/thumb/v7e-m+fp/hard/libc_nano.a(lib_a-fvwrite.o)
 .comment       0x00000000000000a7       0x4f /usr/lib/gcc/arm-none-eabi/9.2.1/../../../arm-none-eabi/lib/thumb/v7e-m+fp/hard/libc_nano.a(lib_a-nano-msizer.o)
 .comment       0x00000000000000a7       0x4f /usr/lib/gcc/arm-none-eabi/9.2.1/../../../arm-none-eabi/lib/thumb/v7e-m+fp/hard/libc_nano.a(lib_a-signal.o)
 .comment       0x00000000000000a7       0x4f /usr/lib/gcc/arm-none-eabi/9.2.1/../../../arm-none-eabi/lib/thumb/v7e-m+fp/hard/libc_nano.a(lib_a-signalr.o)
 .comment       0x00000000000000a7       0x4f /usr/lib/gcc/arm-none-eabi/9.2.1/../../../arm-none-eabi/lib/thumb/v7e-m+fp/hard/libm.a(lib_a-s_round.o)
 .comment       0x00000000000000a7       0x4f /usr/lib/gcc/arm-none-eabi/9.2.1/../../../arm-none-eabi/lib/thumb/v7e-m+fp/hard/libnosys.a(getpid.o)
 .comment       0x00000000000000a7       0x4f /usr/lib/gcc/arm-none-eabi/9.2.1/../../../arm-none-eabi/lib/thumb/v7e-m+fp/hard/libnosys.a(kill.o)
 .comment       0x00000000000000a7       0x4f /usr/lib/gcc/arm-none-eabi/9.2.1/../../../arm-none-eabi/lib/thumb/v7e-m+fp/hard/libnosys.a(sbrk.o)
 .comment       0x00000000000000a7       0x4f /usr/lib/gcc/arm-none-eabi/9.2.1/../../../arm-none-eabi/lib/thumb/v7e-m+fp/hard/libnosys.a(_exit.o)
 .comment       0x00000000000000a7       0x5a /usr/lib/gcc/arm-none-eabi/9.2.1/thumb/v7e-m+fp/hard/libgcc.a(_udivmoddi4.o)
 .comment       0x00000000000000a7       0x5a /usr/lib/gcc/arm-none-eabi/9.2.1/thumb/v7e-m+fp/hard/crtend.o

.debug_info     0x0000000000000000    0x41150
 .debug_info    0x0000000000000000     0x22c9 build/main.o
 .debug_info    0x00000000000022c9     0x15d4 build/stm32f4xx_it.o
 .debug_info    0x000000000000389d      0x3c1 build/stm32f4xx_hal_msp.o
 .debug_info    0x0000000000003c5e     0x3ed2 build/stm32f4xx_hal_tim.o
 .debug_info    0x0000000000007b30     0x1c8b build/stm32f4xx_hal_tim_ex.o
 .debug_info    0x00000000000097bb     0x1f12 build/stm32f4xx_hal_uart.o
 .debug_info    0x000000000000b6cd      0xc08 build/stm32f4xx_hal_rcc.o
 .debug_info    0x000000000000c2d5      0x8fa build/stm32f4xx_hal_gpio.o
 .debug_info    0x000000000000cbcf      0xc67 build/stm32f4xx_hal_dma.o
 .debug_info    0x000000000000d836     0x121a build/stm32f4xx_hal_cortex.o
 .debug_info    0x000000000000ea50      0xb3a build/stm32f4xx_hal.o
 .debug_info    0x000000000000f58a      0x618 build/system_stm32f4xx.o
 .debug_info    0x000000000000fba2      0x5e3 build/gpio.o
 .debug_info    0x0000000000010185      0x653 build/dma.o
 .debug_info    0x00000000000107d8      0xe9b build/usart.o
 .debug_info    0x0000000000011673     0x15da build/tim.o
 .debug_info    0x0000000000012c4d     0x13db build/PID.o
 .debug_info    0x0000000000014028      0xd25 build/frame_resolve.o
 .debug_info    0x0000000000014d4d     0x15f2 build/retarget.o
 .debug_info    0x000000000001633f       0x22 build/startup_stm32f407xx.o
 .debug_info    0x0000000000016361      0x953 /usr/lib/gcc/arm-none-eabi/9.2.1/../../../arm-none-eabi/lib/thumb/v7e-m+fp/hard/libc_nano.a(lib_a-errno.o)
 .debug_info    0x0000000000016cb4      0x92a /usr/lib/gcc/arm-none-eabi/9.2.1/../../../arm-none-eabi/lib/thumb/v7e-m+fp/hard/libc_nano.a(lib_a-impure.o)
 .debug_info    0x00000000000175de      0x11a /usr/lib/gcc/arm-none-eabi/9.2.1/../../../arm-none-eabi/lib/thumb/v7e-m+fp/hard/libc_nano.a(lib_a-init.o)
 .debug_info    0x00000000000176f8      0xf21 /usr/lib/gcc/arm-none-eabi/9.2.1/../../../arm-none-eabi/lib/thumb/v7e-m+fp/hard/libc_nano.a(lib_a-memset.o)
 .debug_info    0x0000000000018619     0x1b1f /usr/lib/gcc/arm-none-eabi/9.2.1/../../../arm-none-eabi/lib/thumb/v7e-m+fp/hard/libc_nano.a(lib_a-nano-vfprintf_float.o)
 .debug_info    0x000000000001a138     0x1592 /usr/lib/gcc/arm-none-eabi/9.2.1/../../../arm-none-eabi/lib/thumb/v7e-m+fp/hard/libc_nano.a(lib_a-nano-vfprintf_i.o)
 .debug_info    0x000000000001b6ca      0xce2 /usr/lib/gcc/arm-none-eabi/9.2.1/../../../arm-none-eabi/lib/thumb/v7e-m+fp/hard/libc_nano.a(lib_a-setvbuf.o)
 .debug_info    0x000000000001c3ac      0xc90 /usr/lib/gcc/arm-none-eabi/9.2.1/../../../arm-none-eabi/lib/thumb/v7e-m+fp/hard/libc_nano.a(lib_a-sprintf.o)
 .debug_info    0x000000000001d03c       0x26 /usr/lib/gcc/arm-none-eabi/9.2.1/../../../arm-none-eabi/lib/thumb/v7e-m+fp/hard/libc_nano.a(lib_a-strlen.o)
 .debug_info    0x000000000001d062     0x1b48 /usr/lib/gcc/arm-none-eabi/9.2.1/../../../arm-none-eabi/lib/thumb/v7e-m+fp/hard/libc_nano.a(lib_a-dtoa.o)
 .debug_info    0x000000000001ebaa      0xd73 /usr/lib/gcc/arm-none-eabi/9.2.1/../../../arm-none-eabi/lib/thumb/v7e-m+fp/hard/libc_nano.a(lib_a-fflush.o)
 .debug_info    0x000000000001f91d     0x11a8 /usr/lib/gcc/arm-none-eabi/9.2.1/../../../arm-none-eabi/lib/thumb/v7e-m+fp/hard/libc_nano.a(lib_a-findfp.o)
 .debug_info    0x0000000000020ac5      0xca4 /usr/lib/gcc/arm-none-eabi/9.2.1/../../../arm-none-eabi/lib/thumb/v7e-m+fp/hard/libc_nano.a(lib_a-fwalk.o)
 .debug_info    0x0000000000021769      0xf49 /usr/lib/gcc/arm-none-eabi/9.2.1/../../../arm-none-eabi/lib/thumb/v7e-m+fp/hard/libc_nano.a(lib_a-localeconv.o)
 .debug_info    0x00000000000226b2      0xf68 /usr/lib/gcc/arm-none-eabi/9.2.1/../../../arm-none-eabi/lib/thumb/v7e-m+fp/hard/libc_nano.a(lib_a-makebuf.o)
 .debug_info    0x000000000002361a      0x9b6 /usr/lib/gcc/arm-none-eabi/9.2.1/../../../arm-none-eabi/lib/thumb/v7e-m+fp/hard/libc_nano.a(lib_a-malloc.o)
 .debug_info    0x0000000000023fd0       0x26 /usr/lib/gcc/arm-none-eabi/9.2.1/../../../arm-none-eabi/lib/thumb/v7e-m+fp/hard/libc_nano.a(lib_a-memchr.o)
 .debug_info    0x0000000000023ff6       0x26 /usr/lib/gcc/arm-none-eabi/9.2.1/../../../arm-none-eabi/lib/thumb/v7e-m+fp/hard/libc_nano.a(lib_a-memcpy.o)
 .debug_info    0x000000000002401c     0x2417 /usr/lib/gcc/arm-none-eabi/9.2.1/../../../arm-none-eabi/lib/thumb/v7e-m+fp/hard/libc_nano.a(lib_a-mprec.o)
 .debug_info    0x0000000000026433      0xafe /usr/lib/gcc/arm-none-eabi/9.2.1/../../../arm-none-eabi/lib/thumb/v7e-m+fp/hard/libc_nano.a(lib_a-nano-callocr.o)
 .debug_info    0x0000000000026f31      0xb85 /usr/lib/gcc/arm-none-eabi/9.2.1/../../../arm-none-eabi/lib/thumb/v7e-m+fp/hard/libc_nano.a(lib_a-nano-freer.o)
 .debug_info    0x0000000000027ab6      0xc5a /usr/lib/gcc/arm-none-eabi/9.2.1/../../../arm-none-eabi/lib/thumb/v7e-m+fp/hard/libc_nano.a(lib_a-nano-mallocr.o)
 .debug_info    0x0000000000028710     0x17e4 /usr/lib/gcc/arm-none-eabi/9.2.1/../../../arm-none-eabi/lib/thumb/v7e-m+fp/hard/libc_nano.a(lib_a-nano-svfprintf.o)
 .debug_info    0x0000000000029ef4      0x9fb /usr/lib/gcc/arm-none-eabi/9.2.1/../../../arm-none-eabi/lib/thumb/v7e-m+fp/hard/libc_nano.a(lib_a-sbrkr.o)
 .debug_info    0x000000000002a8ef      0xe67 /usr/lib/gcc/arm-none-eabi/9.2.1/../../../arm-none-eabi/lib/thumb/v7e-m+fp/hard/libc_nano.a(lib_a-stdio.o)
 .debug_info    0x000000000002b756      0xa2c /usr/lib/gcc/arm-none-eabi/9.2.1/../../../arm-none-eabi/lib/thumb/v7e-m+fp/hard/libc_nano.a(lib_a-writer.o)
 .debug_info    0x000000000002c182      0xa41 /usr/lib/gcc/arm-none-eabi/9.2.1/../../../arm-none-eabi/lib/thumb/v7e-m+fp/hard/libc_nano.a(lib_a-assert.o)
 .debug_info    0x000000000002cbc3      0x9d8 /usr/lib/gcc/arm-none-eabi/9.2.1/../../../arm-none-eabi/lib/thumb/v7e-m+fp/hard/libc_nano.a(lib_a-closer.o)
 .debug_info    0x000000000002d59b      0xa7a /usr/lib/gcc/arm-none-eabi/9.2.1/../../../arm-none-eabi/lib/thumb/v7e-m+fp/hard/libc_nano.a(lib_a-fprintf.o)
 .debug_info    0x000000000002e015      0xc24 /usr/lib/gcc/arm-none-eabi/9.2.1/../../../arm-none-eabi/lib/thumb/v7e-m+fp/hard/libc_nano.a(lib_a-fstatr.o)
 .debug_info    0x000000000002ec39      0x9d8 /usr/lib/gcc/arm-none-eabi/9.2.1/../../../arm-none-eabi/lib/thumb/v7e-m+fp/hard/libc_nano.a(lib_a-isattyr.o)
 .debug_info    0x000000000002f611     0x10ca /usr/lib/gcc/arm-none-eabi/9.2.1/../../../arm-none-eabi/lib/thumb/v7e-m+fp/hard/libc_nano.a(lib_a-locale.o)
 .debug_info    0x00000000000306db      0xa0d /usr/lib/gcc/arm-none-eabi/9.2.1/../../../arm-none-eabi/lib/thumb/v7e-m+fp/hard/libc_nano.a(lib_a-lseekr.o)
 .debug_info    0x00000000000310e8     0x1044 /usr/lib/gcc/arm-none-eabi/9.2.1/../../../arm-none-eabi/lib/thumb/v7e-m+fp/hard/libc_nano.a(lib_a-mbtowc_r.o)
 .debug_info    0x000000000003212c      0xf2b /usr/lib/gcc/arm-none-eabi/9.2.1/../../../arm-none-eabi/lib/thumb/v7e-m+fp/hard/libc_nano.a(lib_a-memmove.o)
 .debug_info    0x0000000000033057      0x961 /usr/lib/gcc/arm-none-eabi/9.2.1/../../../arm-none-eabi/lib/thumb/v7e-m+fp/hard/libc_nano.a(lib_a-mlock.o)
 .debug_info    0x00000000000339b8      0xb77 /usr/lib/gcc/arm-none-eabi/9.2.1/../../../arm-none-eabi/lib/thumb/v7e-m+fp/hard/libc_nano.a(lib_a-nano-reallocr.o)
 .debug_info    0x000000000003452f     0x176a /usr/lib/gcc/arm-none-eabi/9.2.1/../../../arm-none-eabi/lib/thumb/v7e-m+fp/hard/libc_nano.a(lib_a-nano-vfprintf.o)
 .debug_info    0x0000000000035c99      0xa25 /usr/lib/gcc/arm-none-eabi/9.2.1/../../../arm-none-eabi/lib/thumb/v7e-m+fp/hard/libc_nano.a(lib_a-readr.o)
 .debug_info    0x00000000000366be      0xb0f /usr/lib/gcc/arm-none-eabi/9.2.1/../../../arm-none-eabi/lib/thumb/v7e-m+fp/hard/libc_nano.a(lib_a-reent.o)
 .debug_info    0x00000000000371cd      0xc90 /usr/lib/gcc/arm-none-eabi/9.2.1/../../../arm-none-eabi/lib/thumb/v7e-m+fp/hard/libc_nano.a(lib_a-wbuf.o)
 .debug_info    0x0000000000037e5d      0xffd /usr/lib/gcc/arm-none-eabi/9.2.1/../../../arm-none-eabi/lib/thumb/v7e-m+fp/hard/libc_nano.a(lib_a-wctomb_r.o)
 .debug_info    0x0000000000038e5a      0xbfa /usr/lib/gcc/arm-none-eabi/9.2.1/../../../arm-none-eabi/lib/thumb/v7e-m+fp/hard/libc_nano.a(lib_a-wsetup.o)
 .debug_info    0x0000000000039a54      0x9b5 /usr/lib/gcc/arm-none-eabi/9.2.1/../../../arm-none-eabi/lib/thumb/v7e-m+fp/hard/libc_nano.a(lib_a-abort.o)
 .debug_info    0x000000000003a409      0xe91 /usr/lib/gcc/arm-none-eabi/9.2.1/../../../arm-none-eabi/lib/thumb/v7e-m+fp/hard/libc_nano.a(lib_a-ctype_.o)
 .debug_info    0x000000000003b29a      0xeed /usr/lib/gcc/arm-none-eabi/9.2.1/../../../arm-none-eabi/lib/thumb/v7e-m+fp/hard/libc_nano.a(lib_a-fvwrite.o)
 .debug_info    0x000000000003c187      0xaa6 /usr/lib/gcc/arm-none-eabi/9.2.1/../../../arm-none-eabi/lib/thumb/v7e-m+fp/hard/libc_nano.a(lib_a-nano-msizer.o)
 .debug_info    0x000000000003cc2d      0xd5c /usr/lib/gcc/arm-none-eabi/9.2.1/../../../arm-none-eabi/lib/thumb/v7e-m+fp/hard/libc_nano.a(lib_a-signal.o)
 .debug_info    0x000000000003d989      0xa44 /usr/lib/gcc/arm-none-eabi/9.2.1/../../../arm-none-eabi/lib/thumb/v7e-m+fp/hard/libc_nano.a(lib_a-signalr.o)
 .debug_info    0x000000000003e3cd      0xa9c /usr/lib/gcc/arm-none-eabi/9.2.1/../../../arm-none-eabi/lib/thumb/v7e-m+fp/hard/libm.a(lib_a-s_round.o)
 .debug_info    0x000000000003ee69      0x959 /usr/lib/gcc/arm-none-eabi/9.2.1/../../../arm-none-eabi/lib/thumb/v7e-m+fp/hard/libnosys.a(getpid.o)
 .debug_info    0x000000000003f7c2      0x97c /usr/lib/gcc/arm-none-eabi/9.2.1/../../../arm-none-eabi/lib/thumb/v7e-m+fp/hard/libnosys.a(kill.o)
 .debug_info    0x000000000004013e       0x9d /usr/lib/gcc/arm-none-eabi/9.2.1/../../../arm-none-eabi/lib/thumb/v7e-m+fp/hard/libnosys.a(sbrk.o)
 .debug_info    0x00000000000401db       0xa3 /usr/lib/gcc/arm-none-eabi/9.2.1/../../../arm-none-eabi/lib/thumb/v7e-m+fp/hard/libnosys.a(_exit.o)
 .debug_info    0x000000000004027e       0x26 /usr/lib/gcc/arm-none-eabi/9.2.1/thumb/v7e-m+fp/hard/libgcc.a(_arm_addsubdf3.o)
 .debug_info    0x00000000000402a4       0x26 /usr/lib/gcc/arm-none-eabi/9.2.1/thumb/v7e-m+fp/hard/libgcc.a(_arm_muldivdf3.o)
 .debug_info    0x00000000000402ca       0x26 /usr/lib/gcc/arm-none-eabi/9.2.1/thumb/v7e-m+fp/hard/libgcc.a(_arm_cmpdf2.o)
 .debug_info    0x00000000000402f0       0x26 /usr/lib/gcc/arm-none-eabi/9.2.1/thumb/v7e-m+fp/hard/libgcc.a(_arm_unorddf2.o)
 .debug_info    0x0000000000040316       0x26 /usr/lib/gcc/arm-none-eabi/9.2.1/thumb/v7e-m+fp/hard/libgcc.a(_arm_fixdfsi.o)
 .debug_info    0x000000000004033c       0x26 /usr/lib/gcc/arm-none-eabi/9.2.1/thumb/v7e-m+fp/hard/libgcc.a(_arm_fixunsdfsi.o)
 .debug_info    0x0000000000040362       0x26 /usr/lib/gcc/arm-none-eabi/9.2.1/thumb/v7e-m+fp/hard/libgcc.a(_arm_truncdfsf2.o)
 .debug_info    0x0000000000040388       0x26 /usr/lib/gcc/arm-none-eabi/9.2.1/thumb/v7e-m+fp/hard/libgcc.a(_aeabi_uldivmod.o)