Archive member included to satisfy reference by file (symbol)

/usr/lib/gcc/arm-none-eabi/9.2.1/../../../arm-none-eabi/lib/thumb/v7e-m+fp/hard/libc_nano.a(lib_a-atexit.o)
                              /usr/lib/gcc/arm-none-eabi/9.2.1/../../../arm-none-eabi/lib/thumb/v7e-m+fp/hard/crt0.o (atexit)
/usr/lib/gcc/arm-none-eabi/9.2.1/../../../arm-none-eabi/lib/thumb/v7e-m+fp/hard/libc_nano.a(lib_a-errno.o)
                              build/retarget.o (__errno)
/usr/lib/gcc/arm-none-eabi/9.2.1/../../../arm-none-eabi/lib/thumb/v7e-m+fp/hard/libc_nano.a(lib_a-exit.o)
                              /usr/lib/gcc/arm-none-eabi/9.2.1/../../../arm-none-eabi/lib/thumb/v7e-m+fp/hard/crt0.o (exit)
/usr/lib/gcc/arm-none-eabi/9.2.1/../../../arm-none-eabi/lib/thumb/v7e-m+fp/hard/libc_nano.a(lib_a-fini.o)
                              /usr/lib/gcc/arm-none-eabi/9.2.1/../../../arm-none-eabi/lib/thumb/v7e-m+fp/hard/crt0.o (__libc_fini_array)
/usr/lib/gcc/arm-none-eabi/9.2.1/../../../arm-none-eabi/lib/thumb/v7e-m+fp/hard/libc_nano.a(lib_a-impure.o)
                              /usr/lib/gcc/arm-none-eabi/9.2.1/../../../arm-none-eabi/lib/thumb/v7e-m+fp/hard/libc_nano.a(lib_a-exit.o) (_global_impure_ptr)
/usr/lib/gcc/arm-none-eabi/9.2.1/../../../arm-none-eabi/lib/thumb/v7e-m+fp/hard/libc_nano.a(lib_a-init.o)
                              /usr/lib/gcc/arm-none-eabi/9.2.1/../../../arm-none-eabi/lib/thumb/v7e-m+fp/hard/crt0.o (__libc_init_array)
/usr/lib/gcc/arm-none-eabi/9.2.1/../../../arm-none-eabi/lib/thumb/v7e-m+fp/hard/libc_nano.a(lib_a-memset.o)
                              /usr/lib/gcc/arm-none-eabi/9.2.1/../../../arm-none-eabi/lib/thumb/v7e-m+fp/hard/crt0.o (memset)
/usr/lib/gcc/arm-none-eabi/9.2.1/../../../arm-none-eabi/lib/thumb/v7e-m+fp/hard/libc_nano.a(lib_a-nano-vfprintf_float.o)
                              (_printf_float)
/usr/lib/gcc/arm-none-eabi/9.2.1/../../../arm-none-eabi/lib/thumb/v7e-m+fp/hard/libc_nano.a(lib_a-nano-vfprintf_i.o)
                              /usr/lib/gcc/arm-none-eabi/9.2.1/../../../arm-none-eabi/lib/thumb/v7e-m+fp/hard/libc_nano.a(lib_a-nano-vfprintf_float.o) (_printf_common)
/usr/lib/gcc/arm-none-eabi/9.2.1/../../../arm-none-eabi/lib/thumb/v7e-m+fp/hard/libc_nano.a(lib_a-printf.o)
                              build/main.o (printf)
/usr/lib/gcc/arm-none-eabi/9.2.1/../../../arm-none-eabi/lib/thumb/v7e-m+fp/hard/libc_nano.a(lib_a-setvbuf.o)
                              build/retarget.o (setvbuf)
/usr/lib/gcc/arm-none-eabi/9.2.1/../../../arm-none-eabi/lib/thumb/v7e-m+fp/hard/libc_nano.a(lib_a-strlen.o)
                              /usr/lib/gcc/arm-none-eabi/9.2.1/../../../arm-none-eabi/lib/thumb/v7e-m+fp/hard/libc_nano.a(lib_a-nano-vfprintf_float.o) (strlen)
/usr/lib/gcc/arm-none-eabi/9.2.1/../../../arm-none-eabi/lib/thumb/v7e-m+fp/hard/libc_nano.a(lib_a-__atexit.o)
                              /usr/lib/gcc/arm-none-eabi/9.2.1/../../../arm-none-eabi/lib/thumb/v7e-m+fp/hard/libc_nano.a(lib_a-atexit.o) (__register_exitproc)
/usr/lib/gcc/arm-none-eabi/9.2.1/../../../arm-none-eabi/lib/thumb/v7e-m+fp/hard/libc_nano.a(lib_a-__call_atexit.o)
                              /usr/lib/gcc/arm-none-eabi/9.2.1/../../../arm-none-eabi/lib/thumb/v7e-m+fp/hard/libc_nano.a(lib_a-__atexit.o) (__call_exitprocs)
/usr/lib/gcc/arm-none-eabi/9.2.1/../../../arm-none-eabi/lib/thumb/v7e-m+fp/hard/libc_nano.a(lib_a-dtoa.o)
                              /usr/lib/gcc/arm-none-eabi/9.2.1/../../../arm-none-eabi/lib/thumb/v7e-m+fp/hard/libc_nano.a(lib_a-nano-vfprintf_float.o) (_dtoa_r)
/usr/lib/gcc/arm-none-eabi/9.2.1/../../../arm-none-eabi/lib/thumb/v7e-m+fp/hard/libc_nano.a(lib_a-fflush.o)
                              /usr/lib/gcc/arm-none-eabi/9.2.1/../../../arm-none-eabi/lib/thumb/v7e-m+fp/hard/libc_nano.a(lib_a-setvbuf.o) (_fflush_r)
/usr/lib/gcc/arm-none-eabi/9.2.1/../../../arm-none-eabi/lib/thumb/v7e-m+fp/hard/libc_nano.a(lib_a-findfp.o)
                              /usr/lib/gcc/arm-none-eabi/9.2.1/../../../arm-none-eabi/lib/thumb/v7e-m+fp/hard/libc_nano.a(lib_a-printf.o) (__sinit)
/usr/lib/gcc/arm-none-eabi/9.2.1/../../../arm-none-eabi/lib/thumb/v7e-m+fp/hard/libc_nano.a(lib_a-fwalk.o)
                              /usr/lib/gcc/arm-none-eabi/9.2.1/../../../arm-none-eabi/lib/thumb/v7e-m+fp/hard/libc_nano.a(lib_a-findfp.o) (_fwalk)
/usr/lib/gcc/arm-none-eabi/9.2.1/../../../arm-none-eabi/lib/thumb/v7e-m+fp/hard/libc_nano.a(lib_a-localeconv.o)
                              /usr/lib/gcc/arm-none-eabi/9.2.1/../../../arm-none-eabi/lib/thumb/v7e-m+fp/hard/libc_nano.a(lib_a-nano-vfprintf_float.o) (_localeconv_r)
/usr/lib/gcc/arm-none-eabi/9.2.1/../../../arm-none-eabi/lib/thumb/v7e-m+fp/hard/libc_nano.a(lib_a-makebuf.o)
                              /usr/lib/gcc/arm-none-eabi/9.2.1/../../../arm-none-eabi/lib/thumb/v7e-m+fp/hard/libc_nano.a(lib_a-setvbuf.o) (__swhatbuf_r)
/usr/lib/gcc/arm-none-eabi/9.2.1/../../../arm-none-eabi/lib/thumb/v7e-m+fp/hard/libc_nano.a(lib_a-malloc.o)
[...]
Memory Configuration

Name             Origin             Length             Attributes
RAM              0x0000000020000000 0x0000000000020000 xrw
CCMRAM           0x0000000010000000 0x0000000000010000 xrw
FLASH            0x0000000008000000 0x0000000000080000 xr
*default*        0x0000000000000000 0xffffffffffffffff

Linker script and memory map

LOAD /usr/lib/gcc/arm-none-eabi/9.2.1/thumb/v7e-m+fp/hard/crti.o
LOAD /usr/lib/gcc/arm-none-eabi/9.2.1/thumb/v7e-m+fp/hard/crtbegin.o
LOAD /usr/lib/gcc/arm-none-eabi/9.2.1/../../../arm-none-eabi/lib/thumb/v7e-m+fp/hard/crt0.o
LOAD build/main.o
LOAD build/stm32f4xx_it.o
LOAD build/stm32f4xx_hal_msp.o
LOAD build/stm32f4xx_hal_tim.o
LOAD build/stm32f4xx_hal_tim_ex.o
LOAD build/stm32f4xx_hal_uart.o
LOAD build/stm32f4xx_hal_rcc.o
LOAD build/stm32f4xx_hal_rcc_ex.o
LOAD build/stm32f4xx_hal_flash.o
LOAD build/stm32f4xx_hal_flash_ex.o
LOAD build/stm32f4xx_hal_flash_ramfunc.o
LOAD build/stm32f4xx_hal_gpio.o
LOAD build/stm32f4xx_hal_dma_ex.o
LOAD build/stm32f4xx_hal_dma.o
LOAD build/stm32f4xx_hal_pwr.o
LOAD build/stm32f4xx_hal_pwr_ex.o
LOAD build/stm32f4xx_hal_cortex.o
LOAD build/stm32f4xx_hal.o
LOAD build/stm32f4xx_hal_exti.o
LOAD build/system_stm32f4xx.o
LOAD build/gpio.o
LOAD build/dma.o
LOAD build/usart.o
LOAD build/tim.o
LOAD build/PID.o
LOAD build/frame_resolve.o
LOAD build/retarget.o
LOAD build/startup_stm32f407xx.o
LOAD /usr/lib/gcc/arm-none-eabi/9.2.1/../../../arm-none-eabi/lib/thumb/v7e-m+fp/hard/libc_nano.a
LOAD /usr/lib/gcc/arm-none-eabi/9.2.1/../../../arm-none-eabi/lib/thumb/v7e-m+fp/hard/libm.a
LOAD /usr/lib/gcc/arm-none-eabi/9.2.1/../../../arm-none-eabi/lib/thumb/v7e-m+fp/hard/libnosys.a
START GROUP
LOAD /usr/lib/gcc/arm-none-eabi/9.2.1/thumb/v7e-m+fp/hard/libgcc.a
LOAD /usr/lib/gcc/arm-none-eabi/9.2.1/../../../arm-none-eabi/lib/thumb/v7e-m+fp/hard/libc_nano.a
END GROUP
START GROUP
LOAD /usr/lib/gcc/arm-none-eabi/9.2.1/thumb/v7e-m+fp/hard/libgcc.a
LOAD /usr/lib/gcc/arm-none-eabi/9.2.1/../../../arm-none-eabi/lib/thumb/v7e-m+fp/hard/libc_nano.a
END GROUP
LOAD /usr/lib/gcc/arm-none-eabi/9.2.1/thumb/v7e-m+fp/hard/crtend.o
LOAD /usr/lib/gcc/arm-none-eabi/9.2.1/thumb/v7e-m+fp/hard/crtn.o
                0x0000000020020000                _estack = 0x20020000
                0x0000000000000200                _Min_Heap_Size = 0x200
                0x0000000000000400                _Min_Stack_Size = 0x400

.isr_vector     0x0000000008000000      0x188
                0x0000000008000000                . = ALIGN (0x4)
 *(.isr_vector)
 .isr_vector    0x0000000008000000      0x188 build/startup_stm32f407xx.o
                0x0000000008000000                g_pfnVectors
                0x0000000008000188                . = ALIGN (0x4)

.text           0x00000000080001c0     0x75c4
                0x00000000080001c0                . = ALIGN (0x4)
 *(.text)
 .text          0x00000000080001c0       0x88 /usr/lib/gcc/arm-none-eabi/9.2.1/thumb/v7e-m+fp/hard/crtbegin.o
 .text          0x0000000008000248        0xc /usr/lib/gcc/arm-none-eabi/9.2.1/../../../arm-none-eabi/lib/thumb/v7e-m+fp/hard/libc_nano.a(lib_a-errno.o)
                0x0000000008000248                __errno
 .text          0x0000000008000254       0x48 /usr/lib/gcc/arm-none-eabi/9.2.1/../../../arm-none-eabi/lib/thumb/v7e-m+fp/hard/libc_nano.a(lib_a-init.o)
                0x0000000008000254                __libc_init_array
 .text          0x000000000800029c       0xa0 /usr/lib/gcc/arm-none-eabi/9.2.1/../../../arm-none-eabi/lib/thumb/v7e-m+fp/hard/libc_nano.a(lib_a-memset.o)
                0x000000000800029c                memset
 .text          0x000000000800033c      0x6b8 /usr/lib/gcc/arm-none-eabi/9.2.1/../../../arm-none-eabi/lib/thumb/v7e-m+fp/hard/libc_nano.a(lib_a-nano-vfprintf_float.o)
                0x000000000800033c                __cvt
                0x0000000008000438                __exponent
                0x00000000080004c4                _printf_float
 .text          0x00000000080009f4      0x3c4 /usr/lib/gcc/arm-none-eabi/9.2.1/../../../arm-none-eabi/lib/thumb/v7e-m+fp/hard/libc_nano.a(lib_a-nano-vfprintf_i.o)
                0x00000000080009f4                _printf_common
                0x0000000008000b20                _printf_i
 .text          0x0000000008000db8       0x68 /usr/lib/gcc/arm-none-eabi/9.2.1/../../../arm-none-eabi/lib/thumb/v7e-m+fp/hard/libc_nano.a(lib_a-printf.o)
                0x0000000008000db8                _printf_r
                0x0000000008000db8                _iprintf_r
                0x0000000008000de8                printf
                0x0000000008000de8                iprintf
 .text          0x0000000008000e20      0x178 /usr/lib/gcc/arm-none-eabi/9.2.1/../../../arm-none-eabi/lib/thumb/v7e-m+fp/hard/libc_nano.a(lib_a-setvbuf.o)
                0x0000000008000e20                setvbuf
 *fill*         0x0000000008000f98       0x28 
 .text          0x0000000008000fc0       0xdc /usr/lib/gcc/arm-none-eabi/9.2.1/../../../arm-none-eabi/lib/thumb/v7e-m+fp/hard/libc_nano.a(lib_a-strlen.o)
                0x0000000008000fc0                strlen
 *fill*         0x000000000800109c        0x4 
 .text          0x00000000080010a0      0xffc /usr/lib/gcc/arm-none-eabi/9.2.1/../../../arm-none-eabi/lib/thumb/v7e-m+fp/hard/libc_nano.a(lib_a-dtoa.o)
                0x00000000080011c4                _dtoa_r
 .text          0x000000000800209c      0x1b0 /usr/lib/gcc/arm-none-eabi/9.2.1/../../../arm-none-eabi/lib/thumb/v7e-m+fp/hard/libc_nano.a(lib_a-fflush.o)
                0x000000000800209c                __sflush_r
                0x00000000080021c8                _fflush_r
                0x0000000008002228                fflush
 .text          0x000000000800224c      0x210 /usr/lib/gcc/arm-none-eabi/9.2.1/../../../arm-none-eabi/lib/thumb/v7e-m+fp/hard/libc_nano.a(lib_a-findfp.o)
                0x0000000008002250                _cleanup_r
                0x0000000008002260                __sfmoreglue
                0x0000000008002290                __sfp
                0x0000000008002408                _cleanup
                0x000000000800241c                __sinit
                0x0000000008002424                __sfp_lock_acquire
                0x0000000008002428                __sfp_lock_release
                0x000000000800242c                __sinit_lock_acquire
                0x0000000008002430                __sinit_lock_release
                0x0000000008002434                __fp_lock_all
                0x0000000008002448                __fp_unlock_all
 .text          0x000000000800245c       0xa0 /usr/lib/gcc/arm-none-eabi/9.2.1/../../../arm-none-eabi/lib/thumb/v7e-m+fp/hard/libc_nano.a(lib_a-fwalk.o)
                0x000000000800245c                _fwalk
                0x00000000080024a8                _fwalk_reent
 .text          0x00000000080024fc       0x14 /usr/lib/gcc/arm-none-eabi/9.2.1/../../../arm-none-eabi/lib/thumb/v7e-m+fp/hard/libc_nano.a(lib_a-localeconv.o)
                0x00000000080024fc                __localeconv_l
                0x0000000008002500                _localeconv_r
                0x0000000008002508                localeconv
 .text          0x0000000008002510       0xf0 /usr/lib/gcc/arm-none-eabi/9.2.1/../../../arm-none-eabi/lib/thumb/v7e-m+fp/hard/libc_nano.a(lib_a-makebuf.o)
                0x0000000008002510                __swhatbuf_r
                0x000000000800256c                __smakebuf_r
 .text          0x0000000008002600       0x20 /usr/lib/gcc/arm-none-eabi/9.2.1/../../../arm-none-eabi/lib/thumb/v7e-m+fp/hard/libc_nano.a(lib_a-malloc.o)
                0x0000000008002600                malloc
                0x0000000008002610                free
 .text          0x0000000008002620       0xa0 /usr/lib/gcc/arm-none-eabi/9.2.1/../../../arm-none-eabi/lib/thumb/v7e-m+fp/hard/libc_nano.a(lib_a-memchr.o)
                0x0000000008002620                memchr
 .text          0x00000000080026c0      0x134 /usr/lib/gcc/arm-none-eabi/9.2.1/../../../arm-none-eabi/lib/thumb/v7e-m+fp/hard/libc_nano.a(lib_a-memcpy.o)
                0x00000000080026c0                memcpy
 .text          0x00000000080027f4      0xa38 /usr/lib/gcc/arm-none-eabi/9.2.1/../../../arm-none-eabi/lib/thumb/v7e-m+fp/hard/libc_nano.a(lib_a-mprec.o)
                0x00000000080027f4                _Balloc
                0x0000000008002874                _Bfree
                0x00000000080028c0                __multadd
                0x0000000008002960                __s2b
                0x0000000008002a0c                __hi0bits
                0x0000000008002a4c                __lo0bits
                0x0000000008002aac                __i2b
                0x0000000008002ad8                __multiply
                0x0000000008002c24                __pow5mult
                0x0000000008002ce8                __lshift
                0x0000000008002db0                __mcmp
                0x0000000008002de8                __mdiff
                0x0000000008002f10                __ulp
                0x0000000008002f60                __b2d
                0x0000000008003018                __d2b
                0x00000000080030ec                __ratio
                0x000000000800314c                _mprec_log10
                0x000000000800318c                __copybits
                0x00000000080031d4                __any_on
 .text          0x000000000800322c       0x1c /usr/lib/gcc/arm-none-eabi/9.2.1/../../../arm-none-eabi/lib/thumb/v7e-m+fp/hard/libc_nano.a(lib_a-nano-callocr.o)
                0x000000000800322c                _calloc_r
 .text          0x0000000008003248       0xac /usr/lib/gcc/arm-none-eabi/9.2.1/../../../arm-none-eabi/lib/thumb/v7e-m+fp/hard/libc_nano.a(lib_a-nano-freer.o)
                0x0000000008003248                _free_r
 .text          0x00000000080032f4       0xc8 /usr/lib/gcc/arm-none-eabi/9.2.1/../../../arm-none-eabi/lib/thumb/v7e-m+fp/hard/libc_nano.a(lib_a-nano-mallocr.o)
                0x00000000080032f4                _malloc_r
 .text          0x00000000080033bc      0x364 /usr/lib/gcc/arm-none-eabi/9.2.1/../../../arm-none-eabi/lib/thumb/v7e-m+fp/hard/libc_nano.a(lib_a-nano-vfprintf.o)
                0x00000000080033f8                __sfputs_r
                0x0000000008003428                __sprint_r
                0x0000000008003444                _vfiprintf_r
                0x0000000008003444                _vfprintf_r
                0x0000000008003708                vfiprintf
                0x0000000008003708                vfprintf
 .text          0x0000000008003720       0x24 /usr/lib/gcc/arm-none-eabi/9.2.1/../../../arm-none-eabi/lib/thumb/v7e-m+fp/hard/libc_nano.a(lib_a-sbrkr.o)
                0x0000000008003720                _sbrk_r
 .text          0x0000000008003744       0x90 /usr/lib/gcc/arm-none-eabi/9.2.1/../../../arm-none-eabi/lib/thumb/v7e-m+fp/hard/libc_nano.a(lib_a-stdio.o)
                0x0000000008003744                __sread
                0x0000000008003768                __seofread
                0x000000000800376c                __swrite
                0x00000000080037ac                __sseek
                0x00000000080037cc                __sclose
 .text          0x00000000080037d4       0xc0 /usr/lib/gcc/arm-none-eabi/9.2.1/../../../arm-none-eabi/lib/thumb/v7e-m+fp/hard/libc_nano.a(lib_a-wbuf.o)
                0x00000000080037d4                __swbuf_r
                0x0000000008003884                __swbuf
 .text          0x0000000008003894       0x2c /usr/lib/gcc/arm-none-eabi/9.2.1/../../../arm-none-eabi/lib/thumb/v7e-m+fp/hard/libc_nano.a(lib_a-writer.o)
                0x0000000008003894                _write_r
 .text          0x00000000080038c0      0x100 /usr/lib/gcc/arm-none-eabi/9.2.1/../../../arm-none-eabi/lib/thumb/v7e-m+fp/hard/libc_nano.a(lib_a-wsetup.o)
                0x00000000080038c0                __swsetup_r
 .text          0x00000000080039c0       0x48 /usr/lib/gcc/arm-none-eabi/9.2.1/../../../arm-none-eabi/lib/thumb/v7e-m+fp/hard/libc_nano.a(lib_a-assert.o)
                0x00000000080039c0                __assert_func
                0x00000000080039fc                __assert
 .text          0x0000000008003a08       0x24 /usr/lib/gcc/arm-none-eabi/9.2.1/../../../arm-none-eabi/lib/thumb/v7e-m+fp/hard/libc_nano.a(lib_a-closer.o)
                0x0000000008003a08                _close_r
 .text          0x0000000008003a2c       0x44 /usr/lib/gcc/arm-none-eabi/9.2.1/../../../arm-none-eabi/lib/thumb/v7e-m+fp/hard/libc_nano.a(lib_a-fprintf.o)
                0x0000000008003a2c                _fprintf_r
                0x0000000008003a2c                _fiprintf_r
                0x0000000008003a48                fprintf
                0x0000000008003a48                fiprintf
 .text          0x0000000008003a70       0x28 /usr/lib/gcc/arm-none-eabi/9.2.1/../../../arm-none-eabi/lib/thumb/v7e-m+fp/hard/libc_nano.a(lib_a-fstatr.o)
                0x0000000008003a70                _fstat_r
 .text          0x0000000008003a98      0x308 /usr/lib/gcc/arm-none-eabi/9.2.1/../../../arm-none-eabi/lib/thumb/v7e-m+fp/hard/libc_nano.a(lib_a-fvwrite.o)
                0x0000000008003a98                __sfvwrite_r
 .text          0x0000000008003da0       0x24 /usr/lib/gcc/arm-none-eabi/9.2.1/../../../arm-none-eabi/lib/thumb/v7e-m+fp/hard/libc_nano.a(lib_a-isattyr.o)
                0x0000000008003da0                _isatty_r
 .text          0x0000000008003dc4       0x2c /usr/lib/gcc/arm-none-eabi/9.2.1/../../../arm-none-eabi/lib/thumb/v7e-m+fp/hard/libc_nano.a(lib_a-lseekr.o)
                0x0000000008003dc4                _lseek_r
 .text          0x0000000008003df0       0x40 /usr/lib/gcc/arm-none-eabi/9.2.1/../../../arm-none-eabi/lib/thumb/v7e-m+fp/hard/libc_nano.a(lib_a-mbtowc_r.o)
                0x0000000008003df0                _mbtowc_r
                0x0000000008003e04                __ascii_mbtowc
 .text          0x0000000008003e30       0xd0 /usr/lib/gcc/arm-none-eabi/9.2.1/../../../arm-none-eabi/lib/thumb/v7e-m+fp/hard/libc_nano.a(lib_a-memmove.o)
                0x0000000008003e30                memmove
 .text          0x0000000008003f00        0x8 /usr/lib/gcc/arm-none-eabi/9.2.1/../../../arm-none-eabi/lib/thumb/v7e-m+fp/hard/libc_nano.a(lib_a-mlock.o)
                0x0000000008003f00                __malloc_lock
                0x0000000008003f04                __malloc_unlock
 .text          0x0000000008003f08       0x4c /usr/lib/gcc/arm-none-eabi/9.2.1/../../../arm-none-eabi/lib/thumb/v7e-m+fp/hard/libc_nano.a(lib_a-nano-reallocr.o)
                0x0000000008003f08                _realloc_r
 .text          0x0000000008003f54       0x2c /usr/lib/gcc/arm-none-eabi/9.2.1/../../../arm-none-eabi/lib/thumb/v7e-m+fp/hard/libc_nano.a(lib_a-readr.o)
                0x0000000008003f54                _read_r
 .text          0x0000000008003f80       0x30 /usr/lib/gcc/arm-none-eabi/9.2.1/../../../arm-none-eabi/lib/thumb/v7e-m+fp/hard/libc_nano.a(lib_a-wctomb_r.o)
                0x0000000008003f80                _wctomb_r
                0x0000000008003f94                __ascii_wctomb
 .text          0x0000000008003fb0       0x10 /usr/lib/gcc/arm-none-eabi/9.2.1/../../../arm-none-eabi/lib/thumb/v7e-m+fp/hard/libc_nano.a(lib_a-abort.o)
                0x0000000008003fb0                abort
 .text          0x0000000008003fc0       0x10 /usr/lib/gcc/arm-none-eabi/9.2.1/../../../arm-none-eabi/lib/thumb/v7e-m+fp/hard/libc_nano.a(lib_a-nano-msizer.o)
                0x0000000008003fc0                _malloc_usable_size_r
 .text          0x0000000008003fd0      0x150 /usr/lib/gcc/arm-none-eabi/9.2.1/../../../arm-none-eabi/lib/thumb/v7e-m+fp/hard/libc_nano.a(lib_a-signal.o)
                0x0000000008003ff8                _init_signal_r
                0x0000000008004004                _signal_r
                0x0000000008004038                _raise_r
                0x000000000800408c                __sigtramp_r
                0x00000000080040dc                raise
                0x00000000080040ec                signal
                0x00000000080040fc                _init_signal
                0x0000000008004110                __sigtramp
 .text          0x0000000008004120       0x2c /usr/lib/gcc/arm-none-eabi/9.2.1/../../../arm-none-eabi/lib/thumb/v7e-m+fp/hard/libc_nano.a(lib_a-signalr.o)
                0x0000000008004120                _kill_r
                0x0000000008004148                _getpid_r
 .text          0x000000000800414c       0x10 /usr/lib/gcc/arm-none-eabi/9.2.1/../../../arm-none-eabi/lib/thumb/v7e-m+fp/hard/libnosys.a(getpid.o)
                0x000000000800414c                _getpid
 .text          0x000000000800415c       0x10 /usr/lib/gcc/arm-none-eabi/9.2.1/../../../arm-none-eabi/lib/thumb/v7e-m+fp/hard/libnosys.a(kill.o)
                0x000000000800415c                _kill
 .text          0x000000000800416c       0x1c /usr/lib/gcc/arm-none-eabi/9.2.1/../../../arm-none-eabi/lib/thumb/v7e-m+fp/hard/libnosys.a(sbrk.o)
                0x000000000800416c                _sbrk
 .text          0x0000000008004188        0x4 /usr/lib/gcc/arm-none-eabi/9.2.1/../../../arm-none-eabi/lib/thumb/v7e-m+fp/hard/libnosys.a(_exit.o)
                0x0000000008004188                _exit
 .text          0x000000000800418c      0x378 /usr/lib/gcc/arm-none-eabi/9.2.1/thumb/v7e-m+fp/hard/libgcc.a(_arm_addsubdf3.o)
                0x000000000800418c                __aeabi_drsub
                0x0000000008004194                __aeabi_dsub
                0x0000000008004194                __subdf3
                0x0000000008004198                __adddf3
                0x0000000008004198                __aeabi_dadd
                0x0000000008004410                __aeabi_ui2d
                0x0000000008004410                __floatunsidf
                0x0000000008004430                __floatsidf
                0x0000000008004430                __aeabi_i2d
                0x0000000008004454                __extendsfdf2
                0x0000000008004454                __aeabi_f2d
                0x0000000008004498                __aeabi_ul2d
                0x0000000008004498                __floatundidf
                0x00000000080044a8                __floatdidf
                0x00000000080044a8                __aeabi_l2d
 .text          0x0000000008004504      0x424 /usr/lib/gcc/arm-none-eabi/9.2.1/thumb/v7e-m+fp/hard/libgcc.a(_arm_muldivdf3.o)
                0x0000000008004504                __aeabi_dmul
                0x0000000008004504                __muldf3
                0x0000000008004758                __aeabi_ddiv
                0x0000000008004758                __divdf3
 .text          0x0000000008004928      0x110 /usr/lib/gcc/arm-none-eabi/9.2.1/thumb/v7e-m+fp/hard/libgcc.a(_arm_cmpdf2.o)
                0x0000000008004928                __gtdf2
                0x0000000008004928                __gedf2
                0x0000000008004930                __ltdf2
                0x0000000008004930                __ledf2
                0x0000000008004938                __cmpdf2
                0x0000000008004938                __eqdf2
                0x0000000008004938                __nedf2
                0x00000000080049b4                __aeabi_cdrcmple
                0x00000000080049c4                __aeabi_cdcmple
                0x00000000080049c4                __aeabi_cdcmpeq
                0x00000000080049d4                __aeabi_dcmpeq
                0x00000000080049e8                __aeabi_dcmplt
                0x00000000080049fc                __aeabi_dcmple
                0x0000000008004a10                __aeabi_dcmpge
                0x0000000008004a24                __aeabi_dcmpgt
 .text          0x0000000008004a38       0x2c /usr/lib/gcc/arm-none-eabi/9.2.1/thumb/v7e-m+fp/hard/libgcc.a(_arm_unorddf2.o)
                0x0000000008004a38                __aeabi_dcmpun
                0x0000000008004a38                __unorddf2
 .text          0x0000000008004a64       0x50 /usr/lib/gcc/arm-none-eabi/9.2.1/thumb/v7e-m+fp/hard/libgcc.a(_arm_fixdfsi.o)
                0x0000000008004a64                __fixdfsi
                0x0000000008004a64                __aeabi_d2iz
 .text          0x0000000008004ab4       0x30 /usr/lib/gcc/arm-none-eabi/9.2.1/thumb/v7e-m+fp/hard/libgcc.a(_aeabi_uldivmod.o)
                0x0000000008004ab4                __aeabi_uldivmod
 .text          0x0000000008004ae4      0x2c4 /usr/lib/gcc/arm-none-eabi/9.2.1/thumb/v7e-m+fp/hard/libgcc.a(_udivmoddi4.o)
                0x0000000008004ae4                __udivmoddi4
 .text          0x0000000008004da8        0x4 /usr/lib/gcc/arm-none-eabi/9.2.1/thumb/v7e-m+fp/hard/libgcc.a(_dvmd_tls.o)
                0x0000000008004da8                __aeabi_ldiv0
                0x0000000008004da8                __aeabi_idiv0
 *(.text*)
 .text.HAL_TIM_PeriodElapsedCallback
                0x0000000008004dac       0x10 build/main.o
                0x0000000008004dac                HAL_TIM_PeriodElapsedCallback
 .text.HAL_UART_RxCpltCallback
                0x0000000008004dbc       0x94 build/main.o
                0x0000000008004dbc                HAL_UART_RxCpltCallback
 .text.Error_Handler
                0x0000000008004e50        0x4 build/main.o
                0x0000000008004e50                Error_Handler
 .text.SystemClock_Config
                0x0000000008004e54       0xa8 build/main.o
                0x0000000008004e54                SystemClock_Config
 .text.main     0x0000000008004efc       0xe8 build/main.o
                0x0000000008004efc                main
 .text.NMI_Handler
                0x0000000008004fe4        0x2 build/stm32f4xx_it.o
                0x0000000008004fe4                NMI_Handler
 .text.HardFault_Handler
                0x0000000008004fe6        0x2 build/stm32f4xx_it.o
                0x0000000008004fe6                HardFault_Handler
 .text.MemManage_Handler
                0x0000000008004fe8        0x2 build/stm32f4xx_it.o
                0x0000000008004fe8                MemManage_Handler
 .text.BusFault_Handler
                0x0000000008004fea        0x2 build/stm32f4xx_it.o
                0x0000000008004fea                BusFault_Handler
 .text.UsageFault_Handler
                0x0000000008004fec        0x2 build/stm32f4xx_it.o
                0x0000000008004fec                UsageFault_Handler
 .text.SVC_Handler
                0x0000000008004fee        0x2 build/stm32f4xx_it.o
                0x0000000008004fee                SVC_Handler
 .text.DebugMon_Handler
                0x0000000008004ff0        0x2 build/stm32f4xx_it.o
                0x0000000008004ff0                DebugMon_Handler
 .text.PendSV_Handler
                0x0000000008004ff2        0x2 build/stm32f4xx_it.o
                0x0000000008004ff2                PendSV_Handler
 .text.SysTick_Handler
                0x0000000008004ff4        0x8 build/stm32f4xx_it.o
                0x0000000008004ff4                SysTick_Handler
 .text.TIM4_IRQHandler
                0x0000000008004ffc       0x10 build/stm32f4xx_it.o
                0x0000000008004ffc                TIM4_IRQHandler
 .text.USART1_IRQHandler
                0x000000000800500c       0x10 build/stm32f4xx_it.o
                0x000000000800500c                USART1_IRQHandler
 .text.TIM5_IRQHandler
                0x000000000800501c       0x10 build/stm32f4xx_it.o
                0x000000000800501c                TIM5_IRQHandler
 .text.DMA2_Stream2_IRQHandler
                0x000000000800502c       0x10 build/stm32f4xx_it.o
                0x000000000800502c                DMA2_Stream2_IRQHandler
 .text.DMA2_Stream7_IRQHandler
                0x000000000800503c       0x10 build/stm32f4xx_it.o
                0x000000000800503c                DMA2_Stream7_IRQHandler
 .text.HAL_MspInit
                0x000000000800504c       0x38 build/stm32f4xx_hal_msp.o
                0x000000000800504c                HAL_MspInit
 .text.TIM_OC1_SetConfig
                0x0000000008005084       0x68 build/stm32f4xx_hal_tim.o
 .text.TIM_OC3_SetConfig
                0x00000000080050ec       0x70 build/stm32f4xx_hal_tim.o
 .text.TIM_OC4_SetConfig
                0x000000000800515c       0x50 build/stm32f4xx_hal_tim.o
 .text.TIM_TI1_ConfigInputStage
                0x00000000080051ac       0x24 build/stm32f4xx_hal_tim.o
 .text.TIM_TI2_ConfigInputStage
                0x00000000080051d0       0x26 build/stm32f4xx_hal_tim.o
 .text.TIM_ITRx_SetConfig
                0x00000000080051f6       0x10 build/stm32f4xx_hal_tim.o
 .text.HAL_TIM_PWM_MspInit
                0x0000000008005206        0x2 build/stm32f4xx_hal_tim.o
                0x0000000008005206                HAL_TIM_PWM_MspInit
 .text.HAL_TIM_OC_DelayElapsedCallback
                0x0000000008005208        0x2 build/stm32f4xx_hal_tim.o
                0x0000000008005208                HAL_TIM_OC_DelayElapsedCallback
 .text.HAL_TIM_IC_CaptureCallback
                0x000000000800520a        0x2 build/stm32f4xx_hal_tim.o
                0x000000000800520a                HAL_TIM_IC_CaptureCallback
 .text.HAL_TIM_PWM_PulseFinishedCallback
                0x000000000800520c        0x2 build/stm32f4xx_hal_tim.o
                0x000000000800520c                HAL_TIM_PWM_PulseFinishedCallback
 .text.HAL_TIM_TriggerCallback
                0x000000000800520e        0x2 build/stm32f4xx_hal_tim.o
                0x000000000800520e                HAL_TIM_TriggerCallback
 .text.HAL_TIM_IRQHandler
                0x0000000008005210      0x17a build/stm32f4xx_hal_tim.o
                0x0000000008005210                HAL_TIM_IRQHandler
 *fill*         0x000000000800538a        0x2 
 .text.TIM_Base_SetConfig
                0x000000000800538c       0xc8 build/stm32f4xx_hal_tim.o
                0x000000000800538c                TIM_Base_SetConfig
 .text.HAL_TIM_Base_Init
                0x0000000008005454       0x58 build/stm32f4xx_hal_tim.o
                0x0000000008005454                HAL_TIM_Base_Init
 .text.HAL_TIM_PWM_Init
                0x00000000080054ac       0x58 build/stm32f4xx_hal_tim.o
                0x00000000080054ac                HAL_TIM_PWM_Init
 .text.HAL_TIM_Encoder_Init
                0x0000000008005504       0xb0 build/stm32f4xx_hal_tim.o
                0x0000000008005504                HAL_TIM_Encoder_Init
 .text.TIM_OC2_SetConfig
                0x00000000080055b4       0x70 build/stm32f4xx_hal_tim.o
                0x00000000080055b4                TIM_OC2_SetConfig
 .text.HAL_TIM_PWM_ConfigChannel
                0x0000000008005624       0xd0 build/stm32f4xx_hal_tim.o
                0x0000000008005624                HAL_TIM_PWM_ConfigChannel
 .text.TIM_ETR_SetConfig
                0x00000000080056f4       0x18 build/stm32f4xx_hal_tim.o
                0x00000000080056f4                TIM_ETR_SetConfig
 .text.HAL_TIM_ConfigClockSource
                0x000000000800570c       0xda build/stm32f4xx_hal_tim.o
                0x000000000800570c                HAL_TIM_ConfigClockSource
 *fill*         0x00000000080057e6        0x2 
 .text.HAL_TIMEx_MasterConfigSynchronization
                0x00000000080057e8       0x88 build/stm32f4xx_hal_tim_ex.o
                0x00000000080057e8                HAL_TIMEx_MasterConfigSynchronization
 .text.HAL_TIMEx_CommutCallback
                0x0000000008005870        0x2 build/stm32f4xx_hal_tim_ex.o
                0x0000000008005870                HAL_TIMEx_CommutCallback
 .text.HAL_TIMEx_BreakCallback
                0x0000000008005872        0x2 build/stm32f4xx_hal_tim_ex.o
                0x0000000008005872                HAL_TIMEx_BreakCallback
 .text.UART_EndTxTransfer
                0x0000000008005874       0x12 build/stm32f4xx_hal_uart.o
 .text.UART_EndRxTransfer
                0x0000000008005886       0x32 build/stm32f4xx_hal_uart.o
 .text.UART_Transmit_IT
                0x00000000080058b8       0x60 build/stm32f4xx_hal_uart.o
 .text.UART_SetConfig
                0x0000000008005918      0x11c build/stm32f4xx_hal_uart.o
 .text.UART_WaitOnFlagUntilTimeout
                0x0000000008005a34       0x68 build/stm32f4xx_hal_uart.o
 .text.HAL_UART_Init
                0x0000000008005a9c       0x5e build/stm32f4xx_hal_uart.o
                0x0000000008005a9c                HAL_UART_Init
 .text.HAL_UART_Transmit
                0x0000000008005afa       0xd8 build/stm32f4xx_hal_uart.o
                0x0000000008005afa                HAL_UART_Transmit
 .text.HAL_UART_Receive
                0x0000000008005bd2       0xe4 build/stm32f4xx_hal_uart.o
                0x0000000008005bd2                HAL_UART_Receive
 .text.HAL_UART_TxCpltCallback
                0x0000000008005cb6        0x2 build/stm32f4xx_hal_uart.o
                0x0000000008005cb6                HAL_UART_TxCpltCallback
 .text.UART_EndTransmit_IT
                0x0000000008005cb8       0x1a build/stm32f4xx_hal_uart.o
 .text.HAL_UART_RxHalfCpltCallback
                0x0000000008005cd2        0x2 build/stm32f4xx_hal_uart.o
                0x0000000008005cd2                HAL_UART_RxHalfCpltCallback
 .text.HAL_UART_ErrorCallback
                0x0000000008005cd4        0x2 build/stm32f4xx_hal_uart.o
                0x0000000008005cd4                HAL_UART_ErrorCallback
 .text.UART_DMAError
                0x0000000008005cd6       0x58 build/stm32f4xx_hal_uart.o
 .text.UART_DMAAbortOnError
                0x0000000008005d2e       0x10 build/stm32f4xx_hal_uart.o
 .text.HAL_UARTEx_RxEventCallback
                0x0000000008005d3e        0x2 build/stm32f4xx_hal_uart.o
                0x0000000008005d3e                HAL_UARTEx_RxEventCallback
 .text.UART_Receive_IT
                0x0000000008005d40       0xba build/stm32f4xx_hal_uart.o
 *fill*         0x0000000008005dfa        0x2 
 .text.HAL_UART_IRQHandler
                0x0000000008005dfc      0x208 build/stm32f4xx_hal_uart.o
                0x0000000008005dfc                HAL_UART_IRQHandler
 .text.UART_DMARxHalfCplt
                0x0000000008006004       0x1a build/stm32f4xx_hal_uart.o
 .text.UART_DMAReceiveCplt
                0x000000000800601e       0x5e build/stm32f4xx_hal_uart.o
 .text.UART_Start_Receive_DMA
                0x000000000800607c       0x78 build/stm32f4xx_hal_uart.o
                0x000000000800607c                UART_Start_Receive_DMA
 .text.HAL_UART_Receive_DMA
                0x00000000080060f4       0x38 build/stm32f4xx_hal_uart.o
                0x00000000080060f4                HAL_UART_Receive_DMA
 .text.HAL_RCC_OscConfig
                0x000000000800612c      0x3f8 build/stm32f4xx_hal_rcc.o
                0x000000000800612c                HAL_RCC_OscConfig
 .text.HAL_RCC_GetSysClockFreq
                0x0000000008006524       0xcc build/stm32f4xx_hal_rcc.o
                0x0000000008006524                HAL_RCC_GetSysClockFreq
 .text.HAL_RCC_ClockConfig
                0x00000000080065f0      0x160 build/stm32f4xx_hal_rcc.o
                0x00000000080065f0                HAL_RCC_ClockConfig
 .text.HAL_RCC_GetHCLKFreq
                0x0000000008006750        0xc build/stm32f4xx_hal_rcc.o
                0x0000000008006750                HAL_RCC_GetHCLKFreq
 .text.HAL_RCC_GetPCLK1Freq
                0x000000000800675c       0x20 build/stm32f4xx_hal_rcc.o
                0x000000000800675c                HAL_RCC_GetPCLK1Freq
 .text.HAL_RCC_GetPCLK2Freq
                0x000000000800677c       0x20 build/stm32f4xx_hal_rcc.o
                0x000000000800677c                HAL_RCC_GetPCLK2Freq
 .text.HAL_GPIO_Init
                0x000000000800679c      0x1d4 build/stm32f4xx_hal_gpio.o
                0x000000000800679c                HAL_GPIO_Init
 .text.HAL_GPIO_WritePin
                0x0000000008006970        0xc build/stm32f4xx_hal_gpio.o
                0x0000000008006970                HAL_GPIO_WritePin
 .text.HAL_GPIO_TogglePin
                0x000000000800697c       0x12 build/stm32f4xx_hal_gpio.o
                0x000000000800697c                HAL_GPIO_TogglePin
 .text.DMA_SetConfig
                0x000000000800698e       0x2c build/stm32f4xx_hal_dma.o
 *fill*         0x00000000080069ba        0x2 
 .text.DMA_CalcBaseAndBitshift
                0x00000000080069bc       0x44 build/stm32f4xx_hal_dma.o
 .text.DMA_CheckFifoParam
                0x0000000008006a00       0x8e build/stm32f4xx_hal_dma.o
 *fill*         0x0000000008006a8e        0x2 
 .text.HAL_DMA_Init
                0x0000000008006a90       0xcc build/stm32f4xx_hal_dma.o
                0x0000000008006a90                HAL_DMA_Init
 .text.HAL_DMA_Start_IT
                0x0000000008006b5c       0x6a build/stm32f4xx_hal_dma.o
                0x0000000008006b5c                HAL_DMA_Start_IT
 .text.HAL_DMA_Abort
                0x0000000008006bc6       0x94 build/stm32f4xx_hal_dma.o
                0x0000000008006bc6                HAL_DMA_Abort
 .text.HAL_DMA_Abort_IT
                0x0000000008006c5a       0x26 build/stm32f4xx_hal_dma.o
                0x0000000008006c5a                HAL_DMA_Abort_IT
 .text.HAL_DMA_IRQHandler
                0x0000000008006c80      0x1dc build/stm32f4xx_hal_dma.o
                0x0000000008006c80                HAL_DMA_IRQHandler
 .text.HAL_NVIC_SetPriorityGrouping
                0x0000000008006e5c       0x24 build/stm32f4xx_hal_cortex.o
                0x0000000008006e5c                HAL_NVIC_SetPriorityGrouping
 .text.HAL_NVIC_SetPriority
                0x0000000008006e80       0x68 build/stm32f4xx_hal_cortex.o
                0x0000000008006e80                HAL_NVIC_SetPriority
 .text.HAL_NVIC_EnableIRQ
                0x0000000008006ee8       0x1c build/stm32f4xx_hal_cortex.o
                0x0000000008006ee8                HAL_NVIC_EnableIRQ
 .text.HAL_SYSTICK_Config
                0x0000000008006f04       0x2c build/stm32f4xx_hal_cortex.o
                0x0000000008006f04                HAL_SYSTICK_Config
 .text.HAL_InitTick
                0x0000000008006f30       0x4c build/stm32f4xx_hal.o
                0x0000000008006f30                HAL_InitTick
 .text.HAL_Init
                0x0000000008006f7c       0x34 build/stm32f4xx_hal.o
                0x0000000008006f7c                HAL_Init
 .text.HAL_IncTick
                0x0000000008006fb0       0x18 build/stm32f4xx_hal.o
                0x0000000008006fb0                HAL_IncTick
 .text.HAL_GetTick
                0x0000000008006fc8        0xc build/stm32f4xx_hal.o
                0x0000000008006fc8                HAL_GetTick
 .text.HAL_Delay
                0x0000000008006fd4       0x28 build/stm32f4xx_hal.o
                0x0000000008006fd4                HAL_Delay
 .text.SystemInit
                0x0000000008006ffc       0x14 build/system_stm32f4xx.o
                0x0000000008006ffc                SystemInit
 .text.MX_GPIO_Init
                0x0000000008007010       0xb4 build/gpio.o
                0x0000000008007010                MX_GPIO_Init
 .text.MX_DMA_Init
                0x00000000080070c4       0x44 build/dma.o
                0x00000000080070c4                MX_DMA_Init
 .text.MX_USART1_UART_Init
                0x0000000008007108       0x34 build/usart.o
                0x0000000008007108                MX_USART1_UART_Init
 .text.HAL_UART_MspInit
                0x000000000800713c       0xfc build/usart.o
                0x000000000800713c                HAL_UART_MspInit
 .text.MX_TIM2_Init
                0x0000000008007238       0x64 build/tim.o
                0x0000000008007238                MX_TIM2_Init
 .text.MX_TIM3_Init
                0x000000000800729c       0x68 build/tim.o
                0x000000000800729c                MX_TIM3_Init
 .text.MX_TIM5_Init
                0x0000000008007304       0x70 build/tim.o
                0x0000000008007304                MX_TIM5_Init
 .text.HAL_TIM_Encoder_MspInit
                0x0000000008007374       0xc4 build/tim.o
                0x0000000008007374                HAL_TIM_Encoder_MspInit
 .text.HAL_TIM_Base_MspInit
                0x0000000008007438       0x74 build/tim.o
                0x0000000008007438                HAL_TIM_Base_MspInit
 .text.HAL_TIM_MspPostInit
                0x00000000080074ac       0x5c build/tim.o
                0x00000000080074ac                HAL_TIM_MspPostInit
 .text.MX_TIM4_Init
                0x0000000008007508       0xc0 build/tim.o
                0x0000000008007508                MX_TIM4_Init
 .text.checksum
                0x00000000080075c8       0x16 build/frame_resolve.o
                0x00000000080075c8                checksum
 .text.resolveRxFrame
                0x00000000080075de       0x58 build/frame_resolve.o
                0x00000000080075de                resolveRxFrame
 *fill*         0x0000000008007636        0x2 
 .text.RetargetInit
                0x0000000008007638       0x20 build/retarget.o
                0x0000000008007638                RetargetInit
 .text._isatty  0x0000000008007658       0x16 build/retarget.o
                0x0000000008007658                _isatty
 *fill*         0x000000000800766e        0x2 
 .text._write   0x0000000008007670       0x34 build/retarget.o
                0x0000000008007670                _write
 .text._close   0x00000000080076a4       0x18 build/retarget.o
                0x00000000080076a4                _close
 .text._lseek   0x00000000080076bc       0x10 build/retarget.o
                0x00000000080076bc                _lseek
 .text._read    0x00000000080076cc       0x30 build/retarget.o
                0x00000000080076cc                _read
 .text._fstat   0x00000000080076fc       0x1a build/retarget.o
                0x00000000080076fc                _fstat
 *fill*         0x0000000008007716        0x2 
 .text.Reset_Handler
                0x0000000008007718       0x50 build/startup_stm32f407xx.o
                0x0000000008007718                Reset_Handler
 .text.Default_Handler
                0x0000000008007768        0x2 build/startup_stm32f407xx.o
                0x0000000008007768                RTC_Alarm_IRQHandler
                0x0000000008007768                HASH_RNG_IRQHandler
                0x0000000008007768                EXTI2_IRQHandler
                0x0000000008007768                TIM8_CC_IRQHandler
                0x0000000008007768                TIM1_CC_IRQHandler
                0x0000000008007768                DMA2_Stream5_IRQHandler
                0x0000000008007768                DMA1_Stream5_IRQHandler
                0x0000000008007768                PVD_IRQHandler
                0x0000000008007768                SDIO_IRQHandler
                0x0000000008007768                TAMP_STAMP_IRQHandler
                0x0000000008007768                CAN2_RX1_IRQHandler
                0x0000000008007768                EXTI3_IRQHandler
                0x0000000008007768                TIM8_TRG_COM_TIM14_IRQHandler
                0x0000000008007768                TIM1_UP_TIM10_IRQHandler
                0x0000000008007768                TIM8_UP_TIM13_IRQHandler
                0x0000000008007768                I2C3_ER_IRQHandler
                0x0000000008007768                EXTI0_IRQHandler
                0x0000000008007768                I2C2_EV_IRQHandler
                0x0000000008007768                DMA1_Stream2_IRQHandler
                0x0000000008007768                CAN1_RX0_IRQHandler
                0x0000000008007768                FPU_IRQHandler
                0x0000000008007768                OTG_HS_WKUP_IRQHandler
                0x0000000008007768                CAN2_SCE_IRQHandler
                0x0000000008007768                SPI1_IRQHandler
                0x0000000008007768                TIM6_DAC_IRQHandler
                0x0000000008007768                TIM1_BRK_TIM9_IRQHandler
                0x0000000008007768                DCMI_IRQHandler
                0x0000000008007768                CAN2_RX0_IRQHandler
                0x0000000008007768                DMA2_Stream3_IRQHandler
                0x0000000008007768                USART6_IRQHandler
                0x0000000008007768                USART3_IRQHandler
                0x0000000008007768                CAN1_RX1_IRQHandler
                0x0000000008007768                UART5_IRQHandler
                0x0000000008007768                DMA2_Stream0_IRQHandler
                0x0000000008007768                I2C1_EV_IRQHandler
                0x0000000008007768                DMA1_Stream6_IRQHandler
                0x0000000008007768                DMA1_Stream1_IRQHandler
                0x0000000008007768                UART4_IRQHandler
                0x0000000008007768                TIM3_IRQHandler
                0x0000000008007768                RCC_IRQHandler
                0x0000000008007768                TIM8_BRK_TIM12_IRQHandler
                0x0000000008007768                Default_Handler
                0x0000000008007768                EXTI15_10_IRQHandler
                0x0000000008007768                ADC_IRQHandler
                0x0000000008007768                DMA1_Stream7_IRQHandler
                0x0000000008007768                TIM7_IRQHandler
                0x0000000008007768                CAN2_TX_IRQHandler
                0x0000000008007768                I2C3_EV_IRQHandler
                0x0000000008007768                EXTI9_5_IRQHandler
                0x0000000008007768                RTC_WKUP_IRQHandler
                0x0000000008007768                ETH_WKUP_IRQHandler
                0x0000000008007768                SPI2_IRQHandler
                0x0000000008007768                OTG_HS_EP1_IN_IRQHandler
                0x0000000008007768                DMA1_Stream0_IRQHandler
                0x0000000008007768                CAN1_TX_IRQHandler
                0x0000000008007768                EXTI4_IRQHandler
                0x0000000008007768                FSMC_IRQHandler
                0x0000000008007768                ETH_IRQHandler
                0x0000000008007768                OTG_HS_EP1_OUT_IRQHandler
                0x0000000008007768                WWDG_IRQHandler
                0x0000000008007768                TIM2_IRQHandler
                0x0000000008007768                OTG_FS_WKUP_IRQHandler
                0x0000000008007768                TIM1_TRG_COM_TIM11_IRQHandler
                0x0000000008007768                OTG_HS_IRQHandler
                0x0000000008007768                EXTI1_IRQHandler
                0x0000000008007768                USART2_IRQHandler
                0x0000000008007768                I2C2_ER_IRQHandler
                0x0000000008007768                DMA2_Stream1_IRQHandler
                0x0000000008007768                CAN1_SCE_IRQHandler
                0x0000000008007768                FLASH_IRQHandler
                0x0000000008007768                DMA2_Stream4_IRQHandler
                0x0000000008007768                OTG_FS_IRQHandler
                0x0000000008007768                SPI3_IRQHandler
                0x0000000008007768                DMA1_Stream4_IRQHandler
                0x0000000008007768                I2C1_ER_IRQHandler
                0x0000000008007768                DMA2_Stream6_IRQHandler
                0x0000000008007768                DMA1_Stream3_IRQHandler
 *(.glue_7)
 .glue_7        0x000000000800776a        0x0 linker stubs
 *(.glue_7t)
 .glue_7t       0x000000000800776a        0x0 linker stubs
 *(.eh_frame)
 *fill*         0x000000000800776a        0x2 
 .eh_frame      0x000000000800776c        0x0 /usr/lib/gcc/arm-none-eabi/9.2.1/thumb/v7e-m+fp/hard/crtbegin.o
 *(.init)
 .init          0x000000000800776c        0x4 /usr/lib/gcc/arm-none-eabi/9.2.1/thumb/v7e-m+fp/hard/crti.o
                0x000000000800776c                _init
 .init          0x0000000008007770        0x8 /usr/lib/gcc/arm-none-eabi/9.2.1/thumb/v7e-m+fp/hard/crtn.o
 *(.fini)
 .fini          0x0000000008007778        0x4 /usr/lib/gcc/arm-none-eabi/9.2.1/thumb/v7e-m+fp/hard/crti.o
                0x0000000008007778                _fini
 .fini          0x000000000800777c        0x8 /usr/lib/gcc/arm-none-eabi/9.2.1/thumb/v7e-m+fp/hard/crtn.o
                0x0000000008007784                . = ALIGN (0x4)
                0x0000000008007784                _etext = .

.vfp11_veneer   0x0000000008007784        0x0
 .vfp11_veneer  0x0000000008007784        0x0 linker stubs

.v4_bx          0x0000000008007784        0x0
 .v4_bx         0x0000000008007784        0x0 linker stubs

.iplt           0x0000000008007784        0x0
 .iplt          0x0000000008007784        0x0 /usr/lib/gcc/arm-none-eabi/9.2.1/thumb/v7e-m+fp/hard/crtbegin.o

.rodata         0x0000000008007788      0x410
                0x0000000008007788                . = ALIGN (0x4)
 *(.rodata)
 .rodata        0x0000000008007788        0x4 /usr/lib/gcc/arm-none-eabi/9.2.1/../../../arm-none-eabi/lib/thumb/v7e-m+fp/hard/libc_nano.a(lib_a-impure.o)
                0x0000000008007788                _global_impure_ptr
 .rodata        0x000000000800778c       0x60 /usr/lib/gcc/arm-none-eabi/9.2.1/../../../arm-none-eabi/lib/thumb/v7e-m+fp/hard/libc_nano.a(lib_a-findfp.o)
                0x000000000800778c                __sf_fake_stderr
                0x00000000080077ac                __sf_fake_stdout
                0x00000000080077cc                __sf_fake_stdin
 *fill*         0x00000000080077ec        0x4 
 .rodata        0x00000000080077f0      0x128 /usr/lib/gcc/arm-none-eabi/9.2.1/../../../arm-none-eabi/lib/thumb/v7e-m+fp/hard/libc_nano.a(lib_a-mprec.o)
                0x0000000008007800                __mprec_tens
                0x00000000080078c8                __mprec_tinytens
                0x00000000080078f0                __mprec_bigtens
 .rodata        0x0000000008007918      0x101 /usr/lib/gcc/arm-none-eabi/9.2.1/../../../arm-none-eabi/lib/thumb/v7e-m+fp/hard/libc_nano.a(lib_a-ctype_.o)
                0x0000000008007918                _ctype_
 *(.rodata*)
 *fill*         0x0000000008007a19        0x3 
 .rodata.main.str1.4
                0x0000000008007a1c       0x15 build/main.o
 *fill*         0x0000000008007a31        0x3 
 .rodata.flagBitshiftOffset.8289
                0x0000000008007a34        0x8 build/stm32f4xx_hal_dma.o
 .rodata.AHBPrescTable
                0x0000000008007a3c       0x10 build/system_stm32f4xx.o
                0x0000000008007a3c                AHBPrescTable
 .rodata.APBPrescTable
                0x0000000008007a4c        0x8 build/system_stm32f4xx.o
                0x0000000008007a4c                APBPrescTable
 .rodata.str1.4
                0x0000000008007a54       0x12 /usr/lib/gcc/arm-none-eabi/9.2.1/../../../arm-none-eabi/lib/thumb/v7e-m+fp/hard/libc_nano.a(lib_a-nano-vfprintf_float.o)
 *fill*         0x0000000008007a66        0x2 
 .rodata.str1.4
                0x0000000008007a68       0x25 /usr/lib/gcc/arm-none-eabi/9.2.1/../../../arm-none-eabi/lib/thumb/v7e-m+fp/hard/libc_nano.a(lib_a-nano-vfprintf_i.o)
 *fill*         0x0000000008007a8d        0x3 
 .rodata.str1.4
                0x0000000008007a90       0x6d /usr/lib/gcc/arm-none-eabi/9.2.1/../../../arm-none-eabi/lib/thumb/v7e-m+fp/hard/libc_nano.a(lib_a-dtoa.o)
                                         0x71 (size before relaxing)
 *fill*         0x0000000008007afd        0x3 
 .rodata.str1.4
                0x0000000008007b00       0x33 /usr/lib/gcc/arm-none-eabi/9.2.1/../../../arm-none-eabi/lib/thumb/v7e-m+fp/hard/libc_nano.a(lib_a-mprec.o)
                                         0x5d (size before relaxing)
 *fill*         0x0000000008007b33        0x1 
 .rodata.str1.4
                0x0000000008007b34       0x13 /usr/lib/gcc/arm-none-eabi/9.2.1/../../../arm-none-eabi/lib/thumb/v7e-m+fp/hard/libc_nano.a(lib_a-nano-vfprintf.o)
 *fill*         0x0000000008007b47        0x1 
 .rodata.str1.4
                0x0000000008007b48       0x3f /usr/lib/gcc/arm-none-eabi/9.2.1/../../../arm-none-eabi/lib/thumb/v7e-m+fp/hard/libc_nano.a(lib_a-assert.o)
                                         0x43 (size before relaxing)
 *fill*         0x0000000008007b87        0x1 
 .rodata.str1.4
                0x0000000008007b88        0xe /usr/lib/gcc/arm-none-eabi/9.2.1/../../../arm-none-eabi/lib/thumb/v7e-m+fp/hard/libc_nano.a(lib_a-locale.o)
                                         0x12 (size before relaxing)
                0x0000000008007b98                . = ALIGN (0x4)
 *fill*         0x0000000008007b96        0x2 

.ARM.extab
 *(.ARM.extab* .gnu.linkonce.armextab.*)

.ARM            0x0000000008007b98        0x8
                0x0000000008007b98                __exidx_start = .
 *(.ARM.exidx*)
 .ARM.exidx     0x0000000008007b98        0x8 /usr/lib/gcc/arm-none-eabi/9.2.1/thumb/v7e-m+fp/hard/libgcc.a(_udivmoddi4.o)
                0x0000000008007ba0                __exidx_end = .

.rel.dyn        0x0000000008007ba0        0x0
 .rel.iplt      0x0000000008007ba0        0x0 /usr/lib/gcc/arm-none-eabi/9.2.1/thumb/v7e-m+fp/hard/crtbegin.o

.preinit_array  0x0000000008007ba0        0x0
                0x0000000008007ba0                PROVIDE (__preinit_array_start = .)
 *(.preinit_array*)
                0x0000000008007ba0                PROVIDE (__preinit_array_end = .)

.init_array     0x0000000008007ba0        0x4
                0x0000000008007ba0                PROVIDE (__init_array_start = .)
 *(SORT_BY_NAME(.init_array.*))
 *(.init_array*)
 .init_array    0x0000000008007ba0        0x4 /usr/lib/gcc/arm-none-eabi/9.2.1/thumb/v7e-m+fp/hard/crtbegin.o
                0x0000000008007ba4                PROVIDE (__init_array_end = .)

.fini_array     0x0000000008007ba4        0x4
                0x0000000008007ba4                PROVIDE (__fini_array_start = .)
 *(SORT_BY_NAME(.fini_array.*))
 *(.fini_array*)
 .fini_array    0x0000000008007ba4        0x4 /usr/lib/gcc/arm-none-eabi/9.2.1/thumb/v7e-m+fp/hard/crtbegin.o
                0x0000000008007ba8                PROVIDE (__fini_array_end = .)
                0x0000000008007ba8                _sidata = LOADADDR (.data)

.data           0x0000000020000000      0x1dc load address 0x0000000008007ba8
                0x0000000020000000                . = ALIGN (0x4)
                0x0000000020000000                _sdata = .
 *(.data)
 .data          0x0000000020000000       0x64 /usr/lib/gcc/arm-none-eabi/9.2.1/../../../arm-none-eabi/lib/thumb/v7e-m+fp/hard/libc_nano.a(lib_a-impure.o)
                0x0000000020000000                _impure_ptr
 .data          0x0000000020000064      0x16c /usr/lib/gcc/arm-none-eabi/9.2.1/../../../arm-none-eabi/lib/thumb/v7e-m+fp/hard/libc_nano.a(lib_a-locale.o)
                0x0000000020000064                __global_locale
 *(.data*)
 .data.uwTickFreq
                0x00000000200001d0        0x1 build/stm32f4xx_hal.o
                0x00000000200001d0                uwTickFreq
 *fill*         0x00000000200001d1        0x3 
 .data.uwTickPrio
                0x00000000200001d4        0x4 build/stm32f4xx_hal.o
                0x00000000200001d4                uwTickPrio
 .data.SystemCoreClock
                0x00000000200001d8        0x4 build/system_stm32f4xx.o
                0x00000000200001d8                SystemCoreClock
                0x00000000200001dc                . = ALIGN (0x4)
                0x00000000200001dc                _edata = .
                0x0000000008007d84                _siccmram = LOADADDR (.ccmram)

.tm_clone_table
                0x00000000200001dc        0x0 load address 0x0000000008007d84
 .tm_clone_table
                0x00000000200001dc        0x0 /usr/lib/gcc/arm-none-eabi/9.2.1/thumb/v7e-m+fp/hard/crtbegin.o
 .tm_clone_table
                0x00000000200001dc        0x0 /usr/lib/gcc/arm-none-eabi/9.2.1/thumb/v7e-m+fp/hard/crtend.o

.igot.plt       0x00000000200001dc        0x0 load address 0x0000000008007d84
 .igot.plt      0x00000000200001dc        0x0 /usr/lib/gcc/arm-none-eabi/9.2.1/thumb/v7e-m+fp/hard/crtbegin.o

.ccmram         0x0000000010000000        0x0 load address 0x0000000008007d84
                0x0000000010000000                . = ALIGN (0x4)
                0x0000000010000000                _sccmram = .
 *(.ccmram)
 *(.ccmram*)
                0x0000000010000000                . = ALIGN (0x4)
                0x0000000010000000                _eccmram = .
                0x0000000010000000                . = ALIGN (0x4)

.bss            0x00000000200001dc      0x298
                0x00000000200001dc                _sbss = .
                0x00000000200001dc                __bss_start__ = _sbss
 *(.bss)
 .bss           0x00000000200001dc       0x1c /usr/lib/gcc/arm-none-eabi/9.2.1/thumb/v7e-m+fp/hard/crtbegin.o
 .bss           0x00000000200001f8        0x8 /usr/lib/gcc/arm-none-eabi/9.2.1/../../../arm-none-eabi/lib/thumb/v7e-m+fp/hard/libc_nano.a(lib_a-nano-mallocr.o)
                0x00000000200001f8                __malloc_free_list
                0x00000000200001fc                __malloc_sbrk_start
 .bss           0x0000000020000200        0x4 /usr/lib/gcc/arm-none-eabi/9.2.1/../../../arm-none-eabi/lib/thumb/v7e-m+fp/hard/libnosys.a(sbrk.o)
 *(.bss*)
 .bss.ready_flag
                0x0000000020000204        0x1 build/main.o
                0x0000000020000204                ready_flag
 .bss.vel_update_flag
                0x0000000020000205        0x1 build/main.o
                0x0000000020000205                vel_update_flag
 *(COMMON)
 *fill*         0x0000000020000206        0x2 
 COMMON         0x0000000020000208       0x3a build/main.o
                0x0000000020000208                rx_buffer
                0x0000000020000218                tx_buffer
                0x0000000020000228                last_a_vel
                0x000000002000022c                last_l_vel
                0x0000000020000230                data
                0x0000000020000238                linear_vel
                0x000000002000023c                angular_vel
                0x0000000020000240                last_rx
                0x0000000020000241                prev_rx
 *fill*         0x0000000020000242        0x2 
 COMMON         0x0000000020000244        0x4 build/stm32f4xx_hal.o
                0x0000000020000244                uwTick
 COMMON         0x0000000020000248      0x104 build/usart.o
                0x0000000020000248                hdma_usart1_tx
                0x00000000200002a8                hdma_usart1_rx
                0x0000000020000308                huart1
 COMMON         0x000000002000034c      0x120 build/tim.o
                0x000000002000034c                htim4
                0x0000000020000394                htim5
                0x00000000200003dc                htim3
                0x0000000020000424                htim2
 COMMON         0x000000002000046c        0x4 build/retarget.o
                0x000000002000046c                gHuart
 COMMON         0x0000000020000470        0x4 /usr/lib/gcc/arm-none-eabi/9.2.1/../../../arm-none-eabi/lib/thumb/v7e-m+fp/hard/libc_nano.a(lib_a-reent.o)
                0x0000000020000470                errno
                0x0000000020000474                . = ALIGN (0x4)
                0x0000000020000474                _ebss = .
                0x0000000020000474                __bss_end__ = _ebss

._user_heap_stack
                0x0000000020000474      0x604
                0x0000000020000478                . = ALIGN (0x8)
 *fill*         0x0000000020000474        0x4 
                0x0000000020000478                PROVIDE (end = .)
                [!provide]                        PROVIDE (_end = .)
                0x0000000020000678                . = (. + _Min_Heap_Size)
 *fill*         0x0000000020000478      0x200 
                0x0000000020000a78                . = (. + _Min_Stack_Size)
 *fill*         0x0000000020000678      0x400 
                0x0000000020000a78                . = ALIGN (0x8)

/DISCARD/
 libc.a(*)
 libm.a(*)
 libgcc.a(*)

.ARM.attributes
                0x0000000000000000       0x30
 *(.ARM.attributes)
 .ARM.attributes
                0x0000000000000000       0x1e /usr/lib/gcc/arm-none-eabi/9.2.1/thumb/v7e-m+fp/hard/crti.o
 .ARM.attributes
                0x000000000000001e       0x34 /usr/lib/gcc/arm-none-eabi/9.2.1/thumb/v7e-m+fp/hard/crtbegin.o
 .ARM.attributes
                0x0000000000000052       0x34 build/main.o
 .ARM.attributes
                0x0000000000000086       0x34 build/stm32f4xx_it.o
 .ARM.attributes
                0x00000000000000ba       0x34 build/stm32f4xx_hal_msp.o
 .ARM.attributes
                0x00000000000000ee       0x34 build/stm32f4xx_hal_tim.o
 .ARM.attributes
                0x0000000000000122       0x34 build/stm32f4xx_hal_tim_ex.o
 .ARM.attributes
                0x0000000000000156       0x34 build/stm32f4xx_hal_uart.o
 .ARM.attributes
                0x000000000000018a       0x34 build/stm32f4xx_hal_rcc.o
 .ARM.attributes
                0x00000000000001be       0x34 build/stm32f4xx_hal_gpio.o
 .ARM.attributes
                0x00000000000001f2       0x34 build/stm32f4xx_hal_dma.o
 .ARM.attributes
                0x0000000000000226       0x34 build/stm32f4xx_hal_cortex.o
 .ARM.attributes
                0x000000000000025a       0x34 build/stm32f4xx_hal.o
 .ARM.attributes
                0x000000000000028e       0x34 build/system_stm32f4xx.o
 .ARM.attributes
                0x00000000000002c2       0x34 build/gpio.o
 .ARM.attributes
                0x00000000000002f6       0x34 build/dma.o
 .ARM.attributes
                0x000000000000032a       0x34 build/usart.o
 .ARM.attributes
                0x000000000000035e       0x34 build/tim.o
 .ARM.attributes
                0x0000000000000392       0x34 build/frame_resolve.o
 .ARM.attributes
                0x00000000000003c6       0x34 build/retarget.o
 .ARM.attributes
                0x00000000000003fa       0x21 build/startup_stm32f407xx.o
 .ARM.attributes
                0x000000000000041b       0x34 /usr/lib/gcc/arm-none-eabi/9.2.1/../../../arm-none-eabi/lib/thumb/v7e-m+fp/hard/libc_nano.a(lib_a-errno.o)
 .ARM.attributes
                0x000000000000044f       0x32 /usr/lib/gcc/arm-none-eabi/9.2.1/../../../arm-none-eabi/lib/thumb/v7e-m+fp/hard/libc_nano.a(lib_a-impure.o)
 .ARM.attributes
                0x0000000000000481       0x34 /usr/lib/gcc/arm-none-eabi/9.2.1/../../../arm-none-eabi/lib/thumb/v7e-m+fp/hard/libc_nano.a(lib_a-init.o)
 .ARM.attributes
                0x00000000000004b5       0x34 /usr/lib/gcc/arm-none-eabi/9.2.1/../../../arm-none-eabi/lib/thumb/v7e-m+fp/hard/libc_nano.a(lib_a-memset.o)
 .ARM.attributes
                0x00000000000004e9       0x34 /usr/lib/gcc/arm-none-eabi/9.2.1/../../../arm-none-eabi/lib/thumb/v7e-m+fp/hard/libc_nano.a(lib_a-nano-vfprintf_float.o)
 .ARM.attributes
                0x000000000000051d       0x34 /usr/lib/gcc/arm-none-eabi/9.2.1/../../../arm-none-eabi/lib/thumb/v7e-m+fp/hard/libc_nano.a(lib_a-nano-vfprintf_i.o)
 .ARM.attributes
                0x0000000000000551       0x34 /usr/lib/gcc/arm-none-eabi/9.2.1/../../../arm-none-eabi/lib/thumb/v7e-m+fp/hard/libc_nano.a(lib_a-printf.o)
 .ARM.attributes
                0x0000000000000585       0x34 /usr/lib/gcc/arm-none-eabi/9.2.1/../../../arm-none-eabi/lib/thumb/v7e-m+fp/hard/libc_nano.a(lib_a-setvbuf.o)
 .ARM.attributes
                0x00000000000005b9       0x1c /usr/lib/gcc/arm-none-eabi/9.2.1/../../../arm-none-eabi/lib/thumb/v7e-m+fp/hard/libc_nano.a(lib_a-strlen.o)
 .ARM.attributes
                0x00000000000005d5       0x34 /usr/lib/gcc/arm-none-eabi/9.2.1/../../../arm-none-eabi/lib/thumb/v7e-m+fp/hard/libc_nano.a(lib_a-dtoa.o)
 .ARM.attributes
                0x0000000000000609       0x34 /usr/lib/gcc/arm-none-eabi/9.2.1/../../../arm-none-eabi/lib/thumb/v7e-m+fp/hard/libc_nano.a(lib_a-fflush.o)
 .ARM.attributes
                0x000000000000063d       0x34 /usr/lib/gcc/arm-none-eabi/9.2.1/../../../arm-none-eabi/lib/thumb/v7e-m+fp/hard/libc_nano.a(lib_a-findfp.o)
 .ARM.attributes
                0x0000000000000671       0x34 /usr/lib/gcc/arm-none-eabi/9.2.1/../../../arm-none-eabi/lib/thumb/v7e-m+fp/hard/libc_nano.a(lib_a-fwalk.o)
 .ARM.attributes
                0x00000000000006a5       0x34 /usr/lib/gcc/arm-none-eabi/9.2.1/../../../arm-none-eabi/lib/thumb/v7e-m+fp/hard/libc_nano.a(lib_a-localeconv.o)
 .ARM.attributes
                0x00000000000006d9       0x34 /usr/lib/gcc/arm-none-eabi/9.2.1/../../../arm-none-eabi/lib/thumb/v7e-m+fp/hard/libc_nano.a(lib_a-makebuf.o)
 .ARM.attributes
                0x000000000000070d       0x34 /usr/lib/gcc/arm-none-eabi/9.2.1/../../../arm-none-eabi/lib/thumb/v7e-m+fp/hard/libc_nano.a(lib_a-malloc.o)
 .ARM.attributes
                0x0000000000000741       0x1c /usr/lib/gcc/arm-none-eabi/9.2.1/../../../arm-none-eabi/lib/thumb/v7e-m+fp/hard/libc_nano.a(lib_a-memchr.o)
 .ARM.attributes
                0x000000000000075d       0x1c /usr/lib/gcc/arm-none-eabi/9.2.1/../../../arm-none-eabi/lib/thumb/v7e-m+fp/hard/libc_nano.a(lib_a-memcpy.o)
 .ARM.attributes
                0x0000000000000779       0x34 /usr/lib/gcc/arm-none-eabi/9.2.1/../../../arm-none-eabi/lib/thumb/v7e-m+fp/hard/libc_nano.a(lib_a-mprec.o)
 .ARM.attributes
                0x00000000000007ad       0x34 /usr/lib/gcc/arm-none-eabi/9.2.1/../../../arm-none-eabi/lib/thumb/v7e-m+fp/hard/libc_nano.a(lib_a-nano-callocr.o)
 .ARM.attributes
                0x00000000000007e1       0x34 /usr/lib/gcc/arm-none-eabi/9.2.1/../../../arm-none-eabi/lib/thumb/v7e-m+fp/hard/libc_nano.a(lib_a-nano-freer.o)
 .ARM.attributes
                0x0000000000000815       0x34 /usr/lib/gcc/arm-none-eabi/9.2.1/../../../arm-none-eabi/lib/thumb/v7e-m+fp/hard/libc_nano.a(lib_a-nano-mallocr.o)
 .ARM.attributes
                0x0000000000000849       0x34 /usr/lib/gcc/arm-none-eabi/9.2.1/../../../arm-none-eabi/lib/thumb/v7e-m+fp/hard/libc_nano.a(lib_a-nano-vfprintf.o)
 .ARM.attributes
                0x000000000000087d       0x34 /usr/lib/gcc/arm-none-eabi/9.2.1/../../../arm-none-eabi/lib/thumb/v7e-m+fp/hard/libc_nano.a(lib_a-sbrkr.o)
 .ARM.attributes
                0x00000000000008b1       0x34 /usr/lib/gcc/arm-none-eabi/9.2.1/../../../arm-none-eabi/lib/thumb/v7e-m+fp/hard/libc_nano.a(lib_a-stdio.o)
 .ARM.attributes
                0x00000000000008e5       0x34 /usr/lib/gcc/arm-none-eabi/9.2.1/../../../arm-none-eabi/lib/thumb/v7e-m+fp/hard/libc_nano.a(lib_a-wbuf.o)
 .ARM.attributes
                0x0000000000000919       0x34 /usr/lib/gcc/arm-none-eabi/9.2.1/../../../arm-none-eabi/lib/thumb/v7e-m+fp/hard/libc_nano.a(lib_a-writer.o)
 .ARM.attributes
                0x000000000000094d       0x34 /usr/lib/gcc/arm-none-eabi/9.2.1/../../../arm-none-eabi/lib/thumb/v7e-m+fp/hard/libc_nano.a(lib_a-wsetup.o)
 .ARM.attributes
                0x0000000000000981       0x34 /usr/lib/gcc/arm-none-eabi/9.2.1/../../../arm-none-eabi/lib/thumb/v7e-m+fp/hard/libc_nano.a(lib_a-assert.o)
 .ARM.attributes
                0x00000000000009b5       0x34 /usr/lib/gcc/arm-none-eabi/9.2.1/../../../arm-none-eabi/lib/thumb/v7e-m+fp/hard/libc_nano.a(lib_a-closer.o)
 .ARM.attributes
                0x00000000000009e9       0x34 /usr/lib/gcc/arm-none-eabi/9.2.1/../../../arm-none-eabi/lib/thumb/v7e-m+fp/hard/libc_nano.a(lib_a-fprintf.o)
 .ARM.attributes
                0x0000000000000a1d       0x34 /usr/lib/gcc/arm-none-eabi/9.2.1/../../../arm-none-eabi/lib/thumb/v7e-m+fp/hard/libc_nano.a(lib_a-fstatr.o)
 .ARM.attributes
                0x0000000000000a51       0x34 /usr/lib/gcc/arm-none-eabi/9.2.1/../../../arm-none-eabi/lib/thumb/v7e-m+fp/hard/libc_nano.a(lib_a-fvwrite.o)
 .ARM.attributes
                0x0000000000000a85       0x34 /usr/lib/gcc/arm-none-eabi/9.2.1/../../../arm-none-eabi/lib/thumb/v7e-m+fp/hard/libc_nano.a(lib_a-isattyr.o)
 .ARM.attributes
                0x0000000000000ab9       0x34 /usr/lib/gcc/arm-none-eabi/9.2.1/../../../arm-none-eabi/lib/thumb/v7e-m+fp/hard/libc_nano.a(lib_a-locale.o)
 .ARM.attributes
                0x0000000000000aed       0x34 /usr/lib/gcc/arm-none-eabi/9.2.1/../../../arm-none-eabi/lib/thumb/v7e-m+fp/hard/libc_nano.a(lib_a-lseekr.o)
 .ARM.attributes
                0x0000000000000b21       0x34 /usr/lib/gcc/arm-none-eabi/9.2.1/../../../arm-none-eabi/lib/thumb/v7e-m+fp/hard/libc_nano.a(lib_a-mbtowc_r.o)
 .ARM.attributes
                0x0000000000000b55       0x34 /usr/lib/gcc/arm-none-eabi/9.2.1/../../../arm-none-eabi/lib/thumb/v7e-m+fp/hard/libc_nano.a(lib_a-memmove.o)
 .ARM.attributes
                0x0000000000000b89       0x34 /usr/lib/gcc/arm-none-eabi/9.2.1/../../../arm-none-eabi/lib/thumb/v7e-m+fp/hard/libc_nano.a(lib_a-mlock.o)
 .ARM.attributes
                0x0000000000000bbd       0x34 /usr/lib/gcc/arm-none-eabi/9.2.1/../../../arm-none-eabi/lib/thumb/v7e-m+fp/hard/libc_nano.a(lib_a-nano-reallocr.o)
 .ARM.attributes
                0x0000000000000bf1       0x34 /usr/lib/gcc/arm-none-eabi/9.2.1/../../../arm-none-eabi/lib/thumb/v7e-m+fp/hard/libc_nano.a(lib_a-readr.o)
 .ARM.attributes
                0x0000000000000c25       0x34 /usr/lib/gcc/arm-none-eabi/9.2.1/../../../arm-none-eabi/lib/thumb/v7e-m+fp/hard/libc_nano.a(lib_a-reent.o)
 .ARM.attributes
                0x0000000000000c59       0x34 /usr/lib/gcc/arm-none-eabi/9.2.1/../../../arm-none-eabi/lib/thumb/v7e-m+fp/hard/libc_nano.a(lib_a-wctomb_r.o)
 .ARM.attributes
                0x0000000000000c8d       0x34 /usr/lib/gcc/arm-none-eabi/9.2.1/../../../arm-none-eabi/lib/thumb/v7e-m+fp/hard/libc_nano.a(lib_a-abort.o)
 .ARM.attributes
                0x0000000000000cc1       0x32 /usr/lib/gcc/arm-none-eabi/9.2.1/../../../arm-none-eabi/lib/thumb/v7e-m+fp/hard/libc_nano.a(lib_a-ctype_.o)
 .ARM.attributes
                0x0000000000000cf3       0x34 /usr/lib/gcc/arm-none-eabi/9.2.1/../../../arm-none-eabi/lib/thumb/v7e-m+fp/hard/libc_nano.a(lib_a-nano-msizer.o)
 .ARM.attributes
                0x0000000000000d27       0x34 /usr/lib/gcc/arm-none-eabi/9.2.1/../../../arm-none-eabi/lib/thumb/v7e-m+fp/hard/libc_nano.a(lib_a-signal.o)
 .ARM.attributes
                0x0000000000000d5b       0x34 /usr/lib/gcc/arm-none-eabi/9.2.1/../../../arm-none-eabi/lib/thumb/v7e-m+fp/hard/libc_nano.a(lib_a-signalr.o)
 .ARM.attributes
                0x0000000000000d8f       0x34 /usr/lib/gcc/arm-none-eabi/9.2.1/../../../arm-none-eabi/lib/thumb/v7e-m+fp/hard/libnosys.a(getpid.o)
 .ARM.attributes
                0x0000000000000dc3       0x34 /usr/lib/gcc/arm-none-eabi/9.2.1/../../../arm-none-eabi/lib/thumb/v7e-m+fp/hard/libnosys.a(kill.o)
 .ARM.attributes
                0x0000000000000df7       0x34 /usr/lib/gcc/arm-none-eabi/9.2.1/../../../arm-none-eabi/lib/thumb/v7e-m+fp/hard/libnosys.a(sbrk.o)
 .ARM.attributes
                0x0000000000000e2b       0x34 /usr/lib/gcc/arm-none-eabi/9.2.1/../../../arm-none-eabi/lib/thumb/v7e-m+fp/hard/libnosys.a(_exit.o)
 .ARM.attributes
                0x0000000000000e5f       0x1e /usr/lib/gcc/arm-none-eabi/9.2.1/thumb/v7e-m+fp/hard/libgcc.a(_arm_addsubdf3.o)
 .ARM.attributes
                0x0000000000000e7d       0x1e /usr/lib/gcc/arm-none-eabi/9.2.1/thumb/v7e-m+fp/hard/libgcc.a(_arm_muldivdf3.o)
 .ARM.attributes
                0x0000000000000e9b       0x1e /usr/lib/gcc/arm-none-eabi/9.2.1/thumb/v7e-m+fp/hard/libgcc.a(_arm_cmpdf2.o)
 .ARM.attributes
                0x0000000000000eb9       0x1e /usr/lib/gcc/arm-none-eabi/9.2.1/thumb/v7e-m+fp/hard/libgcc.a(_arm_unorddf2.o)
 .ARM.attributes
                0x0000000000000ed7       0x1e /usr/lib/gcc/arm-none-eabi/9.2.1/thumb/v7e-m+fp/hard/libgcc.a(_arm_fixdfsi.o)
 .ARM.attributes
                0x0000000000000ef5       0x1e /usr/lib/gcc/arm-none-eabi/9.2.1/thumb/v7e-m+fp/hard/libgcc.a(_aeabi_uldivmod.o)
 .ARM.attributes
                0x0000000000000f13       0x34 /usr/lib/gcc/arm-none-eabi/9.2.1/thumb/v7e-m+fp/hard/libgcc.a(_udivmoddi4.o)
 .ARM.attributes
                0x0000000000000f47       0x1e /usr/lib/gcc/arm-none-eabi/9.2.1/thumb/v7e-m+fp/hard/libgcc.a(_dvmd_tls.o)
 .ARM.attributes
                0x0000000000000f65       0x32 /usr/lib/gcc/arm-none-eabi/9.2.1/thumb/v7e-m+fp/hard/crtend.o
 .ARM.attributes
                0x0000000000000f97       0x1e /usr/lib/gcc/arm-none-eabi/9.2.1/thumb/v7e-m+fp/hard/crtn.o
OUTPUT(build/base_control.elf elf32-littlearm)
LOAD linker stubs
LOAD /usr/lib/gcc/arm-none-eabi/9.2.1/../../../arm-none-eabi/lib/thumb/v7e-m+fp/hard/libc.a
LOAD /usr/lib/gcc/arm-none-eabi/9.2.1/../../../arm-none-eabi/lib/thumb/v7e-m+fp/hard/libm.a
LOAD /usr/lib/gcc/arm-none-eabi/9.2.1/thumb/v7e-m+fp/hard/libgcc.a

.comment        0x0000000000000000       0xa7
 .comment       0x0000000000000000       0x59 /usr/lib/gcc/arm-none-eabi/9.2.1/thumb/v7e-m+fp/hard/crtbegin.o
                                         0x5a (size before relaxing)
 .comment       0x0000000000000059       0x5a build/main.o
 .comment       0x0000000000000059       0x5a build/stm32f4xx_it.o
 .comment       0x0000000000000059       0x5a build/stm32f4xx_hal_msp.o
 .comment       0x0000000000000059       0x5a build/stm32f4xx_hal_tim.o
 .comment       0x0000000000000059       0x5a build/stm32f4xx_hal_tim_ex.o
 .comment       0x0000000000000059       0x5a build/stm32f4xx_hal_uart.o
 .comment       0x0000000000000059       0x5a build/stm32f4xx_hal_rcc.o
 .comment       0x0000000000000059       0x5a build/stm32f4xx_hal_gpio.o
 .comment       0x0000000000000059       0x5a build/stm32f4xx_hal_dma.o
 .comment       0x0000000000000059       0x5a build/stm32f4xx_hal_cortex.o
 .comment       0x0000000000000059       0x5a build/stm32f4xx_hal.o
 .comment       0x0000000000000059       0x5a build/system_stm32f4xx.o
 .comment       0x0000000000000059       0x5a build/gpio.o
 .comment       0x0000000000000059       0x5a build/dma.o
 .comment       0x0000000000000059       0x5a build/usart.o
 .comment       0x0000000000000059       0x5a build/tim.o
 .comment       0x0000000000000059       0x5a build/frame_resolve.o
 .comment       0x0000000000000059       0x5a build/retarget.o
 .comment       0x0000000000000059       0x4e /usr/lib/gcc/arm-none-eabi/9.2.1/../../../arm-none-eabi/lib/thumb/v7e-m+fp/hard/libc_nano.a(lib_a-errno.o)
                                         0x4f (size before relaxing)
 .comment       0x00000000000000a7       0x4f /usr/lib/gcc/arm-none-eabi/9.2.1/../../../arm-none-eabi/lib/thumb/v7e-m+fp/hard/libc_nano.a(lib_a-impure.o)
 .comment       0x00000000000000a7       0x4f /usr/lib/gcc/arm-none-eabi/9.2.1/../../../arm-none-eabi/lib/thumb/v7e-m+fp/hard/libc_nano.a(lib_a-init.o)
 .comment       0x00000000000000a7       0x4f /usr/lib/gcc/arm-none-eabi/9.2.1/../../../arm-none-eabi/lib/thumb/v7e-m+fp/hard/libc_nano.a(lib_a-memset.o)
 .comment       0x00000000000000a7       0x4f /usr/lib/gcc/arm-none-eabi/9.2.1/../../../arm-none-eabi/lib/thumb/v7e-m+fp/hard/libc_nano.a(lib_a-nano-vfprintf_float.o)
 .comment       0x00000000000000a7       0x4f /usr/lib/gcc/arm-none-eabi/9.2.1/../../../arm-none-eabi/lib/thumb/v7e-m+fp/hard/libc_nano.a(lib_a-nano-vfprintf_i.o)
 .comment       0x00000000000000a7       0x4f /usr/lib/gcc/arm-none-eabi/9.2.1/../../../arm-none-eabi/lib/thumb/v7e-m+fp/hard/libc_nano.a(lib_a-printf.o)
 .comment       0x00000000000000a7       0x4f /usr/lib/gcc/arm-none-eabi/9.2.1/../../../arm-none-eabi/lib/thumb/v7e-m+fp/hard/libc_nano.a(lib_a-setvbuf.o)
 .comment       0x00000000000000a7       0x4f /usr/lib/gcc/arm-none-eabi/9.2.1/../../../arm-none-eabi/lib/thumb/v7e-m+fp/hard/libc_nano.a(lib_a-dtoa.o)
 .comment       0x00000000000000a7       0x4f /usr/lib/gcc/arm-none-eabi/9.2.1/../../../arm-none-eabi/lib/thumb/v7e-m+fp/hard/libc_nano.a(lib_a-fflush.o)
 .comment       0x00000000000000a7       0x4f /usr/lib/gcc/arm-none-eabi/9.2.1/../../../arm-none-eabi/lib/thumb/v7e-m+fp/hard/libc_nano.a(lib_a-findfp.o)
 .comment       0x00000000000000a7       0x4f /usr/lib/gcc/arm-none-eabi/9.2.1/../../../arm-none-eabi/lib/thumb/v7e-m+fp/hard/libc_nano.a(lib_a-fwalk.o)
 .comment       0x00000000000000a7       0x4f /usr/lib/gcc/arm-none-eabi/9.2.1/../../../arm-none-eabi/lib/thumb/v7e-m+fp/hard/libc_nano.a(lib_a-localeconv.o)
 .comment       0x00000000000000a7       0x4f /usr/lib/gcc/arm-none-eabi/9.2.1/../../../arm-none-eabi/lib/thumb/v7e-m+fp/hard/libc_nano.a(lib_a-makebuf.o)
 .comment       0x00000000000000a7       0x4f /usr/lib/gcc/arm-none-eabi/9.2.1/../../../arm-none-eabi/lib/thumb/v7e-m+fp/hard/libc_nano.a(lib_a-malloc.o)
 .comment       0x00000000000000a7       0x4f /usr/lib/gcc/arm-none-eabi/9.2.1/../../../arm-none-eabi/lib/thumb/v7e-m+fp/hard/libc_nano.a(lib_a-mprec.o)
 .comment       0x00000000000000a7       0x4f /usr/lib/gcc/arm-none-eabi/9.2.1/../../../arm-none-eabi/lib/thumb/v7e-m+fp/hard/libc_nano.a(lib_a-nano-callocr.o)
 .comment       0x00000000000000a7       0x4f /usr/lib/gcc/arm-none-eabi/9.2.1/../../../arm-none-eabi/lib/thumb/v7e-m+fp/hard/libc_nano.a(lib_a-nano-freer.o)
 .comment       0x00000000000000a7       0x4f /usr/lib/gcc/arm-none-eabi/9.2.1/../../../arm-none-eabi/lib/thumb/v7e-m+fp/hard/libc_nano.a(lib_a-nano-mallocr.o)
 .comment       0x00000000000000a7       0x4f /usr/lib/gcc/arm-none-eabi/9.2.1/../../../arm-none-eabi/lib/thumb/v7e-m+fp/hard/libc_nano.a(lib_a-nano-vfprintf.o)
 .comment       0x00000000000000a7       0x4f /usr/lib/gcc/arm-none-eabi/9.2.1/../../../arm-none-eabi/lib/thumb/v7e-m+fp/hard/libc_nano.a(lib_a-sbrkr.o)
 .comment       0x00000000000000a7       0x4f /usr/lib/gcc/arm-none-eabi/9.2.1/../../../arm-none-eabi/lib/thumb/v7e-m+fp/hard/libc_nano.a(lib_a-stdio.o)
 .comment       0x00000000000000a7       0x4f /usr/lib/gcc/arm-none-eabi/9.2.1/../../../arm-none-eabi/lib/thumb/v7e-m+fp/hard/libc_nano.a(lib_a-wbuf.o)
 .comment       0x00000000000000a7       0x4f /usr/lib/gcc/arm-none-eabi/9.2.1/../../../arm-none-eabi/lib/thumb/v7e-m+fp/hard/libc_nano.a(lib_a-writer.o)
 .comment       0x00000000000000a7       0x4f /usr/lib/gcc/arm-none-eabi/9.2.1/../../../arm-none-eabi/lib/thumb/v7e-m+fp/hard/libc_nano.a(lib_a-wsetup.o)
 .comment       0x00000000000000a7       0x4f /usr/lib/gcc/arm-none-eabi/9.2.1/../../../arm-none-eabi/lib/thumb/v7e-m+fp/hard/libc_nano.a(lib_a-assert.o)
 .comment       0x00000000000000a7       0x4f /usr/lib/gcc/arm-none-eabi/9.2.1/../../../arm-none-eabi/lib/thumb/v7e-m+fp/hard/libc_nano.a(lib_a-closer.o)
 .comment       0x00000000000000a7       0x4f /usr/lib/gcc/arm-none-eabi/9.2.1/../../../arm-none-eabi/lib/thumb/v7e-m+fp/hard/libc_nano.a(lib_a-fprintf.o)
 .comment       0x00000000000000a7       0x4f /usr/lib/gcc/arm-none-eabi/9.2.1/../../../arm-none-eabi/lib/thumb/v7e-m+fp/hard/libc_nano.a(lib_a-fstatr.o)
 .comment       0x00000000000000a7       0x4f /usr/lib/gcc/arm-none-eabi/9.2.1/../../../arm-none-eabi/lib/thumb/v7e-m+fp/hard/libc_nano.a(lib_a-fvwrite.o)
 .comment       0x00000000000000a7       0x4f /usr/lib/gcc/arm-none-eabi/9.2.1/../../../arm-none-eabi/lib/thumb/v7e-m+fp/hard/libc_nano.a(lib_a-isattyr.o)
 .comment       0x00000000000000a7       0x4f /usr/lib/gcc/arm-none-eabi/9.2.1/../../../arm-none-eabi/lib/thumb/v7e-m+fp/hard/libc_nano.a(lib_a-locale.o)
 .comment       0x00000000000000a7       0x4f /usr/lib/gcc/arm-none-eabi/9.2.1/../../../arm-none-eabi/lib/thumb/v7e-m+fp/hard/libc_nano.a(lib_a-lseekr.o)
 .comment       0x00000000000000a7       0x4f /usr/lib/gcc/arm-none-eabi/9.2.1/../../../arm-none-eabi/lib/thumb/v7e-m+fp/hard/libc_nano.a(lib_a-mbtowc_r.o)
 .comment       0x00000000000000a7       0x4f /usr/lib/gcc/arm-none-eabi/9.2.1/../../../arm-none-eabi/lib/thumb/v7e-m+fp/hard/libc_nano.a(lib_a-memmove.o)
 .comment       0x00000000000000a7       0x4f /usr/lib/gcc/arm-none-eabi/9.2.1/../../../arm-none-eabi/lib/thumb/v7e-m+fp/hard/libc_nano.a(lib_a-mlock.o)
 .comment       0x00000000000000a7       0x4f /usr/lib/gcc/arm-none-eabi/9.2.1/../../../arm-none-eabi/lib/thumb/v7e-m+fp/hard/libc_nano.a(lib_a-nano-reallocr.o)
 .comment       0x00000000000000a7       0x4f /usr/lib/gcc/arm-none-eabi/9.2.1/../../../arm-none-eabi/lib/thumb/v7e-m+fp/hard/libc_nano.a(lib_a-readr.o)
 .comment       0x00000000000000a7       0x4f /usr/lib/gcc/arm-none-eabi/9.2.1/../../../arm-none-eabi/lib/thumb/v7e-m+fp/hard/libc_nano.a(lib_a-reent.o)
 .comment       0x00000000000000a7       0x4f /usr/lib/gcc/arm-none-eabi/9.2.1/../../../arm-none-eabi/lib/thumb/v7e-m+fp/hard/libc_nano.a(lib_a-wctomb_r.o)
 .comment       0x00000000000000a7       0x4f /usr/lib/gcc/arm-none-eabi/9.2.1/../../../arm-none-eabi/lib/thumb/v7e-m+fp/hard/libc_nano.a(lib_a-abort.o)
 .comment       0x00000000000000a7       0x4f /usr/lib/gcc/arm-none-eabi/9.2.1/../../../arm-none-eabi/lib/thumb/v7e-m+fp/hard/libc_nano.a(lib_a-ctype_.o)
 .comment       0x00000000000000a7       0x4f /usr/lib/gcc/arm-none-eabi/9.2.1/../../../arm-none-eabi/lib/thumb/v7e-m+fp/hard/libc_nano.a(lib_a-nano-msizer.o)
 .comment       0x00000000000000a7       0x4f /usr/lib/gcc/arm-none-eabi/9.2.1/../../../arm-none-eabi/lib/thumb/v7e-m+fp/hard/libc_nano.a(lib_a-signal.o)
 .comment       0x00000000000000a7       0x4f /usr/lib/gcc/arm-none-eabi/9.2.1/../../../arm-none-eabi/lib/thumb/v7e-m+fp/hard/libc_nano.a(lib_a-signalr.o)
 .comment       0x00000000000000a7       0x4f /usr/lib/gcc/arm-none-eabi/9.2.1/../../../arm-none-eabi/lib/thumb/v7e-m+fp/hard/libnosys.a(getpid.o)
 .comment       0x00000000000000a7       0x4f /usr/lib/gcc/arm-none-eabi/9.2.1/../../../arm-none-eabi/lib/thumb/v7e-m+fp/hard/libnosys.a(kill.o)
 .comment       0x00000000000000a7       0x4f /usr/lib/gcc/arm-none-eabi/9.2.1/../../../arm-none-eabi/lib/thumb/v7e-m+fp/hard/libnosys.a(sbrk.o)
 .comment       0x00000000000000a7       0x4f /usr/lib/gcc/arm-none-eabi/9.2.1/../../../arm-none-eabi/lib/thumb/v7e-m+fp/hard/libnosys.a(_exit.o)
 .comment       0x00000000000000a7       0x5a /usr/lib/gcc/arm-none-eabi/9.2.1/thumb/v7e-m+fp/hard/libgcc.a(_udivmoddi4.o)
 .comment       0x00000000000000a7       0x5a /usr/lib/gcc/arm-none-eabi/9.2.1/thumb/v7e-m+fp/hard/crtend.o

.debug_info     0x0000000000000000    0x3d5c6
 .debug_info    0x0000000000000000     0x1e0f build/main.o
 .debug_info    0x0000000000001e0f     0x15d4 build/stm32f4xx_it.o
 .debug_info    0x00000000000033e3      0x3c1 build/stm32f4xx_hal_msp.o
 .debug_info    0x00000000000037a4     0x3ed2 build/stm32f4xx_hal_tim.o
 .debug_info    0x0000000000007676     0x1c8b build/stm32f4xx_hal_tim_ex.o
 .debug_info    0x0000000000009301     0x1f12 build/stm32f4xx_hal_uart.o
 .debug_info    0x000000000000b213      0xc08 build/stm32f4xx_hal_rcc.o
 .debug_info    0x000000000000be1b      0x8fa build/stm32f4xx_hal_gpio.o
 .debug_info    0x000000000000c715      0xc67 build/stm32f4xx_hal_dma.o
 .debug_info    0x000000000000d37c     0x121a build/stm32f4xx_hal_cortex.o
 .debug_info    0x000000000000e596      0xb3a build/stm32f4xx_hal.o
 .debug_info    0x000000000000f0d0      0x618 build/system_stm32f4xx.o
 .debug_info    0x000000000000f6e8      0x5e3 build/gpio.o
 .debug_info    0x000000000000fccb      0x653 build/dma.o
 .debug_info    0x000000000001031e      0xe9b build/usart.o
 .debug_info    0x00000000000111b9     0x15da build/tim.o
 .debug_info    0x0000000000012793      0xd25 build/frame_resolve.o
 .debug_info    0x00000000000134b8     0x15f2 build/retarget.o
 .debug_info    0x0000000000014aaa       0x22 build/startup_stm32f407xx.o
 .debug_info    0x0000000000014acc      0x953 /usr/lib/gcc/arm-none-eabi/9.2.1/../../../arm-none-eabi/lib/thumb/v7e-m+fp/hard/libc_nano.a(lib_a-errno.o)
 .debug_info    0x000000000001541f      0x92a /usr/lib/gcc/arm-none-eabi/9.2.1/../../../arm-none-eabi/lib/thumb/v7e-m+fp/hard/libc_nano.a(lib_a-impure.o)
 .debug_info    0x0000000000015d49      0x11a /usr/lib/gcc/arm-none-eabi/9.2.1/../../../arm-none-eabi/lib/thumb/v7e-m+fp/hard/libc_nano.a(lib_a-init.o)
 .debug_info    0x0000000000015e63      0xf21 /usr/lib/gcc/arm-none-eabi/9.2.1/../../../arm-none-eabi/lib/thumb/v7e-m+fp/hard/libc_nano.a(lib_a-memset.o)
 .debug_info    0x0000000000016d84     0x1b1f /usr/lib/gcc/arm-none-eabi/9.2.1/../../../arm-none-eabi/lib/thumb/v7e-m+fp/hard/libc_nano.a(lib_a-nano-vfprintf_float.o)
 .debug_info    0x00000000000188a3     0x1592 /usr/lib/gcc/arm-none-eabi/9.2.1/../../../arm-none-eabi/lib/thumb/v7e-m+fp/hard/libc_nano.a(lib_a-nano-vfprintf_i.o)
 .debug_info    0x0000000000019e35      0xc67 /usr/lib/gcc/arm-none-eabi/9.2.1/../../../arm-none-eabi/lib/thumb/v7e-m+fp/hard/libc_nano.a(lib_a-printf.o)
 .debug_info    0x000000000001aa9c      0xce2 /usr/lib/gcc/arm-none-eabi/9.2.1/../../../arm-none-eabi/lib/thumb/v7e-m+fp/hard/libc_nano.a(lib_a-setvbuf.o)
 .debug_info    0x000000000001b77e       0x26 /usr/lib/gcc/arm-none-eabi/9.2.1/../../../arm-none-eabi/lib/thumb/v7e-m+fp/hard/libc_nano.a(lib_a-strlen.o)
 .debug_info    0x000000000001b7a4     0x1b48 /usr/lib/gcc/arm-none-eabi/9.2.1/../../../arm-none-eabi/lib/thumb/v7e-m+fp/hard/libc_nano.a(lib_a-dtoa.o)
 .debug_info    0x000000000001d2ec      0xd73 /usr/lib/gcc/arm-none-eabi/9.2.1/../../../arm-none-eabi/lib/thumb/v7e-m+fp/hard/libc_nano.a(lib_a-fflush.o)
 .debug_info    0x000000000001e05f     0x11a8 /usr/lib/gcc/arm-none-eabi/9.2.1/../../../arm-none-eabi/lib/thumb/v7e-m+fp/hard/libc_nano.a(lib_a-findfp.o)
 .debug_info    0x000000000001f207      0xca4 /usr/lib/gcc/arm-none-eabi/9.2.1/../../../arm-none-eabi/lib/thumb/v7e-m+fp/hard/libc_nano.a(lib_a-fwalk.o)
 .debug_info    0x000000000001feab      0xf49 /usr/lib/gcc/arm-none-eabi/9.2.1/../../../arm-none-eabi/lib/thumb/v7e-m+fp/hard/libc_nano.a(lib_a-localeconv.o)
 .debug_info    0x0000000000020df4      0xf68 /usr/lib/gcc/arm-none-eabi/9.2.1/../../../arm-none-eabi/lib/thumb/v7e-m+fp/hard/libc_nano.a(lib_a-makebuf.o)
 .debug_info    0x0000000000021d5c      0x9b6 /usr/lib/gcc/arm-none-eabi/9.2.1/../../../arm-none-eabi/lib/thumb/v7e-m+fp/hard/libc_nano.a(lib_a-malloc.o)
 .debug_info    0x0000000000022712       0x26 /usr/lib/gcc/arm-none-eabi/9.2.1/../../../arm-none-eabi/lib/thumb/v7e-m+fp/hard/libc_nano.a(lib_a-memchr.o)
 .debug_info    0x0000000000022738       0x26 /usr/lib/gcc/arm-none-eabi/9.2.1/../../../arm-none-eabi/lib/thumb/v7e-m+fp/hard/libc_nano.a(lib_a-memcpy.o)
 .debug_info    0x000000000002275e     0x2417 /usr/lib/gcc/arm-none-eabi/9.2.1/../../../arm-none-eabi/lib/thumb/v7e-m+fp/hard/libc_nano.a(lib_a-mprec.o)
 .debug_info    0x0000000000024b75      0xafe /usr/lib/gcc/arm-none-eabi/9.2.1/../../../arm-none-eabi/lib/thumb/v7e-m+fp/hard/libc_nano.a(lib_a-nano-callocr.o)
 .debug_info    0x0000000000025673      0xb85 /usr/lib/gcc/arm-none-eabi/9.2.1/../../../arm-none-eabi/lib/thumb/v7e-m+fp/hard/libc_nano.a(lib_a-nano-freer.o)
 .debug_info    0x00000000000261f8      0xc5a /usr/lib/gcc/arm-none-eabi/9.2.1/../../../arm-none-eabi/lib/thumb/v7e-m+fp/hard/libc_nano.a(lib_a-nano-mallocr.o)
 .debug_info    0x0000000000026e52     0x176a /usr/lib/gcc/arm-none-eabi/9.2.1/../../../arm-none-eabi/lib/thumb/v7e-m+fp/hard/libc_nano.a(lib_a-nano-vfprintf.o)
 .debug_info    0x00000000000285bc      0x9fb /usr/lib/gcc/arm-none-eabi/9.2.1/../../../arm-none-eabi/lib/thumb/v7e-m+fp/hard/libc_nano.a(lib_a-sbrkr.o)
 .debug_info    0x0000000000028fb7      0xe67 /usr/lib/gcc/arm-none-eabi/9.2.1/../../../arm-none-eabi/lib/thumb/v7e-m+fp/hard/libc_nano.a(lib_a-stdio.o)
 .debug_info    0x0000000000029e1e      0xc90 /usr/lib/gcc/arm-none-eabi/9.2.1/../../../arm-none-eabi/lib/thumb/v7e-m+fp/hard/libc_nano.a(lib_a-wbuf.o)
 .debug_info    0x000000000002aaae      0xa2c /usr/lib/gcc/arm-none-eabi/9.2.1/../../../arm-none-eabi/lib/thumb/v7e-m+fp/hard/libc_nano.a(lib_a-writer.o)
 .debug_info    0x000000000002b4da      0xbfa /usr/lib/gcc/arm-none-eabi/9.2.1/../../../arm-none-eabi/lib/thumb/v7e-m+fp/hard/libc_nano.a(lib_a-wsetup.o)
 .debug_info    0x000000000002c0d4      0xa41 /usr/lib/gcc/arm-none-eabi/9.2.1/../../../arm-none-eabi/lib/thumb/v7e-m+fp/hard/libc_nano.a(lib_a-assert.o)
 .debug_info    0x000000000002cb15      0x9d8 /usr/lib/gcc/arm-none-eabi/9.2.1/../../../arm-none-eabi/lib/thumb/v7e-m+fp/hard/libc_nano.a(lib_a-closer.o)
 .debug_info    0x000000000002d4ed      0xa7a /usr/lib/gcc/arm-none-eabi/9.2.1/../../../arm-none-eabi/lib/thumb/v7e-m+fp/hard/libc_nano.a(lib_a-fprintf.o)
 .debug_info    0x000000000002df67      0xc24 /usr/lib/gcc/arm-none-eabi/9.2.1/../../../arm-none-eabi/lib/thumb/v7e-m+fp/hard/libc_nano.a(lib_a-fstatr.o)
 .debug_info    0x000000000002eb8b      0xeed /usr/lib/gcc/arm-none-eabi/9.2.1/../../../arm-none-eabi/lib/thumb/v7e-m+fp/hard/libc_nano.a(lib_a-fvwrite.o)
 .debug_info    0x000000000002fa78      0x9d8 /usr/lib/gcc/arm-none-eabi/9.2.1/../../../arm-none-eabi/lib/thumb/v7e-m+fp/hard/libc_nano.a(lib_a-isattyr.o)
 .debug_info    0x0000000000030450     0x10ca /usr/lib/gcc/arm-none-eabi/9.2.1/../../../arm-none-eabi/lib/thumb/v7e-m+fp/hard/libc_nano.a(lib_a-locale.o)
 .debug_info    0x000000000003151a      0xa0d /usr/lib/gcc/arm-none-eabi/9.2.1/../../../arm-none-eabi/lib/thumb/v7e-m+fp/hard/libc_nano.a(lib_a-lseekr.o)
 .debug_info    0x0000000000031f27     0x1044 /usr/lib/gcc/arm-none-eabi/9.2.1/../../../arm-none-eabi/lib/thumb/v7e-m+fp/hard/libc_nano.a(lib_a-mbtowc_r.o)
 .debug_info    0x0000000000032f6b      0xf2b /usr/lib/gcc/arm-none-eabi/9.2.1/../../../arm-none-eabi/lib/thumb/v7e-m+fp/hard/libc_nano.a(lib_a-memmove.o)
 .debug_info    0x0000000000033e96      0x961 /usr/lib/gcc/arm-none-eabi/9.2.1/../../../arm-none-eabi/lib/thumb/v7e-m+fp/hard/libc_nano.a(lib_a-mlock.o)
 .debug_info    0x00000000000347f7      0xb77 /usr/lib/gcc/arm-none-eabi/9.2.1/../../../arm-none-eabi/lib/thumb/v7e-m+fp/hard/libc_nano.a(lib_a-nano-reallocr.o)
 .debug_info    0x000000000003536e      0xa25 /usr/lib/gcc/arm-none-eabi/9.2.1/../../../arm-none-eabi/lib/thumb/v7e-m+fp/hard/libc_nano.a(lib_a-readr.o)
 .debug_info    0x0000000000035d93      0xb0f /usr/lib/gcc/arm-none-eabi/9.2.1/../../../arm-none-eabi/lib/thumb/v7e-m+fp/hard/libc_nano.a(lib_a-reent.o)
 .debug_info    0x00000000000368a2      0xffd /usr/lib/gcc/arm-none-eabi/9.2.1/../../../arm-none-eabi/lib/thumb/v7e-m+fp/hard/libc_nano.a(lib_a-wctomb_r.o)
 .debug_info    0x000000000003789f      0x9b5 /usr/lib/gcc/arm-none-eabi/9.2.1/../../../arm-none-eabi/lib/thumb/v7e-m+fp/hard/libc_nano.a(lib_a-abort.o)
 .debug_info    0x0000000000038254      0xe91 /usr/lib/gcc/arm-none-eabi/9.2.1/../../../arm-none-eabi/lib/thumb/v7e-m+fp/hard/libc_nano.a(lib_a-ctype_.o)
 .debug_info    0x00000000000390e5      0xaa6 /usr/lib/gcc/arm-none-eabi/9.2.1/../../../arm-none-eabi/lib/thumb/v7e-m+fp/hard/libc_nano.a(lib_a-nano-msizer.o)
 .debug_info    0x0000000000039b8b      0xd5c /usr/lib/gcc/arm-none-eabi/9.2.1/../../../arm-none-eabi/lib/thumb/v7e-m+fp/hard/libc_nano.a(lib_a-signal.o)
 .debug_info    0x000000000003a8e7      0xa44 /usr/lib/gcc/arm-none-eabi/9.2.1/../../../arm-none-eabi/lib/thumb/v7e-m+fp/hard/libc_nano.a(lib_a-signalr.o)
 .debug_info    0x000000000003b32b      0x959 /usr/lib/gcc/arm-none-eabi/9.2.1/../../../arm-none-eabi/lib/thumb/v7e-m+fp/hard/libnosys.a(getpid.o)
 .debug_info    0x000000000003bc84      0x97c /usr/lib/gcc/arm-none-eabi/9.2.1/../../../arm-none-eabi/lib/thumb/v7e-m+fp/hard/libnosys.a(kill.o)
 .debug_info    0x000000000003c600       0x9d /usr/lib/gcc/arm-none-eabi/9.2.1/../../../arm-none-eabi/lib/thumb/v7e-m+fp/hard/libnosys.a(sbrk.o)
 .debug_info    0x000000000003c69d       0xa3 /usr/lib/gcc/arm-none-eabi/9.2.1/../../../arm-none-eabi/lib/thumb/v7e-m+fp/hard/libnosys.a(_exit.o)
 .debug_info    0x000000000003c740       0x26 /usr/lib/gcc/arm-none-eabi/9.2.1/thumb/v7e-m+fp/hard/libgcc.a(_arm_addsubdf3.o)
 .debug_info    0x000000000003c766       0x26 /usr/lib/gcc/arm-none-eabi/9.2.1/thumb/v7e-m+fp/hard/libgcc.a(_arm_muldivdf3.o)
 .debug_info    0x000000000003c78c       0x26 /usr/lib/gcc/arm-none-eabi/9.2.1/thumb/v7e-m+fp/hard/libgcc.a(_arm_cmpdf2.o)
 .debug_info    0x000000000003c7b2       0x26 /usr/lib/gcc/arm-none-eabi/9.2.1/thumb/v7e-m+fp/hard/libgcc.a(_arm_unorddf2.o)
 .debug_info    0x000000000003c7d8       0x26 /usr/lib/gcc/arm-none-eabi/9.2.1/thumb/v7e-m+fp/hard/libgcc.a(_arm_fixdfsi.o)
 .debug_info    0x000000000003c7fe       0x26 /usr/lib/gcc/arm-none-eabi/9.2.1/thumb/v7e-m+fp/hard/libgcc.a(_aeabi_uldivmod.o)
 .debug_info    0x000000000003c824      0xd7c /usr/lib/gcc/arm-none-eabi/9.2.1/thumb/v7e-m+fp/hard/libgcc.a(_udivmoddi4.o)
 .debug_info    0x000000000003d5a0       0x26 /usr/lib/gcc/arm-none-eabi/9.2.1/thumb/v7e-m+fp/hard/libgcc.a(_dvmd_tls.o)

.debug_abbrev   0x0000000000000000     0x9aad
 .debug_abbrev  0x0000000000000000      0x368 build/main.o
 .debug_abbrev  0x0000000000000368      0x274 build/stm32f4xx_it.o
 .debug_abbrev  0x00000000000005dc      0x11c build/stm32f4xx_hal_msp.o
 .debug_abbrev  0x00000000000006f8      0x2af build/stm32f4xx_hal_tim.o
 .debug_abbrev  0x00000000000009a7      0x2ab build/stm32f4xx_hal_tim_ex.o
 .debug_abbrev  0x0000000000000c52      0x318 build/stm32f4xx_hal_uart.o
 .debug_abbrev  0x0000000000000f6a      0x2cd build/stm32f4xx_hal_rcc.o
 .debug_abbrev  0x0000000000001237      0x258 build/stm32f4xx_hal_gpio.o
 .debug_abbrev  0x000000000000148f      0x312 build/stm32f4xx_hal_dma.o
 .debug_abbrev  0x00000000000017a1      0x3a8 build/stm32f4xx_hal_cortex.o
 .debug_abbrev  0x0000000000001b49      0x21c build/stm32f4xx_hal.o
 .debug_abbrev  0x0000000000001d65      0x14a build/system_stm32f4xx.o
 .debug_abbrev  0x0000000000001eaf      0x17e build/gpio.o
 .debug_abbrev  0x000000000000202d      0x156 build/dma.o
 .debug_abbrev  0x0000000000002183      0x20d build/usart.o
 .debug_abbrev  0x0000000000002390      0x24e build/tim.o
 .debug_abbrev  0x00000000000025de      0x277 build/frame_resolve.o
 .debug_abbrev  0x0000000000002855      0x2ae build/retarget.o
 .debug_abbrev  0x0000000000002b03       0x12 build/startup_stm32f407xx.o
 .debug_abbrev  0x0000000000002b15      0x198 /usr/lib/gcc/arm-none-eabi/9.2.1/../../../arm-none-eabi/lib/thumb/v7e-m+fp/hard/libc_nano.a(lib_a-errno.o)
 .debug_abbrev  0x0000000000002cad      0x17a /usr/lib/gcc/arm-none-eabi/9.2.1/../../../arm-none-eabi/lib/thumb/v7e-m+fp/hard/libc_nano.a(lib_a-impure.o)
 .debug_abbrev  0x0000000000002e27       0xcc /usr/lib/gcc/arm-none-eabi/9.2.1/../../../arm-none-eabi/lib/thumb/v7e-m+fp/hard/libc_nano.a(lib_a-init.o)
 .debug_abbrev  0x0000000000002ef3      0x1d9 /usr/lib/gcc/arm-none-eabi/9.2.1/../../../arm-none-eabi/lib/thumb/v7e-m+fp/hard/libc_nano.a(lib_a-memset.o)
 .debug_abbrev  0x00000000000030cc      0x351 /usr/lib/gcc/arm-none-eabi/9.2.1/../../../arm-none-eabi/lib/thumb/v7e-m+fp/hard/libc_nano.a(lib_a-nano-vfprintf_float.o)
 .debug_abbrev  0x000000000000341d      0x2dc /usr/lib/gcc/arm-none-eabi/9.2.1/../../../arm-none-eabi/lib/thumb/v7e-m+fp/hard/libc_nano.a(lib_a-nano-vfprintf_i.o)
 .debug_abbrev  0x00000000000036f9      0x29f /usr/lib/gcc/arm-none-eabi/9.2.1/../../../arm-none-eabi/lib/thumb/v7e-m+fp/hard/libc_nano.a(lib_a-printf.o)
 .debug_abbrev  0x0000000000003998      0x27d /usr/lib/gcc/arm-none-eabi/9.2.1/../../../arm-none-eabi/lib/thumb/v7e-m+fp/hard/libc_nano.a(lib_a-setvbuf.o)
 .debug_abbrev  0x0000000000003c15       0x14 /usr/lib/gcc/arm-none-eabi/9.2.1/../../../arm-none-eabi/lib/thumb/v7e-m+fp/hard/libc_nano.a(lib_a-strlen.o)
 .debug_abbrev  0x0000000000003c29      0x310 /usr/lib/gcc/arm-none-eabi/9.2.1/../../../arm-none-eabi/lib/thumb/v7e-m+fp/hard/libc_nano.a(lib_a-dtoa.o)
 .debug_abbrev  0x0000000000003f39      0x2e4 /usr/lib/gcc/arm-none-eabi/9.2.1/../../../arm-none-eabi/lib/thumb/v7e-m+fp/hard/libc_nano.a(lib_a-fflush.o)
 .debug_abbrev  0x000000000000421d      0x3dc /usr/lib/gcc/arm-none-eabi/9.2.1/../../../arm-none-eabi/lib/thumb/v7e-m+fp/hard/libc_nano.a(lib_a-findfp.o)
 .debug_abbrev  0x00000000000045f9      0x210 /usr/lib/gcc/arm-none-eabi/9.2.1/../../../arm-none-eabi/lib/thumb/v7e-m+fp/hard/libc_nano.a(lib_a-fwalk.o)
 .debug_abbrev  0x0000000000004809      0x23f /usr/lib/gcc/arm-none-eabi/9.2.1/../../../arm-none-eabi/lib/thumb/v7e-m+fp/hard/libc_nano.a(lib_a-localeconv.o)
 .debug_abbrev  0x0000000000004a48      0x2f6 /usr/lib/gcc/arm-none-eabi/9.2.1/../../../arm-none-eabi/lib/thumb/v7e-m+fp/hard/libc_nano.a(lib_a-makebuf.o)
 .debug_abbrev  0x0000000000004d3e      0x1f2 /usr/lib/gcc/arm-none-eabi/9.2.1/../../../arm-none-eabi/lib/thumb/v7e-m+fp/hard/libc_nano.a(lib_a-malloc.o)
 .debug_abbrev  0x0000000000004f30       0x14 /usr/lib/gcc/arm-none-eabi/9.2.1/../../../arm-none-eabi/lib/thumb/v7e-m+fp/hard/libc_nano.a(lib_a-memchr.o)
 .debug_abbrev  0x0000000000004f44       0x14 /usr/lib/gcc/arm-none-eabi/9.2.1/../../../arm-none-eabi/lib/thumb/v7e-m+fp/hard/libc_nano.a(lib_a-memcpy.o)
 .debug_abbrev  0x0000000000004f58      0x474 /usr/lib/gcc/arm-none-eabi/9.2.1/../../../arm-none-eabi/lib/thumb/v7e-m+fp/hard/libc_nano.a(lib_a-mprec.o)
 .debug_abbrev  0x00000000000053cc      0x20d /usr/lib/gcc/arm-none-eabi/9.2.1/../../../arm-none-eabi/lib/thumb/v7e-m+fp/hard/libc_nano.a(lib_a-nano-callocr.o)
 .debug_abbrev  0x00000000000055d9      0x286 /usr/lib/gcc/arm-none-eabi/9.2.1/../../../arm-none-eabi/lib/thumb/v7e-m+fp/hard/libc_nano.a(lib_a-nano-freer.o)
 .debug_abbrev  0x000000000000585f      0x2d1 /usr/lib/gcc/arm-none-eabi/9.2.1/../../../arm-none-eabi/lib/thumb/v7e-m+fp/hard/libc_nano.a(lib_a-nano-mallocr.o)
 .debug_abbrev  0x0000000000005b30      0x337 /usr/lib/gcc/arm-none-eabi/9.2.1/../../../arm-none-eabi/lib/thumb/v7e-m+fp/hard/libc_nano.a(lib_a-nano-vfprintf.o)
 .debug_abbrev  0x0000000000005e67      0x212 /usr/lib/gcc/arm-none-eabi/9.2.1/../../../arm-none-eabi/lib/thumb/v7e-m+fp/hard/libc_nano.a(lib_a-sbrkr.o)
 .debug_abbrev  0x0000000000006079      0x26f /usr/lib/gcc/arm-none-eabi/9.2.1/../../../arm-none-eabi/lib/thumb/v7e-m+fp/hard/libc_nano.a(lib_a-stdio.o)
 .debug_abbrev  0x00000000000062e8      0x285 /usr/lib/gcc/arm-none-eabi/9.2.1/../../../arm-none-eabi/lib/thumb/v7e-m+fp/hard/libc_nano.a(lib_a-wbuf.o)
 .debug_abbrev  0x000000000000656d      0x1ec /usr/lib/gcc/arm-none-eabi/9.2.1/../../../arm-none-eabi/lib/thumb/v7e-m+fp/hard/libc_nano.a(lib_a-writer.o)
 .debug_abbrev  0x0000000000006759      0x23a /usr/lib/gcc/arm-none-eabi/9.2.1/../../../arm-none-eabi/lib/thumb/v7e-m+fp/hard/libc_nano.a(lib_a-wsetup.o)
 .debug_abbrev  0x0000000000006993      0x1ff /usr/lib/gcc/arm-none-eabi/9.2.1/../../../arm-none-eabi/lib/thumb/v7e-m+fp/hard/libc_nano.a(lib_a-assert.o)
 .debug_abbrev  0x0000000000006b92      0x1e7 /usr/lib/gcc/arm-none-eabi/9.2.1/../../../arm-none-eabi/lib/thumb/v7e-m+fp/hard/libc_nano.a(lib_a-closer.o)
 .debug_abbrev  0x0000000000006d79      0x23c /usr/lib/gcc/arm-none-eabi/9.2.1/../../../arm-none-eabi/lib/thumb/v7e-m+fp/hard/libc_nano.a(lib_a-fprintf.o)
 .debug_abbrev  0x0000000000006fb5      0x1fb /usr/lib/gcc/arm-none-eabi/9.2.1/../../../arm-none-eabi/lib/thumb/v7e-m+fp/hard/libc_nano.a(lib_a-fstatr.o)
 .debug_abbrev  0x00000000000071b0      0x270 /usr/lib/gcc/arm-none-eabi/9.2.1/../../../arm-none-eabi/lib/thumb/v7e-m+fp/hard/libc_nano.a(lib_a-fvwrite.o)