Archive member included to satisfy reference by file (symbol)

c:/program files (x86)/gnu arm embedded toolchain/10 2020-q4-major/bin/../lib/gcc/arm-none-eabi/10.2.1/../../../../arm-none-eabi/lib/thumb/v7e-m+fp/hard\libc_nano.a(lib_a-exit.o)
                              c:/program files (x86)/gnu arm embedded toolchain/10 2020-q4-major/bin/../lib/gcc/arm-none-eabi/10.2.1/../../../../arm-none-eabi/lib/thumb/v7e-m+fp/hard/crt0.o (exit)
c:/program files (x86)/gnu arm embedded toolchain/10 2020-q4-major/bin/../lib/gcc/arm-none-eabi/10.2.1/../../../../arm-none-eabi/lib/thumb/v7e-m+fp/hard\libc_nano.a(lib_a-impure.o)
                              c:/program files (x86)/gnu arm embedded toolchain/10 2020-q4-major/bin/../lib/gcc/arm-none-eabi/10.2.1/../../../../arm-none-eabi/lib/thumb/v7e-m+fp/hard\libc_nano.a(lib_a-exit.o) (_global_impure_ptr)
c:/program files (x86)/gnu arm embedded toolchain/10 2020-q4-major/bin/../lib/gcc/arm-none-eabi/10.2.1/../../../../arm-none-eabi/lib/thumb/v7e-m+fp/hard\libc_nano.a(lib_a-init.o)
                              c:/program files (x86)/gnu arm embedded toolchain/10 2020-q4-major/bin/../lib/gcc/arm-none-eabi/10.2.1/../../../../arm-none-eabi/lib/thumb/v7e-m+fp/hard/crt0.o (__libc_init_array)
c:/program files (x86)/gnu arm embedded toolchain/10 2020-q4-major/bin/../lib/gcc/arm-none-eabi/10.2.1/../../../../arm-none-eabi/lib/thumb/v7e-m+fp/hard\libc_nano.a(lib_a-memset.o)
                              c:/program files (x86)/gnu arm embedded toolchain/10 2020-q4-major/bin/../lib/gcc/arm-none-eabi/10.2.1/../../../../arm-none-eabi/lib/thumb/v7e-m+fp/hard/crt0.o (memset)
c:/program files (x86)/gnu arm embedded toolchain/10 2020-q4-major/bin/../lib/gcc/arm-none-eabi/10.2.1/../../../../arm-none-eabi/lib/thumb/v7e-m+fp/hard\libc_nano.a(lib_a-sprintf.o)
                              build/main.o (sprintf)
c:/program files (x86)/gnu arm embedded toolchain/10 2020-q4-major/bin/../lib/gcc/arm-none-eabi/10.2.1/../../../../arm-none-eabi/lib/thumb/v7e-m+fp/hard\libc_nano.a(lib_a-nano-svfprintf.o)
                              c:/program files (x86)/gnu arm embedded toolchain/10 2020-q4-major/bin/../lib/gcc/arm-none-eabi/10.2.1/../../../../arm-none-eabi/lib/thumb/v7e-m+fp/hard\libc_nano.a(lib_a-sprintf.o) (_svfprintf_r)
c:/program files (x86)/gnu arm embedded toolchain/10 2020-q4-major/bin/../lib/gcc/arm-none-eabi/10.2.1/../../../../arm-none-eabi/lib/thumb/v7e-m+fp/hard\libc_nano.a(lib_a-nano-vfprintf_i.o)
                              c:/program files (x86)/gnu arm embedded toolchain/10 2020-q4-major/bin/../lib/gcc/arm-none-eabi/10.2.1/../../../../arm-none-eabi/lib/thumb/v7e-m+fp/hard\libc_nano.a(lib_a-nano-svfprintf.o) (_printf_i)
c:/program files (x86)/gnu arm embedded toolchain/10 2020-q4-major/bin/../lib/gcc/arm-none-eabi/10.2.1/../../../../arm-none-eabi/lib/thumb/v7e-m+fp/hard\libc_nano.a(lib_a-memchr.o)
                              c:/program files (x86)/gnu arm embedded toolchain/10 2020-q4-major/bin/../lib/gcc/arm-none-eabi/10.2.1/../../../../arm-none-eabi/lib/thumb/v7e-m+fp/hard\libc_nano.a(lib_a-nano-svfprintf.o) (memchr)
c:/program files (x86)/gnu arm embedded toolchain/10 2020-q4-major/bin/../lib/gcc/arm-none-eabi/10.2.1/../../../../arm-none-eabi/lib/thumb/v7e-m+fp/hard\libc_nano.a(lib_a-memcpy-stub.o)
                              c:/program files (x86)/gnu arm embedded toolchain/10 2020-q4-major/bin/../lib/gcc/arm-none-eabi/10.2.1/../../../../arm-none-eabi/lib/thumb/v7e-m+fp/hard\libc_nano.a(lib_a-nano-svfprintf.o) (memcpy)
c:/program files (x86)/gnu arm embedded toolchain/10 2020-q4-major/bin/../lib/gcc/arm-none-eabi/10.2.1/../../../../arm-none-eabi/lib/thumb/v7e-m+fp/hard\libc_nano.a(lib_a-memmove.o)
                              c:/program files (x86)/gnu arm embedded toolchain/10 2020-q4-major/bin/../lib/gcc/arm-none-eabi/10.2.1/../../../../arm-none-eabi/lib/thumb/v7e-m+fp/hard\libc_nano.a(lib_a-nano-svfprintf.o) (memmove)
c:/program files (x86)/gnu arm embedded toolchain/10 2020-q4-major/bin/../lib/gcc/arm-none-eabi/10.2.1/../../../../arm-none-eabi/lib/thumb/v7e-m+fp/hard\libc_nano.a(lib_a-nano-freer.o)
                              c:/program files (x86)/gnu arm embedded toolchain/10 2020-q4-major/bin/../lib/gcc/arm-none-eabi/10.2.1/../../../../arm-none-eabi/lib/thumb/v7e-m+fp/hard\libc_nano.a(lib_a-nano-svfprintf.o) (_free_r)
c:/program files (x86)/gnu arm embedded toolchain/10 2020-q4-major/bin/../lib/gcc/arm-none-eabi/10.2.1/../../../../arm-none-eabi/lib/thumb/v7e-m+fp/hard\libc_nano.a(lib_a-nano-mallocr.o)
                              c:/program files (x86)/gnu arm embedded toolchain/10 2020-q4-major/bin/../lib/gcc/arm-none-eabi/10.2.1/../../../../arm-none-eabi/lib/thumb/v7e-m+fp/hard\libc_nano.a(lib_a-nano-svfprintf.o) (_malloc_r)
c:/program files (x86)/gnu arm embedded toolchain/10 2020-q4-major/bin/../lib/gcc/arm-none-eabi/10.2.1/../../../../arm-none-eabi/lib/thumb/v7e-m+fp/hard\libc_nano.a(lib_a-nano-reallocr.o)
[...]
Memory Configuration

Name             Origin             Length             Attributes
RAM              0x20000000         0x00020000         xrw
CCMRAM           0x10000000         0x00010000         xrw
FLASH            0x08000000         0x00080000         xr
*default*        0x00000000         0xffffffff

Linker script and memory map

LOAD c:/program files (x86)/gnu arm embedded toolchain/10 2020-q4-major/bin/../lib/gcc/arm-none-eabi/10.2.1/thumb/v7e-m+fp/hard/crti.o
LOAD c:/program files (x86)/gnu arm embedded toolchain/10 2020-q4-major/bin/../lib/gcc/arm-none-eabi/10.2.1/thumb/v7e-m+fp/hard/crtbegin.o
LOAD c:/program files (x86)/gnu arm embedded toolchain/10 2020-q4-major/bin/../lib/gcc/arm-none-eabi/10.2.1/../../../../arm-none-eabi/lib/thumb/v7e-m+fp/hard/crt0.o
LOAD build/main.o
LOAD build/stm32f4xx_it.o
LOAD build/stm32f4xx_hal_msp.o
LOAD build/stm32f4xx_hal_tim.o
LOAD build/stm32f4xx_hal_tim_ex.o
LOAD build/stm32f4xx_hal_uart.o
LOAD build/stm32f4xx_hal_rcc.o
LOAD build/stm32f4xx_hal_rcc_ex.o
LOAD build/stm32f4xx_hal_flash.o
LOAD build/stm32f4xx_hal_flash_ex.o
LOAD build/stm32f4xx_hal_flash_ramfunc.o
LOAD build/stm32f4xx_hal_gpio.o
LOAD build/stm32f4xx_hal_dma_ex.o
LOAD build/stm32f4xx_hal_dma.o
LOAD build/stm32f4xx_hal_pwr.o
LOAD build/stm32f4xx_hal_pwr_ex.o
LOAD build/stm32f4xx_hal_cortex.o
LOAD build/stm32f4xx_hal.o
LOAD build/stm32f4xx_hal_exti.o
LOAD build/system_stm32f4xx.o
LOAD build/gpio.o
LOAD build/dma.o
LOAD build/usart.o
LOAD build/tim.o
LOAD build/PID.o
LOAD build/startup_stm32f407xx.o
LOAD c:/program files (x86)/gnu arm embedded toolchain/10 2020-q4-major/bin/../lib/gcc/arm-none-eabi/10.2.1/../../../../arm-none-eabi/lib/thumb/v7e-m+fp/hard\libc_nano.a
LOAD c:/program files (x86)/gnu arm embedded toolchain/10 2020-q4-major/bin/../lib/gcc/arm-none-eabi/10.2.1/../../../../arm-none-eabi/lib/thumb/v7e-m+fp/hard\libm.a
LOAD c:/program files (x86)/gnu arm embedded toolchain/10 2020-q4-major/bin/../lib/gcc/arm-none-eabi/10.2.1/../../../../arm-none-eabi/lib/thumb/v7e-m+fp/hard\libnosys.a
START GROUP
LOAD c:/program files (x86)/gnu arm embedded toolchain/10 2020-q4-major/bin/../lib/gcc/arm-none-eabi/10.2.1/thumb/v7e-m+fp/hard\libgcc.a
LOAD c:/program files (x86)/gnu arm embedded toolchain/10 2020-q4-major/bin/../lib/gcc/arm-none-eabi/10.2.1/../../../../arm-none-eabi/lib/thumb/v7e-m+fp/hard\libc_nano.a
END GROUP
START GROUP
LOAD c:/program files (x86)/gnu arm embedded toolchain/10 2020-q4-major/bin/../lib/gcc/arm-none-eabi/10.2.1/thumb/v7e-m+fp/hard\libgcc.a
LOAD c:/program files (x86)/gnu arm embedded toolchain/10 2020-q4-major/bin/../lib/gcc/arm-none-eabi/10.2.1/../../../../arm-none-eabi/lib/thumb/v7e-m+fp/hard\libc_nano.a
END GROUP
LOAD c:/program files (x86)/gnu arm embedded toolchain/10 2020-q4-major/bin/../lib/gcc/arm-none-eabi/10.2.1/thumb/v7e-m+fp/hard/crtend.o
LOAD c:/program files (x86)/gnu arm embedded toolchain/10 2020-q4-major/bin/../lib/gcc/arm-none-eabi/10.2.1/thumb/v7e-m+fp/hard/crtn.o
                0x20020000                _estack = 0x20020000
                0x00000200                _Min_Heap_Size = 0x200
                0x00000400                _Min_Stack_Size = 0x400

.isr_vector     0x08000000      0x188
                0x08000000                . = ALIGN (0x4)
 *(.isr_vector)
 .isr_vector    0x08000000      0x188 build/startup_stm32f407xx.o
                0x08000000                g_pfnVectors
                0x08000188                . = ALIGN (0x4)

.text           0x08000190     0x4328
                0x08000190                . = ALIGN (0x4)
 *(.text)
 .text          0x08000190       0x40 c:/program files (x86)/gnu arm embedded toolchain/10 2020-q4-major/bin/../lib/gcc/arm-none-eabi/10.2.1/thumb/v7e-m+fp/hard/crtbegin.o
 .text          0x080001d0       0xa0 c:/program files (x86)/gnu arm embedded toolchain/10 2020-q4-major/bin/../lib/gcc/arm-none-eabi/10.2.1/../../../../arm-none-eabi/lib/thumb/v7e-m+fp/hard\libc_nano.a(lib_a-memchr.o)
                0x080001d0                memchr
 .text          0x08000270      0x378 c:/program files (x86)/gnu arm embedded toolchain/10 2020-q4-major/bin/../lib/gcc/arm-none-eabi/10.2.1/thumb/v7e-m+fp/hard\libgcc.a(_arm_addsubdf3.o)
                0x08000270                __aeabi_drsub
                0x08000278                __aeabi_dsub
                0x08000278                __subdf3
                0x0800027c                __aeabi_dadd
                0x0800027c                __adddf3
                0x080004f4                __floatunsidf
                0x080004f4                __aeabi_ui2d
                0x08000514                __floatsidf
                0x08000514                __aeabi_i2d
                0x08000538                __aeabi_f2d
                0x08000538                __extendsfdf2
                0x0800057c                __floatundidf
                0x0800057c                __aeabi_ul2d
                0x0800058c                __floatdidf
                0x0800058c                __aeabi_l2d
 .text          0x080005e8      0x424 c:/program files (x86)/gnu arm embedded toolchain/10 2020-q4-major/bin/../lib/gcc/arm-none-eabi/10.2.1/thumb/v7e-m+fp/hard\libgcc.a(_arm_muldivdf3.o)
                0x080005e8                __aeabi_dmul
                0x080005e8                __muldf3
                0x0800083c                __divdf3
                0x0800083c                __aeabi_ddiv
 .text          0x08000a0c      0x110 c:/program files (x86)/gnu arm embedded toolchain/10 2020-q4-major/bin/../lib/gcc/arm-none-eabi/10.2.1/thumb/v7e-m+fp/hard\libgcc.a(_arm_cmpdf2.o)
                0x08000a0c                __gtdf2
                0x08000a0c                __gedf2
                0x08000a14                __ltdf2
                0x08000a14                __ledf2
                0x08000a1c                __nedf2
                0x08000a1c                __eqdf2
                0x08000a1c                __cmpdf2
                0x08000a98                __aeabi_cdrcmple
                0x08000aa8                __aeabi_cdcmpeq
                0x08000aa8                __aeabi_cdcmple
                0x08000ab8                __aeabi_dcmpeq
                0x08000acc                __aeabi_dcmplt
                0x08000ae0                __aeabi_dcmple
                0x08000af4                __aeabi_dcmpge
                0x08000b08                __aeabi_dcmpgt
 .text          0x08000b1c       0x40 c:/program files (x86)/gnu arm embedded toolchain/10 2020-q4-major/bin/../lib/gcc/arm-none-eabi/10.2.1/thumb/v7e-m+fp/hard\libgcc.a(_arm_fixunsdfsi.o)
                0x08000b1c                __aeabi_d2uiz
                0x08000b1c                __fixunsdfsi
 .text          0x08000b5c       0xa0 c:/program files (x86)/gnu arm embedded toolchain/10 2020-q4-major/bin/../lib/gcc/arm-none-eabi/10.2.1/thumb/v7e-m+fp/hard\libgcc.a(_arm_truncdfsf2.o)
                0x08000b5c                __truncdfsf2
                0x08000b5c                __aeabi_d2f
 .text          0x08000bfc       0x30 c:/program files (x86)/gnu arm embedded toolchain/10 2020-q4-major/bin/../lib/gcc/arm-none-eabi/10.2.1/thumb/v7e-m+fp/hard\libgcc.a(_aeabi_uldivmod.o)
                0x08000bfc                __aeabi_uldivmod
 .text          0x08000c2c      0x2d0 c:/program files (x86)/gnu arm embedded toolchain/10 2020-q4-major/bin/../lib/gcc/arm-none-eabi/10.2.1/thumb/v7e-m+fp/hard\libgcc.a(_udivmoddi4.o)
                0x08000c2c                __udivmoddi4
 .text          0x08000efc        0x4 c:/program files (x86)/gnu arm embedded toolchain/10 2020-q4-major/bin/../lib/gcc/arm-none-eabi/10.2.1/thumb/v7e-m+fp/hard\libgcc.a(_dvmd_tls.o)
                0x08000efc                __aeabi_idiv0
                0x08000efc                __aeabi_ldiv0
 *(.text*)
 .text.HAL_TIM_PeriodElapsedCallback
                0x08000f00       0x34 build/main.o
                0x08000f00                HAL_TIM_PeriodElapsedCallback
 .text.HAL_UART_RxCpltCallback
                0x08000f34       0x38 build/main.o
                0x08000f34                HAL_UART_RxCpltCallback
 .text.Error_Handler
                0x08000f6c        0x4 build/main.o
                0x08000f6c                Error_Handler
 .text.SystemClock_Config
                0x08000f70       0xa8 build/main.o
                0x08000f70                SystemClock_Config
 .text.main     0x08001018       0x9c build/main.o
                0x08001018                main
 .text.NMI_Handler
                0x080010b4        0x2 build/stm32f4xx_it.o
                0x080010b4                NMI_Handler
 .text.HardFault_Handler
                0x080010b6        0x2 build/stm32f4xx_it.o
                0x080010b6                HardFault_Handler
 .text.MemManage_Handler
                0x080010b8        0x2 build/stm32f4xx_it.o
                0x080010b8                MemManage_Handler
 .text.BusFault_Handler
                0x080010ba        0x2 build/stm32f4xx_it.o
                0x080010ba                BusFault_Handler
 .text.UsageFault_Handler
                0x080010bc        0x2 build/stm32f4xx_it.o
                0x080010bc                UsageFault_Handler
 .text.SVC_Handler
                0x080010be        0x2 build/stm32f4xx_it.o
                0x080010be                SVC_Handler
 .text.DebugMon_Handler
                0x080010c0        0x2 build/stm32f4xx_it.o
                0x080010c0                DebugMon_Handler
 .text.PendSV_Handler
                0x080010c2        0x2 build/stm32f4xx_it.o
                0x080010c2                PendSV_Handler
 .text.SysTick_Handler
                0x080010c4        0x8 build/stm32f4xx_it.o
                0x080010c4                SysTick_Handler
 .text.TIM3_IRQHandler
                0x080010cc       0x10 build/stm32f4xx_it.o
                0x080010cc                TIM3_IRQHandler
 .text.TIM4_IRQHandler
                0x080010dc       0x10 build/stm32f4xx_it.o
                0x080010dc                TIM4_IRQHandler
 .text.USART1_IRQHandler
                0x080010ec       0x10 build/stm32f4xx_it.o
                0x080010ec                USART1_IRQHandler
 .text.TIM5_IRQHandler
                0x080010fc       0x10 build/stm32f4xx_it.o
                0x080010fc                TIM5_IRQHandler
 .text.DMA2_Stream2_IRQHandler
                0x0800110c       0x10 build/stm32f4xx_it.o
                0x0800110c                DMA2_Stream2_IRQHandler
 .text.DMA2_Stream7_IRQHandler
                0x0800111c       0x10 build/stm32f4xx_it.o
                0x0800111c                DMA2_Stream7_IRQHandler
 .text.HAL_MspInit
                0x0800112c       0x38 build/stm32f4xx_hal_msp.o
                0x0800112c                HAL_MspInit
 .text.TIM_OC1_SetConfig
                0x08001164       0x68 build/stm32f4xx_hal_tim.o
 .text.TIM_OC3_SetConfig
                0x080011cc       0x70 build/stm32f4xx_hal_tim.o
 .text.TIM_OC4_SetConfig
                0x0800123c       0x50 build/stm32f4xx_hal_tim.o
 .text.TIM_TI1_ConfigInputStage
                0x0800128c       0x26 build/stm32f4xx_hal_tim.o
 .text.TIM_TI2_ConfigInputStage
                0x080012b2       0x28 build/stm32f4xx_hal_tim.o
 .text.TIM_ITRx_SetConfig
                0x080012da       0x10 build/stm32f4xx_hal_tim.o
 *fill*         0x080012ea        0x2 
 .text.HAL_TIM_Base_Start_IT
                0x080012ec       0x88 build/stm32f4xx_hal_tim.o
                0x080012ec                HAL_TIM_Base_Start_IT
 .text.HAL_TIM_PWM_MspInit
                0x08001374        0x2 build/stm32f4xx_hal_tim.o
                0x08001374                HAL_TIM_PWM_MspInit
 .text.HAL_TIM_OC_DelayElapsedCallback
                0x08001376        0x2 build/stm32f4xx_hal_tim.o
                0x08001376                HAL_TIM_OC_DelayElapsedCallback
 .text.HAL_TIM_IC_CaptureCallback
                0x08001378        0x2 build/stm32f4xx_hal_tim.o
                0x08001378                HAL_TIM_IC_CaptureCallback
 .text.HAL_TIM_PWM_PulseFinishedCallback
                0x0800137a        0x2 build/stm32f4xx_hal_tim.o
                0x0800137a                HAL_TIM_PWM_PulseFinishedCallback
 .text.HAL_TIM_TriggerCallback
                0x0800137c        0x2 build/stm32f4xx_hal_tim.o
                0x0800137c                HAL_TIM_TriggerCallback
 .text.HAL_TIM_IRQHandler
                0x0800137e      0x17a build/stm32f4xx_hal_tim.o
                0x0800137e                HAL_TIM_IRQHandler
 .text.TIM_Base_SetConfig
                0x080014f8       0xc8 build/stm32f4xx_hal_tim.o
                0x080014f8                TIM_Base_SetConfig
 .text.HAL_TIM_Base_Init
                0x080015c0       0x58 build/stm32f4xx_hal_tim.o
                0x080015c0                HAL_TIM_Base_Init
 .text.HAL_TIM_PWM_Init
                0x08001618       0x58 build/stm32f4xx_hal_tim.o
                0x08001618                HAL_TIM_PWM_Init
 .text.HAL_TIM_Encoder_Init
                0x08001670       0xb6 build/stm32f4xx_hal_tim.o
                0x08001670                HAL_TIM_Encoder_Init
 *fill*         0x08001726        0x2 
 .text.TIM_OC2_SetConfig
                0x08001728       0x70 build/stm32f4xx_hal_tim.o
                0x08001728                TIM_OC2_SetConfig
 .text.HAL_TIM_PWM_ConfigChannel
                0x08001798       0xd0 build/stm32f4xx_hal_tim.o
                0x08001798                HAL_TIM_PWM_ConfigChannel
 .text.TIM_ETR_SetConfig
                0x08001868       0x1a build/stm32f4xx_hal_tim.o
                0x08001868                TIM_ETR_SetConfig
 .text.HAL_TIM_ConfigClockSource
                0x08001882       0xda build/stm32f4xx_hal_tim.o
                0x08001882                HAL_TIM_ConfigClockSource
 .text.TIM_CCxChannelCmd
                0x0800195c       0x1e build/stm32f4xx_hal_tim.o
                0x0800195c                TIM_CCxChannelCmd
 *fill*         0x0800197a        0x2 
 .text.HAL_TIM_PWM_Start
                0x0800197c      0x104 build/stm32f4xx_hal_tim.o
                0x0800197c                HAL_TIM_PWM_Start
 .text.HAL_TIM_Encoder_Start
                0x08001a80       0xcc build/stm32f4xx_hal_tim.o
                0x08001a80                HAL_TIM_Encoder_Start
 .text.HAL_TIMEx_MasterConfigSynchronization
                0x08001b4c       0x8c build/stm32f4xx_hal_tim_ex.o
                0x08001b4c                HAL_TIMEx_MasterConfigSynchronization
 .text.HAL_TIMEx_CommutCallback
                0x08001bd8        0x2 build/stm32f4xx_hal_tim_ex.o
                0x08001bd8                HAL_TIMEx_CommutCallback
 .text.HAL_TIMEx_BreakCallback
                0x08001bda        0x2 build/stm32f4xx_hal_tim_ex.o
                0x08001bda                HAL_TIMEx_BreakCallback
 .text.UART_EndTxTransfer
                0x08001bdc       0x12 build/stm32f4xx_hal_uart.o
 .text.UART_EndRxTransfer
                0x08001bee       0x32 build/stm32f4xx_hal_uart.o
 .text.UART_Transmit_IT
                0x08001c20       0x60 build/stm32f4xx_hal_uart.o
 .text.UART_SetConfig
                0x08001c80      0x110 build/stm32f4xx_hal_uart.o
 .text.HAL_UART_Init
                0x08001d90       0x5e build/stm32f4xx_hal_uart.o
                0x08001d90                HAL_UART_Init
 *fill*         0x08001dee        0x2 
 .text.HAL_UART_Transmit_DMA
                0x08001df0       0x8c build/stm32f4xx_hal_uart.o
                0x08001df0                HAL_UART_Transmit_DMA
 .text.HAL_UART_TxCpltCallback
                0x08001e7c        0x2 build/stm32f4xx_hal_uart.o
                0x08001e7c                HAL_UART_TxCpltCallback
 .text.UART_DMATransmitCplt
                0x08001e7e       0x30 build/stm32f4xx_hal_uart.o
 .text.UART_EndTransmit_IT
                0x08001eae       0x1a build/stm32f4xx_hal_uart.o
 .text.HAL_UART_TxHalfCpltCallback
                0x08001ec8        0x2 build/stm32f4xx_hal_uart.o
                0x08001ec8                HAL_UART_TxHalfCpltCallback
 .text.UART_DMATxHalfCplt
                0x08001eca        0xa build/stm32f4xx_hal_uart.o
 .text.HAL_UART_RxHalfCpltCallback
                0x08001ed4        0x2 build/stm32f4xx_hal_uart.o
                0x08001ed4                HAL_UART_RxHalfCpltCallback
 .text.HAL_UART_ErrorCallback
                0x08001ed6        0x2 build/stm32f4xx_hal_uart.o
                0x08001ed6                HAL_UART_ErrorCallback
 .text.UART_DMAError
                0x08001ed8       0x58 build/stm32f4xx_hal_uart.o
 .text.UART_DMAAbortOnError
                0x08001f30       0x10 build/stm32f4xx_hal_uart.o
 .text.HAL_UARTEx_RxEventCallback
                0x08001f40        0x2 build/stm32f4xx_hal_uart.o
                0x08001f40                HAL_UARTEx_RxEventCallback
 .text.UART_Receive_IT
                0x08001f42       0xba build/stm32f4xx_hal_uart.o
 .text.HAL_UART_IRQHandler
                0x08001ffc      0x208 build/stm32f4xx_hal_uart.o
                0x08001ffc                HAL_UART_IRQHandler
 .text.UART_DMARxHalfCplt
                0x08002204       0x1a build/stm32f4xx_hal_uart.o
 .text.UART_DMAReceiveCplt
                0x0800221e       0x5e build/stm32f4xx_hal_uart.o
 .text.UART_Start_Receive_DMA
                0x0800227c       0x78 build/stm32f4xx_hal_uart.o
                0x0800227c                UART_Start_Receive_DMA
 .text.HAL_UART_Receive_DMA
                0x080022f4       0x38 build/stm32f4xx_hal_uart.o
                0x080022f4                HAL_UART_Receive_DMA
 .text.HAL_RCC_OscConfig
                0x0800232c      0x3f8 build/stm32f4xx_hal_rcc.o
                0x0800232c                HAL_RCC_OscConfig
 .text.HAL_RCC_GetSysClockFreq
                0x08002724       0xd4 build/stm32f4xx_hal_rcc.o
                0x08002724                HAL_RCC_GetSysClockFreq
 .text.HAL_RCC_ClockConfig
                0x080027f8      0x160 build/stm32f4xx_hal_rcc.o
                0x080027f8                HAL_RCC_ClockConfig
 .text.HAL_RCC_GetHCLKFreq
                0x08002958        0xc build/stm32f4xx_hal_rcc.o
                0x08002958                HAL_RCC_GetHCLKFreq
 .text.HAL_RCC_GetPCLK1Freq
                0x08002964       0x20 build/stm32f4xx_hal_rcc.o
                0x08002964                HAL_RCC_GetPCLK1Freq
 .text.HAL_RCC_GetPCLK2Freq
                0x08002984       0x20 build/stm32f4xx_hal_rcc.o
                0x08002984                HAL_RCC_GetPCLK2Freq
 .text.HAL_GPIO_Init
                0x080029a4      0x1e4 build/stm32f4xx_hal_gpio.o
                0x080029a4                HAL_GPIO_Init
 .text.HAL_GPIO_WritePin
                0x08002b88        0xc build/stm32f4xx_hal_gpio.o
                0x08002b88                HAL_GPIO_WritePin
 .text.DMA_SetConfig
                0x08002b94       0x2c build/stm32f4xx_hal_dma.o
 .text.DMA_CalcBaseAndBitshift
                0x08002bc0       0x44 build/stm32f4xx_hal_dma.o
 .text.DMA_CheckFifoParam
                0x08002c04       0x8e build/stm32f4xx_hal_dma.o
 *fill*         0x08002c92        0x2 
 .text.HAL_DMA_Init
                0x08002c94       0xcc build/stm32f4xx_hal_dma.o
                0x08002c94                HAL_DMA_Init
 .text.HAL_DMA_Start_IT
                0x08002d60       0x6a build/stm32f4xx_hal_dma.o
                0x08002d60                HAL_DMA_Start_IT
 .text.HAL_DMA_Abort
                0x08002dca       0x94 build/stm32f4xx_hal_dma.o
                0x08002dca                HAL_DMA_Abort
 .text.HAL_DMA_Abort_IT
                0x08002e5e       0x26 build/stm32f4xx_hal_dma.o
                0x08002e5e                HAL_DMA_Abort_IT
 .text.HAL_DMA_IRQHandler
                0x08002e84      0x1dc build/stm32f4xx_hal_dma.o
                0x08002e84                HAL_DMA_IRQHandler
 .text.HAL_NVIC_SetPriorityGrouping
                0x08003060       0x24 build/stm32f4xx_hal_cortex.o
                0x08003060                HAL_NVIC_SetPriorityGrouping
 .text.HAL_NVIC_SetPriority
                0x08003084       0x70 build/stm32f4xx_hal_cortex.o
                0x08003084                HAL_NVIC_SetPriority
 .text.HAL_NVIC_EnableIRQ
                0x080030f4       0x1c build/stm32f4xx_hal_cortex.o
                0x080030f4                HAL_NVIC_EnableIRQ
 .text.HAL_SYSTICK_Config
                0x08003110       0x28 build/stm32f4xx_hal_cortex.o
                0x08003110                HAL_SYSTICK_Config
 .text.HAL_InitTick
                0x08003138       0x4c build/stm32f4xx_hal.o
                0x08003138                HAL_InitTick
 .text.HAL_Init
                0x08003184       0x34 build/stm32f4xx_hal.o
                0x08003184                HAL_Init
 .text.HAL_IncTick
                0x080031b8       0x18 build/stm32f4xx_hal.o
                0x080031b8                HAL_IncTick
 .text.HAL_GetTick
                0x080031d0        0xc build/stm32f4xx_hal.o
                0x080031d0                HAL_GetTick
 .text.SystemInit
                0x080031dc       0x14 build/system_stm32f4xx.o
                0x080031dc                SystemInit
 .text.MX_GPIO_Init
                0x080031f0       0xcc build/gpio.o
                0x080031f0                MX_GPIO_Init
 .text.MX_DMA_Init
                0x080032bc       0x44 build/dma.o
                0x080032bc                MX_DMA_Init
 .text.MX_USART1_UART_Init
                0x08003300       0x34 build/usart.o
                0x08003300                MX_USART1_UART_Init
 .text.HAL_UART_MspInit
                0x08003334       0xfc build/usart.o
                0x08003334                HAL_UART_MspInit
 .text.MX_TIM3_Init
                0x08003430       0x6c build/tim.o
                0x08003430                MX_TIM3_Init
 .text.MX_TIM5_Init
                0x0800349c       0x70 build/tim.o
                0x0800349c                MX_TIM5_Init
 .text.HAL_TIM_Encoder_MspInit
                0x0800350c       0x7c build/tim.o
                0x0800350c                HAL_TIM_Encoder_MspInit
 .text.HAL_TIM_Base_MspInit
                0x08003588       0x74 build/tim.o
                0x08003588                HAL_TIM_Base_MspInit
 .text.HAL_TIM_MspPostInit
                0x080035fc       0x58 build/tim.o
                0x080035fc                HAL_TIM_MspPostInit
 .text.MX_TIM4_Init
                0x08003654       0xc0 build/tim.o
                0x08003654                MX_TIM4_Init
 *fill*         0x08003714        0x4 
 .text.PID_ComputeSpeedRPM
                0x08003718       0x4c build/PID.o
                0x08003718                PID_ComputeSpeedRPM
 .text.PID_SetSpeedRPM
                0x08003764        0x6 build/PID.o
                0x08003764                PID_SetSpeedRPM
 .text.PID_ComputeError
                0x0800376a       0x18 build/PID.o
                0x0800376a                PID_ComputeError
 .text.PID_Limit
                0x08003782       0x44 build/PID.o
                0x08003782                PID_Limit
 *fill*         0x080037c6        0x2 
 .text.PID_ComputeOutput
                0x080037c8      0x134 build/PID.o
                0x080037c8                PID_ComputeOutput
 .text.PID_SetDuty
                0x080038fc       0x80 build/PID.o
                0x080038fc                PID_SetDuty
 .text.PID_SetTunings
                0x0800397c        0xe build/PID.o
                0x0800397c                PID_SetTunings
 *fill*         0x0800398a        0x6 
 .text.PID_MotorInit
                0x08003990       0x68 build/PID.o
                0x08003990                PID_MotorInit
 .text.PID_FirstOrderFilter
                0x080039f8       0x4c build/PID.o
                0x080039f8                PID_FirstOrderFilter
 *fill*         0x08003a44        0x4 
 .text.PID_PreProcess
                0x08003a48       0x9c build/PID.o
                0x08003a48                PID_PreProcess
 .text.Reset_Handler
                0x08003ae4       0x50 build/startup_stm32f407xx.o
                0x08003ae4                Reset_Handler
 .text.Default_Handler
                0x08003b34        0x2 build/startup_stm32f407xx.o
                0x08003b34                RTC_Alarm_IRQHandler
                0x08003b34                HASH_RNG_IRQHandler
                0x08003b34                EXTI2_IRQHandler
                0x08003b34                TIM8_CC_IRQHandler
                0x08003b34                TIM1_CC_IRQHandler
                0x08003b34                DMA2_Stream5_IRQHandler
                0x08003b34                DMA1_Stream5_IRQHandler
                0x08003b34                PVD_IRQHandler
                0x08003b34                SDIO_IRQHandler
                0x08003b34                TAMP_STAMP_IRQHandler
                0x08003b34                CAN2_RX1_IRQHandler
                0x08003b34                EXTI3_IRQHandler
                0x08003b34                TIM8_TRG_COM_TIM14_IRQHandler
                0x08003b34                TIM1_UP_TIM10_IRQHandler
                0x08003b34                TIM8_UP_TIM13_IRQHandler
                0x08003b34                I2C3_ER_IRQHandler
                0x08003b34                EXTI0_IRQHandler
                0x08003b34                I2C2_EV_IRQHandler
                0x08003b34                DMA1_Stream2_IRQHandler
                0x08003b34                CAN1_RX0_IRQHandler
                0x08003b34                FPU_IRQHandler
                0x08003b34                OTG_HS_WKUP_IRQHandler
                0x08003b34                CAN2_SCE_IRQHandler
                0x08003b34                SPI1_IRQHandler
                0x08003b34                TIM6_DAC_IRQHandler
                0x08003b34                TIM1_BRK_TIM9_IRQHandler
                0x08003b34                DCMI_IRQHandler
                0x08003b34                CAN2_RX0_IRQHandler
                0x08003b34                DMA2_Stream3_IRQHandler
                0x08003b34                USART6_IRQHandler
                0x08003b34                USART3_IRQHandler
                0x08003b34                CAN1_RX1_IRQHandler
                0x08003b34                UART5_IRQHandler
                0x08003b34                DMA2_Stream0_IRQHandler
                0x08003b34                I2C1_EV_IRQHandler
                0x08003b34                DMA1_Stream6_IRQHandler
                0x08003b34                DMA1_Stream1_IRQHandler
                0x08003b34                UART4_IRQHandler
                0x08003b34                RCC_IRQHandler
                0x08003b34                TIM8_BRK_TIM12_IRQHandler
                0x08003b34                Default_Handler
                0x08003b34                EXTI15_10_IRQHandler
                0x08003b34                ADC_IRQHandler
                0x08003b34                DMA1_Stream7_IRQHandler
                0x08003b34                TIM7_IRQHandler
                0x08003b34                CAN2_TX_IRQHandler
                0x08003b34                I2C3_EV_IRQHandler
                0x08003b34                EXTI9_5_IRQHandler
                0x08003b34                RTC_WKUP_IRQHandler
                0x08003b34                ETH_WKUP_IRQHandler
                0x08003b34                SPI2_IRQHandler
                0x08003b34                OTG_HS_EP1_IN_IRQHandler
                0x08003b34                DMA1_Stream0_IRQHandler
                0x08003b34                CAN1_TX_IRQHandler
                0x08003b34                EXTI4_IRQHandler
                0x08003b34                FSMC_IRQHandler
                0x08003b34                ETH_IRQHandler
                0x08003b34                OTG_HS_EP1_OUT_IRQHandler
                0x08003b34                WWDG_IRQHandler
                0x08003b34                TIM2_IRQHandler
                0x08003b34                OTG_FS_WKUP_IRQHandler
                0x08003b34                TIM1_TRG_COM_TIM11_IRQHandler
                0x08003b34                OTG_HS_IRQHandler
                0x08003b34                EXTI1_IRQHandler
                0x08003b34                USART2_IRQHandler
                0x08003b34                I2C2_ER_IRQHandler
                0x08003b34                DMA2_Stream1_IRQHandler
                0x08003b34                CAN1_SCE_IRQHandler
                0x08003b34                FLASH_IRQHandler
                0x08003b34                DMA2_Stream4_IRQHandler
                0x08003b34                OTG_FS_IRQHandler
                0x08003b34                SPI3_IRQHandler
                0x08003b34                DMA1_Stream4_IRQHandler
                0x08003b34                I2C1_ER_IRQHandler
                0x08003b34                DMA2_Stream6_IRQHandler
                0x08003b34                DMA1_Stream3_IRQHandler
 *fill*         0x08003b36        0x2 
 .text.__libc_init_array
                0x08003b38       0x48 c:/program files (x86)/gnu arm embedded toolchain/10 2020-q4-major/bin/../lib/gcc/arm-none-eabi/10.2.1/../../../../arm-none-eabi/lib/thumb/v7e-m+fp/hard\libc_nano.a(lib_a-init.o)
                0x08003b38                __libc_init_array
 .text.memset   0x08003b80       0x10 c:/program files (x86)/gnu arm embedded toolchain/10 2020-q4-major/bin/../lib/gcc/arm-none-eabi/10.2.1/../../../../arm-none-eabi/lib/thumb/v7e-m+fp/hard\libc_nano.a(lib_a-memset.o)
                0x08003b80                memset
 .text.sprintf  0x08003b90       0x40 c:/program files (x86)/gnu arm embedded toolchain/10 2020-q4-major/bin/../lib/gcc/arm-none-eabi/10.2.1/../../../../arm-none-eabi/lib/thumb/v7e-m+fp/hard\libc_nano.a(lib_a-sprintf.o)
                0x08003b90                siprintf
                0x08003b90                sprintf
 .text.__ssputs_r
                0x08003bd0       0xb6 c:/program files (x86)/gnu arm embedded toolchain/10 2020-q4-major/bin/../lib/gcc/arm-none-eabi/10.2.1/../../../../arm-none-eabi/lib/thumb/v7e-m+fp/hard\libc_nano.a(lib_a-nano-svfprintf.o)
                0x08003bd0                __ssputs_r
 *fill*         0x08003c86        0x2 
 .text._svfprintf_r
                0x08003c88      0x200 c:/program files (x86)/gnu arm embedded toolchain/10 2020-q4-major/bin/../lib/gcc/arm-none-eabi/10.2.1/../../../../arm-none-eabi/lib/thumb/v7e-m+fp/hard\libc_nano.a(lib_a-nano-svfprintf.o)
                0x08003c88                _svfiprintf_r
                0x08003c88                _svfprintf_r
 .text._printf_common
                0x08003e88       0xda c:/program files (x86)/gnu arm embedded toolchain/10 2020-q4-major/bin/../lib/gcc/arm-none-eabi/10.2.1/../../../../arm-none-eabi/lib/thumb/v7e-m+fp/hard\libc_nano.a(lib_a-nano-vfprintf_i.o)
                0x08003e88                _printf_common
 *fill*         0x08003f62        0x2 
 .text._printf_i
                0x08003f64      0x24c c:/program files (x86)/gnu arm embedded toolchain/10 2020-q4-major/bin/../lib/gcc/arm-none-eabi/10.2.1/../../../../arm-none-eabi/lib/thumb/v7e-m+fp/hard\libc_nano.a(lib_a-nano-vfprintf_i.o)
                0x08003f64                _printf_i
 .text.memcpy   0x080041b0       0x1c c:/program files (x86)/gnu arm embedded toolchain/10 2020-q4-major/bin/../lib/gcc/arm-none-eabi/10.2.1/../../../../arm-none-eabi/lib/thumb/v7e-m+fp/hard\libc_nano.a(lib_a-memcpy-stub.o)
                0x080041b0                memcpy
 .text.memmove  0x080041cc       0x34 c:/program files (x86)/gnu arm embedded toolchain/10 2020-q4-major/bin/../lib/gcc/arm-none-eabi/10.2.1/../../../../arm-none-eabi/lib/thumb/v7e-m+fp/hard\libc_nano.a(lib_a-memmove.o)
                0x080041cc                memmove
 .text._free_r  0x08004200       0x98 c:/program files (x86)/gnu arm embedded toolchain/10 2020-q4-major/bin/../lib/gcc/arm-none-eabi/10.2.1/../../../../arm-none-eabi/lib/thumb/v7e-m+fp/hard\libc_nano.a(lib_a-nano-freer.o)
                0x08004200                _free_r
 .text._malloc_r
                0x08004298       0xb4 c:/program files (x86)/gnu arm embedded toolchain/10 2020-q4-major/bin/../lib/gcc/arm-none-eabi/10.2.1/../../../../arm-none-eabi/lib/thumb/v7e-m+fp/hard\libc_nano.a(lib_a-nano-mallocr.o)
                0x08004298                _malloc_r
 .text._realloc_r
                0x0800434c       0x4c c:/program files (x86)/gnu arm embedded toolchain/10 2020-q4-major/bin/../lib/gcc/arm-none-eabi/10.2.1/../../../../arm-none-eabi/lib/thumb/v7e-m+fp/hard\libc_nano.a(lib_a-nano-reallocr.o)
                0x0800434c                _realloc_r
 .text._sbrk_r  0x08004398       0x20 c:/program files (x86)/gnu arm embedded toolchain/10 2020-q4-major/bin/../lib/gcc/arm-none-eabi/10.2.1/../../../../arm-none-eabi/lib/thumb/v7e-m+fp/hard\libc_nano.a(lib_a-sbrkr.o)
                0x08004398                _sbrk_r
 .text.__malloc_lock
                0x080043b8        0xc c:/program files (x86)/gnu arm embedded toolchain/10 2020-q4-major/bin/../lib/gcc/arm-none-eabi/10.2.1/../../../../arm-none-eabi/lib/thumb/v7e-m+fp/hard\libc_nano.a(lib_a-mlock.o)
                0x080043b8                __malloc_lock
 .text.__malloc_unlock
                0x080043c4        0xc c:/program files (x86)/gnu arm embedded toolchain/10 2020-q4-major/bin/../lib/gcc/arm-none-eabi/10.2.1/../../../../arm-none-eabi/lib/thumb/v7e-m+fp/hard\libc_nano.a(lib_a-mlock.o)
                0x080043c4                __malloc_unlock
 .text._malloc_usable_size_r
                0x080043d0       0x10 c:/program files (x86)/gnu arm embedded toolchain/10 2020-q4-major/bin/../lib/gcc/arm-none-eabi/10.2.1/../../../../arm-none-eabi/lib/thumb/v7e-m+fp/hard\libc_nano.a(lib_a-nano-msizer.o)
                0x080043d0                _malloc_usable_size_r
 .text.__retarget_lock_acquire_recursive
                0x080043e0        0x2 c:/program files (x86)/gnu arm embedded toolchain/10 2020-q4-major/bin/../lib/gcc/arm-none-eabi/10.2.1/../../../../arm-none-eabi/lib/thumb/v7e-m+fp/hard\libc_nano.a(lib_a-lock.o)
                0x080043e0                __retarget_lock_acquire_recursive
 .text.__retarget_lock_release_recursive
                0x080043e2        0x2 c:/program files (x86)/gnu arm embedded toolchain/10 2020-q4-major/bin/../lib/gcc/arm-none-eabi/10.2.1/../../../../arm-none-eabi/lib/thumb/v7e-m+fp/hard\libc_nano.a(lib_a-lock.o)
                0x080043e2                __retarget_lock_release_recursive
 .text.round    0x080043e4       0xa0 c:/program files (x86)/gnu arm embedded toolchain/10 2020-q4-major/bin/../lib/gcc/arm-none-eabi/10.2.1/../../../../arm-none-eabi/lib/thumb/v7e-m+fp/hard\libm.a(lib_a-s_round.o)
                0x080043e4                round
 .text._sbrk    0x08004484       0x1c c:/program files (x86)/gnu arm embedded toolchain/10 2020-q4-major/bin/../lib/gcc/arm-none-eabi/10.2.1/../../../../arm-none-eabi/lib/thumb/v7e-m+fp/hard\libnosys.a(sbrk.o)
                0x08004484                _sbrk
 *(.glue_7)
 .glue_7        0x080044a0        0x0 linker stubs
 *(.glue_7t)
 .glue_7t       0x080044a0        0x0 linker stubs
 *(.eh_frame)
 .eh_frame      0x080044a0        0x0 c:/program files (x86)/gnu arm embedded toolchain/10 2020-q4-major/bin/../lib/gcc/arm-none-eabi/10.2.1/thumb/v7e-m+fp/hard/crtbegin.o
 *(.init)
 .init          0x080044a0        0x4 c:/program files (x86)/gnu arm embedded toolchain/10 2020-q4-major/bin/../lib/gcc/arm-none-eabi/10.2.1/thumb/v7e-m+fp/hard/crti.o
                0x080044a0                _init
 .init          0x080044a4        0x8 c:/program files (x86)/gnu arm embedded toolchain/10 2020-q4-major/bin/../lib/gcc/arm-none-eabi/10.2.1/thumb/v7e-m+fp/hard/crtn.o
 *(.fini)
 .fini          0x080044ac        0x4 c:/program files (x86)/gnu arm embedded toolchain/10 2020-q4-major/bin/../lib/gcc/arm-none-eabi/10.2.1/thumb/v7e-m+fp/hard/crti.o
                0x080044ac                _fini
 .fini          0x080044b0        0x8 c:/program files (x86)/gnu arm embedded toolchain/10 2020-q4-major/bin/../lib/gcc/arm-none-eabi/10.2.1/thumb/v7e-m+fp/hard/crtn.o
                0x080044b8                . = ALIGN (0x4)
                0x080044b8                _etext = .

.vfp11_veneer   0x080044b8        0x0
 .vfp11_veneer  0x080044b8        0x0 linker stubs

.v4_bx          0x080044b8        0x0
 .v4_bx         0x080044b8        0x0 linker stubs

.iplt           0x080044b8        0x0
 .iplt          0x080044b8        0x0 c:/program files (x86)/gnu arm embedded toolchain/10 2020-q4-major/bin/../lib/gcc/arm-none-eabi/10.2.1/thumb/v7e-m+fp/hard/crtbegin.o

.rodata         0x080044b8       0x54
                0x080044b8                . = ALIGN (0x4)
 *(.rodata)
 *(.rodata*)
 .rodata.flagBitshiftOffset.0
                0x080044b8        0x8 build/stm32f4xx_hal_dma.o
 .rodata.AHBPrescTable
                0x080044c0       0x10 build/system_stm32f4xx.o
                0x080044c0                AHBPrescTable
 .rodata.APBPrescTable
                0x080044d0        0x8 build/system_stm32f4xx.o
                0x080044d0                APBPrescTable
 .rodata._svfprintf_r.str1.1
                0x080044d8       0x11 c:/program files (x86)/gnu arm embedded toolchain/10 2020-q4-major/bin/../lib/gcc/arm-none-eabi/10.2.1/../../../../arm-none-eabi/lib/thumb/v7e-m+fp/hard\libc_nano.a(lib_a-nano-svfprintf.o)
 .rodata._printf_i.str1.1
                0x080044e9       0x22 c:/program files (x86)/gnu arm embedded toolchain/10 2020-q4-major/bin/../lib/gcc/arm-none-eabi/10.2.1/../../../../arm-none-eabi/lib/thumb/v7e-m+fp/hard\libc_nano.a(lib_a-nano-vfprintf_i.o)
                0x0800450c                . = ALIGN (0x4)
 *fill*         0x0800450b        0x1 

.ARM.extab
 *(.ARM.extab* .gnu.linkonce.armextab.*)

.ARM            0x0800450c        0x8
                0x0800450c                __exidx_start = .
 *(.ARM.exidx*)
 .ARM.exidx     0x0800450c        0x8 c:/program files (x86)/gnu arm embedded toolchain/10 2020-q4-major/bin/../lib/gcc/arm-none-eabi/10.2.1/thumb/v7e-m+fp/hard\libgcc.a(_udivmoddi4.o)
                0x08004514                __exidx_end = .

.rel.dyn        0x08004514        0x0
 .rel.iplt      0x08004514        0x0 c:/program files (x86)/gnu arm embedded toolchain/10 2020-q4-major/bin/../lib/gcc/arm-none-eabi/10.2.1/thumb/v7e-m+fp/hard/crtbegin.o

.preinit_array  0x08004514        0x0
                0x08004514                PROVIDE (__preinit_array_start = .)
 *(.preinit_array*)
                0x08004514                PROVIDE (__preinit_array_end = .)

.init_array     0x08004514        0x4
                0x08004514                PROVIDE (__init_array_start = .)
 *(SORT_BY_NAME(.init_array.*))
 *(.init_array*)
 .init_array    0x08004514        0x4 c:/program files (x86)/gnu arm embedded toolchain/10 2020-q4-major/bin/../lib/gcc/arm-none-eabi/10.2.1/thumb/v7e-m+fp/hard/crtbegin.o
                0x08004518                PROVIDE (__init_array_end = .)

.fini_array     0x08004518        0x4
                [!provide]                PROVIDE (__fini_array_start = .)
 *(SORT_BY_NAME(.fini_array.*))
 *(.fini_array*)
 .fini_array    0x08004518        0x4 c:/program files (x86)/gnu arm embedded toolchain/10 2020-q4-major/bin/../lib/gcc/arm-none-eabi/10.2.1/thumb/v7e-m+fp/hard/crtbegin.o
                [!provide]                PROVIDE (__fini_array_end = .)
                0x0800451c                _sidata = LOADADDR (.data)

.data           0x20000000       0xa0 load address 0x0800451c
                0x20000000                . = ALIGN (0x4)
                0x20000000                _sdata = .
 *(.data)
 *(.data*)
 .data.MSG      0x20000000       0x32 build/main.o
                0x20000000                MSG
 .data.uwTickFreq
                0x20000032        0x1 build/stm32f4xx_hal.o
                0x20000032                uwTickFreq
 *fill*         0x20000033        0x1 
 .data.uwTickPrio
                0x20000034        0x4 build/stm32f4xx_hal.o
                0x20000034                uwTickPrio
 .data.SystemCoreClock
                0x20000038        0x4 build/system_stm32f4xx.o
                0x20000038                SystemCoreClock
 .data._impure_ptr
                0x2000003c        0x4 c:/program files (x86)/gnu arm embedded toolchain/10 2020-q4-major/bin/../lib/gcc/arm-none-eabi/10.2.1/../../../../arm-none-eabi/lib/thumb/v7e-m+fp/hard\libc_nano.a(lib_a-impure.o)
                0x2000003c                _impure_ptr
 .data.impure_data
                0x20000040       0x60 c:/program files (x86)/gnu arm embedded toolchain/10 2020-q4-major/bin/../lib/gcc/arm-none-eabi/10.2.1/../../../../arm-none-eabi/lib/thumb/v7e-m+fp/hard\libc_nano.a(lib_a-impure.o)
                0x200000a0                . = ALIGN (0x4)
                0x200000a0                _edata = .
                0x080045bc                _siccmram = LOADADDR (.ccmram)

.igot.plt       0x200000a0        0x0 load address 0x080045bc
 .igot.plt      0x200000a0        0x0 c:/program files (x86)/gnu arm embedded toolchain/10 2020-q4-major/bin/../lib/gcc/arm-none-eabi/10.2.1/thumb/v7e-m+fp/hard/crtbegin.o

.ccmram         0x10000000        0x0 load address 0x080045bc
                0x10000000                . = ALIGN (0x4)
                0x10000000                _sccmram = .
 *(.ccmram)
 *(.ccmram*)
                0x10000000                . = ALIGN (0x4)
                0x10000000                _eccmram = .
                0x10000000                . = ALIGN (0x4)

.bss            0x200000a0      0x2cc
                0x200000a0                _sbss = .
                0x200000a0                __bss_start__ = _sbss
 *(.bss)
 .bss           0x200000a0       0x1c c:/program files (x86)/gnu arm embedded toolchain/10 2020-q4-major/bin/../lib/gcc/arm-none-eabi/10.2.1/thumb/v7e-m+fp/hard/crtbegin.o
 *(.bss*)
 .bss.rx_buffer
                0x200000bc        0xa build/main.o
                0x200000bc                rx_buffer
 *fill*         0x200000c6        0x2 
 .bss.set_speed
                0x200000c8        0x8 build/main.o
                0x200000c8                set_speed
 .bss.str_right_motor
                0x200000d0       0x48 build/main.o
                0x200000d0                str_right_motor
 .bss.str_right_pid
                0x20000118       0x40 build/main.o
                0x20000118                str_right_pid
 .bss.tx_buffer
                0x20000158        0xa build/main.o
                0x20000158                tx_buffer
 *fill*         0x20000162        0x2 
 .bss.uwTick    0x20000164        0x4 build/stm32f4xx_hal.o
                0x20000164                uwTick
 .bss.hdma_usart1_rx
                0x20000168       0x60 build/usart.o
                0x20000168                hdma_usart1_rx
 .bss.hdma_usart1_tx
                0x200001c8       0x60 build/usart.o
                0x200001c8                hdma_usart1_tx
 .bss.huart1    0x20000228       0x44 build/usart.o
                0x20000228                huart1
 .bss.htim3     0x2000026c       0x48 build/tim.o
                0x2000026c                htim3
 .bss.htim4     0x200002b4       0x48 build/tim.o
                0x200002b4                htim4
 .bss.htim5     0x200002fc       0x48 build/tim.o
                0x200002fc                htim5
 *fill*         0x20000344        0x4 
 .bss.i_term    0x20000348        0x8 build/PID.o
                0x20000348                i_term
 .bss.p_term    0x20000350        0x8 build/PID.o
                0x20000350                p_term
 .bss.__malloc_free_list
                0x20000358        0x4 c:/program files (x86)/gnu arm embedded toolchain/10 2020-q4-major/bin/../lib/gcc/arm-none-eabi/10.2.1/../../../../arm-none-eabi/lib/thumb/v7e-m+fp/hard\libc_nano.a(lib_a-nano-mallocr.o)
                0x20000358                __malloc_free_list
 .bss.__malloc_sbrk_start
                0x2000035c        0x4 c:/program files (x86)/gnu arm embedded toolchain/10 2020-q4-major/bin/../lib/gcc/arm-none-eabi/10.2.1/../../../../arm-none-eabi/lib/thumb/v7e-m+fp/hard\libc_nano.a(lib_a-nano-mallocr.o)
                0x2000035c                __malloc_sbrk_start
 .bss.errno     0x20000360        0x4 c:/program files (x86)/gnu arm embedded toolchain/10 2020-q4-major/bin/../lib/gcc/arm-none-eabi/10.2.1/../../../../arm-none-eabi/lib/thumb/v7e-m+fp/hard\libc_nano.a(lib_a-reent.o)
                0x20000360                errno
 .bss.__lock___malloc_recursive_mutex
                0x20000364        0x1 c:/program files (x86)/gnu arm embedded toolchain/10 2020-q4-major/bin/../lib/gcc/arm-none-eabi/10.2.1/../../../../arm-none-eabi/lib/thumb/v7e-m+fp/hard\libc_nano.a(lib_a-lock.o)
                0x20000364                __lock___malloc_recursive_mutex
 *fill*         0x20000365        0x3 
 .bss.heap_end.0
                0x20000368        0x4 c:/program files (x86)/gnu arm embedded toolchain/10 2020-q4-major/bin/../lib/gcc/arm-none-eabi/10.2.1/../../../../arm-none-eabi/lib/thumb/v7e-m+fp/hard\libnosys.a(sbrk.o)
 *(COMMON)
                0x2000036c                . = ALIGN (0x4)
                0x2000036c                _ebss = .
                0x2000036c                __bss_end__ = _ebss

._user_heap_stack
                0x2000036c      0x604
                0x20000370                . = ALIGN (0x8)
 *fill*         0x2000036c        0x4 
                0x20000370                PROVIDE (end = .)
                [!provide]                PROVIDE (_end = .)
                0x20000570                . = (. + _Min_Heap_Size)
 *fill*         0x20000370      0x200 
                0x20000970                . = (. + _Min_Stack_Size)
 *fill*         0x20000570      0x400 
                0x20000970                . = ALIGN (0x8)

/DISCARD/
 libc.a(*)
 libm.a(*)
 libgcc.a(*)

.ARM.attributes
                0x00000000       0x30
 *(.ARM.attributes)
 .ARM.attributes
                0x00000000       0x1e c:/program files (x86)/gnu arm embedded toolchain/10 2020-q4-major/bin/../lib/gcc/arm-none-eabi/10.2.1/thumb/v7e-m+fp/hard/crti.o
 .ARM.attributes
                0x0000001e       0x34 c:/program files (x86)/gnu arm embedded toolchain/10 2020-q4-major/bin/../lib/gcc/arm-none-eabi/10.2.1/thumb/v7e-m+fp/hard/crtbegin.o
 .ARM.attributes
                0x00000052       0x34 build/main.o
 .ARM.attributes
                0x00000086       0x34 build/stm32f4xx_it.o
 .ARM.attributes
                0x000000ba       0x34 build/stm32f4xx_hal_msp.o
 .ARM.attributes
                0x000000ee       0x34 build/stm32f4xx_hal_tim.o
 .ARM.attributes
                0x00000122       0x34 build/stm32f4xx_hal_tim_ex.o
 .ARM.attributes
                0x00000156       0x34 build/stm32f4xx_hal_uart.o
 .ARM.attributes
                0x0000018a       0x34 build/stm32f4xx_hal_rcc.o
 .ARM.attributes
                0x000001be       0x34 build/stm32f4xx_hal_gpio.o
 .ARM.attributes
                0x000001f2       0x34 build/stm32f4xx_hal_dma.o
 .ARM.attributes
                0x00000226       0x34 build/stm32f4xx_hal_cortex.o
 .ARM.attributes
                0x0000025a       0x34 build/stm32f4xx_hal.o
 .ARM.attributes
                0x0000028e       0x34 build/system_stm32f4xx.o
 .ARM.attributes
                0x000002c2       0x34 build/gpio.o
 .ARM.attributes
                0x000002f6       0x34 build/dma.o
 .ARM.attributes
                0x0000032a       0x34 build/usart.o
 .ARM.attributes
                0x0000035e       0x34 build/tim.o
 .ARM.attributes
                0x00000392       0x34 build/PID.o
 .ARM.attributes
                0x000003c6       0x21 build/startup_stm32f407xx.o
 .ARM.attributes
                0x000003e7       0x32 c:/program files (x86)/gnu arm embedded toolchain/10 2020-q4-major/bin/../lib/gcc/arm-none-eabi/10.2.1/../../../../arm-none-eabi/lib/thumb/v7e-m+fp/hard\libc_nano.a(lib_a-impure.o)
 .ARM.attributes
                0x00000419       0x34 c:/program files (x86)/gnu arm embedded toolchain/10 2020-q4-major/bin/../lib/gcc/arm-none-eabi/10.2.1/../../../../arm-none-eabi/lib/thumb/v7e-m+fp/hard\libc_nano.a(lib_a-init.o)
 .ARM.attributes
                0x0000044d       0x34 c:/program files (x86)/gnu arm embedded toolchain/10 2020-q4-major/bin/../lib/gcc/arm-none-eabi/10.2.1/../../../../arm-none-eabi/lib/thumb/v7e-m+fp/hard\libc_nano.a(lib_a-memset.o)
 .ARM.attributes
                0x00000481       0x34 c:/program files (x86)/gnu arm embedded toolchain/10 2020-q4-major/bin/../lib/gcc/arm-none-eabi/10.2.1/../../../../arm-none-eabi/lib/thumb/v7e-m+fp/hard\libc_nano.a(lib_a-sprintf.o)
 .ARM.attributes
                0x000004b5       0x34 c:/program files (x86)/gnu arm embedded toolchain/10 2020-q4-major/bin/../lib/gcc/arm-none-eabi/10.2.1/../../../../arm-none-eabi/lib/thumb/v7e-m+fp/hard\libc_nano.a(lib_a-nano-svfprintf.o)
 .ARM.attributes
                0x000004e9       0x34 c:/program files (x86)/gnu arm embedded toolchain/10 2020-q4-major/bin/../lib/gcc/arm-none-eabi/10.2.1/../../../../arm-none-eabi/lib/thumb/v7e-m+fp/hard\libc_nano.a(lib_a-nano-vfprintf_i.o)
 .ARM.attributes
                0x0000051d       0x1c c:/program files (x86)/gnu arm embedded toolchain/10 2020-q4-major/bin/../lib/gcc/arm-none-eabi/10.2.1/../../../../arm-none-eabi/lib/thumb/v7e-m+fp/hard\libc_nano.a(lib_a-memchr.o)
 .ARM.attributes
                0x00000539       0x34 c:/program files (x86)/gnu arm embedded toolchain/10 2020-q4-major/bin/../lib/gcc/arm-none-eabi/10.2.1/../../../../arm-none-eabi/lib/thumb/v7e-m+fp/hard\libc_nano.a(lib_a-memcpy-stub.o)
 .ARM.attributes
                0x0000056d       0x34 c:/program files (x86)/gnu arm embedded toolchain/10 2020-q4-major/bin/../lib/gcc/arm-none-eabi/10.2.1/../../../../arm-none-eabi/lib/thumb/v7e-m+fp/hard\libc_nano.a(lib_a-memmove.o)
 .ARM.attributes
                0x000005a1       0x34 c:/program files (x86)/gnu arm embedded toolchain/10 2020-q4-major/bin/../lib/gcc/arm-none-eabi/10.2.1/../../../../arm-none-eabi/lib/thumb/v7e-m+fp/hard\libc_nano.a(lib_a-nano-freer.o)
 .ARM.attributes
                0x000005d5       0x34 c:/program files (x86)/gnu arm embedded toolchain/10 2020-q4-major/bin/../lib/gcc/arm-none-eabi/10.2.1/../../../../arm-none-eabi/lib/thumb/v7e-m+fp/hard\libc_nano.a(lib_a-nano-mallocr.o)
 .ARM.attributes
                0x00000609       0x34 c:/program files (x86)/gnu arm embedded toolchain/10 2020-q4-major/bin/../lib/gcc/arm-none-eabi/10.2.1/../../../../arm-none-eabi/lib/thumb/v7e-m+fp/hard\libc_nano.a(lib_a-nano-reallocr.o)
 .ARM.attributes
                0x0000063d       0x34 c:/program files (x86)/gnu arm embedded toolchain/10 2020-q4-major/bin/../lib/gcc/arm-none-eabi/10.2.1/../../../../arm-none-eabi/lib/thumb/v7e-m+fp/hard\libc_nano.a(lib_a-sbrkr.o)
 .ARM.attributes
                0x00000671       0x34 c:/program files (x86)/gnu arm embedded toolchain/10 2020-q4-major/bin/../lib/gcc/arm-none-eabi/10.2.1/../../../../arm-none-eabi/lib/thumb/v7e-m+fp/hard\libc_nano.a(lib_a-mlock.o)
 .ARM.attributes
                0x000006a5       0x34 c:/program files (x86)/gnu arm embedded toolchain/10 2020-q4-major/bin/../lib/gcc/arm-none-eabi/10.2.1/../../../../arm-none-eabi/lib/thumb/v7e-m+fp/hard\libc_nano.a(lib_a-nano-msizer.o)
 .ARM.attributes
                0x000006d9       0x34 c:/program files (x86)/gnu arm embedded toolchain/10 2020-q4-major/bin/../lib/gcc/arm-none-eabi/10.2.1/../../../../arm-none-eabi/lib/thumb/v7e-m+fp/hard\libc_nano.a(lib_a-reent.o)
 .ARM.attributes
                0x0000070d       0x34 c:/program files (x86)/gnu arm embedded toolchain/10 2020-q4-major/bin/../lib/gcc/arm-none-eabi/10.2.1/../../../../arm-none-eabi/lib/thumb/v7e-m+fp/hard\libc_nano.a(lib_a-lock.o)
 .ARM.attributes
                0x00000741       0x34 c:/program files (x86)/gnu arm embedded toolchain/10 2020-q4-major/bin/../lib/gcc/arm-none-eabi/10.2.1/../../../../arm-none-eabi/lib/thumb/v7e-m+fp/hard\libm.a(lib_a-s_round.o)
 .ARM.attributes
                0x00000775       0x34 c:/program files (x86)/gnu arm embedded toolchain/10 2020-q4-major/bin/../lib/gcc/arm-none-eabi/10.2.1/../../../../arm-none-eabi/lib/thumb/v7e-m+fp/hard\libnosys.a(sbrk.o)
 .ARM.attributes
                0x000007a9       0x1e c:/program files (x86)/gnu arm embedded toolchain/10 2020-q4-major/bin/../lib/gcc/arm-none-eabi/10.2.1/thumb/v7e-m+fp/hard\libgcc.a(_arm_addsubdf3.o)
 .ARM.attributes
                0x000007c7       0x1e c:/program files (x86)/gnu arm embedded toolchain/10 2020-q4-major/bin/../lib/gcc/arm-none-eabi/10.2.1/thumb/v7e-m+fp/hard\libgcc.a(_arm_muldivdf3.o)
 .ARM.attributes
                0x000007e5       0x1e c:/program files (x86)/gnu arm embedded toolchain/10 2020-q4-major/bin/../lib/gcc/arm-none-eabi/10.2.1/thumb/v7e-m+fp/hard\libgcc.a(_arm_cmpdf2.o)
 .ARM.attributes
                0x00000803       0x1e c:/program files (x86)/gnu arm embedded toolchain/10 2020-q4-major/bin/../lib/gcc/arm-none-eabi/10.2.1/thumb/v7e-m+fp/hard\libgcc.a(_arm_fixunsdfsi.o)
 .ARM.attributes
                0x00000821       0x1e c:/program files (x86)/gnu arm embedded toolchain/10 2020-q4-major/bin/../lib/gcc/arm-none-eabi/10.2.1/thumb/v7e-m+fp/hard\libgcc.a(_arm_truncdfsf2.o)
 .ARM.attributes
                0x0000083f       0x1e c:/program files (x86)/gnu arm embedded toolchain/10 2020-q4-major/bin/../lib/gcc/arm-none-eabi/10.2.1/thumb/v7e-m+fp/hard\libgcc.a(_aeabi_uldivmod.o)
 .ARM.attributes
                0x0000085d       0x34 c:/program files (x86)/gnu arm embedded toolchain/10 2020-q4-major/bin/../lib/gcc/arm-none-eabi/10.2.1/thumb/v7e-m+fp/hard\libgcc.a(_udivmoddi4.o)
 .ARM.attributes
                0x00000891       0x1e c:/program files (x86)/gnu arm embedded toolchain/10 2020-q4-major/bin/../lib/gcc/arm-none-eabi/10.2.1/thumb/v7e-m+fp/hard\libgcc.a(_dvmd_tls.o)
 .ARM.attributes
                0x000008af       0x1e c:/program files (x86)/gnu arm embedded toolchain/10 2020-q4-major/bin/../lib/gcc/arm-none-eabi/10.2.1/thumb/v7e-m+fp/hard/crtn.o
OUTPUT(build/base_control.elf elf32-littlearm)
LOAD linker stubs
LOAD c:/program files (x86)/gnu arm embedded toolchain/10 2020-q4-major/bin/../lib/gcc/arm-none-eabi/10.2.1/../../../../arm-none-eabi/lib/thumb/v7e-m+fp/hard\libc.a
LOAD c:/program files (x86)/gnu arm embedded toolchain/10 2020-q4-major/bin/../lib/gcc/arm-none-eabi/10.2.1/../../../../arm-none-eabi/lib/thumb/v7e-m+fp/hard\libm.a
LOAD c:/program files (x86)/gnu arm embedded toolchain/10 2020-q4-major/bin/../lib/gcc/arm-none-eabi/10.2.1/thumb/v7e-m+fp/hard\libgcc.a

.debug_info     0x00000000    0x117df
 .debug_info    0x00000000     0x15e5 build/main.o
 .debug_info    0x000015e5      0xbcb build/stm32f4xx_it.o
 .debug_info    0x000021b0      0x2eb build/stm32f4xx_hal_msp.o
 .debug_info    0x0000249b     0x3e13 build/stm32f4xx_hal_tim.o
 .debug_info    0x000062ae     0x1bc2 build/stm32f4xx_hal_tim_ex.o
 .debug_info    0x00007e70     0x1e89 build/stm32f4xx_hal_uart.o
 .debug_info    0x00009cf9      0xbe6 build/stm32f4xx_hal_rcc.o
 .debug_info    0x0000a8df      0x848 build/stm32f4xx_hal_gpio.o
 .debug_info    0x0000b127      0xbd1 build/stm32f4xx_hal_dma.o
 .debug_info    0x0000bcf8     0x1174 build/stm32f4xx_hal_cortex.o
 .debug_info    0x0000ce6c      0xacf build/stm32f4xx_hal.o
 .debug_info    0x0000d93b      0x5b3 build/system_stm32f4xx.o
 .debug_info    0x0000deee      0x536 build/gpio.o
 .debug_info    0x0000e424      0x57d build/dma.o
 .debug_info    0x0000e9a1      0xde9 build/usart.o
 .debug_info    0x0000f78a     0x147c build/tim.o
 .debug_info    0x00010c06      0xbb7 build/PID.o
 .debug_info    0x000117bd       0x22 build/startup_stm32f407xx.o

.debug_abbrev   0x00000000     0x2431
 .debug_abbrev  0x00000000      0x28e build/main.o
 .debug_abbrev  0x0000028e      0x1ac build/stm32f4xx_it.o
 .debug_abbrev  0x0000043a       0xd3 build/stm32f4xx_hal_msp.o
 .debug_abbrev  0x0000050d      0x282 build/stm32f4xx_hal_tim.o
 .debug_abbrev  0x0000078f      0x298 build/stm32f4xx_hal_tim_ex.o
 .debug_abbrev  0x00000a27      0x2cd build/stm32f4xx_hal_uart.o
 .debug_abbrev  0x00000cf4      0x2aa build/stm32f4xx_hal_rcc.o
 .debug_abbrev  0x00000f9e      0x22b build/stm32f4xx_hal_gpio.o
 .debug_abbrev  0x000011c9      0x2ff build/stm32f4xx_hal_dma.o
 .debug_abbrev  0x000014c8      0x382 build/stm32f4xx_hal_cortex.o
 .debug_abbrev  0x0000184a      0x209 build/stm32f4xx_hal.o
 .debug_abbrev  0x00001a53      0x11b build/system_stm32f4xx.o
 .debug_abbrev  0x00001b6e      0x151 build/gpio.o
 .debug_abbrev  0x00001cbf      0x129 build/dma.o
 .debug_abbrev  0x00001de8      0x1f3 build/usart.o
 .debug_abbrev  0x00001fdb      0x235 build/tim.o
 .debug_abbrev  0x00002210      0x20f build/PID.o
 .debug_abbrev  0x0000241f       0x12 build/startup_stm32f407xx.o

.debug_loc      0x00000000     0xccc1
 .debug_loc     0x00000000       0xfc build/main.o
 .debug_loc     0x000000fc       0xe0 build/stm32f4xx_it.o
 .debug_loc     0x000001dc       0x2c build/stm32f4xx_hal_msp.o
 .debug_loc     0x00000208     0x532d build/stm32f4xx_hal_tim.o
 .debug_loc     0x00005535     0x1f8f build/stm32f4xx_hal_tim_ex.o
 .debug_loc     0x000074c4     0x265b build/stm32f4xx_hal_uart.o
 .debug_loc     0x00009b1f      0x6e4 build/stm32f4xx_hal_rcc.o
 .debug_loc     0x0000a203      0x5e8 build/stm32f4xx_hal_gpio.o
 .debug_loc     0x0000a7eb      0xd6d build/stm32f4xx_hal_dma.o
 .debug_loc     0x0000b558      0x7a4 build/stm32f4xx_hal_cortex.o
 .debug_loc     0x0000bcfc      0x1e1 build/stm32f4xx_hal.o
 .debug_loc     0x0000bedd      0x158 build/system_stm32f4xx.o
 .debug_loc     0x0000c035       0x39 build/gpio.o
 .debug_loc     0x0000c06e       0x38 build/dma.o
 .debug_loc     0x0000c0a6       0xf5 build/usart.o
 .debug_loc     0x0000c19b      0x35e build/tim.o
 .debug_loc     0x0000c4f9      0x7c8 build/PID.o

.debug_aranges  0x00000000      0xcc8
 .debug_aranges
                0x00000000       0x50 build/main.o
 .debug_aranges
                0x00000050       0x90 build/stm32f4xx_it.o
 .debug_aranges
                0x000000e0       0x20 build/stm32f4xx_hal_msp.o
 .debug_aranges
                0x00000100      0x3d0 build/stm32f4xx_hal_tim.o
 .debug_aranges
                0x000004d0      0x168 build/stm32f4xx_hal_tim_ex.o
 .debug_aranges
                0x00000638      0x200 build/stm32f4xx_hal_uart.o
 .debug_aranges
                0x00000838       0x88 build/stm32f4xx_hal_rcc.o
 .debug_aranges
                0x000008c0       0x58 build/stm32f4xx_hal_gpio.o
 .debug_aranges
                0x00000918       0x90 build/stm32f4xx_hal_dma.o
 .debug_aranges
                0x000009a8       0xa8 build/stm32f4xx_hal_cortex.o
 .debug_aranges
                0x00000a50       0xf0 build/stm32f4xx_hal.o
 .debug_aranges
                0x00000b40       0x28 build/system_stm32f4xx.o
 .debug_aranges
                0x00000b68       0x20 build/gpio.o
 .debug_aranges
                0x00000b88       0x20 build/dma.o
 .debug_aranges
                0x00000ba8       0x30 build/usart.o
 .debug_aranges
                0x00000bd8       0x58 build/tim.o
 .debug_aranges
                0x00000c30       0x70 build/PID.o
 .debug_aranges
                0x00000ca0       0x28 build/startup_stm32f407xx.o

.debug_ranges   0x00000000      0xc28
 .debug_ranges  0x00000000       0x40 build/main.o
 .debug_ranges  0x00000040       0x80 build/stm32f4xx_it.o
 .debug_ranges  0x000000c0       0x10 build/stm32f4xx_hal_msp.o
 .debug_ranges  0x000000d0      0x3c0 build/stm32f4xx_hal_tim.o
 .debug_ranges  0x00000490      0x158 build/stm32f4xx_hal_tim_ex.o
 .debug_ranges  0x000005e8      0x1f0 build/stm32f4xx_hal_uart.o
 .debug_ranges  0x000007d8       0x90 build/stm32f4xx_hal_rcc.o
 .debug_ranges  0x00000868       0x48 build/stm32f4xx_hal_gpio.o
 .debug_ranges  0x000008b0       0x80 build/stm32f4xx_hal_dma.o
 .debug_ranges  0x00000930       0xf8 build/stm32f4xx_hal_cortex.o
 .debug_ranges  0x00000a28       0xe0 build/stm32f4xx_hal.o
 .debug_ranges  0x00000b08       0x18 build/system_stm32f4xx.o
 .debug_ranges  0x00000b20       0x10 build/gpio.o
 .debug_ranges  0x00000b30       0x10 build/dma.o
 .debug_ranges  0x00000b40       0x20 build/usart.o
 .debug_ranges  0x00000b60       0x48 build/tim.o
 .debug_ranges  0x00000ba8       0x60 build/PID.o
 .debug_ranges  0x00000c08       0x20 build/startup_stm32f407xx.o

.debug_line     0x00000000     0xd1ed
 .debug_line    0x00000000      0x47d build/main.o
 .debug_line    0x0000047d      0x384 build/stm32f4xx_it.o
 .debug_line    0x00000801      0x17b build/stm32f4xx_hal_msp.o
 .debug_line    0x0000097c     0x47f1 build/stm32f4xx_hal_tim.o
 .debug_line    0x0000516d     0x1c69 build/stm32f4xx_hal_tim_ex.o
 .debug_line    0x00006dd6     0x20dc build/stm32f4xx_hal_uart.o
 .debug_line    0x00008eb2      0xb30 build/stm32f4xx_hal_rcc.o
 .debug_line    0x000099e2      0x701 build/stm32f4xx_hal_gpio.o
 .debug_line    0x0000a0e3      0xe23 build/stm32f4xx_hal_dma.o
 .debug_line    0x0000af06      0x798 build/stm32f4xx_hal_cortex.o
 .debug_line    0x0000b69e      0x585 build/stm32f4xx_hal.o
 .debug_line    0x0000bc23      0x270 build/system_stm32f4xx.o
 .debug_line    0x0000be93      0x21f build/gpio.o
 .debug_line    0x0000c0b2      0x1a5 build/dma.o
 .debug_line    0x0000c257      0x3cb build/usart.o
 .debug_line    0x0000c622      0x5d6 build/tim.o
 .debug_line    0x0000cbf8      0x57f build/PID.o
 .debug_line    0x0000d177       0x76 build/startup_stm32f407xx.o

.debug_str      0x00000000     0x3f50
 .debug_str     0x00000000      0xd31 build/main.o
                                0xe6d (size before relaxing)
 .debug_str     0x00000d31      0x17e build/stm32f4xx_it.o
                                0xa2f (size before relaxing)
 .debug_str     0x00000eaf       0x29 build/stm32f4xx_hal_msp.o
                                0x2a3 (size before relaxing)
 .debug_str     0x00000ed8      0xedc build/stm32f4xx_hal_tim.o
                               0x169a (size before relaxing)
 .debug_str     0x00001db4      0x591 build/stm32f4xx_hal_tim_ex.o
                                0xe9b (size before relaxing)
 .debug_str     0x00002345      0x63d build/stm32f4xx_hal_uart.o
                                0xd1d (size before relaxing)
 .debug_str     0x00002982      0x20c build/stm32f4xx_hal_rcc.o
                                0x6ee (size before relaxing)
 .debug_str     0x00002b8e      0x163 build/stm32f4xx_hal_gpio.o
                                0x4c8 (size before relaxing)
 .debug_str     0x00002cf1      0x2b2 build/stm32f4xx_hal_dma.o
                                0x75e (size before relaxing)
 .debug_str     0x00002fa3      0x9ff build/stm32f4xx_hal_cortex.o
                                0xc14 (size before relaxing)
 .debug_str     0x000039a2      0x29f build/stm32f4xx_hal.o
                                0xb42 (size before relaxing)
 .debug_str     0x00003c41       0x47 build/system_stm32f4xx.o
                                0x35d (size before relaxing)
 .debug_str     0x00003c88       0x10 build/gpio.o
                                0x354 (size before relaxing)
 .debug_str     0x00003c98        0xf build/dma.o
                                0x7ab (size before relaxing)
 .debug_str     0x00003ca7       0x1c build/usart.o
                                0xd48 (size before relaxing)
 .debug_str     0x00003cc3       0x58 build/tim.o
                               0x10ce (size before relaxing)
 .debug_str     0x00003d1b      0x211 build/PID.o
                                0x54b (size before relaxing)
 .debug_str     0x00003f2c       0x24 build/startup_stm32f407xx.o
                                 0x52 (size before relaxing)

.comment        0x00000000       0x4d
 .comment       0x00000000       0x4d build/main.o
                                 0x4e (size before relaxing)
 .comment       0x0000004d       0x4e build/stm32f4xx_it.o
 .comment       0x0000004d       0x4e build/stm32f4xx_hal_msp.o
 .comment       0x0000004d       0x4e build/stm32f4xx_hal_tim.o
 .comment       0x0000004d       0x4e build/stm32f4xx_hal_tim_ex.o
 .comment       0x0000004d       0x4e build/stm32f4xx_hal_uart.o
 .comment       0x0000004d       0x4e build/stm32f4xx_hal_rcc.o
 .comment       0x0000004d       0x4e build/stm32f4xx_hal_gpio.o
 .comment       0x0000004d       0x4e build/stm32f4xx_hal_dma.o
 .comment       0x0000004d       0x4e build/stm32f4xx_hal_cortex.o
 .comment       0x0000004d       0x4e build/stm32f4xx_hal.o
 .comment       0x0000004d       0x4e build/system_stm32f4xx.o
 .comment       0x0000004d       0x4e build/gpio.o
 .comment       0x0000004d       0x4e build/dma.o
 .comment       0x0000004d       0x4e build/usart.o
 .comment       0x0000004d       0x4e build/tim.o
 .comment       0x0000004d       0x4e build/PID.o

.debug_frame    0x00000000     0x2840
 .debug_frame   0x00000000       0xac build/main.o
 .debug_frame   0x000000ac      0x138 build/stm32f4xx_it.o
 .debug_frame   0x000001e4       0x28 build/stm32f4xx_hal_msp.o
 .debug_frame   0x0000020c      0xb08 build/stm32f4xx_hal_tim.o
 .debug_frame   0x00000d14      0x40c build/stm32f4xx_hal_tim_ex.o
 .debug_frame   0x00001120      0x5c4 build/stm32f4xx_hal_uart.o
 .debug_frame   0x000016e4      0x16c build/stm32f4xx_hal_rcc.o
 .debug_frame   0x00001850       0xd8 build/stm32f4xx_hal_gpio.o
 .debug_frame   0x00001928      0x188 build/stm32f4xx_hal_dma.o
 .debug_frame   0x00001ab0      0x148 build/stm32f4xx_hal_cortex.o
 .debug_frame   0x00001bf8      0x1ec build/stm32f4xx_hal.o
 .debug_frame   0x00001de4       0x30 build/system_stm32f4xx.o
 .debug_frame   0x00001e14       0x38 build/gpio.o
 .debug_frame   0x00001e4c       0x30 build/dma.o
 .debug_frame   0x00001e7c       0x64 build/usart.o
 .debug_frame   0x00001ee0      0x100 build/tim.o
 .debug_frame   0x00001fe0      0x18c build/PID.o
 .debug_frame   0x0000216c       0x2c c:/program files (x86)/gnu arm embedded toolchain/10 2020-q4-major/bin/../lib/gcc/arm-none-eabi/10.2.1/../../../../arm-none-eabi/lib/thumb/v7e-m+fp/hard\libc_nano.a(lib_a-init.o)
 .debug_frame   0x00002198       0x20 c:/program files (x86)/gnu arm embedded toolchain/10 2020-q4-major/bin/../lib/gcc/arm-none-eabi/10.2.1/../../../../arm-none-eabi/lib/thumb/v7e-m+fp/hard\libc_nano.a(lib_a-memset.o)
 .debug_frame   0x000021b8       0x6c c:/program files (x86)/gnu arm embedded toolchain/10 2020-q4-major/bin/../lib/gcc/arm-none-eabi/10.2.1/../../../../arm-none-eabi/lib/thumb/v7e-m+fp/hard\libc_nano.a(lib_a-sprintf.o)
 .debug_frame   0x00002224       0x90 c:/program files (x86)/gnu arm embedded toolchain/10 2020-q4-major/bin/../lib/gcc/arm-none-eabi/10.2.1/../../../../arm-none-eabi/lib/thumb/v7e-m+fp/hard\libc_nano.a(lib_a-nano-svfprintf.o)
 .debug_frame   0x000022b4       0x60 c:/program files (x86)/gnu arm embedded toolchain/10 2020-q4-major/bin/../lib/gcc/arm-none-eabi/10.2.1/../../../../arm-none-eabi/lib/thumb/v7e-m+fp/hard\libc_nano.a(lib_a-nano-vfprintf_i.o)
 .debug_frame   0x00002314       0x28 c:/program files (x86)/gnu arm embedded toolchain/10 2020-q4-major/bin/../lib/gcc/arm-none-eabi/10.2.1/../../../../arm-none-eabi/lib/thumb/v7e-m+fp/hard\libc_nano.a(lib_a-memcpy-stub.o)
 .debug_frame   0x0000233c       0x28 c:/program files (x86)/gnu arm embedded toolchain/10 2020-q4-major/bin/../lib/gcc/arm-none-eabi/10.2.1/../../../../arm-none-eabi/lib/thumb/v7e-m+fp/hard\libc_nano.a(lib_a-memmove.o)
 .debug_frame   0x00002364       0x38 c:/program files (x86)/gnu arm embedded toolchain/10 2020-q4-major/bin/../lib/gcc/arm-none-eabi/10.2.1/../../../../arm-none-eabi/lib/thumb/v7e-m+fp/hard\libc_nano.a(lib_a-nano-freer.o)
 .debug_frame   0x0000239c       0x30 c:/program files (x86)/gnu arm embedded toolchain/10 2020-q4-major/bin/../lib/gcc/arm-none-eabi/10.2.1/../../../../arm-none-eabi/lib/thumb/v7e-m+fp/hard\libc_nano.a(lib_a-nano-mallocr.o)
 .debug_frame   0x000023cc       0x3c c:/program files (x86)/gnu arm embedded toolchain/10 2020-q4-major/bin/../lib/gcc/arm-none-eabi/10.2.1/../../../../arm-none-eabi/lib/thumb/v7e-m+fp/hard\libc_nano.a(lib_a-nano-reallocr.o)
 .debug_frame   0x00002408       0x2c c:/program files (x86)/gnu arm embedded toolchain/10 2020-q4-major/bin/../lib/gcc/arm-none-eabi/10.2.1/../../../../arm-none-eabi/lib/thumb/v7e-m+fp/hard\libc_nano.a(lib_a-sbrkr.o)
 .debug_frame   0x00002434       0x30 c:/program files (x86)/gnu arm embedded toolchain/10 2020-q4-major/bin/../lib/gcc/arm-none-eabi/10.2.1/../../../../arm-none-eabi/lib/thumb/v7e-m+fp/hard\libc_nano.a(lib_a-mlock.o)
 .debug_frame   0x00002464       0x20 c:/program files (x86)/gnu arm embedded toolchain/10 2020-q4-major/bin/../lib/gcc/arm-none-eabi/10.2.1/../../../../arm-none-eabi/lib/thumb/v7e-m+fp/hard\libc_nano.a(lib_a-nano-msizer.o)
 .debug_frame   0x00002484       0x5c c:/program files (x86)/gnu arm embedded toolchain/10 2020-q4-major/bin/../lib/gcc/arm-none-eabi/10.2.1/../../../../arm-none-eabi/lib/thumb/v7e-m+fp/hard\libc_nano.a(lib_a-reent.o)
 .debug_frame   0x000024e0       0xb0 c:/program files (x86)/gnu arm embedded toolchain/10 2020-q4-major/bin/../lib/gcc/arm-none-eabi/10.2.1/../../../../arm-none-eabi/lib/thumb/v7e-m+fp/hard\libc_nano.a(lib_a-lock.o)
 .debug_frame   0x00002590       0x28 c:/program files (x86)/gnu arm embedded toolchain/10 2020-q4-major/bin/../lib/gcc/arm-none-eabi/10.2.1/../../../../arm-none-eabi/lib/thumb/v7e-m+fp/hard\libm.a(lib_a-s_round.o)
 .debug_frame   0x000025b8       0x20 c:/program files (x86)/gnu arm embedded toolchain/10 2020-q4-major/bin/../lib/gcc/arm-none-eabi/10.2.1/../../../../arm-none-eabi/lib/thumb/v7e-m+fp/hard\libnosys.a(sbrk.o)
 .debug_frame   0x000025d8       0xac c:/program files (x86)/gnu arm embedded toolchain/10 2020-q4-major/bin/../lib/gcc/arm-none-eabi/10.2.1/thumb/v7e-m+fp/hard\libgcc.a(_arm_addsubdf3.o)
 .debug_frame   0x00002684       0x50 c:/program files (x86)/gnu arm embedded toolchain/10 2020-q4-major/bin/../lib/gcc/arm-none-eabi/10.2.1/thumb/v7e-m+fp/hard\libgcc.a(_arm_muldivdf3.o)
 .debug_frame   0x000026d4       0xc4 c:/program files (x86)/gnu arm embedded toolchain/10 2020-q4-major/bin/../lib/gcc/arm-none-eabi/10.2.1/thumb/v7e-m+fp/hard\libgcc.a(_arm_cmpdf2.o)
 .debug_frame   0x00002798       0x24 c:/program files (x86)/gnu arm embedded toolchain/10 2020-q4-major/bin/../lib/gcc/arm-none-eabi/10.2.1/thumb/v7e-m+fp/hard\libgcc.a(_arm_fixunsdfsi.o)
 .debug_frame   0x000027bc       0x24 c:/program files (x86)/gnu arm embedded toolchain/10 2020-q4-major/bin/../lib/gcc/arm-none-eabi/10.2.1/thumb/v7e-m+fp/hard\libgcc.a(_arm_truncdfsf2.o)
 .debug_frame   0x000027e0       0x2c c:/program files (x86)/gnu arm embedded toolchain/10 2020-q4-major/bin/../lib/gcc/arm-none-eabi/10.2.1/thumb/v7e-m+fp/hard\libgcc.a(_aeabi_uldivmod.o)
 .debug_frame   0x0000280c       0x34 c:/program files (x86)/gnu arm embedded toolchain/10 2020-q4-major/bin/../lib/gcc/arm-none-eabi/10.2.1/thumb/v7e-m+fp/hard\libgcc.a(_udivmoddi4.o)

Cross Reference Table

Symbol                                            File
ADC_IRQHandler                                    build/startup_stm32f407xx.o
AHBPrescTable                                     build/system_stm32f4xx.o
                                                  build/stm32f4xx_hal_rcc.o
APBPrescTable                                     build/system_stm32f4xx.o
                                                  build/stm32f4xx_hal_rcc.o
BusFault_Handler                                  build/stm32f4xx_it.o
CAN1_RX0_IRQHandler                               build/startup_stm32f407xx.o
CAN1_RX1_IRQHandler                               build/startup_stm32f407xx.o
CAN1_SCE_IRQHandler                               build/startup_stm32f407xx.o
CAN1_TX_IRQHandler                                build/startup_stm32f407xx.o
CAN2_RX0_IRQHandler                               build/startup_stm32f407xx.o
CAN2_RX1_IRQHandler                               build/startup_stm32f407xx.o
CAN2_SCE_IRQHandler                               build/startup_stm32f407xx.o
CAN2_TX_IRQHandler                                build/startup_stm32f407xx.o
DCMI_IRQHandler                                   build/startup_stm32f407xx.o
DMA1_Stream0_IRQHandler                           build/startup_stm32f407xx.o
DMA1_Stream1_IRQHandler                           build/startup_stm32f407xx.o
DMA1_Stream2_IRQHandler                           build/startup_stm32f407xx.o
DMA1_Stream3_IRQHandler                           build/startup_stm32f407xx.o
DMA1_Stream4_IRQHandler                           build/startup_stm32f407xx.o
DMA1_Stream5_IRQHandler                           build/startup_stm32f407xx.o
DMA1_Stream6_IRQHandler                           build/startup_stm32f407xx.o
DMA1_Stream7_IRQHandler                           build/startup_stm32f407xx.o
DMA2_Stream0_IRQHandler                           build/startup_stm32f407xx.o
DMA2_Stream1_IRQHandler                           build/startup_stm32f407xx.o
DMA2_Stream2_IRQHandler                           build/stm32f4xx_it.o
DMA2_Stream3_IRQHandler                           build/startup_stm32f407xx.o
DMA2_Stream4_IRQHandler                           build/startup_stm32f407xx.o
DMA2_Stream5_IRQHandler                           build/startup_stm32f407xx.o
DMA2_Stream6_IRQHandler                           build/startup_stm32f407xx.o
DMA2_Stream7_IRQHandler                           build/stm32f4xx_it.o
DebugMon_Handler                                  build/stm32f4xx_it.o
Default_Handler                                   build/startup_stm32f407xx.o
ETH_IRQHandler                                    build/startup_stm32f407xx.o
ETH_WKUP_IRQHandler                               build/startup_stm32f407xx.o
EXTI0_IRQHandler                                  build/startup_stm32f407xx.o
EXTI15_10_IRQHandler                              build/startup_stm32f407xx.o
EXTI1_IRQHandler                                  build/startup_stm32f407xx.o
EXTI2_IRQHandler                                  build/startup_stm32f407xx.o
EXTI3_IRQHandler                                  build/startup_stm32f407xx.o
EXTI4_IRQHandler                                  build/startup_stm32f407xx.o
EXTI9_5_IRQHandler                                build/startup_stm32f407xx.o
Error_Handler                                     build/main.o
                                                  build/tim.o
                                                  build/usart.o
FLASH_Erase_Sector                                build/stm32f4xx_hal_flash_ex.o
                                                  build/stm32f4xx_hal_flash.o
FLASH_FlushCaches                                 build/stm32f4xx_hal_flash_ex.o
                                                  build/stm32f4xx_hal_flash.o
FLASH_IRQHandler                                  build/startup_stm32f407xx.o
FLASH_WaitForLastOperation                        build/stm32f4xx_hal_flash.o
                                                  build/stm32f4xx_hal_flash_ex.o
FPU_IRQHandler                                    build/startup_stm32f407xx.o
FSMC_IRQHandler                                   build/startup_stm32f407xx.o
HAL_DBGMCU_DisableDBGSleepMode                    build/stm32f4xx_hal.o
HAL_DBGMCU_DisableDBGStandbyMode                  build/stm32f4xx_hal.o
HAL_DBGMCU_DisableDBGStopMode                     build/stm32f4xx_hal.o
HAL_DBGMCU_EnableDBGSleepMode                     build/stm32f4xx_hal.o
HAL_DBGMCU_EnableDBGStandbyMode                   build/stm32f4xx_hal.o
HAL_DBGMCU_EnableDBGStopMode                      build/stm32f4xx_hal.o
HAL_DMAEx_ChangeMemory                            build/stm32f4xx_hal_dma_ex.o
HAL_DMAEx_MultiBufferStart                        build/stm32f4xx_hal_dma_ex.o
HAL_DMAEx_MultiBufferStart_IT                     build/stm32f4xx_hal_dma_ex.o
HAL_DMA_Abort                                     build/stm32f4xx_hal_dma.o
                                                  build/stm32f4xx_hal_uart.o
HAL_DMA_Abort_IT                                  build/stm32f4xx_hal_dma.o
                                                  build/stm32f4xx_hal_uart.o
                                                  build/stm32f4xx_hal_tim_ex.o
                                                  build/stm32f4xx_hal_tim.o
HAL_DMA_DeInit                                    build/stm32f4xx_hal_dma.o
                                                  build/usart.o
HAL_DMA_GetError                                  build/stm32f4xx_hal_dma.o
                                                  build/stm32f4xx_hal_uart.o
HAL_DMA_GetState                                  build/stm32f4xx_hal_dma.o
HAL_DMA_IRQHandler                                build/stm32f4xx_hal_dma.o
                                                  build/stm32f4xx_it.o
HAL_DMA_Init                                      build/stm32f4xx_hal_dma.o
                                                  build/usart.o
HAL_DMA_PollForTransfer                           build/stm32f4xx_hal_dma.o
HAL_DMA_RegisterCallback                          build/stm32f4xx_hal_dma.o
HAL_DMA_Start                                     build/stm32f4xx_hal_dma.o
HAL_DMA_Start_IT                                  build/stm32f4xx_hal_dma.o
                                                  build/stm32f4xx_hal_uart.o
                                                  build/stm32f4xx_hal_tim_ex.o
                                                  build/stm32f4xx_hal_tim.o
HAL_DMA_UnRegisterCallback                        build/stm32f4xx_hal_dma.o
HAL_DeInit                                        build/stm32f4xx_hal.o
HAL_Delay                                         build/stm32f4xx_hal.o
HAL_DisableCompensationCell                       build/stm32f4xx_hal.o
HAL_EXTI_ClearConfigLine                          build/stm32f4xx_hal_exti.o
HAL_EXTI_ClearPending                             build/stm32f4xx_hal_exti.o
HAL_EXTI_GenerateSWI                              build/stm32f4xx_hal_exti.o
HAL_EXTI_GetConfigLine                            build/stm32f4xx_hal_exti.o
HAL_EXTI_GetHandle                                build/stm32f4xx_hal_exti.o
HAL_EXTI_GetPending                               build/stm32f4xx_hal_exti.o
HAL_EXTI_IRQHandler                               build/stm32f4xx_hal_exti.o
HAL_EXTI_RegisterCallback                         build/stm32f4xx_hal_exti.o
HAL_EXTI_SetConfigLine                            build/stm32f4xx_hal_exti.o
HAL_EnableCompensationCell                        build/stm32f4xx_hal.o
HAL_FLASHEx_Erase                                 build/stm32f4xx_hal_flash_ex.o
HAL_FLASHEx_Erase_IT                              build/stm32f4xx_hal_flash_ex.o
HAL_FLASHEx_OBGetConfig                           build/stm32f4xx_hal_flash_ex.o
HAL_FLASHEx_OBProgram                             build/stm32f4xx_hal_flash_ex.o
HAL_FLASH_EndOfOperationCallback                  build/stm32f4xx_hal_flash.o
HAL_FLASH_GetError                                build/stm32f4xx_hal_flash.o
HAL_FLASH_IRQHandler                              build/stm32f4xx_hal_flash.o
HAL_FLASH_Lock                                    build/stm32f4xx_hal_flash.o
HAL_FLASH_OB_Launch                               build/stm32f4xx_hal_flash.o
HAL_FLASH_OB_Lock                                 build/stm32f4xx_hal_flash.o
HAL_FLASH_OB_Unlock                               build/stm32f4xx_hal_flash.o
HAL_FLASH_OperationErrorCallback                  build/stm32f4xx_hal_flash.o
HAL_FLASH_Program                                 build/stm32f4xx_hal_flash.o
HAL_FLASH_Program_IT                              build/stm32f4xx_hal_flash.o
HAL_FLASH_Unlock                                  build/stm32f4xx_hal_flash.o
HAL_GPIO_DeInit                                   build/stm32f4xx_hal_gpio.o
                                                  build/tim.o
                                                  build/usart.o
HAL_GPIO_EXTI_Callback                            build/stm32f4xx_hal_gpio.o
HAL_GPIO_EXTI_IRQHandler                          build/stm32f4xx_hal_gpio.o
HAL_GPIO_Init                                     build/stm32f4xx_hal_gpio.o
                                                  build/tim.o
                                                  build/usart.o
                                                  build/gpio.o
                                                  build/stm32f4xx_hal_rcc.o
HAL_GPIO_LockPin                                  build/stm32f4xx_hal_gpio.o
HAL_GPIO_ReadPin                                  build/stm32f4xx_hal_gpio.o
HAL_GPIO_TogglePin                                build/stm32f4xx_hal_gpio.o
HAL_GPIO_WritePin                                 build/stm32f4xx_hal_gpio.o
                                                  build/PID.o
                                                  build/gpio.o
HAL_GetDEVID                                      build/stm32f4xx_hal.o
HAL_GetHalVersion                                 build/stm32f4xx_hal.o
HAL_GetREVID                                      build/stm32f4xx_hal.o
HAL_GetTick                                       build/stm32f4xx_hal.o
                                                  build/PID.o
                                                  build/stm32f4xx_hal_pwr_ex.o
                                                  build/stm32f4xx_hal_dma.o
                                                  build/stm32f4xx_hal_flash.o
                                                  build/stm32f4xx_hal_rcc_ex.o
                                                  build/stm32f4xx_hal_rcc.o
                                                  build/stm32f4xx_hal_uart.o
HAL_GetTickFreq                                   build/stm32f4xx_hal.o
HAL_GetTickPrio                                   build/stm32f4xx_hal.o
HAL_GetUIDw0                                      build/stm32f4xx_hal.o
HAL_GetUIDw1                                      build/stm32f4xx_hal.o
HAL_GetUIDw2                                      build/stm32f4xx_hal.o
HAL_HalfDuplex_EnableReceiver                     build/stm32f4xx_hal_uart.o
HAL_HalfDuplex_EnableTransmitter                  build/stm32f4xx_hal_uart.o
HAL_HalfDuplex_Init                               build/stm32f4xx_hal_uart.o
HAL_IncTick                                       build/stm32f4xx_hal.o
                                                  build/stm32f4xx_it.o
HAL_Init                                          build/stm32f4xx_hal.o
                                                  build/main.o
HAL_InitTick                                      build/stm32f4xx_hal.o
                                                  build/stm32f4xx_hal_rcc_ex.o
                                                  build/stm32f4xx_hal_rcc.o
HAL_LIN_Init                                      build/stm32f4xx_hal_uart.o
HAL_LIN_SendBreak                                 build/stm32f4xx_hal_uart.o
HAL_MPU_ConfigRegion                              build/stm32f4xx_hal_cortex.o
HAL_MPU_Disable                                   build/stm32f4xx_hal_cortex.o
HAL_MPU_Enable                                    build/stm32f4xx_hal_cortex.o
HAL_MspDeInit                                     build/stm32f4xx_hal.o
HAL_MspInit                                       build/stm32f4xx_hal_msp.o
HAL_MultiProcessor_EnterMuteMode                  build/stm32f4xx_hal_uart.o
HAL_MultiProcessor_ExitMuteMode                   build/stm32f4xx_hal_uart.o
HAL_MultiProcessor_Init                           build/stm32f4xx_hal_uart.o
HAL_NVIC_ClearPendingIRQ                          build/stm32f4xx_hal_cortex.o
HAL_NVIC_DisableIRQ                               build/stm32f4xx_hal_cortex.o
                                                  build/tim.o
                                                  build/usart.o
HAL_NVIC_EnableIRQ                                build/stm32f4xx_hal_cortex.o
                                                  build/tim.o
                                                  build/usart.o
                                                  build/dma.o
HAL_NVIC_GetActive                                build/stm32f4xx_hal_cortex.o
HAL_NVIC_GetPendingIRQ                            build/stm32f4xx_hal_cortex.o
HAL_NVIC_GetPriority                              build/stm32f4xx_hal_cortex.o
HAL_NVIC_GetPriorityGrouping                      build/stm32f4xx_hal_cortex.o
HAL_NVIC_SetPendingIRQ                            build/stm32f4xx_hal_cortex.o
HAL_NVIC_SetPriority                              build/stm32f4xx_hal_cortex.o
                                                  build/tim.o
                                                  build/usart.o
                                                  build/dma.o
                                                  build/stm32f4xx_hal.o
HAL_NVIC_SetPriorityGrouping                      build/stm32f4xx_hal_cortex.o
                                                  build/stm32f4xx_hal.o
HAL_NVIC_SystemReset                              build/stm32f4xx_hal_cortex.o
HAL_PWREx_ControlVoltageScaling                   build/stm32f4xx_hal_pwr_ex.o
HAL_PWREx_DisableBkUpReg                          build/stm32f4xx_hal_pwr_ex.o
HAL_PWREx_DisableFlashPowerDown                   build/stm32f4xx_hal_pwr_ex.o
HAL_PWREx_EnableBkUpReg                           build/stm32f4xx_hal_pwr_ex.o
HAL_PWREx_EnableFlashPowerDown                    build/stm32f4xx_hal_pwr_ex.o
HAL_PWREx_GetVoltageRange                         build/stm32f4xx_hal_pwr_ex.o
HAL_PWR_ConfigPVD                                 build/stm32f4xx_hal_pwr.o
HAL_PWR_DeInit                                    build/stm32f4xx_hal_pwr.o
HAL_PWR_DisableBkUpAccess                         build/stm32f4xx_hal_pwr.o
HAL_PWR_DisablePVD                                build/stm32f4xx_hal_pwr.o
HAL_PWR_DisableSEVOnPend                          build/stm32f4xx_hal_pwr.o
HAL_PWR_DisableSleepOnExit                        build/stm32f4xx_hal_pwr.o
HAL_PWR_DisableWakeUpPin                          build/stm32f4xx_hal_pwr.o
HAL_PWR_EnableBkUpAccess                          build/stm32f4xx_hal_pwr.o
HAL_PWR_EnablePVD                                 build/stm32f4xx_hal_pwr.o
HAL_PWR_EnableSEVOnPend                           build/stm32f4xx_hal_pwr.o
HAL_PWR_EnableSleepOnExit                         build/stm32f4xx_hal_pwr.o
HAL_PWR_EnableWakeUpPin                           build/stm32f4xx_hal_pwr.o
HAL_PWR_EnterSLEEPMode                            build/stm32f4xx_hal_pwr.o
HAL_PWR_EnterSTANDBYMode                          build/stm32f4xx_hal_pwr.o
HAL_PWR_EnterSTOPMode                             build/stm32f4xx_hal_pwr.o
HAL_PWR_PVDCallback                               build/stm32f4xx_hal_pwr.o
HAL_PWR_PVD_IRQHandler                            build/stm32f4xx_hal_pwr.o
HAL_RCCEx_DisablePLLI2S                           build/stm32f4xx_hal_rcc_ex.o
HAL_RCCEx_EnablePLLI2S                            build/stm32f4xx_hal_rcc_ex.o
HAL_RCCEx_GetPeriphCLKConfig                      build/stm32f4xx_hal_rcc_ex.o
HAL_RCCEx_GetPeriphCLKFreq                        build/stm32f4xx_hal_rcc_ex.o
HAL_RCCEx_PeriphCLKConfig                         build/stm32f4xx_hal_rcc_ex.o
HAL_RCC_CSSCallback                               build/stm32f4xx_hal_rcc.o
HAL_RCC_ClockConfig                               build/stm32f4xx_hal_rcc.o
                                                  build/main.o
HAL_RCC_DeInit                                    build/stm32f4xx_hal_rcc_ex.o
                                                  build/stm32f4xx_hal_rcc.o
HAL_RCC_DisableCSS                                build/stm32f4xx_hal_rcc.o
HAL_RCC_EnableCSS                                 build/stm32f4xx_hal_rcc.o
HAL_RCC_GetClockConfig                            build/stm32f4xx_hal_rcc.o
HAL_RCC_GetHCLKFreq                               build/stm32f4xx_hal_rcc.o
HAL_RCC_GetOscConfig                              build/stm32f4xx_hal_rcc.o
HAL_RCC_GetPCLK1Freq                              build/stm32f4xx_hal_rcc.o
                                                  build/stm32f4xx_hal_uart.o
HAL_RCC_GetPCLK2Freq                              build/stm32f4xx_hal_rcc.o
                                                  build/stm32f4xx_hal_uart.o
HAL_RCC_GetSysClockFreq                           build/stm32f4xx_hal_rcc.o
HAL_RCC_MCOConfig                                 build/stm32f4xx_hal_rcc.o
HAL_RCC_NMI_IRQHandler                            build/stm32f4xx_hal_rcc.o
HAL_RCC_OscConfig                                 build/stm32f4xx_hal_rcc.o
                                                  build/main.o
HAL_ResumeTick                                    build/stm32f4xx_hal.o
HAL_SYSTICK_CLKSourceConfig                       build/stm32f4xx_hal_cortex.o
HAL_SYSTICK_Callback                              build/stm32f4xx_hal_cortex.o
HAL_SYSTICK_Config                                build/stm32f4xx_hal_cortex.o
                                                  build/stm32f4xx_hal.o
HAL_SYSTICK_IRQHandler                            build/stm32f4xx_hal_cortex.o
HAL_SetTickFreq                                   build/stm32f4xx_hal.o
HAL_SuspendTick                                   build/stm32f4xx_hal.o
HAL_TIMEx_BreakCallback                           build/stm32f4xx_hal_tim_ex.o
                                                  build/stm32f4xx_hal_tim.o
HAL_TIMEx_CommutCallback                          build/stm32f4xx_hal_tim_ex.o
                                                  build/stm32f4xx_hal_tim.o
HAL_TIMEx_CommutHalfCpltCallback                  build/stm32f4xx_hal_tim_ex.o
HAL_TIMEx_ConfigBreakDeadTime                     build/stm32f4xx_hal_tim_ex.o
HAL_TIMEx_ConfigCommutEvent                       build/stm32f4xx_hal_tim_ex.o
HAL_TIMEx_ConfigCommutEvent_DMA                   build/stm32f4xx_hal_tim_ex.o
HAL_TIMEx_ConfigCommutEvent_IT                    build/stm32f4xx_hal_tim_ex.o
HAL_TIMEx_GetChannelNState                        build/stm32f4xx_hal_tim_ex.o
HAL_TIMEx_HallSensor_DeInit                       build/stm32f4xx_hal_tim_ex.o
HAL_TIMEx_HallSensor_GetState                     build/stm32f4xx_hal_tim_ex.o
HAL_TIMEx_HallSensor_Init                         build/stm32f4xx_hal_tim_ex.o
HAL_TIMEx_HallSensor_MspDeInit                    build/stm32f4xx_hal_tim_ex.o
HAL_TIMEx_HallSensor_MspInit                      build/stm32f4xx_hal_tim_ex.o
HAL_TIMEx_HallSensor_Start                        build/stm32f4xx_hal_tim_ex.o
HAL_TIMEx_HallSensor_Start_DMA                    build/stm32f4xx_hal_tim_ex.o
HAL_TIMEx_HallSensor_Start_IT                     build/stm32f4xx_hal_tim_ex.o
HAL_TIMEx_HallSensor_Stop                         build/stm32f4xx_hal_tim_ex.o
HAL_TIMEx_HallSensor_Stop_DMA                     build/stm32f4xx_hal_tim_ex.o
HAL_TIMEx_HallSensor_Stop_IT                      build/stm32f4xx_hal_tim_ex.o
HAL_TIMEx_MasterConfigSynchronization             build/stm32f4xx_hal_tim_ex.o
                                                  build/tim.o
HAL_TIMEx_OCN_Start                               build/stm32f4xx_hal_tim_ex.o
HAL_TIMEx_OCN_Start_DMA                           build/stm32f4xx_hal_tim_ex.o
HAL_TIMEx_OCN_Start_IT                            build/stm32f4xx_hal_tim_ex.o
HAL_TIMEx_OCN_Stop                                build/stm32f4xx_hal_tim_ex.o
HAL_TIMEx_OCN_Stop_DMA                            build/stm32f4xx_hal_tim_ex.o
HAL_TIMEx_OCN_Stop_IT                             build/stm32f4xx_hal_tim_ex.o
HAL_TIMEx_OnePulseN_Start                         build/stm32f4xx_hal_tim_ex.o
HAL_TIMEx_OnePulseN_Start_IT                      build/stm32f4xx_hal_tim_ex.o
HAL_TIMEx_OnePulseN_Stop                          build/stm32f4xx_hal_tim_ex.o
HAL_TIMEx_OnePulseN_Stop_IT                       build/stm32f4xx_hal_tim_ex.o
HAL_TIMEx_PWMN_Start                              build/stm32f4xx_hal_tim_ex.o
HAL_TIMEx_PWMN_Start_DMA                          build/stm32f4xx_hal_tim_ex.o
HAL_TIMEx_PWMN_Start_IT                           build/stm32f4xx_hal_tim_ex.o
HAL_TIMEx_PWMN_Stop                               build/stm32f4xx_hal_tim_ex.o
HAL_TIMEx_PWMN_Stop_DMA                           build/stm32f4xx_hal_tim_ex.o
HAL_TIMEx_PWMN_Stop_IT                            build/stm32f4xx_hal_tim_ex.o
HAL_TIMEx_RemapConfig                             build/stm32f4xx_hal_tim_ex.o
HAL_TIM_Base_DeInit                               build/stm32f4xx_hal_tim.o
HAL_TIM_Base_GetState                             build/stm32f4xx_hal_tim.o
HAL_TIM_Base_Init                                 build/stm32f4xx_hal_tim.o
                                                  build/tim.o
HAL_TIM_Base_MspDeInit                            build/tim.o
                                                  build/stm32f4xx_hal_tim.o
HAL_TIM_Base_MspInit                              build/tim.o
                                                  build/stm32f4xx_hal_tim.o
HAL_TIM_Base_Start                                build/stm32f4xx_hal_tim.o
HAL_TIM_Base_Start_DMA                            build/stm32f4xx_hal_tim.o
HAL_TIM_Base_Start_IT                             build/stm32f4xx_hal_tim.o
                                                  build/main.o
HAL_TIM_Base_Stop                                 build/stm32f4xx_hal_tim.o
HAL_TIM_Base_Stop_DMA                             build/stm32f4xx_hal_tim.o
HAL_TIM_Base_Stop_IT                              build/stm32f4xx_hal_tim.o
HAL_TIM_ConfigClockSource                         build/stm32f4xx_hal_tim.o
                                                  build/tim.o
HAL_TIM_ConfigOCrefClear                          build/stm32f4xx_hal_tim.o
HAL_TIM_ConfigTI1Input                            build/stm32f4xx_hal_tim.o
HAL_TIM_DMABurstState                             build/stm32f4xx_hal_tim.o
HAL_TIM_DMABurst_MultiReadStart                   build/stm32f4xx_hal_tim.o
HAL_TIM_DMABurst_MultiWriteStart                  build/stm32f4xx_hal_tim.o
HAL_TIM_DMABurst_ReadStart                        build/stm32f4xx_hal_tim.o
HAL_TIM_DMABurst_ReadStop                         build/stm32f4xx_hal_tim.o
HAL_TIM_DMABurst_WriteStart                       build/stm32f4xx_hal_tim.o
HAL_TIM_DMABurst_WriteStop                        build/stm32f4xx_hal_tim.o
HAL_TIM_Encoder_DeInit                            build/stm32f4xx_hal_tim.o
HAL_TIM_Encoder_GetState                          build/stm32f4xx_hal_tim.o
HAL_TIM_Encoder_Init                              build/stm32f4xx_hal_tim.o
                                                  build/tim.o
HAL_TIM_Encoder_MspDeInit                         build/tim.o
                                                  build/stm32f4xx_hal_tim.o
HAL_TIM_Encoder_MspInit                           build/tim.o
                                                  build/stm32f4xx_hal_tim.o
HAL_TIM_Encoder_Start                             build/stm32f4xx_hal_tim.o
                                                  build/main.o
HAL_TIM_Encoder_Start_DMA                         build/stm32f4xx_hal_tim.o
HAL_TIM_Encoder_Start_IT                          build/stm32f4xx_hal_tim.o
HAL_TIM_Encoder_Stop                              build/stm32f4xx_hal_tim.o
HAL_TIM_Encoder_Stop_DMA                          build/stm32f4xx_hal_tim.o